1: 2 3 4 5 6 7 8 9 10 11 12 13 14 15 16 17 18 19 20 21
2: 1 3 22 23 24 25 26 27 28 29 30 31 32 33 34 35 36 37 38 39
3: 1 2 40 41 42 43 44 45 46 47 48 49 50 51 52 53 54 55 56 57
4: 1 5 22 23 24 25 26 40 41 42 43 44 58 59 60 61 62 63 64 65
5: 1 4 27 28 29 30 31 45 46 47 48 49 66 67 68 69 70 71 72 73
6: 1 14 23 27 28 36 37 44 46 50 54 55 58 59 62 70 71 74 78 79
7: 1 16 24 27 29 38 39 44 47 52 54 56 58 60 64 72 73 76 78 80
8: 1 17 25 28 30 38 39 44 48 53 55 57 59 61 65 72 73 77 79 81
9: 1 15 26 29 30 36 37 44 49 51 56 57 60 61 63 70 71 75 80 81
10: 1 21 22 27 33 36 39 43 48 49 55 56 61 62 64 66 69 74 76 81
11: 1 20 22 28 32 37 39 42 47 49 54 57 60 62 65 67 68 74 77 80
12: 1 18 22 30 34 37 38 41 46 47 55 56 58 63 65 66 69 75 77 78
13: 1 19 22 29 35 36 38 40 46 48 54 57 59 63 64 67 68 75 76 79
14: 1 6 26 31 32 33 38 40 41 49 52 53 64 65 66 67 72 75 80 81
15: 1 9 23 31 34 35 39 42 43 46 52 53 64 65 68 69 73 74 78 79
16: 1 7 25 31 33 35 37 41 42 48 50 51 62 63 67 69 71 77 79 81
17: 1 8 24 31 32 34 36 40 43 47 50 51 62 63 66 68 70 76 78 80
18: 1 12 25 26 27 32 35 43 45 50 52 57 59 60 67 70 73 74 76 81
19: 1 13 24 26 28 33 34 42 45 50 53 56 58 61 66 71 73 74 77 80
20: 1 11 23 25 29 33 34 40 45 51 52 55 58 61 69 70 72 75 76 79
21: 1 10 23 24 30 32 35 41 45 51 53 54 59 60 68 71 72 75 77 78
22: 2 4 10 11 12 13 31 44 50 51 52 53 70 71 72 73 78 79 80 81
23: 2 4 6 15 20 21 38 47 48 50 56 57 63 66 67 73 76 77 80 81
24: 2 4 7 17 19 21 37 46 49 52 55 57 65 67 69 70 74 75 79 81
25: 2 4 8 16 18 20 36 46 49 53 54 56 64 66 68 71 74 75 78 80
26: 2 4 9 14 18 19 39 47 48 51 54 55 62 68 69 72 76 77 78 79
27: 2 5 6 7 10 18 34 40 42 51 53 57 61 63 65 68 75 77 79 80
28: 2 5 6 8 11 19 35 41 43 51 52 56 60 63 64 69 75 76 78 81
29: 2 5 7 9 13 20 32 41 43 50 53 55 59 62 65 66 74 77 78 81
30: 2 5 8 9 12 21 33 40 42 50 52 54 58 62 64 67 74 76 79 80
31: 2 5 14 15 16 17 22 45 54 55 56 57 58 59 60 61 74 75 76 77
32: 2 11 14 17 18 21 29 42 44 46 48 56 58 61 63 64 69 71 73 79
33: 2 10 14 16 19 20 30 43 44 46 47 57 59 60 63 65 68 70 73 78
34: 2 12 15 17 19 20 27 41 44 48 49 54 59 60 62 64 67 71 72 81
35: 2 13 15 16 18 21 28 40 44 47 49 55 58 61 62 65 66 70 72 80
36: 2 6 9 10 13 17 25 41 42 45 47 52 58 60 65 67 69 72 73 77
37: 2 6 9 11 12 16 24 40 43 45 48 53 59 61 64 66 68 72 73 76
38: 2 7 8 12 13 14 23 42 43 45 49 51 60 61 62 68 69 70 71 74
39: 2 7 8 10 11 15 26 40 41 45 46 50 58 59 63 66 67 70 71 75
40: 3 4 13 14 17 20 27 30 35 37 39 56 60 69 71 73 74 77 78 81
41: 3 4 12 14 16 21 28 29 34 36 39 57 61 68 70 73 74 76 79 80
42: 3 4 11 15 16 19 27 30 32 36 38 55 59 66 70 72 75 76 78 81
43: 3 4 10 15 17 18 28 29 33 37 38 54 58 67 71 72 75 77 79 80
44: 3 4 6 7 8 9 22 32 33 34 35 45 66 67 68 69 74 75 76 77
45: 3 5 18 19 20 21 31 36 37 38 39 44 62 63 64 65 78 79 80 81
46: 3 5 6 12 13 15 24 25 32 33 39 51 60 61 62 72 76 77 80 81
47: 3 5 7 11 12 17 23 26 33 35 36 53 59 61 64 71 74 75 79 81
48: 3 5 8 10 13 16 23 26 32 34 37 52 58 60 65 70 74 75 78 80
49: 3 5 9 10 11 14 24 25 34 35 38 50 58 59 63 73 76 77 78 79
50: 3 6 16 17 18 19 22 23 29 30 39 49 60 61 64 65 68 69 72 75
51: 3 9 16 17 20 21 22 26 27 28 38 46 58 59 64 65 66 67 73 74
52: 3 7 14 15 18 20 22 24 28 30 36 48 59 61 62 63 66 68 71 77
53: 3 8 14 15 19 21 22 25 27 29 37 47 58 60 62 63 67 69 70 76
54: 3 6 7 11 13 21 25 26 30 31 34 43 61 63 65 66 69 70 73 81
55: 3 6 8 10 12 20 24 26 29 31 35 42 60 63 64 67 68 71 73 80
56: 3 7 9 10 12 19 23 25 28 31 32 40 59 62 65 67 68 70 72 79
57: 3 8 9 11 13 18 23 24 27 31 33 41 58 62 64 66 69 71 72 78
58: 4 6 7 12 19 20 30 31 32 35 36 39 43 48 49 51 53 57 68 81
59: 4 6 8 13 18 21 29 31 33 34 37 39 42 47 49 51 52 56 69 80
60: 4 7 9 11 18 21 28 31 33 34 36 38 40 46 48 50 53 55 66 79
61: 4 8 9 10 19 20 27 31 32 35 37 38 41 46 47 50 52 54 67 78
62: 4 6 10 11 16 17 26 29 30 34 35 38 45 46 52 53 56 57 73 75
63: 4 9 12 13 16 17 23 27 28 32 33 39 45 49 52 53 54 55 72 74
64: 4 7 10 13 14 15 25 28 30 32 34 37 45 47 50 51 55 57 70 77
65: 4 8 11 12 14 15 24 27 29 33 35 36 45 48 50 51 54 56 71 76
66: 5 10 12 14 17 19 23 25 29 35 37 39 42 44 51 52 54 57 60 79
67: 5 11 13 14 16 18 23 24 30 34 36 39 43 44 51 53 55 56 61 78
68: 5 11 13 15 17 21 25 26 27 33 37 38 41 44 50 52 55 56 58 81
69: 5 10 12 15 16 20 24 26 28 32 36 38 40 44 50 53 54 57 59 80
70: 5 6 9 17 18 20 22 24 33 35 38 39 41 42 48 53 54 56 64 77
71: 5 6 9 16 19 21 22 25 32 34 38 39 40 43 47 52 55 57 65 76
72: 5 7 8 14 20 21 22 26 34 35 36 37 42 43 46 50 56 57 63 74
73: 5 7 8 15 18 19 22 23 32 33 36 37 40 41 49 51 54 55 62 75
74: 6 10 11 15 18 19 24 25 29 30 31 38 40 41 44 47 48 51 63 72
75: 9 12 13 14 20 21 24 25 27 28 31 39 42 43 44 47 48 50 62 73
76: 7 10 13 17 18 20 23 26 28 30 31 37 41 42 44 46 49 53 65 71
77: 8 11 12 16 19 21 23 26 27 29 31 36 40 43 44 46 49 52 64 70
78: 6 7 12 15 17 21 22 25 26 28 29 33 40 42 45 48 49 57 61 67
79: 6 8 13 15 16 20 22 24 26 27 30 32 41 43 45 47 49 56 60 66
80: 7 9 11 14 17 19 22 23 25 27 30 35 41 43 45 46 48 55 59 69
81: 8 9 10 14 16 18 22 23 24 28 29 34 40 42 45 46 47 54 58 68

