1: 2 3 4 5 6 7 8 9 10 11 12 13 14 15 16 17 18 19 20 21 22 23 24 25 26 27 28 29 30 31 32 33 34 35 36 37
2: 1 3 4 5 6 7 8 9 10 11 12 13 14 15 16 38 39 40 41 42 43 44 45 46 47 48 49 50 51 52 53 54 55 56 57 58
3: 1 2 4 5 6 7 17 18 19 20 21 22 23 24 25 38 39 40 41 42 43 44 45 46 59 60 61 62 63 64 65 66 67 68 69 70
4: 1 2 3 11 13 16 21 22 25 29 31 32 33 36 37 41 44 46 49 52 53 54 57 58 59 60 63 65 67 68 77 79 81 82 97 98
5: 1 2 3 11 14 15 21 23 24 28 30 32 33 34 35 41 43 45 50 51 53 54 55 56 59 60 64 66 69 70 78 80 83 84 99 100
6: 1 2 3 12 13 15 20 22 24 26 27 30 31 35 37 42 44 45 47 48 51 52 56 57 61 62 63 66 67 70 85 86 89 92 93 94
7: 1 2 3 12 14 16 20 23 25 26 27 28 29 34 36 42 43 46 47 48 49 50 55 58 61 62 64 65 68 69 87 88 90 91 95 96
8: 1 2 11 12 13 14 17 18 19 24 25 29 30 35 36 38 39 40 45 46 49 51 56 58 71 72 73 74 77 80 81 84 85 87 89 91
9: 1 2 11 12 15 16 17 18 19 22 23 28 31 34 37 38 39 40 43 44 50 52 55 57 71 72 75 76 78 79 82 83 86 88 90 92
10: 1 2 13 14 15 16 17 18 19 20 21 26 27 32 33 38 39 40 41 42 47 48 53 54 73 74 75 76 93 94 95 96 97 98 99 100
11: 1 2 4 5 8 9 17 20 21 26 27 28 29 30 31 38 41 42 47 48 49 50 51 52 59 60 71 72 77 78 79 80 81 82 83 84
12: 1 2 6 7 8 9 17 20 21 32 33 34 35 36 37 38 41 42 53 54 55 56 57 58 61 62 71 72 85 86 87 88 89 90 91 92
13: 1 2 4 6 8 10 18 22 23 26 28 29 32 34 35 39 43 44 47 49 50 53 55 56 63 67 73 74 77 81 85 89 93 94 97 98
14: 1 2 5 7 8 10 18 22 23 27 30 31 33 36 37 39 43 44 48 51 52 54 57 58 64 69 73 74 80 84 87 91 95 96 99 100
15: 1 2 5 6 9 10 19 24 25 26 28 29 33 36 37 40 45 46 47 49 50 54 57 58 66 70 75 76 78 83 86 92 93 94 99 100
16: 1 2 4 7 9 10 19 24 25 27 30 31 32 34 35 40 45 46 48 51 52 53 55 56 65 68 75 76 79 82 88 90 95 96 97 98
17: 1 3 8 9 10 11 12 22 23 24 25 26 27 32 33 38 39 40 41 42 59 60 61 62 73 74 75 76 81 82 83 84 89 90 91 92
18: 1 3 8 9 10 13 14 20 21 24 25 28 31 34 37 38 39 40 43 44 63 64 67 69 71 72 75 76 77 80 85 87 93 96 97 100
19: 1 3 8 9 10 15 16 20 21 22 23 29 30 35 36 38 39 40 45 46 65 66 68 70 71 72 73 74 78 79 86 88 94 95 98 99
20: 1 3 6 7 10 11 12 18 19 28 29 30 31 32 33 38 41 42 47 48 59 60 63 64 65 66 71 72 85 86 87 88 93 94 95 96
21: 1 3 4 5 10 11 12 18 19 26 27 34 35 36 37 38 41 42 53 54 61 62 67 68 69 70 71 72 77 78 79 80 97 98 99 100
22: 1 3 4 6 9 13 14 17 19 27 28 30 33 34 36 39 43 44 52 57 59 62 64 66 68 69 73 74 79 81 82 86 89 92 94 98
23: 1 3 5 7 9 13 14 17 19 26 29 31 32 35 37 39 43 44 50 55 60 61 63 65 67 70 73 74 78 83 84 88 90 91 95 99
24: 1 3 5 6 8 15 16 17 18 27 29 31 32 34 36 40 45 46 51 56 60 62 63 65 68 69 75 76 80 83 84 85 89 92 93 100
25: 1 3 4 7 8 15 16 17 18 26 28 30 33 35 37 40 45 46 49 58 59 61 64 66 67 70 75 76 77 81 82 87 90 91 96 97
26: 1 6 7 10 11 13 15 17 21 23 25 30 31 34 36 42 47 48 49 50 61 62 67 70 74 75 77 78 81 83 89 92 95 96 97 99
27: 1 6 7 10 11 14 16 17 21 22 24 28 29 35 37 42 47 48 51 52 61 62 68 69 73 76 79 80 82 84 90 91 93 94 98 100
28: 1 5 7 9 11 13 15 18 20 22 25 27 32 35 36 43 47 49 50 55 59 64 66 69 72 76 77 80 81 82 86 88 90 93 94 100
29: 1 4 7 8 11 13 15 19 20 23 24 27 33 34 37 46 47 49 50 58 60 63 65 68 71 73 78 79 83 84 85 87 91 93 94 98
30: 1 5 6 8 11 14 16 19 20 22 25 26 32 34 37 45 48 51 52 56 59 64 66 70 71 74 78 79 81 82 85 87 89 95 96 99
31: 1 4 6 9 11 14 16 18 20 23 24 26 33 35 36 44 48 51 52 57 60 63 65 67 72 75 77 80 83 84 86 88 92 95 96 97
32: 1 4 5 10 12 13 16 17 20 23 24 28 30 36 37 41 53 54 55 56 59 60 63 65 74 76 81 82 85 88 89 90 93 95 99 100
33: 1 4 5 10 12 14 15 17 20 22 25 29 31 34 35 41 53 54 57 58 59 60 64 66 73 75 83 84 86 87 91 92 94 96 97 98
34: 1 5 7 9 12 13 16 18 21 22 24 26 29 30 33 43 50 53 55 56 62 64 68 69 71 75 78 79 83 85 87 89 92 96 97 98
35: 1 5 6 8 12 13 16 19 21 23 25 27 28 31 33 45 51 53 55 56 61 66 67 70 72 73 77 80 84 86 88 90 91 94 97 98
36: 1 4 7 8 12 14 15 19 21 22 24 26 28 31 32 46 49 54 57 58 62 65 68 69 72 74 77 80 81 86 88 89 92 95 99 100
37: 1 4 6 9 12 14 15 18 21 23 25 27 29 30 32 44 52 54 57 58 61 63 67 70 71 76 78 79 82 85 87 90 91 93 99 100
38: 2 3 8 9 10 11 12 17 18 19 20 21 43 44 45 46 47 48 53 54 59 60 61 62 73 74 75 76 77 78 79 80 85 86 87 88
39: 2 3 8 9 10 13 14 17 18 19 22 23 41 42 45 46 50 52 55 57 63 64 67 69 71 72 75 76 81 84 89 91 94 95 98 99
40: 2 3 8 9 10 15 16 17 18 19 24 25 41 42 43 44 49 51 56 58 65 66 68 70 71 72 73 74 82 83 90 92 93 96 97 100
41: 2 3 4 5 10 11 12 17 20 21 32 33 39 40 47 48 55 56 57 58 61 62 63 64 65 66 71 72 81 82 83 84 97 98 99 100
42: 2 3 6 7 10 11 12 17 20 21 26 27 39 40 49 50 51 52 53 54 59 60 67 68 69 70 71 72 89 90 91 92 93 94 95 96
43: 2 3 5 7 9 13 14 18 22 23 28 34 38 40 47 49 52 53 56 57 59 62 63 66 67 68 73 74 78 80 83 87 88 90 96 100
44: 2 3 4 6 9 13 14 18 22 23 31 37 38 40 48 50 51 54 55 58 60 61 64 65 69 70 73 74 77 79 82 85 86 92 93 97
45: 2 3 5 6 8 15 16 19 24 25 30 35 38 39 48 49 52 53 55 58 59 61 64 65 67 68 75 76 78 80 84 85 86 89 94 99
46: 2 3 4 7 8 15 16 19 24 25 29 36 38 39 47 50 51 54 56 57 60 62 63 66 69 70 75 76 77 79 81 87 88 91 95 98
47: 2 6 7 10 11 13 15 20 26 27 28 29 38 41 43 46 51 52 55 58 61 62 63 66 73 76 77 78 81 83 85 86 95 96 98 100
48: 2 6 7 10 11 14 16 20 26 27 30 31 38 41 44 45 49 50 56 57 61 62 64 65 74 75 79 80 82 84 87 88 93 94 97 99
49: 2 4 7 8 11 13 15 25 26 28 29 36 40 42 43 45 48 54 55 57 59 65 67 68 72 74 78 80 82 83 87 89 91 93 94 97
50: 2 5 7 9 11 13 15 23 26 28 29 34 39 42 44 46 48 53 56 58 60 64 69 70 71 75 77 79 81 84 88 90 92 93 94 99
51: 2 5 6 8 11 14 16 24 27 30 31 35 40 42 44 46 47 53 55 57 60 66 69 70 72 73 77 79 82 83 85 89 91 95 96 100
52: 2 4 6 9 11 14 16 22 27 30 31 37 39 42 43 45 47 54 56 58 59 63 67 68 71 76 78 80 81 84 86 90 92 95 96 98
53: 2 4 5 10 12 13 16 21 32 33 34 35 38 42 43 45 50 51 57 58 59 60 67 68 73 75 77 79 85 88 89 90 94 96 99 100
54: 2 4 5 10 12 14 15 21 32 33 36 37 38 42 44 46 49 52 55 56 59 60 69 70 74 76 78 80 86 87 91 92 93 95 97 98
55: 2 5 7 9 12 13 16 23 28 32 34 35 39 41 44 45 47 49 51 54 61 64 65 69 72 76 78 82 83 85 86 89 91 95 97 98
56: 2 5 6 8 12 13 16 24 30 32 34 35 40 41 43 46 48 50 52 54 62 63 66 70 71 74 80 81 84 87 88 90 92 93 97 98
57: 2 4 6 9 12 14 15 22 31 33 36 37 39 41 43 46 48 49 51 53 62 63 66 67 72 75 79 82 83 87 88 89 91 94 99 100
58: 2 4 7 8 12 14 15 25 29 33 36 37 40 41 44 45 47 50 52 53 61 64 65 68 71 73 77 81 84 85 86 90 92 96 99 100
59: 3 4 5 11 17 20 22 25 28 30 32 33 38 42 43 45 49 52 53 54 63 65 69 70 74 76 77 79 83 84 86 87 89 90 94 96
60: 3 4 5 11 17 20 23 24 29 31 32 33 38 42 44 46 50 51 53 54 64 66 67 68 73 75 78 80 81 82 85 88 91 92 93 95
61: 3 6 7 12 17 21 23 25 26 27 35 37 38 41 44 45 47 48 55 58 63 66 68 69 73 76 77 78 82 84 87 88 89 92 97 99
62: 3 6 7 12 17 21 22 24 26 27 34 36 38 41 43 46 47 48 56 57 64 65 67 70 74 75 79 80 81 83 85 86 90 91 98 100
63: 3 4 6 13 18 20 23 24 29 31 32 37 39 41 43 46 47 52 56 57 59 61 68 70 71 76 77 83 84 87 88 89 94 95 97 100
64: 3 5 7 14 18 20 22 25 28 30 33 34 39 41 44 45 48 50 55 58 60 62 68 70 71 75 80 81 82 85 86 91 94 95 97 100
65: 3 4 7 16 19 20 23 24 29 31 32 36 40 41 44 45 48 49 55 58 59 62 67 69 72 74 79 83 84 85 86 90 93 96 98 99
66: 3 5 6 15 19 20 22 25 28 30 33 35 40 41 43 46 47 51 56 57 60 61 67 69 72 73 78 81 82 87 88 92 93 96 98 99
67: 3 4 6 13 18 21 23 25 26 31 35 37 39 42 43 45 49 52 53 57 60 62 65 66 72 75 78 80 81 85 90 91 93 96 98 99
68: 3 4 7 16 19 21 22 24 27 29 34 36 40 42 43 45 49 52 53 58 60 61 63 64 71 73 78 80 82 88 89 92 94 95 97 100
69: 3 5 7 14 18 21 22 24 27 28 34 36 39 42 44 46 50 51 54 55 59 61 65 66 72 76 77 79 84 87 89 92 93 96 98 99
70: 3 5 6 15 19 21 23 25 26 30 35 37 40 42 44 46 50 51 54 56 59 62 63 64 71 74 77 79 83 86 90 91 94 95 97 100
71: 8 9 11 12 18 19 20 21 29 30 34 37 39 40 41 42 50 52 56 58 63 64 68 70 77 80 82 83 86 88 89 91 93 96 98 99
72: 8 9 11 12 18 19 20 21 28 31 35 36 39 40 41 42 49 51 55 57 65 66 67 69 78 79 81 84 85 87 90 92 94 95 97 100
73: 8 10 13 14 17 19 22 23 27 29 33 35 38 40 43 44 47 51 53 58 60 61 66 68 79 80 81 83 86 87 89 90 93 95 97 99
74: 8 10 13 14 17 19 22 23 26 30 32 36 38 40 43 44 48 49 54 56 59 62 65 70 77 78 82 84 85 88 91 92 94 96 98 100
75: 9 10 15 16 17 18 24 25 26 31 33 34 38 39 45 46 48 50 53 57 60 62 64 67 77 78 82 84 86 87 89 90 93 95 98 100
76: 9 10 15 16 17 18 24 25 27 28 32 37 38 39 45 46 47 52 54 55 59 61 63 69 79 80 81 83 85 88 91 92 94 96 97 99
77: 4 8 11 13 18 21 25 26 28 31 35 36 38 44 46 47 50 51 53 58 59 61 63 69 70 71 74 75 82 84 86 88 89 96 98 100
78: 5 9 11 15 19 21 23 26 29 30 34 37 38 43 45 47 49 52 54 55 60 61 66 67 68 72 74 75 82 84 85 87 92 95 98 100
79: 4 9 11 16 19 21 22 27 29 30 34 37 38 44 46 48 50 51 53 57 59 62 65 69 70 72 73 76 81 83 85 87 90 94 97 99
80: 5 8 11 14 18 21 24 27 28 31 35 36 38 43 45 48 49 52 54 56 60 62 64 67 68 71 73 76 81 83 86 88 91 93 97 99
81: 4 8 11 13 17 22 25 26 28 30 32 36 39 41 46 47 50 52 56 58 60 62 64 66 67 72 73 76 79 80 85 90 92 95 97 99
82: 4 9 11 16 17 22 25 27 28 30 32 37 40 41 44 48 49 51 55 57 60 61 64 66 68 71 74 75 77 78 88 89 91 93 98 100
83: 5 9 11 15 17 23 24 26 29 31 33 34 40 41 43 47 49 51 55 57 59 62 63 65 70 71 73 76 79 80 86 89 91 96 97 99
84: 5 8 11 14 17 23 24 27 29 31 33 35 39 41 45 48 50 52 56 58 59 61 63 65 69 72 74 75 77 78 87 90 92 94 98 100
85: 6 8 12 13 18 20 24 29 30 32 34 37 38 44 45 47 51 53 55 58 60 62 64 65 67 72 74 76 78 79 81 91 92 94 96 100
86: 6 9 12 15 19 20 22 28 31 33 35 36 38 44 45 47 52 54 55 58 59 62 64 65 70 71 73 75 77 80 83 89 90 93 95 98
87: 7 8 12 14 18 20 25 29 30 33 34 37 38 43 46 48 49 54 56 57 59 61 63 66 69 72 73 75 78 79 84 89 90 93 95 97
88: 7 9 12 16 19 20 23 28 31 32 35 36 38 43 46 48 50 53 56 57 60 61 63 66 68 71 74 76 77 80 82 91 92 94 96 99
89: 6 8 12 13 17 22 24 26 30 32 34 36 39 42 45 49 51 53 55 57 59 61 63 68 69 71 73 75 77 82 83 86 87 93 95 99
90: 7 9 12 16 17 23 25 27 28 32 35 37 40 42 43 50 52 53 56 58 59 62 65 67 70 72 73 75 79 81 84 86 87 93 95 100
91: 7 8 12 14 17 23 25 27 29 33 35 37 39 42 46 49 51 54 55 57 60 62 64 67 70 71 74 76 80 82 83 85 88 94 96 98
92: 6 9 12 15 17 22 24 26 31 33 34 36 40 42 44 50 52 54 56 58 60 61 66 68 69 72 74 76 78 81 84 85 88 94 96 97
93: 6 10 13 15 18 20 24 27 28 29 32 37 40 42 44 48 49 50 54 56 60 65 66 67 69 71 73 75 80 82 86 87 89 90 98 99
94: 6 10 13 15 19 20 22 27 28 29 33 35 39 42 45 48 49 50 53 57 59 63 64 68 70 72 74 76 79 84 85 88 91 92 97 100
95: 7 10 14 16 19 20 23 26 30 31 32 36 39 42 46 47 51 52 54 55 60 63 64 68 70 72 73 75 78 81 86 87 89 90 97 100
96: 7 10 14 16 18 20 25 26 30 31 33 34 40 42 43 47 51 52 53 58 59 65 66 67 69 71 74 76 77 83 85 88 91 92 98 99
97: 4 10 13 16 18 21 25 26 31 33 34 35 40 41 44 48 49 54 55 56 61 63 64 68 70 72 73 76 79 80 81 83 87 92 94 95
98: 4 10 13 16 19 21 22 27 29 33 34 35 39 41 46 47 52 54 55 56 62 65 66 67 69 71 74 75 77 78 82 84 86 91 93 96
99: 5 10 14 15 19 21 23 26 30 32 36 37 39 41 45 48 50 53 57 58 61 65 66 67 69 71 73 76 79 80 81 83 88 89 93 96
100: 5 10 14 15 18 21 24 27 28 32 36 37 40 41 43 47 51 53 57 58 62 63 64 68 70 72 74 75 77 78 82 84 85 90 94 95

