1: 2 3 4 5 9 13 19 25 33 41 49 57 70 77
2: 1 3 4 8 10 14 20 28 34 42 50 58 71 78
3: 1 2 4 6 11 15 18 26 36 44 51 60 72 80
4: 1 2 3 7 12 16 17 27 35 43 52 59 69 79
5: 1 6 7 8 9 13 24 25 33 46 54 57 73 77
6: 3 5 7 8 11 15 22 26 36 48 56 60 75 80
7: 4 5 6 8 12 16 21 27 35 45 53 59 76 79
8: 2 5 6 7 10 14 23 28 34 47 55 58 74 78
9: 1 5 10 11 12 13 19 29 37 41 49 61 65 70
10: 2 8 9 11 12 14 20 32 38 42 50 62 66 71
11: 3 6 9 10 12 15 18 30 40 44 51 64 68 72
12: 4 7 9 10 11 16 17 31 39 43 52 63 67 69
13: 1 5 9 14 15 16 24 29 37 46 54 61 65 73
14: 2 8 10 13 15 16 23 32 38 47 55 62 66 74
15: 3 6 11 13 14 16 22 30 40 48 56 64 68 75
16: 4 7 12 13 14 15 21 31 39 45 53 63 67 76
17: 4 12 18 19 20 21 29 30 31 32 37 43 45 52 53 61 69 76 77 82 85 89 95 104 107 111 122 132 139
18: 3 11 17 19 20 22 29 30 31 32 38 44 48 51 56 62 72 75 78 83 86 91 94 102 108 112 123 130 140
19: 1 9 17 18 20 24 29 30 31 32 40 41 46 49 54 64 70 73 80 81 87 90 93 101 105 109 121 129 137
20: 2 10 17 18 19 23 29 30 31 32 39 42 47 50 55 63 71 74 79 84 88 92 96 103 106 110 124 131 138
21: 7 16 17 22 23 24 25 26 27 28 33 43 45 52 53 57 65 69 76 82 85 89 95 104 107 111 122 132 139
22: 6 15 18 21 23 24 25 26 27 28 34 44 48 51 56 58 66 72 75 83 86 91 94 102 108 112 123 130 140
23: 8 14 20 21 22 24 25 26 27 28 35 42 47 50 55 59 67 71 74 84 88 92 96 103 106 110 124 131 138
24: 5 13 19 21 22 23 25 26 27 28 36 41 46 49 54 60 68 70 73 81 87 90 93 101 105 109 121 129 137
25: 1 5 21 22 23 24 26 27 28 29 33 37 45 53 57 61 65 69 77 81 87 90 93 97 105 109 117 126 141
26: 3 6 21 22 23 24 25 27 28 30 36 40 46 54 60 64 68 70 80 83 86 91 94 98 108 112 119 128 144
27: 4 7 21 22 23 24 25 26 28 31 35 39 47 55 59 63 67 71 79 82 85 89 95 99 107 111 118 125 143
28: 2 8 21 22 23 24 25 26 27 32 34 38 48 56 58 62 66 72 78 84 88 92 96 100 106 110 120 127 142
29: 9 13 17 18 19 20 25 30 31 32 33 37 43 52 57 61 65 76 77 81 87 90 93 97 105 109 117 126 141
30: 11 15 17 18 19 20 26 29 31 32 36 40 41 49 60 64 68 73 80 83 86 91 94 98 108 112 119 128 144
31: 12 16 17 18 19 20 27 29 30 32 35 39 42 50 59 63 67 74 79 82 85 89 95 99 107 111 118 125 143
32: 10 14 17 18 19 20 28 29 30 31 34 38 44 51 58 62 66 75 78 84 88 92 96 100 106 110 120 127 142
33: 1 5 21 25 29 34 35 36 37 45 53 54 55 56 57 61 65 69 77 93 97 101 105 109 113 121 129 133 137 141
34: 2 8 22 28 32 33 35 36 38 48 53 54 55 56 58 62 66 72 78 96 100 103 106 110 115 124 131 136 138 142
35: 4 7 23 27 31 33 34 36 39 47 53 54 55 56 59 63 67 71 79 95 99 104 107 111 114 122 132 134 139 143
36: 3 6 24 26 30 33 34 35 40 46 53 54 55 56 60 64 68 70 80 94 98 102 108 112 116 123 130 135 140 144
37: 9 13 17 25 29 33 38 39 40 43 49 50 51 52 57 61 65 76 77 93 97 101 105 109 113 121 129 133 137 141
38: 10 14 18 28 32 34 37 39 40 44 49 50 51 52 58 62 66 75 78 96 100 103 106 110 115 124 131 136 138 142
39: 12 16 20 27 31 35 37 38 40 42 49 50 51 52 59 63 67 74 79 95 99 104 107 111 114 122 132 134 139 143
40: 11 15 19 26 30 36 37 38 39 41 49 50 51 52 60 64 68 73 80 94 98 102 108 112 116 123 130 135 140 144
41: 1 9 19 24 30 40 42 43 44 46 49 54 61 62 63 64 70 73 80 81 93 97 101 113 117 121 126 129 133 141
42: 2 10 20 23 31 39 41 43 44 47 50 55 61 62 63 64 71 74 79 84 96 100 103 115 120 124 127 131 136 142
43: 4 12 17 21 29 37 41 42 44 45 52 53 61 62 63 64 69 76 77 82 95 99 104 114 118 122 125 132 134 143
44: 3 11 18 22 32 38 41 42 43 48 51 56 61 62 63 64 72 75 78 83 94 98 102 116 119 123 128 130 135 144
45: 7 16 17 21 25 33 43 46 47 48 52 53 57 58 59 60 65 69 76 82 95 99 104 114 118 122 125 132 134 143
46: 5 13 19 24 26 36 41 45 47 48 49 54 57 58 59 60 68 70 73 81 93 97 101 113 117 121 126 129 133 141
47: 8 14 20 23 27 35 42 45 46 48 50 55 57 58 59 60 67 71 74 84 96 100 103 115 120 124 127 131 136 142
48: 6 15 18 22 28 34 44 45 46 47 51 56 57 58 59 60 66 72 75 83 94 98 102 116 119 123 128 130 135 144
49: 1 9 19 24 30 37 38 39 40 41 46 50 51 52 54 64 70 73 80 87 90 97 105 109 113 117 126 133 137 141
50: 2 10 20 23 31 37 38 39 40 42 47 49 51 52 55 63 71 74 79 88 92 100 106 110 115 120 127 136 138 142
51: 3 11 18 22 32 37 38 39 40 44 48 49 50 52 56 62 72 75 78 86 91 98 108 112 116 119 128 135 140 144
52: 4 12 17 21 29 37 38 39 40 43 45 49 50 51 53 61 69 76 77 85 89 99 107 111 114 118 125 134 139 143
53: 7 16 17 21 25 33 34 35 36 43 45 52 54 55 56 57 65 69 76 85 89 99 107 111 114 118 125 134 139 143
54: 5 13 19 24 26 33 34 35 36 41 46 49 53 55 56 60 68 70 73 87 90 97 105 109 113 117 126 133 137 141
55: 8 14 20 23 27 33 34 35 36 42 47 50 53 54 56 59 67 71 74 88 92 100 106 110 115 120 127 136 138 142
56: 6 15 18 22 28 33 34 35 36 44 48 51 53 54 55 58 66 72 75 86 91 98 108 112 116 119 128 135 140 144
57: 1 5 21 25 29 33 37 45 46 47 48 53 58 59 60 61 65 69 77 81 87 90 101 113 117 121 126 129 133 137
58: 2 8 22 28 32 34 38 45 46 47 48 56 57 59 60 62 66 72 78 84 88 92 103 115 120 124 127 131 136 138
59: 4 7 23 27 31 35 39 45 46 47 48 55 57 58 60 63 67 71 79 82 85 89 104 114 118 122 125 132 134 139
60: 3 6 24 26 30 36 40 45 46 47 48 54 57 58 59 64 68 70 80 83 86 91 102 116 119 123 128 130 135 140
61: 9 13 17 25 29 33 37 41 42 43 44 52 57 62 63 64 65 76 77 81 87 90 101 113 117 121 126 129 133 137
62: 10 14 18 28 32 34 38 41 42 43 44 51 58 61 63 64 66 75 78 84 88 92 103 115 120 124 127 131 136 138
63: 12 16 20 27 31 35 39 41 42 43 44 50 59 61 62 64 67 74 79 82 85 89 104 114 118 122 125 132 134 139
64: 11 15 19 26 30 36 40 41 42 43 44 49 60 61 62 63 68 73 80 83 86 91 102 116 119 123 128 130 135 140
65: 9 13 21 25 29 33 37 45 53 57 61 66 67 68 69 73 74 75 76 77 93 97 101 105 109 113 121 129 133 137 141
66: 10 14 22 28 32 34 38 48 56 58 62 65 67 68 72 73 74 75 76 78 96 100 103 106 110 115 124 131 136 138 142
67: 12 16 23 27 31 35 39 47 55 59 63 65 66 68 71 73 74 75 76 79 95 99 104 107 111 114 122 132 134 139 143
68: 11 15 24 26 30 36 40 46 54 60 64 65 66 67 70 73 74 75 76 80 94 98 102 108 112 116 123 130 135 140 144
69: 4 12 17 21 25 33 43 45 52 53 57 65 70 71 72 76 77 78 79 80 82 95 99 104 114 118 122 125 132 134 143
70: 1 9 19 24 26 36 41 46 49 54 60 68 69 71 72 73 77 78 79 80 81 93 97 101 113 117 121 126 129 133 141
71: 2 10 20 23 27 35 42 47 50 55 59 67 69 70 72 74 77 78 79 80 84 96 100 103 115 120 124 127 131 136 142
72: 3 11 18 22 28 34 44 48 51 56 58 66 69 70 71 75 77 78 79 80 83 94 98 102 116 119 123 128 130 135 144
73: 5 13 19 24 30 40 41 46 49 54 64 65 66 67 68 70 74 75 76 80 87 90 97 105 109 113 117 126 133 137 141
74: 8 14 20 23 31 39 42 47 50 55 63 65 66 67 68 71 73 75 76 79 88 92 100 106 110 115 120 127 136 138 142
75: 6 15 18 22 32 38 44 48 51 56 62 65 66 67 68 72 73 74 76 78 86 91 98 108 112 116 119 128 135 140 144
76: 7 16 17 21 29 37 43 45 52 53 61 65 66 67 68 69 73 74 75 77 85 89 99 107 111 114 118 125 134 139 143
77: 1 5 17 25 29 33 37 43 52 57 61 65 69 70 71 72 76 78 79 80 81 87 90 101 113 117 121 126 129 133 137
78: 2 8 18 28 32 34 38 44 51 58 62 66 69 70 71 72 75 77 79 80 84 88 92 103 115 120 124 127 131 136 138
79: 4 7 20 27 31 35 39 42 50 59 63 67 69 70 71 72 74 77 78 80 82 85 89 104 114 118 122 125 132 134 139
80: 3 6 19 26 30 36 40 41 49 60 64 68 69 70 71 72 73 77 78 79 83 86 91 102 116 119 123 128 130 135 140
81: 19 24 25 29 41 46 57 61 70 77 82 83 84 87 89 90 93 94 97 98 101 104 105 108 109 111 113 114 116 117 118 119 120 121 122 123 124 125 126 128 129 130 132 133 134 135 136 137 139 140 141 143 144
82: 17 21 27 31 43 45 59 63 69 79 81 83 84 85 89 92 93 95 97 99 103 104 105 107 110 111 113 114 115 117 118 119 120 121 122 123 124 125 126 127 129 131 132 133 134 135 136 137 138 139 141 142 143
83: 18 22 26 30 44 48 60 64 72 80 81 82 84 86 90 91 94 96 98 100 101 102 106 108 109 112 113 115 116 117 118 119 120 121 122 123 124 126 127 128 129 130 131 133 134 135 136 137 138 140 141 142 144
84: 20 23 28 32 42 47 58 62 71 78 81 82 83 88 91 92 95 96 99 100 102 103 106 107 110 112 114 115 116 117 118 119 120 121 122 123 124 125 127 128 130 131 132 133 134 135 136 138 139 140 142 143 144
85: 17 21 27 31 52 53 59 63 76 79 82 86 87 88 89 92 93 95 97 98 99 100 101 102 103 104 105 107 110 111 113 114 115 116 117 118 122 124 125 126 127 129 131 132 133 134 136 137 138 139 141 142 143
86: 18 22 26 30 51 56 60 64 75 80 83 85 87 88 90 91 94 96 97 98 99 100 101 102 103 104 106 108 109 112 113 114 115 116 119 120 121 123 126 127 128 129 130 131 133 135 136 137 138 140 141 142 144
87: 19 24 25 29 49 54 57 61 73 77 81 85 86 88 89 90 93 94 97 98 99 100 101 102 103 104 105 108 109 111 113 114 115 116 117 119 121 122 125 126 128 129 130 132 133 134 135 137 139 140 141 143 144
88: 20 23 28 32 50 55 58 62 74 78 84 85 86 87 91 92 95 96 97 98 99 100 101 102 103 104 106 107 110 112 113 114 115 116 118 120 123 124 125 127 128 130 131 132 134 135 136 138 139 140 142 143 144
89: 17 21 27 31 52 53 59 63 76 79 81 82 85 87 90 91 92 93 94 95 96 99 101 103 104 105 107 109 110 111 113 114 115 118 121 122 124 125 126 127 128 129 130 131 132 134 136 137 138 139 141 142 143
90: 19 24 25 29 49 54 57 61 73 77 81 83 86 87 89 91 92 93 94 95 96 97 101 102 104 105 108 109 111 112 113 114 116 117 121 122 123 125 126 127 128 129 130 131 132 133 134 137 139 140 141 143 144
91: 18 22 26 30 51 56 60 64 75 80 83 84 86 88 89 90 92 93 94 95 96 98 101 102 103 106 108 109 110 112 113 115 116 119 121 123 124 125 126 127 128 129 130 131 132 133 135 137 138 140 141 142 144
92: 20 23 28 32 50 55 58 62 74 78 82 84 85 88 89 90 91 93 94 95 96 100 102 103 104 106 107 110 111 112 114 115 116 120 122 123 124 125 126 127 128 129 130 131 132 135 136 138 139 140 142 143 144
93: 19 24 25 29 33 37 41 46 65 70 81 82 85 87 89 90 91 92 94 95 96 97 98 99 101 104 105 107 108 109 111 113 116 117 118 119 121 125 126 127 128 129 130 131 132 133 135 137 139 140 141 143 144
94: 18 22 26 30 36 40 44 48 68 72 81 83 86 87 89 90 91 92 93 95 96 97 98 100 101 102 105 106 108 109 112 115 116 117 119 120 123 125 126 127 128 129 130 131 132 135 136 137 138 140 141 142 144
95: 17 21 27 31 35 39 43 45 67 69 82 84 85 88 89 90 91 92 93 94 96 97 99 100 103 104 105 106 107 110 111 113 114 117 118 120 122 125 126 127 128 129 130 131 132 133 134 137 138 139 141 142 143
96: 20 23 28 32 34 38 42 47 66 71 83 84 86 88 89 90 91 92 93 94 95 98 99 100 102 103 106 107 108 110 112 114 115 118 119 120 124 125 126 127 128 129 130 131 132 134 136 138 139 140 142 143 144
97: 25 29 33 37 41 46 49 54 65 70 73 81 82 85 86 87 88 90 93 94 95 98 99 100 101 102 103 104 105 107 108 109 111 113 114 115 116 117 118 119 121 126 128 129 130 132 133 135 137 139 140 141 143 144
98: 26 30 36 40 44 48 51 56 68 72 75 81 83 85 86 87 88 91 93 94 96 97 99 100 101 102 103 104 105 106 108 109 112 113 114 115 116 117 119 120 123 127 128 129 130 131 135 136 137 138 140 141 142 144
99: 27 31 35 39 43 45 52 53 67 69 76 82 84 85 86 87 88 89 93 95 96 97 98 100 101 102 103 104 105 106 107 110 111 113 114 115 116 117 118 120 122 125 126 129 131 132 133 134 137 138 139 141 142 143
100: 28 32 34 38 42 47 50 55 66 71 74 83 84 85 86 87 88 92 94 95 96 97 98 99 101 102 103 104 106 107 108 110 112 113 114 115 116 118 119 120 124 125 127 130 131 132 134 136 138 139 140 142 143 144
101: 19 24 33 37 41 46 57 61 65 70 77 81 83 85 86 87 88 89 90 91 93 94 97 98 99 100 102 103 104 105 109 111 112 113 114 115 116 117 119 121 122 123 125 126 129 130 132 133 134 135 137 139 141 143
102: 18 22 36 40 44 48 60 64 68 72 80 83 84 85 86 87 88 90 91 92 94 96 97 98 99 100 101 103 104 108 109 110 112 113 114 115 116 119 120 121 123 124 126 128 129 130 131 133 135 136 137 140 141 144
103: 20 23 34 38 42 47 58 62 66 71 78 82 84 85 86 87 88 89 91 92 95 96 97 98 99 100 101 102 104 106 110 111 112 113 114 115 116 118 120 122 123 124 127 128 130 131 132 134 135 136 138 140 142 144
104: 17 21 35 39 43 45 59 63 67 69 79 81 82 85 86 87 88 89 90 92 93 95 97 98 99 100 101 102 103 107 109 110 111 113 114 115 116 117 118 121 122 124 125 127 129 131 132 133 134 136 138 139 142 143
105: 19 24 25 29 33 37 49 54 65 73 81 82 85 87 89 90 93 94 95 97 98 99 101 106 107 108 109 110 111 112 113 114 116 117 118 119 121 122 125 126 128 129 130 133 134 135 137 138 139 140 141 142 143 144
106: 20 23 28 32 34 38 50 55 66 74 83 84 86 88 91 92 94 95 96 98 99 100 103 105 107 108 109 110 111 112 114 115 116 118 119 120 123 124 125 127 128 131 132 134 135 136 137 138 139 140 141 142 143 144
107: 17 21 27 31 35 39 52 53 67 76 82 84 85 88 89 92 93 95 96 97 99 100 104 105 106 108 109 110 111 112 113 114 115 117 118 120 122 124 125 126 127 129 132 133 134 136 137 138 139 140 141 142 143 144
108: 18 22 26 30 36 40 51 56 68 75 81 83 86 87 90 91 93 94 96 97 98 100 102 105 106 107 109 110 111 112 113 115 116 117 119 120 121 123 126 127 128 130 131 133 135 136 137 138 139 140 141 142 143 144
109: 19 24 25 29 33 37 49 54 65 73 81 83 86 87 89 90 91 93 94 97 98 101 102 104 105 106 107 108 110 111 112 113 114 117 119 121 122 123 125 126 129 130 132 133 134 135 137 138 139 140 141 142 143 144
110: 20 23 28 32 34 38 50 55 66 74 82 84 85 88 89 91 92 95 96 99 100 102 103 104 105 106 107 108 109 111 112 115 116 118 120 122 123 124 127 128 130 131 132 134 135 136 137 138 139 140 141 142 143 144
111: 17 21 27 31 35 39 52 53 67 76 81 82 85 87 89 90 92 93 95 97 99 101 103 104 105 106 107 108 109 110 112 114 115 117 118 121 122 124 125 127 129 131 132 133 134 136 137 138 139 140 141 142 143 144
112: 18 22 26 30 36 40 51 56 68 75 83 84 86 88 90 91 92 94 96 98 100 101 102 103 105 106 107 108 109 110 111 113 116 119 120 121 123 124 126 128 129 130 131 133 135 136 137 138 139 140 141 142 143 144
113: 33 37 41 46 49 54 57 61 65 70 73 77 81 82 83 85 86 87 88 89 90 91 93 95 97 98 99 100 101 102 103 104 105 107 108 109 112 114 115 116 117 118 121 122 123 125 126 128 129 133 134 137 140 141 144
114: 35 39 43 45 52 53 59 63 67 69 76 79 81 82 84 85 86 87 88 89 90 92 95 96 97 98 99 100 101 102 103 104 105 106 107 109 111 113 115 116 118 120 121 122 124 125 126 127 132 134 136 137 139 141 143
115: 34 38 42 47 50 55 58 62 66 71 74 78 82 83 84 85 86 87 88 89 91 92 94 96 97 98 99 100 101 102 103 104 106 107 108 110 111 113 114 116 119 120 122 123 124 125 127 128 131 135 136 138 139 142 143
116: 36 40 44 48 51 56 60 64 68 72 75 80 81 83 84 85 86 87 88 90 91 92 93 94 97 98 99 100 101 102 103 104 105 106 108 110 112 113 114 115 117 119 121 123 124 126 127 128 130 133 135 138 140 142 144
117: 25 29 41 46 49 54 57 61 70 73 77 81 82 83 84 85 87 90 93 94 95 97 98 99 101 104 105 107 108 109 111 113 116 118 119 120 121 122 123 124 126 128 129 130 132 133 134 135 136 137 139 140 141 143 144
118: 27 31 43 45 52 53 59 63 69 76 79 81 82 83 84 85 88 89 93 95 96 97 99 100 103 104 105 106 107 110 111 113 114 117 119 120 121 122 123 124 125 126 129 131 132 133 134 135 136 137 138 139 141 142 143
119: 26 30 44 48 51 56 60 64 72 75 80 81 82 83 84 86 87 91 93 94 96 97 98 100 101 102 105 106 108 109 112 115 116 117 118 120 121 122 123 124 127 128 129 130 131 133 134 135 136 137 138 140 141 142 144
120: 28 32 42 47 50 55 58 62 71 74 78 81 82 83 84 86 88 92 94 95 96 98 99 100 102 103 106 107 108 110 112 114 115 117 118 119 121 122 123 124 125 127 130 131 132 133 134 135 136 138 139 140 142 143 144
121: 19 24 33 37 41 46 57 61 65 70 77 81 82 83 84 86 87 89 90 91 93 97 101 102 104 105 108 109 111 112 113 114 116 117 118 119 120 122 123 124 125 126 128 129 132 133 134 135 136 137 139 140 141 143 144
122: 17 21 35 39 43 45 59 63 67 69 79 81 82 83 84 85 87 89 90 92 95 99 101 103 104 105 107 109 110 111 113 114 115 117 118 119 120 121 123 124 125 126 127 131 132 133 134 135 136 137 138 139 141 142 143
123: 18 22 36 40 44 48 60 64 68 72 80 81 82 83 84 86 88 90 91 92 94 98 101 102 103 106 108 109 110 112 113 115 116 117 118 119 120 121 122 124 126 127 128 129 130 133 134 135 136 137 138 140 141 142 144
124: 20 23 34 38 42 47 58 62 66 71 78 81 82 83 84 85 88 89 91 92 96 100 102 103 104 106 107 110 111 112 114 115 116 117 118 119 120 121 122 123 125 127 128 130 131 133 134 135 136 138 139 140 142 143 144
125: 27 31 43 45 52 53 59 63 69 76 79 81 82 84 85 87 88 89 90 91 92 93 94 95 96 99 100 101 104 105 106 107 109 111 113 114 115 118 120 121 122 124 126 127 128 129 130 131 132 134 136 137 139 141 143
126: 25 29 41 46 49 54 57 61 70 73 77 81 82 83 85 86 87 89 90 91 92 93 94 95 96 97 99 101 102 105 107 108 109 112 113 114 116 117 118 121 122 123 125 127 128 129 130 131 132 133 134 137 140 141 144
127: 28 32 42 47 50 55 58 62 71 74 78 82 83 84 85 86 88 89 90 91 92 93 94 95 96 98 100 103 104 106 107 108 110 111 114 115 116 119 120 122 123 124 125 126 128 129 130 131 132 135 136 138 139 142 143
128: 26 30 44 48 51 56 60 64 72 75 80 81 83 84 86 87 88 89 90 91 92 93 94 95 96 97 98 102 103 105 106 108 110 112 113 115 116 117 119 121 123 124 125 126 127 129 130 131 132 133 135 138 140 142 144
129: 19 24 33 37 41 46 57 61 65 70 77 81 82 83 85 86 87 89 90 91 92 93 94 95 96 97 98 99 101 102 104 105 107 109 111 112 113 117 118 119 121 123 125 126 127 128 130 131 132 133 135 137 139 141 143
130: 18 22 36 40 44 48 60 64 68 72 80 81 83 84 86 87 88 89 90 91 92 93 94 95 96 97 98 100 101 102 103 105 108 109 110 112 116 117 119 120 123 124 125 126 127 128 129 131 132 135 136 137 140 141 144
131: 20 23 34 38 42 47 58 62 66 71 78 82 83 84 85 86 88 89 90 91 92 93 94 95 96 98 99 100 102 103 104 106 108 110 111 112 115 118 119 120 122 124 125 126 127 128 129 130 132 134 136 138 140 142 144
132: 17 21 35 39 43 45 59 63 67 69 79 81 82 84 85 87 88 89 90 91 92 93 94 95 96 97 99 100 101 103 104 106 107 109 110 111 114 117 118 120 121 122 125 126 127 128 129 130 131 133 134 138 139 142 143
133: 33 37 41 46 49 54 57 61 65 70 73 77 81 82 83 84 85 86 87 90 91 93 95 97 99 101 102 104 105 107 108 109 111 112 113 116 117 118 119 120 121 122 123 124 126 128 129 132 134 135 136 137 139 140 141 143 144
134: 35 39 43 45 52 53 59 63 67 69 76 79 81 82 83 84 85 87 88 89 90 95 96 99 100 101 103 104 105 106 107 109 110 111 113 114 117 118 119 120 121 122 123 124 125 126 131 132 133 135 136 137 138 139 141 142 143
135: 36 40 44 48 51 56 60 64 68 72 75 80 81 82 83 84 86 87 88 91 92 93 94 97 98 101 102 103 105 106 108 109 110 112 115 116 117 118 119 120 121 122 123 124 127 128 129 130 133 134 136 137 138 140 141 142 144
136: 34 38 42 47 50 55 58 62 66 71 74 78 81 82 83 84 85 86 88 89 92 94 96 98 100 102 103 104 106 107 108 110 111 112 114 115 117 118 119 120 121 122 123 124 125 127 130 131 133 134 135 138 139 140 142 143 144
137: 19 24 33 37 49 54 57 61 65 73 77 81 82 83 85 86 87 89 90 91 93 94 95 97 98 99 101 102 105 106 107 108 109 110 111 112 113 114 117 118 119 121 122 123 125 126 129 130 133 134 135 138 139 140 141 142 143 144
138: 20 23 34 38 50 55 58 62 66 74 78 82 83 84 85 86 88 89 91 92 94 95 96 98 99 100 103 104 105 106 107 108 109 110 111 112 115 116 118 119 120 122 123 124 127 128 131 132 134 135 136 137 139 140 141 142 143 144
139: 17 21 35 39 52 53 59 63 67 76 79 81 82 84 85 87 88 89 90 92 93 95 96 97 99 100 101 104 105 106 107 108 109 110 111 112 114 115 117 118 120 121 122 124 125 127 129 132 133 134 136 137 138 140 141 142 143 144
140: 18 22 36 40 51 56 60 64 68 75 80 81 83 84 86 87 88 90 91 92 93 94 96 97 98 100 102 103 105 106 107 108 109 110 111 112 113 116 117 119 120 121 123 124 126 128 130 131 133 135 136 137 138 139 141 142 143 144
141: 25 29 33 37 41 46 49 54 65 70 73 81 82 83 85 86 87 89 90 91 93 94 95 97 98 99 101 102 105 106 107 108 109 110 111 112 113 114 117 118 119 121 122 123 125 126 129 130 133 134 135 137 138 139 140 142 143 144
142: 28 32 34 38 42 47 50 55 66 71 74 82 83 84 85 86 88 89 91 92 94 95 96 98 99 100 103 104 105 106 107 108 109 110 111 112 115 116 118 119 120 122 123 124 127 128 131 132 134 135 136 137 138 139 140 141 143 144
143: 27 31 35 39 43 45 52 53 67 69 76 81 82 84 85 87 88 89 90 92 93 95 96 97 99 100 101 104 105 106 107 108 109 110 111 112 114 115 117 118 120 121 122 124 125 127 129 132 133 134 136 137 138 139 140 141 142 144
144: 26 30 36 40 44 48 51 56 68 72 75 81 83 84 86 87 88 90 91 92 93 94 96 97 98 100 102 103 105 106 107 108 109 110 111 112 113 116 117 119 120 121 123 124 126 128 130 131 133 135 136 137 138 139 140 141 142 143

