1: 28 29 30 31 32 33
2: 28 29 30 31 32 33
3: 28 29 30 31 32 33
4: 28 29 30 31 32 33
5: 28 29 30 31 32 33
6: 28 29 30 31 32 33
7: 28 29 30 31 32 33
8: 28 29 30 31 32 33
9: 28 29 30 31 32 33
10: 28 29 30 31 32 33
11: 28 29 30 31 32 33
12: 28 29 30 31 32 33
13: 28 29 30 31 32 33
14: 28 29 30 31 32 33
15: 28 29 30 31 32 33
16: 28 29 30 31 32 33
17: 28 29 30 31 32 33
18: 28 29 30 31 32 33
19: 28 29 30 31 32 33
20: 28 29 30 31 32 33
21: 28 29 30 31 32 33
22: 28 29 30 31 32 33
23: 28 29 30 31 32 33
24: 28 29 30 31 32 33
25: 28 29 30 31 32 33
26: 28 29 30 31 32 33
27: 28 29 30 31 32 33
28: 1 2 3 4 5 6 7 8 9 10 11 12 13 14 15 16 17 18 19 20 21 22 23 24 25 26 27
29: 1 2 3 4 5 6 7 8 9 10 11 12 13 14 15 16 17 18 19 20 21 22 23 24 25 26 27
30: 1 2 3 4 5 6 7 8 9 10 11 12 13 14 15 16 17 18 19 20 21 22 23 24 25 26 27
31: 1 2 3 4 5 6 7 8 9 10 11 12 13 14 15 16 17 18 19 20 21 22 23 24 25 26 27
32: 1 2 3 4 5 6 7 8 9 10 11 12 13 14 15 16 17 18 19 20 21 22 23 24 25 26 27
33: 1 2 3 4 5 6 7 8 9 10 11 12 13 14 15 16 17 18 19 20 21 22 23 24 25 26 27

