1: 2 3 4 5 6 7 8 9 16 17 18 19 20 21 22 23 24 25
2: 1 3 4 6 9 10 12 14 16 17 20 22 23 24 26 27 28 29
3: 1 2 5 7 9 11 12 15 16 18 21 22 23 24 26 27 28 30
4: 1 2 5 6 8 11 13 15 16 17 19 21 23 24 26 27 29 30
5: 1 3 4 7 8 10 13 14 16 18 19 20 22 24 26 27 29 30
6: 1 2 4 7 11 12 13 14 17 18 19 20 21 23 25 26 28 29
7: 1 3 5 6 10 12 13 15 17 18 19 20 21 22 25 27 28 30
8: 1 4 5 10 11 12 14 15 16 17 18 19 22 23 25 26 27 28
9: 1 2 3 10 11 13 14 15 16 17 18 19 20 21 24 28 29 30
10: 2 5 7 8 9 11 13 14 17 18 20 22 23 24 25 26 28 30
11: 3 4 6 8 9 10 13 15 17 18 21 22 23 24 25 27 28 29
12: 2 3 6 7 8 13 14 15 19 22 23 24 25 26 27 28 29 30
13: 4 5 6 7 9 10 11 12 16 20 21 24 25 26 27 28 29 30
14: 2 5 6 8 9 10 12 15 16 17 19 20 21 22 25 26 29 30
15: 3 4 7 8 9 11 12 14 16 18 19 20 21 23 25 27 29 30
16: 1 2 3 4 5 8 9 13 14 15 17 18 20 21 22 23 25 26 27 28
17: 1 2 4 6 7 8 9 10 11 14 16 19 21 22 24 26 27 28 29 30
18: 1 3 5 6 7 8 9 10 11 15 16 19 20 23 24 26 27 28 29 30
19: 1 4 5 6 7 8 9 12 14 15 17 18 22 23 24 26 27 28 29 30
20: 1 2 5 6 7 9 10 13 14 15 16 18 22 23 24 25 26 27 28 29
21: 1 3 4 6 7 9 11 13 14 15 16 17 22 23 24 25 26 27 28 30
22: 1 2 3 5 7 8 10 11 12 14 16 17 19 20 21 24 25 27 29 30
23: 1 2 3 4 6 8 10 11 12 15 16 18 19 20 21 24 25 26 29 30
24: 1 2 3 4 5 9 10 11 12 13 17 18 19 20 21 22 23 25 29 30
25: 1 6 7 8 10 11 12 13 14 15 16 20 21 22 23 24 26 27 29 30
26: 2 3 4 5 6 8 10 12 13 14 16 17 18 19 20 21 23 25 28 30
27: 2 3 4 5 7 8 11 12 13 15 16 17 18 19 20 21 22 25 28 29
28: 2 3 6 7 8 9 10 11 12 13 16 17 18 19 20 21 26 27 29 30
29: 2 4 5 6 9 11 12 13 14 15 17 18 19 20 22 23 24 25 27 28
30: 3 4 5 7 9 10 12 13 14 15 17 18 19 21 22 23 24 25 26 28

