1: 73 74 143 144 170 172
2: 75 84 140 147 170 171
3: 77 80 141 145 173 174
4: 79 83 146 149 172 173
5: 78 81 142 148 169 174
6: 76 82 139 150 169 171
7: 25 64 82 125 157 175
8: 26 69 81 126 164 181
9: 27 67 75 121 165 177
10: 29 71 83 123 166 183
11: 30 66 73 122 167 178
12: 36 68 77 124 161 186
13: 34 61 80 124 159 180
14: 31 65 78 126 160 185
15: 33 70 74 122 162 179
16: 35 62 84 121 163 176
17: 28 63 79 123 158 182
18: 32 72 76 125 168 184
19: 88 94 128 132 139 147 175 176
20: 92 93 136 137 142 145 180 181
21: 86 96 131 138 143 149 179 182
22: 87 90 130 135 140 144 177 178
23: 85 91 133 134 141 146 183 186
24: 89 95 127 129 148 150 184 185
25: 7 38 57 62 86 127 140 175
26: 8 44 58 61 96 129 141 181
27: 9 40 49 66 85 128 143 177
28: 17 41 53 70 88 134 144 182
29: 10 45 54 68 95 131 145 183
30: 11 39 51 67 89 138 147 178
31: 14 48 60 72 90 136 139 185
32: 18 47 59 65 91 132 142 184
33: 15 43 52 63 92 130 146 179
34: 13 46 56 69 94 133 148 180
35: 16 37 50 64 93 135 150 176
36: 12 42 55 71 87 137 149 186
37: 35 43 50 84 103 116 130 175 188
38: 25 44 57 82 104 115 129 176 189
39: 30 45 51 73 107 118 131 177 189
40: 27 47 49 75 108 117 132 178 190
41: 28 46 53 79 113 119 133 179 190
42: 36 48 55 77 114 120 136 183 193
43: 33 37 52 74 106 116 135 182 193
44: 26 38 58 81 111 115 127 180 192
45: 29 39 54 83 109 118 138 186 192
46: 34 41 56 80 110 119 134 181 191
47: 32 40 59 76 105 117 128 185 191
48: 31 42 60 78 112 120 137 184 188
49: 27 40 66 74 105 106 121 144 170 189
50: 35 37 64 76 105 106 121 139 171 189
51: 30 39 67 84 103 109 122 140 170 190
52: 33 43 63 83 103 109 122 149 172 190
53: 28 41 70 73 107 110 123 143 172 193
54: 29 45 68 80 107 110 123 141 173 193
55: 36 42 71 79 112 113 124 146 173 192
56: 34 46 69 78 112 113 124 142 174 192
57: 25 38 62 75 108 111 125 147 171 188
58: 26 44 61 77 104 114 126 145 174 191
59: 32 47 65 81 108 111 125 148 169 188
60: 31 48 72 82 104 114 126 150 169 191
61: 13 26 58 63 69 92 124 173 194 196
62: 16 25 57 64 70 88 121 170 194 196
63: 17 33 52 61 70 96 123 173 194 195
64: 7 35 50 62 69 94 125 169 194 195
65: 14 32 59 68 72 95 126 174 197 199
66: 11 27 49 67 71 87 122 172 197 199
67: 9 30 51 66 72 90 121 171 197 198
68: 12 29 54 65 71 91 124 174 197 198
69: 8 34 56 61 64 93 126 169 195 196
70: 15 28 53 62 63 86 122 170 195 196
71: 10 36 55 66 68 85 123 172 198 199
72: 18 31 60 65 67 89 125 171 198 199
73: 1 11 39 53 83 87 106 118 122 143
74: 1 15 43 49 84 86 107 116 122 144
75: 2 9 40 57 76 90 103 117 121 147
76: 6 18 47 50 75 89 104 117 125 139
77: 3 12 42 58 78 91 110 120 124 145
78: 5 14 48 56 77 95 111 120 126 142
79: 4 17 41 55 80 96 109 119 123 146
80: 3 13 46 54 79 92 114 119 124 141
81: 5 8 44 59 82 93 112 115 126 148
82: 6 7 38 60 81 94 105 115 125 150
83: 4 10 45 52 73 85 113 118 123 149
84: 2 16 37 51 74 88 108 116 121 140
85: 23 27 71 83 100 123 128 133 143 146 165
86: 21 25 70 74 99 122 127 131 140 143 157
87: 22 36 66 73 99 122 135 137 144 149 161
88: 19 28 62 84 101 121 132 134 144 147 158
89: 24 30 72 76 97 125 129 138 147 150 167
90: 22 31 67 75 101 121 130 136 139 140 160
91: 23 32 68 77 102 124 132 134 141 142 168
92: 20 33 61 80 102 124 130 136 145 146 162
93: 20 35 69 81 98 126 135 137 142 150 163
94: 19 34 64 82 97 125 128 133 139 148 159
95: 24 29 65 78 98 126 127 131 145 148 166
96: 21 26 63 79 100 123 129 138 141 149 164
97: 89 94 98 100 101 128 129 139 150 175 184 187
98: 93 95 97 99 102 127 137 142 148 181 185 187
99: 86 87 98 100 101 131 135 143 144 178 179 187
100: 85 96 97 99 102 133 138 146 149 182 183 187
101: 88 90 97 99 102 130 132 140 147 176 177 187
102: 91 92 98 100 101 134 136 141 145 180 186 187
103: 37 51 52 75 130 147 155 159 171 175 190 194
104: 38 58 60 76 129 139 154 158 171 176 191 194
105: 47 49 50 82 128 150 153 166 169 185 189 199
106: 43 49 50 73 135 143 153 164 172 182 189 195
107: 39 53 54 74 131 144 152 160 170 177 193 197
108: 40 57 59 84 132 140 156 161 170 178 188 197
109: 45 51 52 79 138 146 155 168 173 186 190 198
110: 46 53 54 77 134 145 152 163 174 181 193 196
111: 44 57 59 78 127 142 156 162 174 180 188 196
112: 48 55 56 81 137 148 151 167 169 184 192 199
113: 41 55 56 83 133 149 151 157 172 179 192 195
114: 42 58 60 80 136 141 154 165 173 183 191 198
115: 38 44 81 82 151 153 159 163 175 181 188 191
116: 37 43 74 84 152 156 157 158 176 179 189 190
117: 40 47 75 76 154 155 160 167 177 184 188 189
118: 39 45 73 83 151 153 161 165 178 183 190 193
119: 41 46 79 80 154 155 162 164 180 182 192 193
120: 42 48 77 78 152 156 166 168 185 186 191 192
121: 9 16 49 50 62 67 75 84 88 90 153 189
122: 11 15 51 52 66 70 73 74 86 87 155 190
123: 10 17 53 54 63 71 79 83 85 96 152 193
124: 12 13 55 56 61 68 77 80 91 92 151 192
125: 7 18 57 59 64 72 76 82 89 94 156 188
126: 8 14 58 60 65 69 78 81 93 95 154 191
127: 24 25 44 86 95 98 111 155 157 175 185 192 196
128: 19 27 47 85 94 97 105 152 165 175 177 191 199
129: 24 26 38 89 96 97 104 152 164 181 184 189 194
130: 22 33 37 90 92 101 103 151 162 177 179 188 194
131: 21 29 39 86 95 99 107 154 166 179 183 189 197
132: 19 32 40 88 91 101 108 151 168 176 184 190 197
133: 23 34 41 85 94 100 113 156 159 180 183 190 195
134: 23 28 46 88 91 102 110 153 158 182 186 191 196
135: 22 35 43 87 93 99 106 154 163 176 178 193 195
136: 20 31 42 90 92 102 114 153 160 180 185 193 198
137: 20 36 48 87 93 98 112 155 161 181 186 188 199
138: 21 30 45 89 96 100 109 156 167 178 182 192 198
139: 6 19 31 50 76 90 94 97 104 160 171 175 185
140: 2 22 25 51 84 86 90 101 108 157 170 175 177
141: 3 23 26 54 80 91 96 102 114 164 173 181 186
142: 5 20 32 56 78 91 93 98 111 168 174 181 184
143: 1 21 27 53 73 85 86 99 106 165 172 177 179
144: 1 22 28 49 74 87 88 99 107 158 170 178 182
145: 3 20 29 58 77 92 95 102 110 166 174 180 183
146: 4 23 33 55 79 85 92 100 109 162 173 179 183
147: 2 19 30 57 75 88 89 101 103 167 171 176 178
148: 5 24 34 59 81 94 95 98 112 159 169 180 185
149: 4 21 36 52 83 87 96 100 113 161 172 182 186
150: 6 24 35 60 82 89 93 97 105 163 169 176 184
151: 112 113 115 118 124 130 132 159 161 175 178 192 194 197
152: 107 110 116 120 123 128 129 158 166 176 185 193 194 199
153: 105 106 115 118 121 134 136 163 165 181 183 189 196 198
154: 104 114 117 119 126 131 135 160 164 177 182 191 195 197
155: 103 109 117 119 122 127 137 162 167 180 184 190 196 199
156: 108 111 116 120 125 133 138 157 168 179 186 188 195 198
157: 7 86 113 116 127 140 156 160 165 166 175 187 190 195
158: 17 88 104 116 134 144 152 161 167 168 182 187 189 194
159: 13 94 103 115 133 148 151 160 165 166 180 187 188 194
160: 14 90 107 117 136 139 154 157 159 162 185 187 189 197
161: 12 87 108 118 137 149 151 158 163 164 186 187 190 197
162: 15 92 111 119 130 146 155 160 165 166 179 187 192 196
163: 16 93 110 115 135 150 153 161 167 168 176 187 191 196
164: 8 96 106 119 129 141 154 161 167 168 181 187 193 195
165: 9 85 114 118 128 143 153 157 159 162 177 187 193 198
166: 10 95 105 120 131 145 152 157 159 162 183 187 191 199
167: 11 89 112 117 138 147 155 158 163 164 178 187 188 199
168: 18 91 109 120 132 142 156 158 163 164 184 187 192 198
169: 5 6 59 60 64 69 105 112 148 150 170 173 194 196
170: 1 2 49 51 62 70 107 108 140 144 169 173 194 195
171: 2 6 50 57 67 72 103 104 139 147 172 174 197 199
172: 1 4 52 53 66 71 106 113 143 149 171 174 197 198
173: 3 4 54 55 61 63 109 114 141 146 169 170 195 196
174: 3 5 56 58 65 68 110 111 142 145 171 172 198 199
175: 7 19 25 37 97 103 115 127 128 139 140 151 157 188 194
176: 16 19 35 38 101 104 116 132 135 147 150 152 163 189 194
177: 9 22 27 39 101 107 117 128 130 140 143 154 165 189 197
178: 11 22 30 40 99 108 118 135 138 144 147 151 167 190 197
179: 15 21 33 41 99 113 116 130 131 143 146 156 162 190 195
180: 13 20 34 44 102 111 119 133 136 145 148 155 159 192 196
181: 8 20 26 46 98 110 115 129 137 141 142 153 164 191 196
182: 17 21 28 43 100 106 119 134 138 144 149 154 158 193 195
183: 10 23 29 42 100 114 118 131 133 145 146 153 166 193 198
184: 18 24 32 48 97 112 117 129 132 142 150 155 168 188 199
185: 14 24 31 47 98 105 120 127 136 139 148 152 160 191 199
186: 12 23 36 45 102 109 120 134 137 141 149 156 161 192 198
187: 97 98 99 100 101 102 157 158 159 160 161 162 163 164 165 166 167 168
188: 37 48 57 59 108 111 115 117 125 130 137 156 159 167 175 184 194 199
189: 38 39 49 50 105 106 116 117 121 129 131 153 158 160 176 177 194 197
190: 40 41 51 52 103 109 116 118 122 132 133 155 157 161 178 179 195 197
191: 46 47 58 60 104 114 115 120 126 128 134 154 163 166 181 185 196 199
192: 44 45 55 56 112 113 119 120 124 127 138 151 162 168 180 186 196 198
193: 42 43 53 54 107 110 118 119 123 135 136 152 164 165 182 183 195 198
194: 61 62 63 64 103 104 129 130 151 152 158 159 169 170 175 176 188 189 195 196
195: 63 64 69 70 106 113 133 135 154 156 157 164 170 173 179 182 190 193 194 196
196: 61 62 69 70 110 111 127 134 153 155 162 163 169 173 180 181 191 192 194 195
197: 65 66 67 68 107 108 131 132 151 154 160 161 171 172 177 178 189 190 198 199
198: 67 68 71 72 109 114 136 138 153 156 165 168 172 174 183 186 192 193 197 199
199: 65 66 71 72 105 112 128 137 152 155 166 167 171 174 184 185 188 191 197 198

