1: 2 3 4 5 6 7 8 9 10 11 12 13 14 15 16 17 18 19 20 21 22 23
2: 1 152 153 154 171 172 173 174 175 176 177 178 179 180 181 182 183 184 185 186 199 200
3: 1 152 153 154 155 156 157 158 159 160 161 162 163 164 165 166 167 168 169 170 199 200
4: 1 143 144 145 146 147 148 161 162 163 164 171 172 173 174 190 191 192 193 194 195 200
5: 1 140 142 145 146 149 151 156 157 167 169 177 178 180 186 188 189 190 195 196 197 200
6: 1 141 142 143 148 149 150 155 159 166 168 175 181 183 184 187 188 191 193 197 198 200
7: 1 140 141 144 147 150 151 158 160 165 170 176 179 182 185 187 189 192 194 196 198 200
8: 1 131 132 133 134 135 136 161 165 166 167 171 175 176 177 190 191 192 196 197 198 199
9: 1 128 130 133 134 137 139 155 160 163 169 174 179 181 186 188 189 190 193 194 198 199
10: 1 129 130 131 136 137 138 156 159 164 170 172 180 183 185 187 189 192 193 195 197 199
11: 1 128 129 132 135 138 139 157 158 162 168 173 178 182 184 187 188 191 194 195 196 199
12: 1 124 125 128 131 132 137 140 143 144 149 152 155 156 162 165 172 175 178 179 187 190
13: 1 124 125 130 135 136 139 142 147 148 151 152 157 160 164 166 173 176 180 181 187 190
14: 1 124 127 128 133 136 138 141 146 147 149 154 157 159 163 165 172 177 181 182 189 191
15: 1 124 126 129 133 135 137 140 146 148 150 153 159 160 162 167 174 175 180 182 188 192
16: 1 124 127 129 131 134 139 142 144 145 150 154 155 158 164 167 174 176 178 183 189 191
17: 1 124 126 130 132 134 138 141 143 145 151 153 156 158 163 166 173 177 179 183 188 192
18: 1 126 127 132 136 137 139 144 148 149 151 152 163 167 168 170 171 182 183 186 195 198
19: 1 125 127 134 135 137 138 143 146 150 151 153 164 165 168 169 171 178 181 185 194 197
20: 1 125 126 131 133 138 139 145 147 149 150 154 162 166 169 170 171 179 180 184 193 196
21: 1 126 127 128 130 131 135 140 142 143 147 152 158 159 161 169 174 177 184 185 195 198
22: 1 125 127 129 130 132 133 140 141 145 148 153 155 157 161 170 172 176 184 186 194 197
23: 1 125 126 128 129 134 136 141 142 144 146 154 156 160 161 168 173 175 185 186 193 196
24: 46 47 64 89 91 92 93 103 104 105 106 107 108 109 110 111 112 113 114 121 122 123
25: 46 47 64 90 94 95 96 97 98 99 100 101 102 115 116 117 118 119 120 121 122 123
26: 46 47 68 69 70 71 72 73 77 78 79 86 87 88 89 90 103 104 105 115 116 117
27: 46 47 66 67 68 69 75 76 77 80 82 84 85 88 93 96 99 100 106 111 112 120
28: 46 47 65 66 70 72 74 76 79 80 81 83 85 86 92 94 97 101 108 109 113 119
29: 46 47 65 67 71 73 74 75 78 81 82 83 84 87 91 95 98 102 107 110 114 118
30: 46 55 56 57 58 59 60 64 80 81 82 86 87 88 89 90 106 107 108 118 119 120
31: 46 53 54 59 60 62 63 64 78 79 81 84 85 88 93 96 101 102 105 113 114 117
32: 46 52 54 55 58 61 63 64 77 78 82 83 85 86 92 94 98 99 104 110 111 116
33: 46 52 53 56 57 61 62 64 77 79 80 83 84 87 91 95 97 100 103 109 112 115
34: 46 49 50 57 58 62 63 72 73 75 76 77 81 89 93 94 95 109 110 117 120 123
35: 46 50 51 56 60 61 63 69 71 74 76 79 82 89 92 95 96 112 114 116 119 122
36: 46 49 51 55 59 61 62 68 70 74 75 78 80 89 91 94 96 111 113 115 118 121
37: 46 48 51 54 56 58 62 67 70 73 76 83 88 100 101 103 108 111 114 116 118 123
38: 46 48 51 53 55 57 63 66 71 72 75 83 88 99 102 104 107 112 113 115 119 123
39: 46 48 49 54 57 60 61 65 68 71 76 84 86 97 99 103 106 110 113 117 118 122
40: 46 48 50 53 58 59 61 65 69 70 75 85 87 98 100 104 106 109 114 117 119 121
41: 46 48 50 52 55 60 62 67 68 72 74 85 87 97 102 105 108 110 112 116 120 121
42: 46 48 49 52 56 59 63 66 69 73 74 84 86 98 101 105 107 109 111 115 120 122
43: 46 49 50 53 54 55 56 66 67 70 71 77 81 90 91 92 96 97 98 105 106 123
44: 46 50 51 52 54 57 59 65 66 68 73 79 82 90 91 93 94 100 102 104 108 122
45: 46 49 51 52 53 58 60 65 67 69 72 78 80 90 92 93 95 99 101 103 107 121
46: 24 25 26 27 28 29 30 31 32 33 34 35 36 37 38 39 40 41 42 43 44 45
47: 24 25 26 27 28 29 124 125 126 127 128 129 130 131 132 133 134 135 136 137 138 139
48: 37 38 39 40 41 42 161 168 169 170 171 184 185 186 193 194 195 196 197 198 199 200
49: 34 36 39 42 43 45 155 157 164 165 172 176 178 181 187 189 190 191 194 197 199 200
50: 34 35 40 41 43 44 156 160 162 166 173 175 179 180 187 188 190 192 193 196 199 200
51: 35 36 37 38 44 45 158 159 163 167 174 177 182 183 188 189 191 192 195 198 199 200
52: 32 33 41 42 44 45 143 147 149 151 152 163 165 166 169 171 177 179 181 190 198 200
53: 31 33 38 40 43 45 145 148 150 151 153 164 166 167 170 171 176 180 183 192 197 200
54: 31 32 37 39 43 44 144 146 149 150 154 162 165 167 168 171 175 178 182 191 196 200
55: 30 32 36 38 41 43 141 146 148 151 153 157 160 163 168 173 181 182 186 188 194 200
56: 30 33 35 37 42 43 141 144 145 149 154 155 156 163 170 172 179 183 186 189 193 200
57: 30 33 34 38 39 44 142 146 147 150 154 159 160 164 169 174 180 181 185 189 193 200
58: 30 32 34 37 40 45 140 143 145 150 153 155 158 162 169 174 178 179 184 188 194 200
59: 30 31 36 40 42 44 142 143 144 151 152 156 158 164 168 173 178 183 185 187 195 200
60: 30 31 35 39 41 45 140 147 148 149 152 157 159 162 170 172 180 182 184 187 195 200
61: 32 33 35 36 39 40 140 142 144 148 152 155 160 161 167 174 175 176 186 190 198 200
62: 31 33 34 36 37 41 140 141 143 146 153 156 159 161 165 172 175 177 185 192 197 200
63: 31 32 34 35 38 42 141 142 145 147 154 157 158 161 166 173 176 177 184 191 196 200
64: 24 25 30 31 32 33 124 125 126 127 140 141 142 143 144 145 146 147 148 149 150 151
65: 28 29 39 40 44 45 131 135 137 139 152 162 164 167 169 171 174 178 180 190 195 199
66: 27 28 38 42 43 44 134 136 138 139 154 163 164 166 168 171 173 181 183 191 193 199
67: 27 29 37 41 43 45 132 133 137 138 153 162 163 165 170 171 172 179 182 192 194 199
68: 26 27 36 39 41 44 128 135 136 137 152 159 160 165 168 175 181 182 185 187 198 199
69: 26 27 35 40 42 45 130 131 132 139 152 155 158 166 170 176 179 183 184 187 198 199
70: 26 28 36 37 40 43 129 132 134 137 153 155 156 167 168 175 178 183 186 188 197 199
71: 26 29 35 38 39 43 129 133 136 139 154 157 160 167 170 176 180 182 186 189 196 199
72: 26 28 34 38 41 45 130 133 135 138 153 157 159 166 169 177 180 181 184 188 197 199
73: 26 29 34 37 42 44 128 131 134 138 154 156 158 165 169 177 178 179 185 189 196 199
74: 28 29 35 36 41 42 128 130 132 136 152 156 157 161 163 172 173 177 186 190 195 199
75: 27 29 34 36 38 40 129 130 134 135 153 158 160 161 164 173 174 176 185 192 194 199
76: 27 28 34 35 37 39 128 129 131 133 154 155 159 161 162 172 174 175 184 191 193 199
77: 26 27 32 33 34 43 124 125 133 134 141 150 153 154 155 160 165 166 175 176 179 181
78: 26 29 31 32 36 45 124 127 132 135 140 151 152 153 157 158 165 167 176 177 178 182
79: 26 28 31 33 35 44 124 126 131 136 142 149 152 154 156 159 166 167 175 177 180 183
80: 27 28 30 33 36 45 124 127 130 137 143 148 152 153 155 159 163 164 172 174 181 183
81: 28 29 30 31 34 43 124 125 129 138 145 146 153 154 156 157 162 164 172 173 178 180
82: 27 29 30 32 35 44 124 126 128 139 144 147 152 154 158 160 162 163 173 174 179 182
83: 28 29 32 33 37 38 126 127 133 134 145 146 153 154 161 163 167 169 171 174 177 186
84: 27 29 31 33 39 42 125 127 131 136 144 147 152 154 161 164 165 170 171 172 176 185
85: 27 28 31 32 40 41 125 126 132 135 143 148 152 153 161 162 166 168 171 173 175 184
86: 26 28 30 32 39 42 125 127 128 139 142 149 152 154 155 157 168 169 178 181 184 186
87: 26 29 30 33 40 41 125 126 130 137 140 151 152 153 156 160 169 170 179 180 185 186
88: 26 27 30 31 37 38 126 127 129 138 141 150 153 154 158 159 168 170 182 183 184 185
89: 24 26 30 34 35 36 124 128 129 130 140 141 142 155 156 157 158 159 160 187 188 189
90: 25 26 30 43 44 45 124 137 138 139 149 150 151 178 179 180 181 182 183 187 188 189
91: 24 29 33 36 43 44 124 134 136 137 144 146 151 156 160 163 164 165 167 189 190 192
92: 24 28 32 35 43 45 124 132 133 139 145 148 149 155 157 162 163 166 167 188 190 191
93: 24 27 31 34 44 45 124 131 135 138 143 147 150 158 159 162 164 165 166 187 191 192
94: 25 28 32 34 36 44 124 128 134 135 142 143 146 173 174 175 177 178 181 188 190 191
95: 25 29 33 34 35 45 124 130 131 133 140 145 147 172 174 176 177 179 180 189 190 192
96: 25 27 31 35 36 43 124 129 132 136 141 144 148 172 173 175 176 182 183 187 191 192
97: 25 28 33 39 41 43 125 133 136 137 146 148 149 171 172 175 180 181 186 190 193 197
98: 25 29 32 40 42 43 125 132 134 139 144 145 151 171 173 176 178 179 186 190 194 196
99: 25 27 32 38 39 45 127 133 135 139 147 148 150 171 174 176 181 182 184 191 194 198
100: 25 27 33 37 40 44 126 131 134 137 143 144 150 171 174 175 179 183 185 192 193 198
101: 25 28 31 37 42 45 127 131 132 138 143 145 149 171 172 177 178 183 184 191 195 197
102: 25 29 31 38 41 44 126 135 136 138 146 147 151 171 173 177 180 182 185 192 195 196
103: 24 26 33 37 39 45 127 131 133 137 140 149 150 155 159 165 167 169 170 189 197 198
104: 24 26 32 38 40 44 126 134 135 139 142 150 151 158 160 166 167 168 169 188 196 198
105: 24 26 31 41 42 43 125 132 136 138 141 149 151 156 157 165 166 168 170 187 196 197
106: 24 27 30 39 40 43 125 129 137 139 144 148 150 155 160 162 164 168 170 187 193 194
107: 24 29 30 38 42 45 127 130 138 139 145 147 151 157 158 163 164 169 170 189 194 195
108: 24 28 30 37 41 44 126 128 137 138 143 146 149 156 159 162 163 168 169 188 193 195
109: 24 28 33 34 40 42 125 130 131 134 142 143 145 155 156 161 164 166 169 190 193 197
110: 24 29 32 34 39 41 125 128 133 135 140 146 147 157 160 161 162 165 169 190 194 196
111: 24 27 32 36 37 42 127 128 132 134 141 143 144 155 158 161 163 165 168 191 194 198
112: 24 27 33 35 38 41 126 130 133 136 141 147 148 159 160 161 163 166 170 192 193 198
113: 24 28 31 36 38 39 127 129 135 136 142 146 148 157 159 161 164 167 168 191 195 197
114: 24 29 31 35 37 40 126 129 131 132 140 144 145 156 158 161 162 167 170 192 195 196
115: 25 26 33 36 38 42 127 130 134 136 141 142 151 176 177 181 183 185 186 189 197 198
116: 25 26 32 35 37 41 126 128 132 133 140 141 149 175 177 179 182 184 186 188 196 198
117: 25 26 31 34 39 40 125 129 131 135 140 142 150 175 176 178 180 184 185 187 196 197
118: 25 29 30 36 37 39 127 128 129 137 140 144 146 172 174 178 182 185 186 189 194 195
119: 25 28 30 35 38 40 126 129 130 139 142 145 148 173 174 180 183 184 186 188 193 195
120: 25 27 30 34 41 42 125 128 130 138 141 143 147 172 173 179 181 184 185 187 193 194
121: 24 25 36 40 41 45 130 132 135 137 140 143 148 151 187 188 190 192 194 195 197 198
122: 24 25 35 39 42 44 128 131 136 139 142 144 147 149 187 189 190 191 193 195 196 198
123: 24 25 34 37 38 43 129 133 134 138 141 145 146 150 188 189 191 192 193 194 196 197
124: 12 13 14 15 16 17 47 64 77 78 79 80 81 82 89 90 91 92 93 94 95 96
125: 12 13 19 20 22 23 47 64 77 81 84 85 86 87 97 98 105 106 109 110 117 120
126: 15 17 18 20 21 23 47 64 79 82 83 85 87 88 100 102 104 108 112 114 116 119
127: 14 16 18 19 21 22 47 64 78 80 83 84 86 88 99 101 103 107 111 113 115 118
128: 9 11 12 14 21 23 47 68 73 74 76 82 86 89 94 108 110 111 116 118 120 122
129: 10 11 15 16 22 23 47 70 71 75 76 81 88 89 96 106 113 114 117 118 119 123
130: 9 10 13 17 21 22 47 69 72 74 75 80 87 89 95 107 109 112 115 119 120 121
131: 8 10 12 16 20 21 47 65 69 73 76 79 84 93 95 100 101 103 109 114 117 122
132: 8 11 12 17 18 22 47 67 69 70 74 78 85 92 96 98 101 105 111 114 116 121
133: 8 9 14 15 20 22 47 67 71 72 76 77 83 92 95 97 99 103 110 112 116 123
134: 8 9 16 17 19 23 47 66 70 73 75 77 83 91 94 98 100 104 109 111 115 123
135: 8 11 13 15 19 21 47 65 68 72 75 78 85 93 94 99 102 104 110 113 117 121
136: 8 10 13 14 18 23 47 66 68 71 74 79 84 91 96 97 102 105 112 113 115 122
137: 9 10 12 15 18 19 47 65 67 68 70 80 87 90 91 97 100 103 106 108 118 121
138: 10 11 14 17 19 20 47 66 67 72 73 81 88 90 93 101 102 105 107 108 120 123
139: 9 11 13 16 18 20 47 65 66 69 71 82 86 90 92 98 99 104 106 107 119 122
140: 5 7 12 15 21 22 58 60 61 62 64 78 87 89 95 103 110 114 116 117 118 121
141: 6 7 14 17 22 23 55 56 62 63 64 77 88 89 96 105 111 112 115 116 120 123
142: 5 6 13 16 21 23 57 59 61 63 64 79 86 89 94 104 109 113 115 117 119 122
143: 4 6 12 17 19 21 52 58 59 62 64 80 85 93 94 100 101 108 109 111 120 121
144: 4 7 12 16 18 23 54 56 59 61 64 82 84 91 96 98 100 106 111 114 118 122
145: 4 5 16 17 20 22 53 56 58 63 64 81 83 92 95 98 101 107 109 114 119 123
146: 4 5 14 15 19 23 54 55 57 62 64 81 83 91 94 97 102 108 110 113 118 123
147: 4 7 13 14 20 21 52 57 60 63 64 82 84 93 95 99 102 107 110 112 120 122
148: 4 6 13 15 18 22 53 55 60 61 64 80 85 92 96 97 99 106 112 113 119 121
149: 5 6 12 14 18 20 52 54 56 60 64 79 86 90 92 97 101 103 105 108 116 122
150: 6 7 15 16 19 20 53 54 57 58 64 77 88 90 93 99 100 103 104 106 117 123
151: 5 7 13 17 18 19 52 53 55 59 64 78 87 90 91 98 102 104 105 107 115 121
152: 2 3 12 13 18 21 52 59 60 61 65 68 69 74 78 79 80 82 84 85 86 87
153: 2 3 15 17 19 22 53 55 58 62 67 70 72 75 77 78 80 81 83 85 87 88
154: 2 3 14 16 20 23 54 56 57 63 66 71 73 76 77 79 81 82 83 84 86 88
155: 3 6 9 12 16 22 49 56 58 61 69 70 76 77 80 86 89 92 103 106 109 111
156: 3 5 10 12 17 23 50 56 59 62 70 73 74 79 81 87 89 91 105 108 109 114
157: 3 5 11 13 14 22 49 55 60 63 71 72 74 78 81 86 89 92 105 107 110 113
158: 3 7 11 16 17 21 51 58 59 63 69 73 75 78 82 88 89 93 104 107 111 114
159: 3 6 10 14 15 21 51 57 60 62 68 72 76 79 80 88 89 93 103 108 112 113
160: 3 7 9 13 15 23 50 55 57 61 68 71 75 77 82 87 89 91 104 106 110 112
161: 3 4 8 21 22 23 48 61 62 63 74 75 76 83 84 85 109 110 111 112 113 114
162: 3 4 11 12 15 20 50 54 58 60 65 67 76 81 82 85 92 93 106 108 110 114
163: 3 4 9 14 17 18 51 52 55 56 66 67 74 80 82 83 91 92 107 108 111 112
164: 3 4 10 13 16 19 49 53 57 59 65 66 75 80 81 84 91 93 106 107 109 113
165: 3 7 8 12 14 19 49 52 54 62 67 68 73 77 78 84 91 93 103 105 110 111
166: 3 6 8 13 17 20 50 52 53 63 66 69 72 77 79 85 92 93 104 105 109 112
167: 3 5 8 15 16 18 51 53 54 61 65 70 71 78 79 83 91 92 103 104 113 114
168: 3 6 11 18 19 23 48 54 55 59 66 68 70 85 86 88 104 105 106 108 111 113
169: 3 5 9 19 20 21 48 52 57 58 65 72 73 83 86 87 103 104 107 108 109 110
170: 3 7 10 18 20 22 48 53 56 60 67 69 71 84 87 88 103 105 106 107 112 114
171: 2 4 8 18 19 20 48 52 53 54 65 66 67 83 84 85 97 98 99 100 101 102
172: 2 4 10 12 14 22 49 56 60 62 67 74 76 80 81 84 95 96 97 101 118 120
173: 2 4 11 13 17 23 50 55 59 63 66 74 75 81 82 85 94 96 98 102 119 120
174: 2 4 9 15 16 21 51 57 58 61 65 75 76 80 82 83 94 95 99 100 118 119
175: 2 6 8 12 15 23 50 54 61 62 68 70 76 77 79 85 94 96 97 100 116 117
176: 2 7 8 13 16 22 49 53 61 63 69 71 75 77 78 84 95 96 98 99 115 117
177: 2 5 8 14 17 21 51 52 62 63 72 73 74 78 79 83 94 95 101 102 115 116
178: 2 5 11 12 16 19 49 54 58 59 65 70 73 78 81 86 90 94 98 101 117 118
179: 2 7 9 12 17 20 50 52 56 58 67 69 73 77 82 87 90 95 98 100 116 120
180: 2 5 10 13 15 20 50 53 57 60 65 71 72 79 81 87 90 95 97 102 117 119
181: 2 6 9 13 14 19 49 52 55 57 66 68 72 77 80 86 90 94 97 99 115 120
182: 2 7 11 14 15 18 51 54 55 60 67 68 71 78 82 88 90 96 99 102 116 118
183: 2 6 10 16 17 18 51 53 56 59 66 69 70 79 80 88 90 96 100 101 115 119
184: 2 6 11 20 21 22 48 58 60 63 69 72 76 85 86 88 99 101 116 117 119 120
185: 2 7 10 19 21 23 48 57 59 62 68 73 75 84 87 88 100 102 115 117 118 120
186: 2 5 9 18 22 23 48 55 56 61 70 71 74 83 86 87 97 98 115 116 118 119
187: 6 7 10 11 12 13 49 50 59 60 68 69 89 90 93 96 105 106 117 120 121 122
188: 5 6 9 11 15 17 50 51 55 58 70 72 89 90 92 94 104 108 116 119 121 123
189: 5 7 9 10 14 16 49 51 56 57 71 73 89 90 91 95 103 107 115 118 122 123
190: 4 5 8 9 12 13 49 50 52 61 65 74 91 92 94 95 97 98 109 110 121 122
191: 4 6 8 11 14 16 49 51 54 63 66 76 92 93 94 96 99 101 111 113 122 123
192: 4 7 8 10 15 17 50 51 53 62 67 75 91 93 95 96 100 102 112 114 121 123
193: 4 6 9 10 20 23 48 50 56 57 66 76 97 100 106 108 109 112 119 120 122 123
194: 4 7 9 11 19 22 48 49 55 58 67 75 98 99 106 107 110 111 118 120 121 123
195: 4 5 10 11 18 21 48 51 59 60 65 74 101 102 107 108 113 114 118 119 121 122
196: 5 7 8 11 20 23 48 50 54 63 71 73 98 102 104 105 110 114 116 117 122 123
197: 5 6 8 10 19 22 48 49 53 62 70 72 97 101 103 105 109 113 115 117 121 123
198: 6 7 8 9 18 21 48 51 52 61 68 69 99 100 103 104 111 112 115 116 121 122
199: 2 3 8 9 10 11 48 49 50 51 65 66 67 68 69 70 71 72 73 74 75 76
200: 2 3 4 5 6 7 48 49 50 51 52 53 54 55 56 57 58 59 60 61 62 63

