1: 22 23 24 25 26 27 28
2: 22 23 24 25 26 27 28
3: 22 23 24 25 26 27 28
4: 22 23 24 25 26 27 28
5: 22 23 24 25 26 27 28
6: 22 23 24 25 26 27 28
7: 22 23 24 25 26 27 28
8: 22 23 24 25 26 27 28
9: 22 23 24 25 26 27 28
10: 22 23 24 25 26 27 28
11: 22 23 24 25 26 27 28
12: 22 23 24 25 26 27 28
13: 22 23 24 25 26 27 28
14: 22 23 24 25 26 27 28
15: 22 23 24 25 26 27 28
16: 22 23 24 25 26 27 28
17: 22 23 24 25 26 27 28
18: 22 23 24 25 26 27 28
19: 22 23 24 25 26 27 28
20: 22 23 24 25 26 27 28
21: 22 23 24 25 26 27 28
22: 1 2 3 4 5 6 7 8 9 10 11 12 13 14 15 16 17 18 19 20 21
23: 1 2 3 4 5 6 7 8 9 10 11 12 13 14 15 16 17 18 19 20 21
24: 1 2 3 4 5 6 7 8 9 10 11 12 13 14 15 16 17 18 19 20 21
25: 1 2 3 4 5 6 7 8 9 10 11 12 13 14 15 16 17 18 19 20 21
26: 1 2 3 4 5 6 7 8 9 10 11 12 13 14 15 16 17 18 19 20 21
27: 1 2 3 4 5 6 7 8 9 10 11 12 13 14 15 16 17 18 19 20 21
28: 1 2 3 4 5 6 7 8 9 10 11 12 13 14 15 16 17 18 19 20 21

