1: 2 3 4 5 6 7 8 9 10 11 12 13 14 15 16 17 18 19 20 21
2: 1 3 4 5 6 7 8 9 10 11 12 18 19 22 23 24 25 26 27 28
3: 1 2 5 6 7 8 11 12 13 16 17 20 21 22 25 26 27 28 29 30
4: 1 2 5 6 7 8 11 12 13 16 17 20 21 22 25 26 27 28 29 30
5: 1 2 3 4 9 10 11 12 13 14 15 20 21 22 23 24 27 28 29 30
6: 1 2 3 4 9 10 11 12 13 14 15 20 21 22 23 24 27 28 29 30
7: 1 2 3 4 9 10 13 14 15 16 17 18 19 22 23 24 27 28 29 30
8: 1 2 3 4 9 10 13 14 15 16 17 18 19 22 23 24 27 28 29 30
9: 1 2 5 6 7 8 13 14 15 16 17 20 21 22 23 24 25 26 29 30
10: 1 2 5 6 7 8 13 14 15 16 17 20 21 22 23 24 25 26 29 30
11: 1 2 3 4 5 6 13 14 15 16 17 18 19 22 23 24 25 26 29 30
12: 1 2 3 4 5 6 13 14 15 16 17 18 19 22 23 24 25 26 29 30
13: 1 3 4 5 6 7 8 9 10 11 12 18 19 22 23 24 25 26 27 28
14: 1 5 6 7 8 9 10 11 12 16 17 18 19 22 25 26 27 28 29 30
15: 1 5 6 7 8 9 10 11 12 16 17 18 19 22 25 26 27 28 29 30
16: 1 3 4 7 8 9 10 11 12 14 15 20 21 22 23 24 25 26 27 28
17: 1 3 4 7 8 9 10 11 12 14 15 20 21 22 23 24 25 26 27 28
18: 1 2 7 8 11 12 13 14 15 20 21 22 23 24 25 26 27 28 29 30
19: 1 2 7 8 11 12 13 14 15 20 21 22 23 24 25 26 27 28 29 30
20: 1 3 4 5 6 9 10 16 17 18 19 22 23 24 25 26 27 28 29 30
21: 1 3 4 5 6 9 10 16 17 18 19 22 23 24 25 26 27 28 29 30
22: 2 3 4 5 6 7 8 9 10 11 12 13 14 15 16 17 18 19 20 21
23: 2 5 6 7 8 9 10 11 12 13 16 17 18 19 20 21 27 28 29 30
24: 2 5 6 7 8 9 10 11 12 13 16 17 18 19 20 21 27 28 29 30
25: 2 3 4 9 10 11 12 13 14 15 16 17 18 19 20 21 27 28 29 30
26: 2 3 4 9 10 11 12 13 14 15 16 17 18 19 20 21 27 28 29 30
27: 2 3 4 5 6 7 8 13 14 15 16 17 18 19 20 21 23 24 25 26
28: 2 3 4 5 6 7 8 13 14 15 16 17 18 19 20 21 23 24 25 26
29: 3 4 5 6 7 8 9 10 11 12 14 15 18 19 20 21 23 24 25 26
30: 3 4 5 6 7 8 9 10 11 12 14 15 18 19 20 21 23 24 25 26

