1: 2 3 4 5 6 7 8 9 10 11 57
2: 1 12 13 14 15 16 17 18 19 20 57
3: 1 12 21 22 23 24 25 26 27 28 57
4: 1 13 21 29 30 37 38 39 40 41 57
5: 1 17 27 31 35 40 45 51 53 55 57
6: 1 18 28 31 36 41 46 52 54 56 57
7: 1 16 24 32 33 37 43 44 53 54 57
8: 1 15 23 34 35 38 43 48 49 56 57
9: 1 14 22 34 36 39 44 47 50 55 57
10: 1 20 26 29 33 42 45 48 50 52 57
11: 1 19 25 30 32 42 46 47 49 51 57
12: 2 3 29 30 31 32 33 34 35 36 57
13: 2 4 27 28 34 42 49 50 53 54 57
14: 2 9 21 25 33 40 48 51 54 56 57
15: 2 8 21 26 32 41 47 52 53 55 57
16: 2 7 22 23 31 38 39 42 51 52 57
17: 2 5 24 26 30 38 44 46 50 56 57
18: 2 6 24 25 29 39 43 45 49 55 57
19: 2 11 23 27 36 37 41 44 45 48 57
20: 2 10 22 28 35 37 40 43 46 47 57
21: 3 4 14 15 31 42 43 44 45 46 57
22: 3 9 16 20 30 41 45 49 53 56 57
23: 3 8 16 19 29 40 46 50 54 55 57
24: 3 7 17 18 34 40 41 42 47 48 57
25: 3 11 14 18 35 37 38 50 52 53 57
26: 3 10 15 17 36 37 39 49 51 54 57
27: 3 5 13 19 33 39 43 47 52 56 57
28: 3 6 13 20 32 38 44 48 51 55 57
29: 4 10 12 18 23 44 47 51 53 56 57
30: 4 11 12 17 22 43 48 52 54 55 57
31: 5 6 12 16 21 37 47 48 49 50 57
32: 7 11 12 15 28 39 40 45 50 56 57
33: 7 10 12 14 27 38 41 46 49 55 57
34: 8 9 12 13 24 37 45 46 51 52 57
35: 5 8 12 20 25 39 41 42 44 54 57
36: 6 9 12 19 26 38 40 42 43 53 57
37: 4 7 19 20 25 26 31 34 55 56 57
38: 4 8 16 17 25 28 33 36 45 47 57
39: 4 9 16 18 26 27 32 35 46 48 57
40: 4 5 14 20 23 24 32 36 49 52 57
41: 4 6 15 19 22 24 33 35 50 51 57
42: 10 11 13 16 21 24 35 36 55 56 57
43: 7 8 18 20 21 27 30 36 50 51 57
44: 7 9 17 19 21 28 29 35 49 52 57
45: 5 10 18 19 21 22 32 34 38 54 57
46: 6 11 17 20 21 23 33 34 39 53 57
47: 9 11 15 20 24 27 29 31 38 54 57
48: 8 10 14 19 24 28 30 31 39 53 57
49: 8 11 13 18 22 26 31 33 40 44 57
50: 9 10 13 17 23 25 31 32 41 43 57
51: 5 11 14 16 26 28 29 34 41 43 57
52: 6 10 15 16 25 27 30 34 40 44 57
53: 5 7 13 15 22 25 29 36 46 48 57
54: 6 7 13 14 23 26 30 35 45 47 57
55: 5 9 15 18 23 28 30 33 37 42 57
56: 6 8 14 17 22 27 29 32 37 42 57
57: 1 2 3 4 5 6 7 8 9 10 11 12 13 14 15 16 17 18 19 20 21 22 23 24 25 26 27 28 29 30 31 32 33 34 35 36 37 38 39 40 41 42 43 44 45 46 47 48 49 50 51 52 53 54 55 56

