1: 31 32 33 34
2: 31 32 33 34
3: 31 32 33 34
4: 31 32 33 34
5: 31 32 33 34
6: 31 32 33 34
7: 31 32 33 34
8: 31 32 33 34
9: 31 32 33 34
10: 31 32 33 34
11: 31 32 35 36
12: 31 32 35 36
13: 31 32 35 36
14: 31 32 35 36
15: 31 32 35 36
16: 31 32 35 36
17: 31 32 35 36
18: 31 32 35 36
19: 31 32 35 36
20: 31 32 35 36
21: 33 34 35 36
22: 33 34 35 36
23: 33 34 35 36
24: 33 34 35 36
25: 33 34 35 36
26: 33 34 35 36
27: 33 34 35 36
28: 33 34 35 36
29: 33 34 35 36
30: 33 34 35 36
31: 1 2 3 4 5 6 7 8 9 10 11 12 13 14 15 16 17 18 19 20
32: 1 2 3 4 5 6 7 8 9 10 11 12 13 14 15 16 17 18 19 20
33: 1 2 3 4 5 6 7 8 9 10 21 22 23 24 25 26 27 28 29 30
34: 1 2 3 4 5 6 7 8 9 10 21 22 23 24 25 26 27 28 29 30
35: 11 12 13 14 15 16 17 18 19 20 21 22 23 24 25 26 27 28 29 30
36: 11 12 13 14 15 16 17 18 19 20 21 22 23 24 25 26 27 28 29 30

