1: 2 3 4 5 6 7 8 9 10 11 12 13 14 15 16 17 18 19 20 21 22
2: 1 4 5 6 7 11 12 13 14 21 22 30 31 32 33 34 41 42 47 52 53
3: 1 4 5 6 7 15 16 17 18 19 20 30 35 36 37 38 39 40 54 55 56
4: 1 2 3 6 7 11 14 15 17 19 21 30 31 34 35 37 39 41 48 57 58
5: 1 2 3 6 7 12 13 16 18 20 22 30 32 33 36 38 40 42 49 61 64
6: 1 2 3 4 5 11 14 16 18 20 21 30 32 33 35 37 39 42 50 60 62
7: 1 2 3 4 5 12 13 15 17 19 22 30 31 34 36 38 40 41 51 59 63
8: 1 9 10 11 12 13 14 15 16 17 18 43 44 45 46 47 48 49 50 51 54
9: 1 8 10 11 12 15 18 19 20 21 22 43 44 45 46 52 55 57 59 60 64
10: 1 8 9 13 14 16 17 19 20 21 22 43 44 45 46 53 56 58 61 62 63
11: 1 2 4 6 8 9 12 14 15 18 21 31 32 35 43 47 48 50 52 57 60
12: 1 2 5 7 8 9 11 13 15 18 22 31 32 38 44 47 49 51 52 59 64
13: 1 2 5 7 8 10 12 14 16 17 22 33 34 36 44 47 49 51 53 61 63
14: 1 2 4 6 8 10 11 13 16 17 21 33 34 37 43 47 48 50 53 58 62
15: 1 3 4 7 8 9 11 12 17 18 19 31 35 38 45 48 51 54 55 57 59
16: 1 3 5 6 8 10 13 14 17 18 20 33 36 37 46 49 50 54 56 61 62
17: 1 3 4 7 8 10 13 14 15 16 19 34 36 37 45 48 51 54 56 58 63
18: 1 3 5 6 8 9 11 12 15 16 20 32 35 38 46 49 50 54 55 60 64
19: 1 3 4 7 9 10 15 17 20 21 22 39 40 41 45 55 56 57 58 59 63
20: 1 3 5 6 9 10 16 18 19 21 22 39 40 42 46 55 56 60 61 62 64
21: 1 2 4 6 9 10 11 14 19 20 22 39 41 42 43 52 53 57 58 60 62
22: 1 2 5 7 9 10 12 13 19 20 21 40 41 42 44 52 53 59 61 63 64
23: 24 25 26 27 28 29 30 31 32 33 34 35 36 37 38 47 48 49 50 51 54
24: 23 25 26 27 28 29 30 31 32 35 38 39 40 41 42 52 55 57 59 60 64
25: 23 24 26 27 28 29 30 33 34 36 37 39 40 41 42 53 56 58 61 62 63
26: 23 24 25 27 28 29 31 34 41 43 44 45 47 48 51 52 53 57 58 59 63
27: 23 24 25 26 28 29 32 33 42 43 44 46 47 49 50 52 53 60 61 62 64
28: 23 24 25 26 27 29 35 37 39 43 45 46 48 50 54 55 56 57 58 60 62
29: 23 24 25 26 27 28 36 38 40 44 45 46 49 51 54 55 56 59 61 63 64
30: 2 3 4 5 6 7 23 24 25 31 32 33 34 35 36 37 38 39 40 41 42
31: 2 4 7 11 12 15 23 24 26 30 32 34 35 38 41 47 48 51 52 57 59
32: 2 5 6 11 12 18 23 24 27 30 31 33 35 38 42 47 49 50 52 60 64
33: 2 5 6 13 14 16 23 25 27 30 32 34 36 37 42 47 49 50 53 61 62
34: 2 4 7 13 14 17 23 25 26 30 31 33 36 37 41 47 48 51 53 58 63
35: 3 4 6 11 15 18 23 24 28 30 31 32 37 38 39 48 50 54 55 57 60
36: 3 5 7 13 16 17 23 25 29 30 33 34 37 38 40 49 51 54 56 61 63
37: 3 4 6 14 16 17 23 25 28 30 33 34 35 36 39 48 50 54 56 58 62
38: 3 5 7 12 15 18 23 24 29 30 31 32 35 36 40 49 51 54 55 59 64
39: 3 4 6 19 20 21 24 25 28 30 35 37 40 41 42 55 56 57 58 60 62
40: 3 5 7 19 20 22 24 25 29 30 36 38 39 41 42 55 56 59 61 63 64
41: 2 4 7 19 21 22 24 25 26 30 31 34 39 40 42 52 53 57 58 59 63
42: 2 5 6 20 21 22 24 25 27 30 32 33 39 40 41 52 53 60 61 62 64
43: 8 9 10 11 14 21 26 27 28 44 45 46 47 48 50 52 53 57 58 60 62
44: 8 9 10 12 13 22 26 27 29 43 45 46 47 49 51 52 53 59 61 63 64
45: 8 9 10 15 17 19 26 28 29 43 44 46 48 51 54 55 56 57 58 59 63
46: 8 9 10 16 18 20 27 28 29 43 44 45 49 50 54 55 56 60 61 62 64
47: 2 8 11 12 13 14 23 26 27 31 32 33 34 43 44 48 49 50 51 52 53
48: 4 8 11 14 15 17 23 26 28 31 34 35 37 43 45 47 50 51 54 57 58
49: 5 8 12 13 16 18 23 27 29 32 33 36 38 44 46 47 50 51 54 61 64
50: 6 8 11 14 16 18 23 27 28 32 33 35 37 43 46 47 48 49 54 60 62
51: 7 8 12 13 15 17 23 26 29 31 34 36 38 44 45 47 48 49 54 59 63
52: 2 9 11 12 21 22 24 26 27 31 32 41 42 43 44 47 53 57 59 60 64
53: 2 10 13 14 21 22 25 26 27 33 34 41 42 43 44 47 52 58 61 62 63
54: 3 8 15 16 17 18 23 28 29 35 36 37 38 45 46 48 49 50 51 55 56
55: 3 9 15 18 19 20 24 28 29 35 38 39 40 45 46 54 56 57 59 60 64
56: 3 10 16 17 19 20 25 28 29 36 37 39 40 45 46 54 55 58 61 62 63
57: 4 9 11 15 19 21 24 26 28 31 35 39 41 43 45 48 52 55 58 59 60
58: 4 10 14 17 19 21 25 26 28 34 37 39 41 43 45 48 53 56 57 62 63
59: 7 9 12 15 19 22 24 26 29 31 38 40 41 44 45 51 52 55 57 63 64
60: 6 9 11 18 20 21 24 27 28 32 35 39 42 43 46 50 52 55 57 62 64
61: 5 10 13 16 20 22 25 27 29 33 36 40 42 44 46 49 53 56 62 63 64
62: 6 10 14 16 20 21 25 27 28 33 37 39 42 43 46 50 53 56 58 60 61
63: 7 10 13 17 19 22 25 26 29 34 36 40 41 44 45 51 53 56 58 59 61
64: 5 9 12 18 20 22 24 27 29 32 38 40 42 44 46 49 52 55 59 60 61

