1: 6 7 9 10 15 16 17 18 19 22
2: 6 8 11 12 15 16 17 20 21 22
3: 7 8 13 14 15 18 19 20 21 22
4: 5 9 10 11 12 13 14 16 17 18 19 20 21 22
5: 4 9 10 11 12 13 14 16 17 18 19 20 21 22
6: 1 2 7 8 9 10 11 12 15 16 17 18 19 20 21 22
7: 1 3 6 8 9 10 13 14 15 16 17 18 19 20 21 22
8: 2 3 6 7 11 12 13 14 15 16 17 18 19 20 21 22
9: 1 4 5 6 7 10 11 12 13 14 15 16 17 18 19 20 21 22
10: 1 4 5 6 7 9 11 12 13 14 15 16 17 18 19 20 21 22
11: 2 4 5 6 8 9 10 12 13 14 15 16 17 18 19 20 21 22
12: 2 4 5 6 8 9 10 11 13 14 15 16 17 18 19 20 21 22
13: 3 4 5 7 8 9 10 11 12 14 15 16 17 18 19 20 21 22
14: 3 4 5 7 8 9 10 11 12 13 15 16 17 18 19 20 21 22
15: 1 2 3 6 7 8 9 10 11 12 13 14 16 17 18 19 20 21 22
16: 1 2 4 5 6 7 8 9 10 11 12 13 14 15 17 18 19 20 21 22
17: 1 2 4 5 6 7 8 9 10 11 12 13 14 15 16 18 19 20 21 22
18: 1 3 4 5 6 7 8 9 10 11 12 13 14 15 16 17 19 20 21 22
19: 1 3 4 5 6 7 8 9 10 11 12 13 14 15 16 17 18 20 21 22
20: 2 3 4 5 6 7 8 9 10 11 12 13 14 15 16 17 18 19 21 22
21: 2 3 4 5 6 7 8 9 10 11 12 13 14 15 16 17 18 19 20 22
22: 1 2 3 4 5 6 7 8 9 10 11 12 13 14 15 16 17 18 19 20 21

