1: 2 3 4
2: 1 5 6
3: 1 7 9
4: 1 8 10
5: 2 12 17
6: 2 11 18
7: 3 14 22
8: 4 13 21
9: 3 16 20
10: 4 15 19
11: 6 24 42
12: 5 23 41
13: 8 26 46
14: 7 25 45
15: 10 28 44
16: 9 27 43
17: 5 30 36
18: 6 29 35
19: 10 32 38
20: 9 31 37
21: 8 34 40
22: 7 33 39
23: 12 26 59
24: 11 25 58
25: 14 24 61
26: 13 23 60
27: 16 28 63
28: 15 27 62
29: 18 48 71
30: 17 47 70
31: 20 48 75
32: 19 47 74
33: 22 47 73
34: 21 48 72
35: 18 50 64
36: 17 49 65
37: 20 54 69
38: 19 53 68
39: 22 52 67
40: 21 51 66
41: 12 52 56
42: 11 51 55
43: 16 50 56
44: 15 49 55
45: 14 53 57
46: 13 54 57
47: 30 32 33
48: 29 31 34
49: 36 44 104
50: 35 43 103
51: 40 42 108
52: 39 41 107
53: 38 45 106
54: 37 46 105
55: 42 44 102
56: 41 43 101
57: 45 46 100
58: 24 88 95
59: 23 88 94
60: 26 90 99
61: 25 89 98
62: 28 90 97
63: 27 89 96
64: 35 92 94
65: 36 91 95
66: 40 93 97
67: 39 93 96
68: 38 92 99
69: 37 91 98
70: 30 71 82
71: 29 70 83
72: 34 74 85
73: 33 75 84
74: 32 72 87
75: 31 73 86
76: 78 83 108
77: 79 82 107
78: 76 87 104
79: 77 86 103
80: 81 85 105
81: 80 84 106
82: 70 77 99
83: 71 76 98
84: 73 81 95
85: 72 80 94
86: 75 79 97
87: 74 78 96
88: 58 59 93
89: 61 63 92
90: 60 62 91
91: 65 69 90
92: 64 68 89
93: 66 67 88
94: 59 64 85
95: 58 65 84
96: 63 67 87
97: 62 66 86
98: 61 69 83
99: 60 68 82
100: 57 107 108
101: 56 104 105
102: 55 103 106
103: 50 79 102
104: 49 78 101
105: 54 80 101
106: 53 81 102
107: 52 77 100
108: 51 76 100
