1: 2 3 4
2: 1 5 6
3: 1 7 9
4: 1 8 10
5: 2 12 17
6: 2 11 18
7: 3 14 22
8: 4 13 21
9: 3 16 20
10: 4 15 19
11: 6 24 39
12: 5 23 38
13: 8 25 41
14: 7 25 40
15: 10 24 43
16: 9 23 42
17: 5 26 33
18: 6 27 32
19: 10 31 35
20: 9 30 34
21: 8 29 37
22: 7 28 36
23: 12 16 91
24: 11 15 90
25: 13 14 89
26: 17 230 235
27: 18 229 235
28: 22 232 237
29: 21 231 236
30: 20 234 237
31: 19 233 236
32: 18 224 239
33: 17 223 238
34: 20 226 240
35: 19 225 240
36: 22 228 239
37: 21 227 238
38: 12 212 218
39: 11 211 217
40: 14 214 220
41: 13 213 219
42: 16 216 222
43: 15 215 221
44: 136 211 212
45: 138 214 216
46: 137 213 215
47: 131 218 223
48: 130 217 224
49: 133 220 228
50: 132 219 227
51: 135 222 226
52: 134 221 225
53: 202 203 240
54: 205 207 239
55: 204 206 238
56: 194 209 218
57: 193 208 217
58: 196 210 220
59: 195 210 219
60: 198 209 222
61: 197 208 221
62: 188 205 229
63: 187 204 230
64: 190 203 234
65: 189 202 233
66: 192 207 232
67: 191 206 231
68: 182 200 224
69: 181 199 223
70: 184 201 226
71: 183 201 225
72: 186 200 228
73: 185 199 227
74: 169 170 235
75: 172 174 237
76: 171 173 236
77: 158 164 232
78: 157 163 231
79: 162 168 230
80: 161 167 229
81: 160 166 234
82: 159 165 233
83: 152 176 214
84: 151 175 213
85: 156 180 212
86: 155 179 211
87: 154 178 216
88: 153 177 215
89: 25 145 146
90: 24 148 150
91: 23 147 149
92: 179 180 210
93: 176 178 208
94: 175 177 209
95: 187 188 201
96: 190 192 199
97: 189 191 200
98: 170 181 203
99: 169 182 202
100: 174 186 206
101: 173 185 207
102: 172 184 204
103: 171 183 205
104: 164 165 168
105: 163 166 167
106: 152 167 170
107: 151 168 169
108: 154 165 173
109: 153 166 174
110: 156 163 171
111: 155 164 172
112: 144 188 198
113: 143 187 197
114: 144 192 194
115: 143 191 193
116: 142 190 195
117: 142 189 196
118: 136 158 194
119: 136 157 193
120: 137 160 195
121: 138 159 196
122: 137 162 197
123: 138 161 198
124: 130 178 185
125: 131 177 186
126: 135 175 182
127: 134 176 181
128: 133 180 183
129: 132 179 184
130: 48 124 141
131: 47 125 140
132: 50 129 141
133: 49 128 140
134: 52 127 140
135: 51 126 141
136: 44 118 119
137: 46 120 122
138: 45 121 123
139: 142 143 144
140: 131 133 134
141: 130 132 135
142: 116 117 139
143: 113 115 139
144: 112 114 139
145: 89 152 157
146: 89 151 158
147: 91 154 162
148: 90 153 161
149: 91 156 160
150: 90 155 159
151: 84 107 146
152: 83 106 145
153: 88 109 148
154: 87 108 147
155: 86 111 150
156: 85 110 149
157: 78 119 145
158: 77 118 146
159: 82 121 150
160: 81 120 149
161: 80 123 148
162: 79 122 147
163: 78 105 110
164: 77 104 111
165: 82 104 108
166: 81 105 109
167: 80 105 106
168: 79 104 107
169: 74 99 107
170: 74 98 106
171: 76 103 110
172: 75 102 111
173: 76 101 108
174: 75 100 109
175: 84 94 126
176: 83 93 127
177: 88 94 125
178: 87 93 124
179: 86 92 129
180: 85 92 128
181: 69 98 127
182: 68 99 126
183: 71 103 128
184: 70 102 129
185: 73 101 124
186: 72 100 125
187: 63 95 113
188: 62 95 112
189: 65 97 117
190: 64 96 116
191: 67 97 115
192: 66 96 114
193: 57 115 119
194: 56 114 118
195: 59 116 120
196: 58 117 121
197: 61 113 122
198: 60 112 123
199: 69 73 96
200: 68 72 97
201: 70 71 95
202: 53 65 99
203: 53 64 98
204: 55 63 102
205: 54 62 103
206: 55 67 100
207: 54 66 101
208: 57 61 93
209: 56 60 94
210: 58 59 92
211: 39 44 86
212: 38 44 85
213: 41 46 84
214: 40 45 83
215: 43 46 88
216: 42 45 87
217: 39 48 57
218: 38 47 56
219: 41 50 59
220: 40 49 58
221: 43 52 61
222: 42 51 60
223: 33 47 69
224: 32 48 68
225: 35 52 71
226: 34 51 70
227: 37 50 73
228: 36 49 72
229: 27 62 80
230: 26 63 79
231: 29 67 78
232: 28 66 77
233: 31 65 82
234: 30 64 81
235: 26 27 74
236: 29 31 76
237: 28 30 75
238: 33 37 55
239: 32 36 54
240: 34 35 53
