1: 2 3 4
2: 1 5 6
3: 1 7 9
4: 1 8 10
5: 2 12 17
6: 2 11 18
7: 3 14 22
8: 4 13 21
9: 3 16 20
10: 4 15 19
11: 6 14 36
12: 5 13 35
13: 8 12 38
14: 7 11 37
15: 10 16 40
16: 9 15 39
17: 5 24 29
18: 6 23 30
19: 10 26 32
20: 9 25 31
21: 8 28 34
22: 7 27 33
23: 18 26 41
24: 17 25 42
25: 20 24 44
26: 19 23 43
27: 22 28 46
28: 21 27 45
29: 17 30 60
30: 18 29 59
31: 20 33 62
32: 19 34 61
33: 22 31 64
34: 21 32 63
35: 12 47 53
36: 11 48 54
37: 14 52 58
38: 13 51 57
39: 16 50 56
40: 15 49 55
41: 23 48 66
42: 24 47 65
43: 26 49 70
44: 25 50 69
45: 28 51 68
46: 27 52 67
47: 35 42 72
48: 36 41 71
49: 40 43 76
50: 39 44 75
51: 38 45 74
52: 37 46 73
53: 35 54 78
54: 36 53 77
55: 40 57 79
56: 39 58 79
57: 38 55 78
58: 37 56 77
59: 30 70 73
60: 29 69 74
61: 32 66 75
62: 31 65 76
63: 34 67 72
64: 33 68 71
65: 42 62 81
66: 41 61 80
67: 46 63 81
68: 45 64 80
69: 44 60 80
70: 43 59 81
71: 48 64 83
72: 47 63 82
73: 52 59 84
74: 51 60 84
75: 50 61 82
76: 49 62 83
77: 54 58 82
78: 53 57 83
79: 55 56 84
80: 66 68 69
81: 65 67 70
82: 72 75 77
83: 71 76 78
84: 73 74 79
