1: 2 3 4
2: 1 5 6
3: 1 7 9
4: 1 8 10
5: 2 12 17
6: 2 11 18
7: 3 14 22
8: 4 13 21
9: 3 16 20
10: 4 15 19
11: 6 24 30
12: 5 23 29
13: 8 26 32
14: 7 25 31
15: 10 28 34
16: 9 27 33
17: 5 36 41
18: 6 35 42
19: 10 38 44
20: 9 37 43
21: 8 40 46
22: 7 39 45
23: 12 48 56
24: 11 47 55
25: 14 48 60
26: 13 47 59
27: 16 47 58
28: 15 48 57
29: 12 50 74
30: 11 49 73
31: 14 51 76
32: 13 51 75
33: 16 50 78
34: 15 49 77
35: 18 53 68
36: 17 52 67
37: 20 54 72
38: 19 54 71
39: 22 53 70
40: 21 52 69
41: 17 58 62
42: 18 57 61
43: 20 56 66
44: 19 55 65
45: 22 59 64
46: 21 60 63
47: 24 26 27
48: 23 25 28
49: 30 34 117
50: 29 33 116
51: 31 32 115
52: 36 40 120
53: 35 39 119
54: 37 38 118
55: 24 44 110
56: 23 43 109
57: 28 42 114
58: 27 41 113
59: 26 45 112
60: 25 46 111
61: 42 104 115
62: 41 103 115
63: 46 108 116
64: 45 107 117
65: 44 106 116
66: 43 105 117
67: 36 106 114
68: 35 105 113
69: 40 104 110
70: 39 103 109
71: 38 107 111
72: 37 108 112
73: 30 98 118
74: 29 97 118
75: 32 100 119
76: 31 99 120
77: 34 102 119
78: 33 101 120
79: 92 97 114
80: 91 98 113
81: 91 100 110
82: 92 99 109
83: 92 102 111
84: 91 101 112
85: 95 98 106
86: 94 97 105
87: 95 102 104
88: 94 101 103
89: 93 100 107
90: 93 99 108
91: 80 81 84
92: 79 82 83
93: 89 90 96
94: 86 88 96
95: 85 87 96
96: 93 94 95
97: 74 79 86
98: 73 80 85
99: 76 82 90
100: 75 81 89
101: 78 84 88
102: 77 83 87
103: 62 70 88
104: 61 69 87
105: 66 68 86
106: 65 67 85
107: 64 71 89
108: 63 72 90
109: 56 70 82
110: 55 69 81
111: 60 71 83
112: 59 72 84
113: 58 68 80
114: 57 67 79
115: 51 61 62
116: 50 63 65
117: 49 64 66
118: 54 73 74
119: 53 75 77
120: 52 76 78
