1: 2 3 4
2: 1 5 6
3: 1 7 9
4: 1 8 10
5: 2 12 18
6: 2 11 17
7: 3 14 20
8: 4 13 19
9: 3 16 22
10: 4 15 21
11: 6 24 39
12: 5 23 38
13: 8 25 41
14: 7 25 40
15: 10 24 43
16: 9 23 42
17: 6 27 33
18: 5 26 32
19: 8 29 37
20: 7 28 36
21: 10 31 35
22: 9 30 34
23: 12 16 64
24: 11 15 63
25: 13 14 62
26: 18 149 155
27: 17 148 154
28: 20 151 157
29: 19 150 156
30: 22 153 159
31: 21 152 158
32: 18 143 166
33: 17 142 166
34: 22 145 168
35: 21 144 167
36: 20 147 168
37: 19 146 167
38: 12 137 161
39: 11 136 160
40: 14 139 163
41: 13 138 162
42: 16 141 165
43: 15 140 164
44: 105 136 145
45: 104 137 144
46: 109 139 143
47: 108 138 142
48: 107 141 146
49: 106 140 147
50: 59 136 148
51: 58 137 149
52: 57 141 153
53: 56 140 152
54: 61 139 151
55: 60 138 150
56: 53 131 143
57: 52 130 142
58: 51 135 147
59: 50 134 146
60: 55 133 145
61: 54 132 144
62: 25 122 123
63: 24 125 127
64: 23 124 126
65: 117 133 160
66: 116 132 161
67: 121 134 165
68: 120 135 164
69: 119 131 163
70: 118 130 162
71: 119 128 154
72: 118 129 155
73: 117 129 157
74: 116 128 156
75: 120 128 159
76: 121 129 158
77: 109 134 155
78: 108 135 154
79: 105 132 159
80: 104 133 158
81: 106 130 157
82: 107 131 156
83: 97 113 148
84: 96 112 149
85: 95 111 153
86: 95 110 152
87: 97 115 151
88: 96 114 150
89: 92 123 161
90: 91 122 160
91: 90 125 163
92: 89 124 162
93: 94 127 165
94: 93 126 164
95: 85 86 166
96: 84 88 168
97: 83 87 167
98: 100 111 120
99: 101 110 121
100: 98 115 117
101: 99 114 116
102: 103 113 119
103: 102 112 118
104: 45 80 108
105: 44 79 109
106: 49 81 107
107: 48 82 106
108: 47 78 104
109: 46 77 105
110: 86 99 123
111: 85 98 122
112: 84 103 125
113: 83 102 124
114: 88 101 127
115: 87 100 126
116: 66 74 101
117: 65 73 100
118: 70 72 103
119: 69 71 102
120: 68 75 98
121: 67 76 99
122: 62 90 111
123: 62 89 110
124: 64 92 113
125: 63 91 112
126: 64 94 115
127: 63 93 114
128: 71 74 75
129: 72 73 76
130: 57 70 81
131: 56 69 82
132: 61 66 79
133: 60 65 80
134: 59 67 77
135: 58 68 78
136: 39 44 50
137: 38 45 51
138: 41 47 55
139: 40 46 54
140: 43 49 53
141: 42 48 52
142: 33 47 57
143: 32 46 56
144: 35 45 61
145: 34 44 60
146: 37 48 59
147: 36 49 58
148: 27 50 83
149: 26 51 84
150: 29 55 88
151: 28 54 87
152: 31 53 86
153: 30 52 85
154: 27 71 78
155: 26 72 77
156: 29 74 82
157: 28 73 81
158: 31 76 80
159: 30 75 79
160: 39 65 90
161: 38 66 89
162: 41 70 92
163: 40 69 91
164: 43 68 94
165: 42 67 93
166: 32 33 95
167: 35 37 97
168: 34 36 96
