1: 2 3 4
2: 1 5 6
3: 1 7 9
4: 1 8 10
5: 2 12 17
6: 2 11 18
7: 3 14 22
8: 4 13 21
9: 3 16 20
10: 4 15 19
11: 6 24 36
12: 5 23 35
13: 8 26 38
14: 7 25 37
15: 10 28 40
16: 9 27 39
17: 5 29 42
18: 6 30 41
19: 10 34 44
20: 9 33 43
21: 8 32 46
22: 7 31 45
23: 12 48 71
24: 11 47 70
25: 14 48 73
26: 13 47 72
27: 16 47 75
28: 15 48 74
29: 17 58 65
30: 18 59 64
31: 22 63 67
32: 21 62 66
33: 20 61 69
34: 19 60 68
35: 12 53 77
36: 11 52 76
37: 14 57 79
38: 13 56 78
39: 16 55 81
40: 15 54 80
41: 18 50 55
42: 17 49 54
43: 20 51 56
44: 19 51 57
45: 22 50 53
46: 21 49 52
47: 24 26 27
48: 23 25 28
49: 42 46 128
50: 41 45 127
51: 43 44 126
52: 36 46 121
53: 35 45 120
54: 40 42 125
55: 39 41 124
56: 38 43 123
57: 37 44 122
58: 29 104 126
59: 30 103 126
60: 34 106 127
61: 33 105 128
62: 32 108 127
63: 31 107 128
64: 30 113 119
65: 29 112 118
66: 32 117 119
67: 31 116 118
68: 34 115 118
69: 33 114 119
70: 24 110 115
71: 23 109 114
72: 26 111 116
73: 25 111 117
74: 28 110 113
75: 27 109 112
76: 36 98 104
77: 35 97 103
78: 38 100 106
79: 37 99 105
80: 40 102 108
81: 39 101 107
82: 111 120 121
83: 110 122 124
84: 109 123 125
85: 104 106 107
86: 103 105 108
87: 98 113 123
88: 97 112 122
89: 100 117 124
90: 99 116 125
91: 102 115 120
92: 101 114 121
93: 96 98 102
94: 96 97 101
95: 96 99 100
96: 93 94 95
97: 77 88 94
98: 76 87 93
99: 79 90 95
100: 78 89 95
101: 81 92 94
102: 80 91 93
103: 59 77 86
104: 58 76 85
105: 61 79 86
106: 60 78 85
107: 63 81 85
108: 62 80 86
109: 71 75 84
110: 70 74 83
111: 72 73 82
112: 65 75 88
113: 64 74 87
114: 69 71 92
115: 68 70 91
116: 67 72 90
117: 66 73 89
118: 65 67 68
119: 64 66 69
120: 53 82 91
121: 52 82 92
122: 57 83 88
123: 56 84 87
124: 55 83 89
125: 54 84 90
126: 51 58 59
127: 50 60 62
128: 49 61 63
