1: 2 3 4
2: 1 5 6
3: 1 7 8
4: 1 9 10
5: 2 11 13
6: 2 12 14
7: 3 16 19
8: 3 15 20
9: 4 18 21
10: 4 17 22
11: 5 24 38
12: 6 23 37
13: 5 26 36
14: 6 25 35
15: 8 28 44
16: 7 27 43
17: 10 30 46
18: 9 29 45
19: 7 31 40
20: 8 32 39
21: 9 33 42
22: 10 34 41
23: 12 48 78
24: 11 47 77
25: 14 50 80
26: 13 49 79
27: 16 48 82
28: 15 47 81
29: 18 50 84
30: 17 49 83
31: 19 52 86
32: 20 51 85
33: 21 52 88
34: 22 51 87
35: 14 54 68
36: 13 53 67
37: 12 56 66
38: 11 55 65
39: 20 58 74
40: 19 57 73
41: 22 60 76
42: 21 59 75
43: 16 62 70
44: 15 61 69
45: 18 64 72
46: 17 63 71
47: 24 28 140
48: 23 27 139
49: 26 30 142
50: 25 29 141
51: 32 34 144
52: 31 33 143
53: 36 174 216
54: 35 173 215
55: 38 176 218
56: 37 175 217
57: 40 178 216
58: 39 177 215
59: 42 180 218
60: 41 179 217
61: 44 182 219
62: 43 181 220
63: 46 184 220
64: 45 183 219
65: 38 186 210
66: 37 185 210
67: 36 188 209
68: 35 187 209
69: 44 190 211
70: 43 189 211
71: 46 192 212
72: 45 191 212
73: 40 194 213
74: 39 193 213
75: 42 196 214
76: 41 195 214
77: 24 162 198
78: 23 161 197
79: 26 164 200
80: 25 163 199
81: 28 166 202
82: 27 165 201
83: 30 168 204
84: 29 167 203
85: 32 170 205
86: 31 169 206
87: 34 172 207
88: 33 171 208
89: 210 212 213
90: 209 211 214
91: 162 163 220
92: 161 164 219
93: 165 170 218
94: 166 169 217
95: 167 172 216
96: 168 171 215
97: 156 174 190
98: 155 173 189
99: 158 176 192
100: 157 175 191
101: 160 177 186
102: 159 178 185
103: 159 179 188
104: 160 180 187
105: 158 181 196
106: 157 182 195
107: 156 183 194
108: 155 184 193
109: 157 162 165
110: 158 161 166
111: 155 164 167
112: 156 163 168
113: 160 169 172
114: 159 170 171
115: 152 188 201
116: 151 187 202
117: 154 186 203
118: 153 185 204
119: 151 194 198
120: 152 193 197
121: 153 196 200
122: 154 195 199
123: 150 190 208
124: 149 189 207
125: 150 192 206
126: 149 191 205
127: 140 179 184
128: 139 180 183
129: 142 177 182
130: 141 178 181
131: 144 174 176
132: 143 173 175
133: 140 203 208
134: 139 204 207
135: 142 201 206
136: 141 202 205
137: 143 198 200
138: 144 197 199
139: 48 128 134
140: 47 127 133
141: 50 130 136
142: 49 129 135
143: 52 132 137
144: 51 131 138
145: 148 149 150
146: 148 151 152
147: 148 153 154
148: 145 146 147
149: 124 126 145
150: 123 125 145
151: 116 119 146
152: 115 120 146
153: 118 121 147
154: 117 122 147
155: 98 108 111
156: 97 107 112
157: 100 106 109
158: 99 105 110
159: 102 103 114
160: 101 104 113
161: 78 92 110
162: 77 91 109
163: 80 91 112
164: 79 92 111
165: 82 93 109
166: 81 94 110
167: 84 95 111
168: 83 96 112
169: 86 94 113
170: 85 93 114
171: 88 96 114
172: 87 95 113
173: 54 98 132
174: 53 97 131
175: 56 100 132
176: 55 99 131
177: 58 101 129
178: 57 102 130
179: 60 103 127
180: 59 104 128
181: 62 105 130
182: 61 106 129
183: 64 107 128
184: 63 108 127
185: 66 102 118
186: 65 101 117
187: 68 104 116
188: 67 103 115
189: 70 98 124
190: 69 97 123
191: 72 100 126
192: 71 99 125
193: 74 108 120
194: 73 107 119
195: 76 106 122
196: 75 105 121
197: 78 120 138
198: 77 119 137
199: 80 122 138
200: 79 121 137
201: 82 115 135
202: 81 116 136
203: 84 117 133
204: 83 118 134
205: 85 126 136
206: 86 125 135
207: 87 124 134
208: 88 123 133
209: 67 68 90
210: 65 66 89
211: 69 70 90
212: 71 72 89
213: 73 74 89
214: 75 76 90
215: 54 58 96
216: 53 57 95
217: 56 60 94
218: 55 59 93
219: 61 64 92
220: 62 63 91
