1: 2 3 4
2: 1 5 6
3: 1 7 9
4: 1 8 10
5: 2 12 17
6: 2 11 18
7: 3 14 20
8: 4 13 19
9: 3 16 22
10: 4 15 21
11: 6 24 36
12: 5 23 35
13: 8 26 38
14: 7 25 37
15: 10 28 40
16: 9 27 39
17: 5 30 42
18: 6 29 41
19: 8 32 44
20: 7 31 43
21: 10 34 46
22: 9 33 45
23: 12 48 71
24: 11 47 70
25: 14 48 75
26: 13 47 74
27: 16 47 73
28: 15 48 72
29: 18 58 77
30: 17 59 76
31: 20 61 81
32: 19 60 80
33: 22 63 79
34: 21 62 78
35: 12 50 64
36: 11 49 65
37: 14 54 69
38: 13 53 68
39: 16 52 67
40: 15 51 66
41: 18 52 56
42: 17 51 55
43: 20 50 56
44: 19 49 55
45: 22 53 57
46: 21 54 57
47: 24 26 27
48: 23 25 28
49: 36 44 212
50: 35 43 211
51: 40 42 216
52: 39 41 215
53: 38 45 214
54: 37 46 213
55: 42 44 210
56: 41 43 209
57: 45 46 208
58: 29 199 203
59: 30 199 202
60: 32 201 205
61: 31 200 204
62: 34 201 207
63: 33 200 206
64: 35 197 203
65: 36 196 202
66: 40 198 205
67: 39 198 204
68: 38 197 207
69: 37 196 206
70: 24 185 191
71: 23 184 190
72: 28 187 193
73: 27 186 192
74: 26 189 195
75: 25 188 194
76: 30 173 179
77: 29 172 178
78: 34 175 181
79: 33 174 180
80: 32 177 183
81: 31 176 182
82: 179 183 197
83: 178 182 196
84: 180 181 198
85: 167 190 216
86: 166 191 215
87: 171 195 212
88: 170 194 211
89: 169 193 213
90: 168 192 214
91: 170 184 207
92: 171 185 206
93: 168 189 203
94: 169 188 202
95: 167 187 204
96: 166 186 205
97: 163 215 216
98: 165 212 213
99: 164 211 214
100: 158 179 190
101: 157 178 191
102: 162 181 193
103: 161 180 192
104: 160 183 195
105: 159 182 194
106: 159 160 199
107: 158 161 201
108: 157 162 200
109: 150 170 208
110: 149 171 208
111: 154 166 210
112: 153 167 209
113: 152 169 210
114: 151 168 209
115: 152 163 173
116: 151 163 172
117: 150 165 175
118: 149 164 174
119: 154 165 177
120: 153 164 176
121: 144 156 184
122: 143 155 185
123: 148 156 187
124: 147 155 186
125: 146 155 189
126: 145 156 188
127: 141 145 173
128: 140 146 172
129: 142 144 175
130: 142 143 174
131: 141 147 177
132: 140 148 176
133: 144 153 161
134: 143 154 162
135: 148 152 157
136: 147 151 158
137: 146 149 159
138: 145 150 160
139: 140 141 142
140: 128 132 139
141: 127 131 139
142: 129 130 139
143: 122 130 134
144: 121 129 133
145: 126 127 138
146: 125 128 137
147: 124 131 136
148: 123 132 135
149: 110 118 137
150: 109 117 138
151: 114 116 136
152: 113 115 135
153: 112 120 133
154: 111 119 134
155: 122 124 125
156: 121 123 126
157: 101 108 135
158: 100 107 136
159: 105 106 137
160: 104 106 138
161: 103 107 133
162: 102 108 134
163: 97 115 116
164: 99 118 120
165: 98 117 119
166: 86 96 111
167: 85 95 112
168: 90 93 114
169: 89 94 113
170: 88 91 109
171: 87 92 110
172: 77 116 128
173: 76 115 127
174: 79 118 130
175: 78 117 129
176: 81 120 132
177: 80 119 131
178: 77 83 101
179: 76 82 100
180: 79 84 103
181: 78 84 102
182: 81 83 105
183: 80 82 104
184: 71 91 121
185: 70 92 122
186: 73 96 124
187: 72 95 123
188: 75 94 126
189: 74 93 125
190: 71 85 100
191: 70 86 101
192: 73 90 103
193: 72 89 102
194: 75 88 105
195: 74 87 104
196: 65 69 83
197: 64 68 82
198: 66 67 84
199: 58 59 106
200: 61 63 108
201: 60 62 107
202: 59 65 94
203: 58 64 93
204: 61 67 95
205: 60 66 96
206: 63 69 92
207: 62 68 91
208: 57 109 110
209: 56 112 114
210: 55 111 113
211: 50 88 99
212: 49 87 98
213: 54 89 98
214: 53 90 99
215: 52 86 97
216: 51 85 97
