1: 2 44 56
2: 1 3 47
3: 2 4 14
4: 3 5 17
5: 4 6 48
6: 5 7 51
7: 6 8 18
8: 7 9 21
9: 8 10 52
10: 9 11 55
11: 10 12 22
12: 11 13 25
13: 12 14 56
14: 3 13 15
15: 14 16 26
16: 15 17 29
17: 4 16 18
18: 7 17 19
19: 18 20 30
20: 19 21 33
21: 8 20 22
22: 11 21 23
23: 22 24 34
24: 23 25 37
25: 12 24 26
26: 15 25 27
27: 26 28 38
28: 27 29 41
29: 16 28 30
30: 19 29 31
31: 30 32 42
32: 31 33 45
33: 20 32 34
34: 23 33 35
35: 34 36 46
36: 35 37 49
37: 24 36 38
38: 27 37 39
39: 38 40 50
40: 39 41 53
41: 28 40 42
42: 31 41 43
43: 42 44 54
44: 1 43 45
45: 32 44 46
46: 35 45 47
47: 2 46 48
48: 5 47 49
49: 36 48 50
50: 39 49 51
51: 6 50 52
52: 9 51 53
53: 40 52 54
54: 43 53 55
55: 10 54 56
56: 1 13 55
