1: 2 3 4
2: 1 5 6
3: 1 7 8
4: 1 9 10
5: 2 11 13
6: 2 12 14
7: 3 16 20
8: 3 15 19
9: 4 18 22
10: 4 17 21
11: 5 24 38
12: 6 23 37
13: 5 26 36
14: 6 25 35
15: 8 28 39
16: 7 27 40
17: 10 30 41
18: 9 29 42
19: 8 32 44
20: 7 31 43
21: 10 34 46
22: 9 33 45
23: 12 48 86
24: 11 47 85
25: 14 50 84
26: 13 49 83
27: 16 52 87
28: 15 51 88
29: 18 54 89
30: 17 53 90
31: 20 56 91
32: 19 55 92
33: 22 58 93
34: 21 57 94
35: 14 60 74
36: 13 59 73
37: 12 62 72
38: 11 61 71
39: 15 64 75
40: 16 63 76
41: 17 66 77
42: 18 65 78
43: 20 68 79
44: 19 67 80
45: 22 70 81
46: 21 69 82
47: 24 96 100
48: 23 95 99
49: 26 98 102
50: 25 97 101
51: 28 96 108
52: 27 95 107
53: 30 98 110
54: 29 97 109
55: 32 98 103
56: 31 97 104
57: 34 96 105
58: 33 95 106
59: 36 104 120
60: 35 103 119
61: 38 106 118
62: 37 105 117
63: 40 100 122
64: 39 99 121
65: 42 102 122
66: 41 101 121
67: 44 109 118
68: 43 110 117
69: 46 107 120
70: 45 108 119
71: 38 124 138
72: 37 123 137
73: 36 126 136
74: 35 125 135
75: 39 132 136
76: 40 131 135
77: 41 134 138
78: 42 133 137
79: 43 128 140
80: 44 127 139
81: 45 130 140
82: 46 129 139
83: 26 112 130
84: 25 111 129
85: 24 114 128
86: 23 113 127
87: 27 112 134
88: 28 111 133
89: 29 114 132
90: 30 113 131
91: 31 115 124
92: 32 116 123
93: 33 116 126
94: 34 115 125
95: 48 52 58
96: 47 51 57
97: 50 54 56
98: 49 53 55
99: 48 64 158
100: 47 63 157
101: 50 66 157
102: 49 65 158
103: 55 60 160
104: 56 59 159
105: 57 62 162
106: 58 61 161
107: 52 69 160
108: 51 70 159
109: 54 67 162
110: 53 68 161
111: 84 88 161
112: 83 87 162
113: 86 90 159
114: 85 89 160
115: 91 94 158
116: 92 93 157
117: 62 68 146
118: 61 67 145
119: 60 70 148
120: 59 69 147
121: 64 66 150
122: 63 65 149
123: 72 92 151
124: 71 91 151
125: 74 94 152
126: 73 93 152
127: 80 86 155
128: 79 85 155
129: 82 84 156
130: 81 83 156
131: 76 90 153
132: 75 89 153
133: 78 88 154
134: 77 87 154
135: 74 76 145
136: 73 75 146
137: 72 78 147
138: 71 77 148
139: 80 82 149
140: 79 81 150
141: 146 148 149
142: 145 147 150
143: 152 154 155
144: 151 153 156
145: 118 135 142
146: 117 136 141
147: 120 137 142
148: 119 138 141
149: 122 139 141
150: 121 140 142
151: 123 124 144
152: 125 126 143
153: 131 132 144
154: 133 134 143
155: 127 128 143
156: 129 130 144
157: 100 101 116
158: 99 102 115
159: 104 108 113
160: 103 107 114
161: 106 110 111
162: 105 109 112
