1: 2 72 80
2: 1 3 27
3: 2 4 58
4: 3 5 13
5: 4 6 76
6: 5 7 31
7: 6 8 62
8: 7 9 17
9: 8 10 80
10: 9 11 35
11: 10 12 66
12: 11 13 21
13: 4 12 14
14: 13 15 39
15: 14 16 70
16: 15 17 25
17: 8 16 18
18: 17 19 43
19: 18 20 74
20: 19 21 29
21: 12 20 22
22: 21 23 47
23: 22 24 78
24: 23 25 33
25: 16 24 26
26: 25 27 51
27: 2 26 28
28: 27 29 37
29: 20 28 30
30: 29 31 55
31: 6 30 32
32: 31 33 41
33: 24 32 34
34: 33 35 59
35: 10 34 36
36: 35 37 45
37: 28 36 38
38: 37 39 63
39: 14 38 40
40: 39 41 49
41: 32 40 42
42: 41 43 67
43: 18 42 44
44: 43 45 53
45: 36 44 46
46: 45 47 71
47: 22 46 48
48: 47 49 57
49: 40 48 50
50: 49 51 75
51: 26 50 52
52: 51 53 61
53: 44 52 54
54: 53 55 79
55: 30 54 56
56: 55 57 65
57: 48 56 58
58: 3 57 59
59: 34 58 60
60: 59 61 69
61: 52 60 62
62: 7 61 63
63: 38 62 64
64: 63 65 73
65: 56 64 66
66: 11 65 67
67: 42 66 68
68: 67 69 77
69: 60 68 70
70: 15 69 71
71: 46 70 72
72: 1 71 73
73: 64 72 74
74: 19 73 75
75: 50 74 76
76: 5 75 77
77: 68 76 78
78: 23 77 79
79: 54 78 80
80: 1 9 79
