1: 2 3 4
2: 1 5 6
3: 1 7 8
4: 1 9 10
5: 2 11 13
6: 2 12 14
7: 3 16 20
8: 3 15 19
9: 4 18 22
10: 4 17 21
11: 5 24 36
12: 6 23 35
13: 5 26 38
14: 6 25 37
15: 8 28 39
16: 7 27 40
17: 10 30 41
18: 9 29 42
19: 8 32 43
20: 7 31 44
21: 10 34 45
22: 9 33 46
23: 12 48 62
24: 11 47 61
25: 14 50 60
26: 13 49 59
27: 16 48 64
28: 15 47 63
29: 18 50 64
30: 17 49 63
31: 20 52 60
32: 19 51 59
33: 22 52 62
34: 21 51 61
35: 12 54 68
36: 11 53 67
37: 14 56 66
38: 13 55 65
39: 15 54 73
40: 16 53 74
41: 17 56 76
42: 18 55 75
43: 19 58 70
44: 20 57 69
45: 21 57 72
46: 22 58 71
47: 24 28 80
48: 23 27 80
49: 26 30 81
50: 25 29 81
51: 32 34 82
52: 31 33 82
53: 36 40 77
54: 35 39 77
55: 38 42 78
56: 37 41 78
57: 44 45 79
58: 43 46 79
59: 26 32 87
60: 25 31 86
61: 24 34 89
62: 23 33 88
63: 28 30 90
64: 27 29 91
65: 38 100 106
66: 37 99 105
67: 36 99 108
68: 35 100 107
69: 44 102 106
70: 43 101 105
71: 46 104 108
72: 45 103 107
73: 39 102 110
74: 40 101 109
75: 42 103 110
76: 41 104 109
77: 53 54 98
78: 55 56 98
79: 57 58 98
80: 47 48 85
81: 49 50 84
82: 51 52 83
83: 82 99 100
84: 81 101 102
85: 80 103 104
86: 60 93 95
87: 59 92 94
88: 62 92 97
89: 61 93 96
90: 63 95 97
91: 64 94 96
92: 87 88 110
93: 86 89 109
94: 87 91 108
95: 86 90 107
96: 89 91 106
97: 88 90 105
98: 77 78 79
99: 66 67 83
100: 65 68 83
101: 70 74 84
102: 69 73 84
103: 72 75 85
104: 71 76 85
105: 66 70 97
106: 65 69 96
107: 68 72 95
108: 67 71 94
109: 74 76 93
110: 73 75 92
