1: 2 9 10
2: 1 8 13
3: 5 7 15
4: 6 11 24
5: 3 6 25
6: 4 5 14
7: 3 11 16
8: 2 12 17
9: 1 18 20
10: 1 19 21
11: 4 7 30
12: 8 21 31
13: 2 22 34
14: 6 17 22
15: 3 23 35
16: 7 18 19
17: 8 14 27
18: 9 16 28
19: 10 16 23
20: 9 34 40
21: 10 12 42
22: 13 14 26
23: 15 19 33
24: 4 26 43
25: 5 27 44
26: 22 24 36
27: 17 25 29
28: 18 30 32
29: 27 31 39
30: 11 28 50
31: 12 29 51
32: 28 40 41
33: 23 37 42
34: 13 20 45
35: 15 44 46
36: 26 38 45
37: 33 38 46
38: 36 37 47
39: 29 41 48
40: 20 32 52
41: 32 39 49
42: 21 33 53
43: 24 47 50
44: 25 35 48
45: 34 36 54
46: 35 37 54
47: 38 43 53
48: 39 44 52
49: 41 50 51
50: 30 43 49
51: 31 49 53
52: 40 48 54
53: 42 47 51
54: 45 46 52
