1: 2 3 4
2: 1 5 6
3: 1 7 9
4: 1 8 10
5: 2 12 18
6: 2 11 17
7: 3 14 20
8: 4 13 19
9: 3 16 22
10: 4 15 21
11: 6 24 35
12: 5 23 36
13: 8 26 38
14: 7 25 37
15: 10 28 40
16: 9 27 39
17: 6 30 41
18: 5 29 42
19: 8 32 46
20: 7 31 45
21: 10 34 44
22: 9 33 43
23: 12 26 66
24: 11 25 65
25: 14 24 68
26: 13 23 67
27: 16 28 70
28: 15 27 69
29: 18 48 84
30: 17 47 83
31: 20 50 88
32: 19 49 87
33: 22 52 86
34: 21 51 85
35: 11 60 78
36: 12 59 77
37: 14 62 80
38: 13 61 79
39: 16 64 82
40: 15 63 81
41: 17 54 71
42: 18 53 72
43: 22 56 74
44: 21 55 73
45: 20 58 76
46: 19 57 75
47: 30 48 93
48: 29 47 92
49: 32 51 94
50: 31 52 94
51: 34 49 93
52: 33 50 92
53: 42 90 95
54: 41 89 96
55: 44 91 98
56: 43 91 97
57: 46 90 100
58: 45 89 99
59: 36 98 144
60: 35 97 143
61: 38 96 148
62: 37 95 147
63: 40 99 146
64: 39 100 145
65: 24 102 114
66: 23 101 113
67: 26 106 118
68: 25 105 117
69: 28 104 116
70: 27 103 115
71: 41 104 132
72: 42 103 131
73: 44 102 136
74: 43 101 135
75: 46 105 134
76: 45 106 133
77: 36 108 125
78: 35 107 126
79: 38 112 128
80: 37 111 127
81: 40 110 130
82: 39 109 129
83: 30 119 138
84: 29 120 137
85: 34 122 142
86: 33 121 141
87: 32 124 140
88: 31 123 139
89: 54 58 149
90: 53 57 149
91: 55 56 149
92: 48 52 158
93: 47 51 157
94: 49 50 156
95: 53 62 151
96: 54 61 150
97: 56 60 155
98: 55 59 154
99: 58 63 153
100: 57 64 152
101: 66 74 109
102: 65 73 110
103: 70 72 108
104: 69 71 107
105: 68 75 112
106: 67 76 111
107: 78 104 156
108: 77 103 156
109: 82 101 157
110: 81 102 158
111: 80 106 157
112: 79 105 158
113: 66 146 165
114: 65 145 166
115: 70 148 166
116: 69 147 165
117: 68 144 165
118: 67 143 166
119: 83 148 160
120: 84 147 159
121: 86 143 161
122: 85 144 161
123: 88 146 160
124: 87 145 159
125: 77 140 168
126: 78 139 167
127: 80 138 168
128: 79 137 167
129: 82 142 167
130: 81 141 168
131: 72 134 163
132: 71 133 162
133: 76 132 164
134: 75 131 164
135: 74 136 163
136: 73 135 162
137: 84 128 155
138: 83 127 154
139: 88 126 152
140: 87 125 153
141: 86 130 151
142: 85 129 150
143: 60 118 121
144: 59 117 122
145: 64 114 124
146: 63 113 123
147: 62 116 120
148: 61 115 119
149: 89 90 91
150: 96 142 151
151: 95 141 150
152: 100 139 154
153: 99 140 155
154: 98 138 152
155: 97 137 153
156: 94 107 108
157: 93 109 111
158: 92 110 112
159: 120 124 162
160: 119 123 163
161: 121 122 164
162: 132 136 159
163: 131 135 160
164: 133 134 161
165: 113 116 117
166: 114 115 118
167: 126 128 129
168: 125 127 130
