1: 2 3 4
2: 1 5 8
3: 1 7 10
4: 1 6 9
5: 2 11 14
6: 4 12 15
7: 3 13 16
8: 2 12 17
9: 4 13 19
10: 3 11 18
11: 5 10 22
12: 6 8 20
13: 7 9 21
14: 5 178 184
15: 6 179 186
16: 7 180 185
17: 8 181 184
18: 10 182 185
19: 9 183 186
20: 12 25 28
21: 13 23 26
22: 11 24 27
23: 21 46 180
24: 22 44 178
25: 20 45 179
26: 21 49 183
27: 22 47 182
28: 20 48 181
29: 38 41 184
30: 39 43 186
31: 40 42 185
32: 40 51 182
33: 39 50 183
34: 38 52 181
35: 43 55 179
36: 42 53 180
37: 41 54 178
38: 29 34 58
39: 30 33 56
40: 31 32 57
41: 29 37 61
42: 31 36 59
43: 30 35 60
44: 24 171 174
45: 25 169 172
46: 23 170 173
47: 27 171 177
48: 28 169 175
49: 26 170 176
50: 33 165 176
51: 32 163 177
52: 34 164 175
53: 36 168 173
54: 37 166 174
55: 35 167 172
56: 39 64 85
57: 40 62 83
58: 38 63 84
59: 42 67 83
60: 43 65 85
61: 41 66 84
62: 57 109 163
63: 58 107 164
64: 56 108 165
65: 60 103 167
66: 61 101 166
67: 59 102 168
68: 94 97 170
69: 92 95 171
70: 93 96 169
71: 91 97 176
72: 89 95 177
73: 90 96 175
74: 88 94 173
75: 86 92 174
76: 87 93 172
77: 90 105 164
78: 91 106 165
79: 89 104 163
80: 87 98 167
81: 88 100 168
82: 86 99 166
83: 57 59 112
84: 58 61 110
85: 56 60 111
86: 75 82 142
87: 76 80 140
88: 74 81 141
89: 72 79 130
90: 73 77 128
91: 71 78 129
92: 69 75 127
93: 70 76 125
94: 68 74 126
95: 69 72 139
96: 70 73 137
97: 68 71 138
98: 80 156 161
99: 82 154 162
100: 81 155 160
101: 66 153 162
102: 67 151 160
103: 65 152 161
104: 79 149 158
105: 77 150 159
106: 78 148 157
107: 63 147 159
108: 64 145 157
109: 62 146 158
110: 84 147 153
111: 85 145 152
112: 83 146 151
113: 144 154 161
114: 144 155 162
115: 144 156 160
116: 141 153 155
117: 142 152 154
118: 140 151 156
119: 129 143 148
120: 130 143 149
121: 128 143 150
122: 126 141 147
123: 127 142 145
124: 125 140 146
125: 93 124 133
126: 94 122 131
127: 92 123 132
128: 90 121 136
129: 91 119 134
130: 89 120 135
131: 126 138 159
132: 127 139 157
133: 125 137 158
134: 129 138 150
135: 130 139 148
136: 128 137 149
137: 96 133 136
138: 97 131 134
139: 95 132 135
140: 87 118 124
141: 88 116 122
142: 86 117 123
143: 119 120 121
144: 113 114 115
145: 108 111 123
146: 109 112 124
147: 107 110 122
148: 106 119 135
149: 104 120 136
150: 105 121 134
151: 102 112 118
152: 103 111 117
153: 101 110 116
154: 99 113 117
155: 100 114 116
156: 98 115 118
157: 106 108 132
158: 104 109 133
159: 105 107 131
160: 100 102 115
161: 98 103 113
162: 99 101 114
163: 51 62 79
164: 52 63 77
165: 50 64 78
166: 54 66 82
167: 55 65 80
168: 53 67 81
169: 45 48 70
170: 46 49 68
171: 44 47 69
172: 45 55 76
173: 46 53 74
174: 44 54 75
175: 48 52 73
176: 49 50 71
177: 47 51 72
178: 14 24 37
179: 15 25 35
180: 16 23 36
181: 17 28 34
182: 18 27 32
183: 19 26 33
184: 14 17 29
185: 16 18 31
186: 15 19 30
