1: 2 12 62
2: 1 3 53
3: 2 4 14
4: 3 5 55
5: 4 6 16
6: 5 7 57
7: 6 8 18
8: 7 9 59
9: 8 10 20
10: 9 11 61
11: 10 12 22
12: 1 11 13
13: 12 14 24
14: 3 13 15
15: 14 16 26
16: 5 15 17
17: 16 18 28
18: 7 17 19
19: 18 20 30
20: 9 19 21
21: 20 22 32
22: 11 21 23
23: 22 24 34
24: 13 23 25
25: 24 26 36
26: 15 25 27
27: 26 28 38
28: 17 27 29
29: 28 30 40
30: 19 29 31
31: 30 32 42
32: 21 31 33
33: 32 34 44
34: 23 33 35
35: 34 36 46
36: 25 35 37
37: 36 38 48
38: 27 37 39
39: 38 40 50
40: 29 39 41
41: 40 42 52
42: 31 41 43
43: 42 44 54
44: 33 43 45
45: 44 46 56
46: 35 45 47
47: 46 48 58
48: 37 47 49
49: 48 50 60
50: 39 49 51
51: 50 52 62
52: 41 51 53
53: 2 52 54
54: 43 53 55
55: 4 54 56
56: 45 55 57
57: 6 56 58
58: 47 57 59
59: 8 58 60
60: 49 59 61
61: 10 60 62
62: 1 51 61
