1: 2 3 4
2: 1 5 8
3: 1 7 10
4: 1 6 9
5: 2 11 14
6: 4 12 15
7: 3 13 16
8: 2 12 17
9: 4 13 19
10: 3 11 18
11: 5 10 22
12: 6 8 20
13: 7 9 21
14: 5 198 204
15: 6 199 206
16: 7 200 205
17: 8 201 204
18: 10 202 205
19: 9 203 206
20: 12 25 28
21: 13 23 26
22: 11 24 27
23: 21 46 200
24: 22 44 198
25: 20 45 199
26: 21 49 203
27: 22 47 202
28: 20 48 201
29: 38 41 204
30: 39 43 205
31: 40 42 206
32: 40 52 199
33: 39 50 200
34: 38 51 198
35: 43 54 202
36: 42 53 203
37: 41 55 201
38: 29 34 58
39: 30 33 56
40: 31 32 57
41: 29 37 61
42: 31 36 59
43: 30 35 60
44: 24 191 194
45: 25 189 192
46: 23 190 193
47: 27 191 197
48: 28 189 195
49: 26 190 196
50: 33 185 193
51: 34 183 194
52: 32 184 192
53: 36 188 196
54: 35 186 197
55: 37 187 195
56: 39 64 85
57: 40 62 83
58: 38 63 84
59: 42 67 83
60: 43 65 85
61: 41 66 84
62: 57 109 184
63: 58 107 183
64: 56 108 185
65: 60 103 186
66: 61 101 187
67: 59 102 188
68: 91 97 190
69: 89 95 191
70: 90 96 189
71: 91 94 196
72: 89 92 197
73: 90 93 195
74: 88 97 193
75: 86 95 194
76: 87 96 192
77: 93 104 187
78: 94 105 188
79: 92 106 186
80: 87 98 184
81: 88 100 185
82: 86 99 183
83: 57 59 112
84: 58 61 110
85: 56 60 111
86: 75 82 142
87: 76 80 140
88: 74 81 141
89: 69 72 121
90: 70 73 119
91: 68 71 120
92: 72 79 130
93: 73 77 128
94: 71 78 129
95: 69 75 133
96: 70 76 131
97: 68 74 132
98: 80 176 178
99: 82 174 179
100: 81 175 177
101: 66 173 182
102: 67 171 180
103: 65 172 181
104: 77 169 182
105: 78 170 180
106: 79 168 181
107: 63 167 179
108: 64 165 177
109: 62 166 178
110: 84 167 173
111: 85 165 172
112: 83 166 171
113: 164 172 176
114: 162 173 175
115: 163 171 174
116: 141 175 182
117: 142 174 180
118: 140 176 181
119: 90 158 161
120: 91 156 159
121: 89 157 160
122: 155 164 178
123: 153 163 179
124: 154 162 177
125: 155 163 166
126: 153 162 167
127: 154 164 165
128: 93 136 161
129: 94 134 159
130: 92 135 160
131: 96 139 158
132: 97 137 156
133: 95 138 157
134: 129 152 170
135: 130 150 168
136: 128 151 169
137: 132 141 169
138: 133 142 170
139: 131 140 168
140: 87 118 139
141: 88 116 137
142: 86 117 138
143: 153 154 155
144: 148 149 160
145: 147 149 161
146: 147 148 159
147: 145 146 151
148: 144 146 152
149: 144 145 150
150: 135 149 158
151: 136 147 156
152: 134 148 157
153: 123 126 143
154: 124 127 143
155: 122 125 143
156: 120 132 151
157: 121 133 152
158: 119 131 150
159: 120 129 146
160: 121 130 144
161: 119 128 145
162: 114 124 126
163: 115 123 125
164: 113 122 127
165: 108 111 127
166: 109 112 125
167: 107 110 126
168: 106 135 139
169: 104 136 137
170: 105 134 138
171: 102 112 115
172: 103 111 113
173: 101 110 114
174: 99 115 117
175: 100 114 116
176: 98 113 118
177: 100 108 124
178: 98 109 122
179: 99 107 123
180: 102 105 117
181: 103 106 118
182: 101 104 116
183: 51 63 82
184: 52 62 80
185: 50 64 81
186: 54 65 79
187: 55 66 77
188: 53 67 78
189: 45 48 70
190: 46 49 68
191: 44 47 69
192: 45 52 76
193: 46 50 74
194: 44 51 75
195: 48 55 73
196: 49 53 71
197: 47 54 72
198: 14 24 34
199: 15 25 32
200: 16 23 33
201: 17 28 37
202: 18 27 35
203: 19 26 36
204: 14 17 29
205: 16 18 30
206: 15 19 31
