1: 2 3 4
2: 1 5 6
3: 1 7 9
4: 1 8 10
5: 2 12 17
6: 2 11 18
7: 3 14 22
8: 4 13 21
9: 3 16 20
10: 4 15 19
11: 6 24 29
12: 5 23 30
13: 8 26 32
14: 7 25 31
15: 10 28 34
16: 9 27 33
17: 5 36 42
18: 6 35 41
19: 10 38 46
20: 9 37 45
21: 8 40 44
22: 7 39 43
23: 12 48 81
24: 11 47 80
25: 14 49 83
26: 13 49 82
27: 16 48 85
28: 15 47 84
29: 11 69 87
30: 12 68 86
31: 14 71 91
32: 13 70 90
33: 16 73 89
34: 15 72 88
35: 18 51 63
36: 17 50 62
37: 20 53 65
38: 19 52 64
39: 22 55 67
40: 21 54 66
41: 18 56 75
42: 17 57 74
43: 22 59 77
44: 21 58 76
45: 20 61 79
46: 19 60 78
47: 24 28 150
48: 23 27 149
49: 25 26 148
50: 36 244 250
51: 35 243 249
52: 38 248 250
53: 37 247 249
54: 40 246 249
55: 39 245 250
56: 41 211 240
57: 42 210 240
58: 44 213 242
59: 43 212 241
60: 46 215 242
61: 45 214 241
62: 36 217 235
63: 35 216 234
64: 38 219 239
65: 37 218 238
66: 40 221 237
67: 39 220 236
68: 30 205 246
69: 29 204 245
70: 32 207 244
71: 31 206 243
72: 34 209 247
73: 33 208 248
74: 42 199 237
75: 41 198 236
76: 44 201 235
77: 43 200 234
78: 46 203 238
79: 45 202 239
80: 24 193 229
81: 23 192 228
82: 26 195 231
83: 25 194 230
84: 28 197 233
85: 27 196 232
86: 30 187 222
87: 29 186 223
88: 34 189 225
89: 33 188 224
90: 32 191 227
91: 31 190 226
92: 240 241 242
93: 187 204 239
94: 186 205 238
95: 191 209 234
96: 190 208 235
97: 189 207 236
98: 188 206 237
99: 198 201 202
100: 199 200 203
101: 193 195 196
102: 192 194 197
103: 181 211 225
104: 180 210 224
105: 185 215 223
106: 184 214 222
107: 183 213 226
108: 182 212 227
109: 183 199 233
110: 182 198 232
111: 180 201 229
112: 181 200 228
113: 184 203 230
114: 185 202 231
115: 177 193 207
116: 177 192 206
117: 179 197 205
118: 178 196 204
119: 179 195 208
120: 178 194 209
121: 176 187 191
122: 175 186 190
123: 174 188 189
124: 169 229 246
125: 168 228 245
126: 173 233 244
127: 172 232 243
128: 171 231 247
129: 170 230 248
130: 148 217 222
131: 148 216 223
132: 150 218 224
133: 149 219 225
134: 150 220 226
135: 149 221 227
136: 169 176 211
137: 168 175 210
138: 173 176 215
139: 172 175 214
140: 171 174 213
141: 170 174 212
142: 163 183 216
143: 162 182 217
144: 165 180 219
145: 164 181 218
146: 167 184 221
147: 166 185 220
148: 49 130 131
149: 48 133 135
150: 47 132 134
151: 162 163 177
152: 165 167 179
153: 164 166 178
154: 161 163 169
155: 160 162 168
156: 160 165 173
157: 161 164 172
158: 161 167 171
159: 160 166 170
160: 155 156 159
161: 154 157 158
162: 143 151 155
163: 142 151 154
164: 145 153 157
165: 144 152 156
166: 147 153 159
167: 146 152 158
168: 125 137 155
169: 124 136 154
170: 129 141 159
171: 128 140 158
172: 127 139 157
173: 126 138 156
174: 123 140 141
175: 122 137 139
176: 121 136 138
177: 115 116 151
178: 118 120 153
179: 117 119 152
180: 104 111 144
181: 103 112 145
182: 108 110 143
183: 107 109 142
184: 106 113 146
185: 105 114 147
186: 87 94 122
187: 86 93 121
188: 89 98 123
189: 88 97 123
190: 91 96 122
191: 90 95 121
192: 81 102 116
193: 80 101 115
194: 83 102 120
195: 82 101 119
196: 85 101 118
197: 84 102 117
198: 75 99 110
199: 74 100 109
200: 77 100 112
201: 76 99 111
202: 79 99 114
203: 78 100 113
204: 69 93 118
205: 68 94 117
206: 71 98 116
207: 70 97 115
208: 73 96 119
209: 72 95 120
210: 57 104 137
211: 56 103 136
212: 59 108 141
213: 58 107 140
214: 61 106 139
215: 60 105 138
216: 63 131 142
217: 62 130 143
218: 65 132 145
219: 64 133 144
220: 67 134 147
221: 66 135 146
222: 86 106 130
223: 87 105 131
224: 89 104 132
225: 88 103 133
226: 91 107 134
227: 90 108 135
228: 81 112 125
229: 80 111 124
230: 83 113 129
231: 82 114 128
232: 85 110 127
233: 84 109 126
234: 63 77 95
235: 62 76 96
236: 67 75 97
237: 66 74 98
238: 65 78 94
239: 64 79 93
240: 56 57 92
241: 59 61 92
242: 58 60 92
243: 51 71 127
244: 50 70 126
245: 55 69 125
246: 54 68 124
247: 53 72 128
248: 52 73 129
249: 51 53 54
250: 50 52 55
