1: 2 3 4
2: 1 5 6
3: 1 7 9
4: 1 8 10
5: 2 12 18
6: 2 11 17
7: 3 14 20
8: 4 13 19
9: 3 16 22
10: 4 15 21
11: 6 24 39
12: 5 23 38
13: 8 25 41
14: 7 25 40
15: 10 24 43
16: 9 23 42
17: 6 27 33
18: 5 26 32
19: 8 29 37
20: 7 28 36
21: 10 31 35
22: 9 30 34
23: 12 16 74
24: 11 15 73
25: 13 14 72
26: 18 99 105
27: 17 98 104
28: 20 101 107
29: 19 100 106
30: 22 103 109
31: 21 102 108
32: 18 93 110
33: 17 92 110
34: 22 95 112
35: 21 94 111
36: 20 97 112
37: 19 96 111
38: 12 81 87
39: 11 80 86
40: 14 83 89
41: 13 82 88
42: 16 85 91
43: 15 84 90
44: 110 111 112
45: 81 89 94
46: 80 88 95
47: 85 86 96
48: 84 87 97
49: 83 90 93
50: 82 91 92
51: 75 99 103
52: 75 98 102
53: 75 100 101
54: 76 105 109
55: 76 104 108
56: 76 106 107
57: 78 87 107
58: 77 86 106
59: 79 91 104
60: 79 90 105
61: 77 89 108
62: 78 88 109
63: 77 93 95
64: 78 92 94
65: 79 96 97
66: 72 81 99
67: 72 80 98
68: 74 82 100
69: 73 83 101
70: 74 84 102
71: 73 85 103
72: 25 66 67
73: 24 69 71
74: 23 68 70
75: 51 52 53
76: 54 55 56
77: 58 61 63
78: 57 62 64
79: 59 60 65
80: 39 46 67
81: 38 45 66
82: 41 50 68
83: 40 49 69
84: 43 48 70
85: 42 47 71
86: 39 47 58
87: 38 48 57
88: 41 46 62
89: 40 45 61
90: 43 49 60
91: 42 50 59
92: 33 50 64
93: 32 49 63
94: 35 45 64
95: 34 46 63
96: 37 47 65
97: 36 48 65
98: 27 52 67
99: 26 51 66
100: 29 53 68
101: 28 53 69
102: 31 52 70
103: 30 51 71
104: 27 55 59
105: 26 54 60
106: 29 56 58
107: 28 56 57
108: 31 55 61
109: 30 54 62
110: 32 33 44
111: 35 37 44
112: 34 36 44
