1: 2 3 4
2: 1 5 6
3: 1 7 8
4: 1 9 10
5: 2 11 12
6: 2 13 14
7: 3 15 16
8: 3 17 18
9: 4 19 20
10: 4 21 22
11: 5 23 25
12: 5 24 26
13: 6 28 30
14: 6 27 29
15: 7 32 36
16: 7 31 35
17: 8 34 38
18: 8 33 37
19: 9 40 46
20: 9 39 45
21: 10 42 44
22: 10 41 43
23: 11 48 58
24: 12 47 57
25: 11 50 56
26: 12 49 55
27: 14 52 61
28: 13 51 62
29: 14 54 59
30: 13 53 60
31: 16 64 83
32: 15 63 84
33: 18 66 85
34: 17 65 86
35: 16 68 80
36: 15 67 79
37: 18 70 82
38: 17 69 81
39: 20 72 93
40: 19 71 94
41: 22 74 91
42: 21 73 92
43: 22 76 90
44: 21 75 89
45: 20 78 88
46: 19 77 87
47: 24 96 128
48: 23 95 127
49: 26 98 130
50: 25 97 129
51: 28 100 132
52: 27 99 131
53: 30 102 134
54: 29 101 133
55: 26 104 120
56: 25 103 119
57: 24 106 122
58: 23 105 121
59: 29 108 124
60: 30 107 123
61: 27 110 126
62: 28 109 125
63: 32 96 152
64: 31 95 151
65: 34 98 154
66: 33 97 153
67: 36 100 156
68: 35 99 155
69: 38 102 158
70: 37 101 157
71: 40 104 160
72: 39 103 159
73: 42 106 162
74: 41 105 161
75: 44 108 164
76: 43 107 163
77: 46 110 166
78: 45 109 165
79: 36 112 136
80: 35 111 135
81: 38 114 138
82: 37 113 137
83: 31 116 140
84: 32 115 139
85: 33 118 142
86: 34 117 141
87: 46 112 144
88: 45 111 143
89: 44 114 146
90: 43 113 145
91: 41 115 148
92: 42 116 147
93: 39 117 150
94: 40 118 149
95: 48 64 180
96: 47 63 179
97: 50 66 182
98: 49 65 181
99: 52 68 184
100: 51 67 183
101: 54 70 186
102: 53 69 185
103: 56 72 190
104: 55 71 189
105: 58 74 188
106: 57 73 187
107: 60 76 194
108: 59 75 193
109: 62 78 192
110: 61 77 191
111: 80 88 199
112: 79 87 200
113: 82 90 201
114: 81 89 202
115: 84 91 196
116: 83 92 195
117: 86 93 198
118: 85 94 197
119: 56 136 212
120: 55 135 211
121: 58 138 214
122: 57 137 213
123: 60 140 212
124: 59 139 211
125: 62 142 214
126: 61 141 213
127: 48 144 216
128: 47 143 215
129: 50 146 218
130: 49 145 217
131: 52 148 218
132: 51 147 217
133: 54 150 216
134: 53 149 215
135: 80 120 220
136: 79 119 219
137: 82 122 219
138: 81 121 220
139: 84 124 222
140: 83 123 221
141: 86 126 221
142: 85 125 222
143: 88 128 224
144: 87 127 223
145: 90 130 223
146: 89 129 224
147: 92 132 226
148: 91 131 225
149: 94 134 225
150: 93 133 226
151: 64 160 228
152: 63 159 227
153: 66 162 230
154: 65 161 229
155: 68 163 230
156: 67 164 229
157: 70 165 228
158: 69 166 227
159: 72 152 232
160: 71 151 231
161: 74 154 234
162: 73 153 233
163: 76 155 232
164: 75 156 231
165: 78 157 234
166: 77 158 233
167: 168 218 228
168: 167 217 227
169: 170 216 230
170: 169 215 229
171: 172 214 232
172: 171 213 231
173: 174 212 234
174: 173 211 233
175: 176 220 226
176: 175 219 225
177: 178 221 224
178: 177 222 223
179: 96 186 204
180: 95 185 203
181: 98 184 206
182: 97 183 205
183: 100 182 208
184: 99 181 207
185: 102 180 210
186: 101 179 209
187: 106 192 203
188: 105 191 204
189: 104 194 205
190: 103 193 206
191: 110 188 208
192: 109 187 207
193: 108 190 210
194: 107 189 209
195: 116 197 204
196: 115 198 203
197: 118 195 206
198: 117 196 205
199: 111 201 208
200: 112 202 207
201: 113 199 210
202: 114 200 209
203: 180 187 196
204: 179 188 195
205: 182 189 198
206: 181 190 197
207: 184 192 200
208: 183 191 199
209: 186 194 202
210: 185 193 201
211: 120 124 174
212: 119 123 173
213: 122 126 172
214: 121 125 171
215: 128 134 170
216: 127 133 169
217: 130 132 168
218: 129 131 167
219: 136 137 176
220: 135 138 175
221: 140 141 177
222: 139 142 178
223: 144 145 178
224: 143 146 177
225: 148 149 176
226: 147 150 175
227: 152 158 168
228: 151 157 167
229: 154 156 170
230: 153 155 169
231: 160 164 172
232: 159 163 171
233: 162 166 174
234: 161 165 173
