1: 2 3 4
2: 1 5 6
3: 1 7 8
4: 1 9 10
5: 2 11 13
6: 2 12 14
7: 3 16 20
8: 3 15 19
9: 4 18 22
10: 4 17 21
11: 5 24 30
12: 6 23 29
13: 5 26 32
14: 6 25 31
15: 8 24 34
16: 7 23 33
17: 10 26 36
18: 9 25 35
19: 8 28 38
20: 7 27 37
21: 10 27 40
22: 9 28 39
23: 12 16 66
24: 11 15 65
25: 14 18 68
26: 13 17 67
27: 20 21 70
28: 19 22 69
29: 12 96 108
30: 11 95 107
31: 14 98 107
32: 13 97 108
33: 16 100 110
34: 15 99 109
35: 18 102 112
36: 17 101 111
37: 20 104 109
38: 19 103 110
39: 22 106 111
40: 21 105 112
41: 72 96 100
42: 71 95 99
43: 71 98 102
44: 72 97 101
45: 72 103 106
46: 71 104 105
47: 84 86 108
48: 83 85 107
49: 88 92 110
50: 87 91 109
51: 90 94 112
52: 89 93 111
53: 66 88 98
54: 65 87 97
55: 68 90 96
56: 67 89 95
57: 66 84 104
58: 65 83 103
59: 68 85 106
60: 67 86 105
61: 70 94 100
62: 69 93 99
63: 69 92 102
64: 70 91 101
65: 24 54 58
66: 23 53 57
67: 26 56 60
68: 25 55 59
69: 28 62 63
70: 27 61 64
71: 42 43 46
72: 41 44 45
73: 80 92 94
74: 80 91 93
75: 81 84 87
76: 81 83 88
77: 82 86 90
78: 82 85 89
79: 80 81 82
80: 73 74 79
81: 75 76 79
82: 77 78 79
83: 48 58 76
84: 47 57 75
85: 48 59 78
86: 47 60 77
87: 50 54 75
88: 49 53 76
89: 52 56 78
90: 51 55 77
91: 50 64 74
92: 49 63 73
93: 52 62 74
94: 51 61 73
95: 30 42 56
96: 29 41 55
97: 32 44 54
98: 31 43 53
99: 34 42 62
100: 33 41 61
101: 36 44 64
102: 35 43 63
103: 38 45 58
104: 37 46 57
105: 40 46 60
106: 39 45 59
107: 30 31 48
108: 29 32 47
109: 34 37 50
110: 33 38 49
111: 36 39 52
112: 35 40 51
