1: 2 3 4
2: 1 5 6
3: 1 7 9
4: 1 8 10
5: 2 12 18
6: 2 11 17
7: 3 14 22
8: 4 13 21
9: 3 16 20
10: 4 15 19
11: 6 23 36
12: 5 24 35
13: 8 26 40
14: 7 25 39
15: 10 28 38
16: 9 27 37
17: 6 30 41
18: 5 29 42
19: 10 32 44
20: 9 31 43
21: 8 34 46
22: 7 33 45
23: 11 38 54
24: 12 37 53
25: 14 36 58
26: 13 35 57
27: 16 40 56
28: 15 39 55
29: 18 32 48
30: 17 31 47
31: 20 30 50
32: 19 29 49
33: 22 34 52
34: 21 33 51
35: 12 26 66
36: 11 25 65
37: 16 24 70
38: 15 23 69
39: 14 28 68
40: 13 27 67
41: 17 60 72
42: 18 59 71
43: 20 62 74
44: 19 61 73
45: 22 64 76
46: 21 63 75
47: 30 53 113
48: 29 54 114
49: 32 57 118
50: 31 58 117
51: 34 55 116
52: 33 56 115
53: 24 47 84
54: 23 48 83
55: 28 51 88
56: 27 52 87
57: 26 49 86
58: 25 50 85
59: 42 60 77
60: 41 59 78
61: 44 63 80
62: 43 64 79
63: 46 61 82
64: 45 62 81
65: 36 90 102
66: 35 89 101
67: 40 94 106
68: 39 93 105
69: 38 92 104
70: 37 91 103
71: 42 96 108
72: 41 95 107
73: 44 100 110
74: 43 99 109
75: 46 98 112
76: 45 97 111
77: 59 84 134
78: 60 83 133
79: 62 87 136
80: 61 88 135
81: 64 85 138
82: 63 86 137
83: 54 78 152
84: 53 77 151
85: 58 81 156
86: 57 82 155
87: 56 79 154
88: 55 80 153
89: 66 96 158
90: 65 95 157
91: 70 99 162
92: 69 100 161
93: 68 97 160
94: 67 98 159
95: 72 90 122
96: 71 89 121
97: 76 93 126
98: 75 94 125
99: 74 91 124
100: 73 92 123
101: 66 120 128
102: 65 119 127
103: 70 120 132
104: 69 119 131
105: 68 119 130
106: 67 120 129
107: 72 146 164
108: 71 145 163
109: 74 150 168
110: 73 149 167
111: 76 148 166
112: 75 147 165
113: 47 124 140
114: 48 123 139
115: 52 125 144
116: 51 126 143
117: 50 122 142
118: 49 121 141
119: 102 104 105
120: 101 103 106
121: 96 118 236
122: 95 117 235
123: 100 114 240
124: 99 113 239
125: 98 115 238
126: 97 116 237
127: 102 203 221
128: 101 202 220
129: 106 207 225
130: 105 206 224
131: 104 205 223
132: 103 204 222
133: 78 197 227
134: 77 196 226
135: 80 199 231
136: 79 198 230
137: 82 201 229
138: 81 200 228
139: 114 145 234
140: 113 146 233
141: 118 149 234
142: 117 150 233
143: 116 147 232
144: 115 148 232
145: 108 139 227
146: 107 140 226
147: 112 143 231
148: 111 144 230
149: 110 141 229
150: 109 142 228
151: 84 158 222
152: 83 157 223
153: 88 161 224
154: 87 162 225
155: 86 159 220
156: 85 160 221
157: 90 152 215
158: 89 151 214
159: 94 155 219
160: 93 156 218
161: 92 153 217
162: 91 154 216
163: 108 166 209
164: 107 165 208
165: 112 164 211
166: 111 163 210
167: 110 168 213
168: 109 167 212
169: 208 215 238
170: 209 214 237
171: 213 217 239
172: 212 216 240
173: 211 219 235
174: 210 218 236
175: 196 197 232
176: 199 201 233
177: 198 200 234
178: 193 221 235
179: 193 220 236
180: 195 225 238
181: 194 224 237
182: 195 223 240
183: 194 222 239
184: 194 226 231
185: 195 227 230
186: 193 228 229
187: 190 215 219
188: 191 214 218
189: 192 216 217
190: 187 203 207
191: 188 202 206
192: 189 204 205
193: 178 179 186
194: 181 183 184
195: 180 182 185
196: 134 175 209
197: 133 175 208
198: 136 177 212
199: 135 176 213
200: 138 177 210
201: 137 176 211
202: 128 191 203
203: 127 190 202
204: 132 192 206
205: 131 192 207
206: 130 191 204
207: 129 190 205
208: 164 169 197
209: 163 170 196
210: 166 174 200
211: 165 173 201
212: 168 172 198
213: 167 171 199
214: 158 170 188
215: 157 169 187
216: 162 172 189
217: 161 171 189
218: 160 174 188
219: 159 173 187
220: 128 155 179
221: 127 156 178
222: 132 151 183
223: 131 152 182
224: 130 153 181
225: 129 154 180
226: 134 146 184
227: 133 145 185
228: 138 150 186
229: 137 149 186
230: 136 148 185
231: 135 147 184
232: 143 144 175
233: 140 142 176
234: 139 141 177
235: 122 173 178
236: 121 174 179
237: 126 170 181
238: 125 169 180
239: 124 171 183
240: 123 172 182
