1: 2 3 4
2: 1 5 8
3: 1 7 10
4: 1 6 9
5: 2 11 14
6: 4 12 15
7: 3 13 16
8: 2 12 17
9: 4 13 19
10: 3 11 18
11: 5 10 22
12: 6 8 20
13: 7 9 21
14: 5 160 166
15: 6 161 168
16: 7 162 167
17: 8 163 166
18: 10 164 167
19: 9 165 168
20: 12 25 28
21: 13 23 26
22: 11 24 27
23: 21 46 162
24: 22 44 160
25: 20 45 161
26: 21 49 165
27: 22 47 164
28: 20 48 163
29: 38 41 166
30: 39 43 168
31: 40 42 167
32: 40 51 164
33: 39 50 165
34: 38 52 163
35: 43 55 161
36: 42 53 162
37: 41 54 160
38: 29 34 58
39: 30 33 56
40: 31 32 57
41: 29 37 61
42: 31 36 59
43: 30 35 60
44: 24 153 156
45: 25 151 154
46: 23 152 155
47: 27 153 159
48: 28 151 157
49: 26 152 158
50: 33 147 158
51: 32 145 159
52: 34 146 157
53: 36 150 155
54: 37 148 156
55: 35 149 154
56: 39 64 91
57: 40 62 89
58: 38 63 90
59: 42 67 89
60: 43 65 91
61: 41 66 90
62: 57 106 145
63: 58 104 146
64: 56 105 147
65: 60 103 149
66: 61 101 148
67: 59 102 150
68: 94 97 155
69: 92 95 156
70: 93 96 154
71: 85 88 158
72: 83 86 159
73: 84 87 157
74: 88 97 152
75: 86 95 153
76: 87 96 151
77: 84 100 146
78: 85 99 147
79: 83 98 145
80: 93 108 149
81: 94 109 150
82: 92 107 148
83: 72 79 138
84: 73 77 136
85: 71 78 137
86: 72 75 132
87: 73 76 130
88: 71 74 131
89: 57 59 112
90: 58 61 110
91: 56 60 111
92: 69 82 121
93: 70 80 119
94: 68 81 120
95: 69 75 118
96: 70 76 116
97: 68 74 117
98: 79 140 143
99: 78 141 142
100: 77 139 144
101: 66 137 141
102: 67 136 139
103: 65 138 140
104: 63 135 144
105: 64 133 142
106: 62 134 143
107: 82 131 137
108: 80 132 138
109: 81 130 136
110: 90 135 141
111: 91 133 140
112: 89 134 139
113: 129 134 144
114: 129 135 142
115: 129 133 143
116: 96 124 128
117: 97 122 126
118: 95 123 127
119: 93 123 128
120: 94 124 126
121: 92 122 127
122: 117 121 131
123: 118 119 132
124: 116 120 130
125: 126 127 128
126: 117 120 125
127: 118 121 125
128: 116 119 125
129: 113 114 115
130: 87 109 124
131: 88 107 122
132: 86 108 123
133: 105 111 115
134: 106 112 113
135: 104 110 114
136: 84 102 109
137: 85 101 107
138: 83 103 108
139: 100 102 112
140: 98 103 111
141: 99 101 110
142: 99 105 114
143: 98 106 115
144: 100 104 113
145: 51 62 79
146: 52 63 77
147: 50 64 78
148: 54 66 82
149: 55 65 80
150: 53 67 81
151: 45 48 76
152: 46 49 74
153: 44 47 75
154: 45 55 70
155: 46 53 68
156: 44 54 69
157: 48 52 73
158: 49 50 71
159: 47 51 72
160: 14 24 37
161: 15 25 35
162: 16 23 36
163: 17 28 34
164: 18 27 32
165: 19 26 33
166: 14 17 29
167: 16 18 31
168: 15 19 30
