1: 2 3 4
2: 1 5 6
3: 1 7 9
4: 1 8 10
5: 2 12 18
6: 2 11 17
7: 3 14 22
8: 4 13 21
9: 3 16 20
10: 4 15 19
11: 6 23 36
12: 5 24 35
13: 8 28 38
14: 7 27 37
15: 10 26 40
16: 9 25 39
17: 6 30 42
18: 5 29 41
19: 10 32 44
20: 9 31 43
21: 8 34 46
22: 7 33 45
23: 11 59 64
24: 12 58 65
25: 16 61 67
26: 15 60 66
27: 14 63 69
28: 13 62 68
29: 18 48 50
30: 17 47 49
31: 20 48 54
32: 19 47 53
33: 22 47 52
34: 21 48 51
35: 12 52 71
36: 11 51 70
37: 14 50 73
38: 13 49 72
39: 16 53 75
40: 15 54 74
41: 18 56 77
42: 17 55 76
43: 20 57 81
44: 19 57 80
45: 22 56 79
46: 21 55 78
47: 30 32 33
48: 29 31 34
49: 30 38 236
50: 29 37 235
51: 34 36 240
52: 33 35 239
53: 32 39 238
54: 31 40 237
55: 42 46 234
56: 41 45 233
57: 43 44 232
58: 24 212 240
59: 23 211 239
60: 26 214 236
61: 25 213 235
62: 28 216 237
63: 27 215 238
64: 23 218 227
65: 24 217 226
66: 26 220 231
67: 25 219 230
68: 28 222 229
69: 27 221 228
70: 36 200 223
71: 35 199 223
72: 38 202 225
73: 37 201 224
74: 40 204 225
75: 39 203 224
76: 42 206 229
77: 41 205 228
78: 46 208 227
79: 45 207 226
80: 44 210 230
81: 43 209 231
82: 176 211 234
83: 175 212 233
84: 180 214 232
85: 179 213 232
86: 178 216 234
87: 177 215 233
88: 170 200 208
89: 169 199 207
90: 174 202 206
91: 173 201 205
92: 172 204 209
93: 171 203 210
94: 128 205 240
95: 127 206 239
96: 127 210 236
97: 128 209 235
98: 128 208 237
99: 127 207 238
100: 153 200 217
101: 152 199 218
102: 155 202 220
103: 154 201 219
104: 157 204 222
105: 156 203 221
106: 193 194 223
107: 196 198 225
108: 195 197 224
109: 188 194 227
110: 187 193 226
111: 192 198 231
112: 191 197 230
113: 190 196 229
114: 189 195 228
115: 178 182 218
116: 177 181 217
117: 176 184 222
118: 175 183 221
119: 179 186 220
120: 180 185 219
121: 170 189 212
122: 169 190 211
123: 174 191 214
124: 173 192 213
125: 172 188 216
126: 171 187 215
127: 95 96 99
128: 94 97 98
129: 170 172 173
130: 169 171 174
131: 168 182 184
132: 168 181 183
133: 168 185 186
134: 163 181 194
135: 162 182 193
136: 167 184 198
137: 166 183 197
138: 165 186 196
139: 164 185 195
140: 152 165 176
141: 153 164 175
142: 155 166 180
143: 154 167 179
144: 157 163 178
145: 156 162 177
146: 153 161 188
147: 152 160 187
148: 157 161 192
149: 156 160 191
150: 155 160 190
151: 154 161 189
152: 101 140 147
153: 100 141 146
154: 103 143 151
155: 102 142 150
156: 105 145 149
157: 104 144 148
158: 163 164 167
159: 162 165 166
160: 147 149 150
161: 146 148 151
162: 135 145 159
163: 134 144 158
164: 139 141 158
165: 138 140 159
166: 137 142 159
167: 136 143 158
168: 131 132 133
169: 89 122 130
170: 88 121 129
171: 93 126 130
172: 92 125 129
173: 91 124 129
174: 90 123 130
175: 83 118 141
176: 82 117 140
177: 87 116 145
178: 86 115 144
179: 85 119 143
180: 84 120 142
181: 116 132 134
182: 115 131 135
183: 118 132 137
184: 117 131 136
185: 120 133 139
186: 119 133 138
187: 110 126 147
188: 109 125 146
189: 114 121 151
190: 113 122 150
191: 112 123 149
192: 111 124 148
193: 106 110 135
194: 106 109 134
195: 108 114 139
196: 107 113 138
197: 108 112 137
198: 107 111 136
199: 71 89 101
200: 70 88 100
201: 73 91 103
202: 72 90 102
203: 75 93 105
204: 74 92 104
205: 77 91 94
206: 76 90 95
207: 79 89 99
208: 78 88 98
209: 81 92 97
210: 80 93 96
211: 59 82 122
212: 58 83 121
213: 61 85 124
214: 60 84 123
215: 63 87 126
216: 62 86 125
217: 65 100 116
218: 64 101 115
219: 67 103 120
220: 66 102 119
221: 69 105 118
222: 68 104 117
223: 70 71 106
224: 73 75 108
225: 72 74 107
226: 65 79 110
227: 64 78 109
228: 69 77 114
229: 68 76 113
230: 67 80 112
231: 66 81 111
232: 57 84 85
233: 56 83 87
234: 55 82 86
235: 50 61 97
236: 49 60 96
237: 54 62 98
238: 53 63 99
239: 52 59 95
240: 51 58 94
