1: 2 3 4
2: 1 5 6
3: 1 7 9
4: 1 8 10
5: 2 12 17
6: 2 11 18
7: 3 14 22
8: 4 13 21
9: 3 16 20
10: 4 15 19
11: 6 24 30
12: 5 23 29
13: 8 26 34
14: 7 25 33
15: 10 28 32
16: 9 27 31
17: 5 36 41
18: 6 35 42
19: 10 38 46
20: 9 37 45
21: 8 40 44
22: 7 39 43
23: 12 48 62
24: 11 47 63
25: 14 49 67
26: 13 49 66
27: 16 48 65
28: 15 47 64
29: 12 81 86
30: 11 80 87
31: 16 83 91
32: 15 82 90
33: 14 85 89
34: 13 84 88
35: 18 51 69
36: 17 50 68
37: 20 53 73
38: 19 52 72
39: 22 55 71
40: 21 54 70
41: 17 57 74
42: 18 56 75
43: 22 59 79
44: 21 58 78
45: 20 61 77
46: 19 60 76
47: 24 28 142
48: 23 27 141
49: 25 26 140
50: 36 195 209
51: 35 194 210
52: 38 196 212
53: 37 196 211
54: 40 195 214
55: 39 194 213
56: 42 198 200
57: 41 197 200
58: 44 199 202
59: 43 199 201
60: 46 198 202
61: 45 197 201
62: 23 189 216
63: 24 188 215
64: 28 191 220
65: 27 190 219
66: 26 193 218
67: 25 192 217
68: 36 183 212
69: 35 182 211
70: 40 185 210
71: 39 184 209
72: 38 187 213
73: 37 186 214
74: 41 177 204
75: 42 176 203
76: 46 179 208
77: 45 178 207
78: 44 181 206
79: 43 180 205
80: 30 171 218
81: 29 170 217
82: 32 173 216
83: 31 172 215
84: 34 175 219
85: 33 174 220
86: 29 165 206
87: 30 164 205
88: 34 167 204
89: 33 166 203
90: 32 169 207
91: 31 168 208
92: 182 183 199
93: 185 187 197
94: 184 186 198
95: 165 173 193
96: 164 172 192
97: 167 171 189
98: 166 170 188
99: 169 174 190
100: 168 175 191
101: 164 169 195
102: 165 168 194
103: 166 167 196
104: 163 204 207
105: 163 203 208
106: 163 205 206
107: 158 189 214
108: 157 188 213
109: 162 193 209
110: 161 192 210
111: 160 191 211
112: 159 190 212
113: 152 182 218
114: 151 183 217
115: 156 187 216
116: 155 186 215
117: 154 185 219
118: 153 184 220
119: 146 157 177
120: 145 158 176
121: 150 162 179
122: 149 161 178
123: 148 160 181
124: 147 159 180
125: 148 154 170
126: 147 153 171
127: 146 151 175
128: 145 152 174
129: 149 155 173
130: 150 156 172
131: 147 148 200
132: 146 149 202
133: 145 150 201
134: 140 159 179
135: 140 160 178
136: 142 162 177
137: 141 161 176
138: 142 158 181
139: 141 157 180
140: 49 134 135
141: 48 137 139
142: 47 136 138
143: 152 154 155
144: 151 153 156
145: 120 128 133
146: 119 127 132
147: 124 126 131
148: 123 125 131
149: 122 129 132
150: 121 130 133
151: 114 127 144
152: 113 128 143
153: 118 126 144
154: 117 125 143
155: 116 129 143
156: 115 130 144
157: 108 119 139
158: 107 120 138
159: 112 124 134
160: 111 123 135
161: 110 122 137
162: 109 121 136
163: 104 105 106
164: 87 96 101
165: 86 95 102
166: 89 98 103
167: 88 97 103
168: 91 100 102
169: 90 99 101
170: 81 98 125
171: 80 97 126
172: 83 96 130
173: 82 95 129
174: 85 99 128
175: 84 100 127
176: 75 120 137
177: 74 119 136
178: 77 122 135
179: 76 121 134
180: 79 124 139
181: 78 123 138
182: 69 92 113
183: 68 92 114
184: 71 94 118
185: 70 93 117
186: 73 94 116
187: 72 93 115
188: 63 98 108
189: 62 97 107
190: 65 99 112
191: 64 100 111
192: 67 96 110
193: 66 95 109
194: 51 55 102
195: 50 54 101
196: 52 53 103
197: 57 61 93
198: 56 60 94
199: 58 59 92
200: 56 57 131
201: 59 61 133
202: 58 60 132
203: 75 89 105
204: 74 88 104
205: 79 87 106
206: 78 86 106
207: 77 90 104
208: 76 91 105
209: 50 71 109
210: 51 70 110
211: 53 69 111
212: 52 68 112
213: 55 72 108
214: 54 73 107
215: 63 83 116
216: 62 82 115
217: 67 81 114
218: 66 80 113
219: 65 84 117
220: 64 85 118
