1: 2 3 4
2: 1 5 8
3: 1 7 10
4: 1 6 9
5: 2 11 14
6: 4 12 15
7: 3 13 16
8: 2 12 17
9: 4 13 19
10: 3 11 18
11: 5 10 22
12: 6 8 20
13: 7 9 21
14: 5 240 246
15: 6 241 248
16: 7 242 247
17: 8 243 246
18: 10 244 247
19: 9 245 248
20: 12 25 28
21: 13 23 26
22: 11 24 27
23: 21 46 242
24: 22 44 240
25: 20 45 241
26: 21 49 245
27: 22 47 244
28: 20 48 243
29: 38 41 246
30: 39 43 247
31: 40 42 248
32: 40 52 241
33: 39 50 242
34: 38 51 240
35: 43 54 244
36: 42 53 245
37: 41 55 243
38: 29 34 58
39: 30 33 56
40: 31 32 57
41: 29 37 61
42: 31 36 59
43: 30 35 60
44: 24 233 236
45: 25 231 234
46: 23 232 235
47: 27 233 239
48: 28 231 237
49: 26 232 238
50: 33 227 235
51: 34 225 236
52: 32 226 234
53: 36 230 238
54: 35 228 239
55: 37 229 237
56: 39 64 85
57: 40 62 83
58: 38 63 84
59: 42 67 83
60: 43 65 85
61: 41 66 84
62: 57 106 226
63: 58 104 225
64: 56 105 227
65: 60 109 228
66: 61 107 229
67: 59 108 230
68: 88 94 235
69: 86 92 236
70: 87 93 234
71: 91 97 238
72: 89 95 239
73: 90 96 237
74: 88 91 232
75: 86 89 233
76: 87 90 231
77: 93 101 226
78: 94 103 227
79: 92 102 225
80: 96 98 229
81: 97 99 230
82: 95 100 228
83: 57 59 112
84: 58 61 110
85: 56 60 111
86: 69 75 121
87: 70 76 119
88: 68 74 120
89: 72 75 118
90: 73 76 116
91: 71 74 117
92: 69 79 145
93: 70 77 143
94: 68 78 144
95: 72 82 142
96: 73 80 140
97: 71 81 141
98: 80 214 221
99: 81 215 219
100: 82 213 220
101: 77 218 223
102: 79 216 224
103: 78 217 222
104: 63 209 224
105: 64 207 222
106: 62 208 223
107: 66 212 221
108: 67 210 219
109: 65 211 220
110: 84 209 212
111: 85 207 211
112: 83 208 210
113: 203 206 220
114: 201 204 221
115: 202 205 219
116: 90 194 200
117: 91 192 198
118: 89 193 199
119: 87 194 197
120: 88 192 195
121: 86 193 196
122: 187 201 217
123: 188 203 218
124: 186 202 216
125: 185 203 211
126: 183 201 212
127: 184 202 210
128: 188 191 223
129: 186 189 224
130: 187 190 222
131: 184 191 208
132: 183 189 209
133: 185 190 207
134: 179 204 214
135: 177 205 215
136: 178 206 213
137: 144 204 217
138: 145 205 216
139: 143 206 218
140: 96 148 200
141: 97 146 198
142: 95 147 199
143: 93 139 197
144: 94 137 195
145: 92 138 196
146: 141 182 215
147: 142 180 213
148: 140 181 214
149: 173 184 186
150: 171 185 188
151: 172 183 187
152: 157 179 181
153: 155 177 182
154: 156 178 180
155: 153 176 193
156: 154 174 194
157: 152 175 192
158: 171 172 190
159: 171 173 191
160: 172 173 189
161: 166 176 199
162: 164 174 200
163: 165 175 198
164: 162 170 181
165: 163 168 182
166: 161 169 180
167: 168 169 170
168: 165 167 176
169: 166 167 174
170: 164 167 175
171: 150 158 159
172: 151 158 160
173: 149 159 160
174: 156 162 169
175: 157 163 170
176: 155 161 168
177: 135 153 196
178: 136 154 197
179: 134 152 195
180: 147 154 166
181: 148 152 164
182: 146 153 165
183: 126 132 151
184: 127 131 149
185: 125 133 150
186: 124 129 149
187: 122 130 151
188: 123 128 150
189: 129 132 160
190: 130 133 158
191: 128 131 159
192: 117 120 157
193: 118 121 155
194: 116 119 156
195: 120 144 179
196: 121 145 177
197: 119 143 178
198: 117 141 163
199: 118 142 161
200: 116 140 162
201: 114 122 126
202: 115 124 127
203: 113 123 125
204: 114 134 137
205: 115 135 138
206: 113 136 139
207: 105 111 133
208: 106 112 131
209: 104 110 132
210: 108 112 127
211: 109 111 125
212: 107 110 126
213: 100 136 147
214: 98 134 148
215: 99 135 146
216: 102 124 138
217: 103 122 137
218: 101 123 139
219: 99 108 115
220: 100 109 113
221: 98 107 114
222: 103 105 130
223: 101 106 128
224: 102 104 129
225: 51 63 79
226: 52 62 77
227: 50 64 78
228: 54 65 82
229: 55 66 80
230: 53 67 81
231: 45 48 76
232: 46 49 74
233: 44 47 75
234: 45 52 70
235: 46 50 68
236: 44 51 69
237: 48 55 73
238: 49 53 71
239: 47 54 72
240: 14 24 34
241: 15 25 32
242: 16 23 33
243: 17 28 37
244: 18 27 35
245: 19 26 36
246: 14 17 29
247: 16 18 30
248: 15 19 31
