1: 2 3 4
2: 1 5 6
3: 1 7 9
4: 1 8 10
5: 2 12 15
6: 2 11 14
7: 3 13 19
8: 4 13 18
9: 3 12 17
10: 4 11 16
11: 6 10 22
12: 5 9 21
13: 7 8 20
14: 6 193 198
15: 5 192 198
16: 10 197 200
17: 9 196 199
18: 8 195 200
19: 7 194 199
20: 13 23 24
21: 12 26 28
22: 11 25 27
23: 20 45 195
24: 20 44 194
25: 22 47 193
26: 21 46 192
27: 22 49 197
28: 21 48 196
29: 38 39 198
30: 41 43 200
31: 40 42 199
32: 39 53 193
33: 38 52 192
34: 43 55 197
35: 42 54 196
36: 41 51 195
37: 40 50 194
38: 29 33 57
39: 29 32 56
40: 31 37 61
41: 30 36 60
42: 31 35 59
43: 30 34 58
44: 24 183 187
45: 23 183 186
46: 26 185 189
47: 25 184 188
48: 28 185 191
49: 27 184 190
50: 37 178 187
51: 36 177 186
52: 33 182 189
53: 32 181 188
54: 35 180 191
55: 34 179 190
56: 39 63 83
57: 38 62 83
58: 43 67 85
59: 42 66 84
60: 41 65 85
61: 40 64 84
62: 57 105 182
63: 56 104 181
64: 61 109 178
65: 60 108 177
66: 59 107 180
67: 58 106 179
68: 87 93 187
69: 86 92 186
70: 89 95 189
71: 88 94 188
72: 91 97 191
73: 90 96 190
74: 86 87 183
75: 89 91 185
76: 88 90 184
77: 93 102 178
78: 92 103 177
79: 95 101 182
80: 94 100 181
81: 97 99 180
82: 96 98 179
83: 56 57 110
84: 59 61 112
85: 58 60 111
86: 69 74 117
87: 68 74 116
88: 71 76 119
89: 70 75 118
90: 73 76 121
91: 72 75 120
92: 69 78 128
93: 68 77 129
94: 71 80 133
95: 70 79 132
96: 73 82 131
97: 72 81 130
98: 82 168 176
99: 81 168 175
100: 80 170 172
101: 79 169 171
102: 77 170 173
103: 78 169 174
104: 63 163 172
105: 62 162 171
106: 67 167 176
107: 66 166 175
108: 65 165 174
109: 64 164 173
110: 83 162 163
111: 85 165 167
112: 84 164 166
113: 159 175 176
114: 161 172 173
115: 160 171 174
116: 87 150 154
117: 86 150 153
118: 89 152 156
119: 88 151 155
120: 91 152 158
121: 90 151 157
122: 147 161 163
123: 147 160 162
124: 149 159 167
125: 148 159 166
126: 149 160 165
127: 148 161 164
128: 92 135 153
129: 93 134 154
130: 97 136 158
131: 96 136 157
132: 95 135 156
133: 94 134 155
134: 129 133 170
135: 128 132 169
136: 130 131 168
137: 147 148 149
138: 146 153 156
139: 145 154 155
140: 144 157 158
141: 145 146 150
142: 144 146 152
143: 144 145 151
144: 140 142 143
145: 139 141 143
146: 138 141 142
147: 122 123 137
148: 125 127 137
149: 124 126 137
150: 116 117 141
151: 119 121 143
152: 118 120 142
153: 117 128 138
154: 116 129 139
155: 119 133 139
156: 118 132 138
157: 121 131 140
158: 120 130 140
159: 113 124 125
160: 115 123 126
161: 114 122 127
162: 105 110 123
163: 104 110 122
164: 109 112 127
165: 108 111 126
166: 107 112 125
167: 106 111 124
168: 98 99 136
169: 101 103 135
170: 100 102 134
171: 101 105 115
172: 100 104 114
173: 102 109 114
174: 103 108 115
175: 99 107 113
176: 98 106 113
177: 51 65 78
178: 50 64 77
179: 55 67 82
180: 54 66 81
181: 53 63 80
182: 52 62 79
183: 44 45 74
184: 47 49 76
185: 46 48 75
186: 45 51 69
187: 44 50 68
188: 47 53 71
189: 46 52 70
190: 49 55 73
191: 48 54 72
192: 15 26 33
193: 14 25 32
194: 19 24 37
195: 18 23 36
196: 17 28 35
197: 16 27 34
198: 14 15 29
199: 17 19 31
200: 16 18 30
