1: 2 3 4
2: 1 5 8
3: 1 7 10
4: 1 6 9
5: 2 11 14
6: 4 12 15
7: 3 13 16
8: 2 12 17
9: 4 13 19
10: 3 11 18
11: 5 10 22
12: 6 8 20
13: 7 9 21
14: 5 216 222
15: 6 217 224
16: 7 218 223
17: 8 219 222
18: 10 220 223
19: 9 221 224
20: 12 25 28
21: 13 23 26
22: 11 24 27
23: 21 46 218
24: 22 44 216
25: 20 45 217
26: 21 49 221
27: 22 47 220
28: 20 48 219
29: 38 41 222
30: 39 43 223
31: 40 42 224
32: 40 52 217
33: 39 50 218
34: 38 51 216
35: 43 54 220
36: 42 53 221
37: 41 55 219
38: 29 34 58
39: 30 33 56
40: 31 32 57
41: 29 37 61
42: 31 36 59
43: 30 35 60
44: 24 209 212
45: 25 207 210
46: 23 208 211
47: 27 209 215
48: 28 207 213
49: 26 208 214
50: 33 203 211
51: 34 201 212
52: 32 202 210
53: 36 206 214
54: 35 204 215
55: 37 205 213
56: 39 64 85
57: 40 62 83
58: 38 63 84
59: 42 67 83
60: 43 65 85
61: 41 66 84
62: 57 106 202
63: 58 104 201
64: 56 105 203
65: 60 109 204
66: 61 107 205
67: 59 108 206
68: 88 94 211
69: 86 92 212
70: 87 93 210
71: 91 97 214
72: 89 95 215
73: 90 96 213
74: 88 91 208
75: 86 89 209
76: 87 90 207
77: 93 101 202
78: 94 103 203
79: 92 102 201
80: 96 98 205
81: 97 99 206
82: 95 100 204
83: 57 59 112
84: 58 61 110
85: 56 60 111
86: 69 75 130
87: 70 76 128
88: 68 74 129
89: 72 75 127
90: 73 76 125
91: 71 74 126
92: 69 79 145
93: 70 77 143
94: 68 78 144
95: 72 82 142
96: 73 80 140
97: 71 81 141
98: 80 190 197
99: 81 191 195
100: 82 189 196
101: 77 194 199
102: 79 192 200
103: 78 193 198
104: 63 185 200
105: 64 183 198
106: 62 184 199
107: 66 188 197
108: 67 186 195
109: 65 187 196
110: 84 185 188
111: 85 183 187
112: 83 184 186
113: 179 182 184
114: 177 180 185
115: 178 181 183
116: 170 179 199
117: 168 177 200
118: 169 178 198
119: 169 177 193
120: 170 178 194
121: 168 179 192
122: 160 181 187
123: 161 180 188
124: 159 182 186
125: 90 167 176
126: 91 165 174
127: 89 166 175
128: 87 167 173
129: 88 165 171
130: 86 166 172
131: 160 163 196
132: 161 164 197
133: 159 162 195
134: 155 164 190
135: 153 162 191
136: 154 163 189
137: 144 180 193
138: 145 182 192
139: 143 181 194
140: 96 148 176
141: 97 146 174
142: 95 147 175
143: 93 139 173
144: 94 137 171
145: 92 138 172
146: 141 158 191
147: 142 156 189
148: 140 157 190
149: 168 169 170
150: 155 157 158
151: 154 156 157
152: 153 156 158
153: 135 152 175
154: 136 151 176
155: 134 150 174
156: 147 151 152
157: 148 150 151
158: 146 150 152
159: 124 133 172
160: 122 131 173
161: 123 132 171
162: 133 135 166
163: 131 136 167
164: 132 134 165
165: 126 129 164
166: 127 130 162
167: 125 128 163
168: 117 121 149
169: 118 119 149
170: 116 120 149
171: 129 144 161
172: 130 145 159
173: 128 143 160
174: 126 141 155
175: 127 142 153
176: 125 140 154
177: 114 117 119
178: 115 118 120
179: 113 116 121
180: 114 123 137
181: 115 122 139
182: 113 124 138
183: 105 111 115
184: 106 112 113
185: 104 110 114
186: 108 112 124
187: 109 111 122
188: 107 110 123
189: 100 136 147
190: 98 134 148
191: 99 135 146
192: 102 121 138
193: 103 119 137
194: 101 120 139
195: 99 108 133
196: 100 109 131
197: 98 107 132
198: 103 105 118
199: 101 106 116
200: 102 104 117
201: 51 63 79
202: 52 62 77
203: 50 64 78
204: 54 65 82
205: 55 66 80
206: 53 67 81
207: 45 48 76
208: 46 49 74
209: 44 47 75
210: 45 52 70
211: 46 50 68
212: 44 51 69
213: 48 55 73
214: 49 53 71
215: 47 54 72
216: 14 24 34
217: 15 25 32
218: 16 23 33
219: 17 28 37
220: 18 27 35
221: 19 26 36
222: 14 17 29
223: 16 18 30
224: 15 19 31
