1: 2 3 4
2: 1 5 6
3: 1 7 8
4: 1 9 10
5: 2 11 13
6: 2 12 14
7: 3 16 20
8: 3 15 19
9: 4 18 22
10: 4 17 21
11: 5 24 38
12: 6 23 37
13: 5 26 36
14: 6 25 35
15: 8 28 43
16: 7 27 44
17: 10 30 45
18: 9 29 46
19: 8 32 39
20: 7 31 40
21: 10 34 41
22: 9 33 42
23: 12 48 72
24: 11 47 71
25: 14 50 74
26: 13 49 73
27: 16 52 80
28: 15 51 79
29: 18 54 82
30: 17 53 81
31: 20 56 75
32: 19 55 76
33: 22 58 77
34: 21 57 78
35: 14 60 84
36: 13 59 83
37: 12 62 86
38: 11 61 85
39: 19 64 91
40: 20 63 92
41: 21 66 93
42: 22 65 94
43: 15 68 87
44: 16 67 88
45: 17 70 89
46: 18 69 90
47: 24 108 128
48: 23 107 127
49: 26 110 126
50: 25 109 125
51: 28 116 126
52: 27 115 125
53: 30 118 128
54: 29 117 127
55: 32 112 130
56: 31 111 129
57: 34 114 130
58: 33 113 129
59: 36 96 122
60: 35 95 121
61: 38 98 120
62: 37 97 119
63: 40 104 120
64: 39 103 119
65: 42 106 122
66: 41 105 121
67: 44 100 123
68: 43 99 124
69: 46 102 124
70: 45 101 123
71: 24 100 146
72: 23 99 145
73: 26 102 144
74: 25 101 143
75: 31 96 152
76: 32 95 151
77: 33 98 154
78: 34 97 153
79: 28 106 147
80: 27 105 148
81: 30 104 149
82: 29 103 150
83: 36 112 132
84: 35 111 131
85: 38 114 134
86: 37 113 133
87: 43 108 136
88: 44 107 135
89: 45 110 138
90: 46 109 137
91: 39 118 139
92: 40 117 140
93: 41 116 141
94: 42 115 142
95: 60 76 190
96: 59 75 189
97: 62 78 192
98: 61 77 191
99: 68 72 198
100: 67 71 197
101: 70 74 200
102: 69 73 199
103: 64 82 194
104: 63 81 193
105: 66 80 196
106: 65 79 195
107: 48 88 202
108: 47 87 201
109: 50 90 204
110: 49 89 203
111: 56 84 210
112: 55 83 209
113: 58 86 212
114: 57 85 211
115: 52 94 206
116: 51 93 205
117: 54 92 208
118: 53 91 207
119: 62 64 156
120: 61 63 155
121: 60 66 155
122: 59 65 156
123: 67 70 156
124: 68 69 155
125: 50 52 157
126: 49 51 157
127: 48 54 158
128: 47 53 158
129: 56 58 159
130: 55 57 159
131: 84 197 216
132: 83 198 215
133: 86 199 214
134: 85 200 213
135: 88 190 222
136: 87 189 221
137: 90 192 224
138: 89 191 223
139: 91 196 218
140: 92 195 217
141: 93 194 220
142: 94 193 219
143: 74 209 220
144: 73 210 219
145: 72 211 218
146: 71 212 217
147: 79 202 224
148: 80 201 223
149: 81 204 222
150: 82 203 221
151: 76 208 214
152: 75 207 213
153: 78 206 216
154: 77 205 215
155: 120 121 124
156: 119 122 123
157: 125 126 186
158: 127 128 186
159: 129 130 186
160: 188 202 209
161: 187 201 210
162: 187 204 211
163: 188 203 212
164: 188 206 207
165: 187 205 208
166: 183 190 213
167: 182 189 214
168: 185 192 215
169: 184 191 216
170: 183 198 217
171: 182 197 218
172: 185 200 219
173: 184 199 220
174: 181 194 222
175: 180 193 221
176: 180 196 224
177: 181 195 223
178: 180 183 184
179: 181 182 185
180: 175 176 178
181: 174 177 179
182: 167 171 179
183: 166 170 178
184: 169 173 178
185: 168 172 179
186: 157 158 159
187: 161 162 165
188: 160 163 164
189: 96 136 167
190: 95 135 166
191: 98 138 169
192: 97 137 168
193: 104 142 175
194: 103 141 174
195: 106 140 177
196: 105 139 176
197: 100 131 171
198: 99 132 170
199: 102 133 173
200: 101 134 172
201: 108 148 161
202: 107 147 160
203: 110 150 163
204: 109 149 162
205: 116 154 165
206: 115 153 164
207: 118 152 164
208: 117 151 165
209: 112 143 160
210: 111 144 161
211: 114 145 162
212: 113 146 163
213: 134 152 166
214: 133 151 167
215: 132 154 168
216: 131 153 169
217: 140 146 170
218: 139 145 171
219: 142 144 172
220: 141 143 173
221: 136 150 175
222: 135 149 174
223: 138 148 177
224: 137 147 176
