1: 2 3 4
2: 1 5 6
3: 1 7 9
4: 1 8 10
5: 2 12 17
6: 2 11 18
7: 3 14 20
8: 4 13 19
9: 3 16 22
10: 4 15 21
11: 6 24 42
12: 5 23 41
13: 8 26 46
14: 7 25 45
15: 10 28 44
16: 9 27 43
17: 5 30 35
18: 6 29 36
19: 8 32 38
20: 7 31 37
21: 10 34 40
22: 9 33 39
23: 12 48 53
24: 11 47 54
25: 14 52 54
26: 13 51 53
27: 16 50 55
28: 15 49 55
29: 18 50 69
30: 17 49 68
31: 20 48 71
32: 19 47 70
33: 22 51 73
34: 21 52 72
35: 17 57 63
36: 18 56 62
37: 20 61 65
38: 19 60 64
39: 22 59 67
40: 21 58 66
41: 12 59 75
42: 11 58 74
43: 16 57 77
44: 15 56 76
45: 14 60 79
46: 13 61 78
47: 24 32 116
48: 23 31 115
49: 28 30 120
50: 27 29 119
51: 26 33 118
52: 25 34 117
53: 23 26 80
54: 24 25 80
55: 27 28 80
56: 36 44 103
57: 35 43 102
58: 40 42 107
59: 39 41 106
60: 38 45 105
61: 37 46 104
62: 36 122 140
63: 35 121 139
64: 38 124 142
65: 37 123 141
66: 40 126 144
67: 39 125 143
68: 30 128 140
69: 29 127 139
70: 32 130 144
71: 31 129 143
72: 34 132 142
73: 33 131 141
74: 42 120 134
75: 41 119 133
76: 44 116 136
77: 43 115 135
78: 46 117 138
79: 45 118 137
80: 53 54 55
81: 116 125 132
82: 115 126 131
83: 120 123 127
84: 119 124 128
85: 118 122 129
86: 117 121 130
87: 112 139 142
88: 112 140 141
89: 112 143 144
90: 114 134 136
91: 114 133 135
92: 114 137 138
93: 113 128 130
94: 113 127 129
95: 113 131 132
96: 103 123 137
97: 102 124 138
98: 107 125 135
99: 106 126 136
100: 105 121 133
101: 104 122 134
102: 57 97 110
103: 56 96 109
104: 61 101 111
105: 60 100 111
106: 59 99 110
107: 58 98 109
108: 109 110 111
109: 103 107 108
110: 102 106 108
111: 104 105 108
112: 87 88 89
113: 93 94 95
114: 90 91 92
115: 48 77 82
116: 47 76 81
117: 52 78 86
118: 51 79 85
119: 50 75 84
120: 49 74 83
121: 63 86 100
122: 62 85 101
123: 65 83 96
124: 64 84 97
125: 67 81 98
126: 66 82 99
127: 69 83 94
128: 68 84 93
129: 71 85 94
130: 70 86 93
131: 73 82 95
132: 72 81 95
133: 75 91 100
134: 74 90 101
135: 77 91 98
136: 76 90 99
137: 79 92 96
138: 78 92 97
139: 63 69 87
140: 62 68 88
141: 65 73 88
142: 64 72 87
143: 67 71 89
144: 66 70 89
