1: 2 3 4
2: 1 5 8
3: 1 7 9
4: 1 6 10
5: 2 11 17
6: 4 13 18
7: 3 12 19
8: 2 14 20
9: 3 16 21
10: 4 15 22
11: 5 23 38
12: 7 25 40
13: 6 24 39
14: 8 26 35
15: 10 28 36
16: 9 27 37
17: 5 29 41
18: 6 31 42
19: 7 30 43
20: 8 32 44
21: 9 34 45
22: 10 33 46
23: 11 47 83
24: 13 49 84
25: 12 48 85
26: 14 50 86
27: 16 52 88
28: 15 51 87
29: 17 59 65
30: 19 61 66
31: 18 60 67
32: 20 62 71
33: 22 64 72
34: 21 63 73
35: 14 77 80
36: 15 79 81
37: 16 78 82
38: 11 68 74
39: 13 70 75
40: 12 69 76
41: 17 53 92
42: 18 55 93
43: 19 54 94
44: 20 56 89
45: 21 58 91
46: 22 57 90
47: 23 95 97
48: 25 95 98
49: 24 95 99
50: 26 96 100
51: 28 96 101
52: 27 96 102
53: 41 109 142
54: 43 110 143
55: 42 111 144
56: 44 112 139
57: 46 113 140
58: 45 114 141
59: 29 101 118
60: 31 102 119
61: 30 100 120
62: 32 98 121
63: 34 99 122
64: 33 97 123
65: 29 130 133
66: 30 131 135
67: 31 132 134
68: 38 127 136
69: 40 128 138
70: 39 129 137
71: 32 124 137
72: 33 125 138
73: 34 126 136
74: 38 119 131
75: 39 120 130
76: 40 118 132
77: 35 122 134
78: 37 123 133
79: 36 121 135
80: 35 113 115
81: 36 114 116
82: 37 112 117
83: 23 106 116
84: 24 107 117
85: 25 108 115
86: 26 107 128
87: 28 108 127
88: 27 106 129
89: 44 103 125
90: 46 104 126
91: 45 105 124
92: 41 104 110
93: 42 105 109
94: 43 103 111
95: 47 48 49
96: 50 51 52
97: 47 64 159
98: 48 62 157
99: 49 63 158
100: 50 61 159
101: 51 59 158
102: 52 60 157
103: 89 94 158
104: 90 92 157
105: 91 93 159
106: 83 88 162
107: 84 86 160
108: 85 87 161
109: 53 93 161
110: 54 92 160
111: 55 94 162
112: 56 82 161
113: 57 80 162
114: 58 81 160
115: 80 85 147
116: 81 83 145
117: 82 84 146
118: 59 76 156
119: 60 74 154
120: 61 75 155
121: 62 79 153
122: 63 77 151
123: 64 78 152
124: 71 91 156
125: 72 89 154
126: 73 90 155
127: 68 87 150
128: 69 86 148
129: 70 88 149
130: 65 75 147
131: 66 74 146
132: 67 76 145
133: 65 78 153
134: 67 77 152
135: 66 79 151
136: 68 73 148
137: 70 71 150
138: 69 72 149
139: 56 145 155
140: 57 146 156
141: 58 147 154
142: 53 149 151
143: 54 150 152
144: 55 148 153
145: 116 132 139
146: 117 131 140
147: 115 130 141
148: 128 136 144
149: 129 138 142
150: 127 137 143
151: 122 135 142
152: 123 134 143
153: 121 133 144
154: 119 125 141
155: 120 126 139
156: 118 124 140
157: 98 102 104
158: 99 101 103
159: 97 100 105
160: 107 110 114
161: 108 109 112
162: 106 111 113
