1: 2 3 4
2: 1 5 6
3: 1 7 9
4: 1 8 10
5: 2 12 17
6: 2 11 18
7: 3 14 20
8: 4 13 19
9: 3 16 22
10: 4 15 21
11: 6 30 41
12: 5 29 42
13: 8 32 46
14: 7 31 45
15: 10 34 44
16: 9 33 43
17: 5 24 36
18: 6 23 35
19: 8 26 40
20: 7 25 39
21: 10 28 38
22: 9 27 37
23: 18 48 78
24: 17 47 77
25: 20 52 80
26: 19 51 79
27: 22 50 82
28: 21 49 81
29: 12 54 72
30: 11 53 71
31: 14 56 74
32: 13 55 73
33: 16 58 76
34: 15 57 75
35: 18 66 89
36: 17 65 90
37: 22 68 92
38: 21 67 91
39: 20 70 94
40: 19 69 93
41: 11 59 84
42: 12 60 83
43: 16 62 86
44: 15 61 85
45: 14 64 88
46: 13 63 87
47: 24 96 151
48: 23 95 150
49: 28 96 153
50: 27 95 152
51: 26 95 155
52: 25 96 154
53: 30 98 139
54: 29 97 138
55: 32 98 141
56: 31 97 140
57: 34 97 143
58: 33 98 142
59: 41 133 145
60: 42 132 144
61: 44 135 147
62: 43 134 146
63: 46 137 149
64: 45 136 148
65: 36 118 127
66: 35 117 126
67: 38 119 131
68: 37 119 130
69: 40 118 129
70: 39 117 128
71: 30 100 120
72: 29 99 121
73: 32 104 123
74: 31 103 122
75: 34 102 125
76: 33 101 124
77: 24 102 111
78: 23 101 112
79: 26 100 116
80: 25 99 115
81: 28 103 114
82: 27 104 113
83: 42 106 123
84: 41 105 122
85: 44 110 124
86: 43 109 125
87: 46 108 121
88: 45 107 120
89: 35 108 114
90: 36 107 113
91: 38 106 112
92: 37 105 111
93: 40 109 115
94: 39 110 116
95: 48 50 51
96: 47 49 52
97: 54 56 57
98: 53 55 58
99: 72 80 192
100: 71 79 191
101: 76 78 192
102: 75 77 191
103: 74 81 190
104: 73 82 190
105: 84 92 185
106: 83 91 184
107: 88 90 189
108: 87 89 188
109: 86 93 187
110: 85 94 186
111: 77 92 179
112: 78 91 178
113: 82 90 183
114: 81 89 182
115: 80 93 181
116: 79 94 180
117: 66 70 177
118: 65 69 176
119: 67 68 175
120: 71 88 170
121: 72 87 169
122: 74 84 174
123: 73 83 173
124: 76 85 172
125: 75 86 171
126: 66 183 187
127: 65 182 186
128: 70 179 184
129: 69 178 185
130: 68 180 188
131: 67 181 189
132: 60 174 187
133: 59 173 186
134: 62 170 184
135: 61 169 185
136: 64 171 188
137: 63 172 189
138: 54 164 175
139: 53 163 175
140: 56 168 176
141: 55 167 177
142: 58 166 176
143: 57 165 177
144: 60 166 180
145: 59 165 181
146: 62 164 182
147: 61 163 183
148: 64 167 178
149: 63 168 179
150: 48 161 168
151: 47 160 167
152: 50 162 165
153: 49 162 166
154: 52 161 163
155: 51 160 164
156: 190 191 192
157: 162 169 170
158: 161 171 173
159: 160 172 174
160: 151 155 159
161: 150 154 158
162: 152 153 157
163: 139 147 154
164: 138 146 155
165: 143 145 152
166: 142 144 153
167: 141 148 151
168: 140 149 150
169: 121 135 157
170: 120 134 157
171: 125 136 158
172: 124 137 159
173: 123 133 158
174: 122 132 159
175: 119 138 139
176: 118 140 142
177: 117 141 143
178: 112 129 148
179: 111 128 149
180: 116 130 144
181: 115 131 145
182: 114 127 146
183: 113 126 147
184: 106 128 134
185: 105 129 135
186: 110 127 133
187: 109 126 132
188: 108 130 136
189: 107 131 137
190: 103 104 156
191: 100 102 156
192: 99 101 156
