1: 2 3 4
2: 1 5 6
3: 1 7 9
4: 1 8 10
5: 2 12 15
6: 2 11 14
7: 3 13 19
8: 4 13 18
9: 3 12 17
10: 4 11 16
11: 6 10 22
12: 5 9 21
13: 7 8 20
14: 6 143 148
15: 5 142 148
16: 10 147 150
17: 9 146 149
18: 8 145 150
19: 7 144 149
20: 13 23 24
21: 12 26 28
22: 11 25 27
23: 20 45 145
24: 20 44 144
25: 22 47 143
26: 21 46 142
27: 22 49 147
28: 21 48 146
29: 38 39 148
30: 41 43 150
31: 40 42 149
32: 39 53 143
33: 38 52 142
34: 43 55 147
35: 42 54 146
36: 41 51 145
37: 40 50 144
38: 29 33 57
39: 29 32 56
40: 31 37 61
41: 30 36 60
42: 31 35 59
43: 30 34 58
44: 24 133 137
45: 23 133 136
46: 26 135 139
47: 25 134 138
48: 28 135 141
49: 27 134 140
50: 37 128 137
51: 36 127 136
52: 33 132 139
53: 32 131 138
54: 35 130 141
55: 34 129 140
56: 39 63 95
57: 38 62 95
58: 43 67 97
59: 42 66 96
60: 41 65 97
61: 40 64 96
62: 57 105 132
63: 56 104 131
64: 61 109 128
65: 60 108 127
66: 59 107 130
67: 58 106 129
68: 84 90 137
69: 83 89 136
70: 86 92 139
71: 85 91 138
72: 88 94 141
73: 87 93 140
74: 89 90 133
75: 92 94 135
76: 91 93 134
77: 84 102 128
78: 83 103 127
79: 86 99 132
80: 85 98 131
81: 88 100 130
82: 87 101 129
83: 69 78 120
84: 68 77 119
85: 71 80 124
86: 70 79 123
87: 73 82 122
88: 72 81 121
89: 69 74 114
90: 68 74 113
91: 71 76 118
92: 70 75 117
93: 73 76 116
94: 72 75 115
95: 56 57 110
96: 59 61 112
97: 58 60 111
98: 80 120 126
99: 79 119 125
100: 81 124 126
101: 82 123 125
102: 77 122 125
103: 78 121 126
104: 63 114 120
105: 62 113 119
106: 67 117 123
107: 66 118 124
108: 65 115 121
109: 64 116 122
110: 95 113 114
111: 97 115 117
112: 96 116 118
113: 90 105 110
114: 89 104 110
115: 94 108 111
116: 93 109 112
117: 92 106 111
118: 91 107 112
119: 84 99 105
120: 83 98 104
121: 88 103 108
122: 87 102 109
123: 86 101 106
124: 85 100 107
125: 99 101 102
126: 98 100 103
127: 51 65 78
128: 50 64 77
129: 55 67 82
130: 54 66 81
131: 53 63 80
132: 52 62 79
133: 44 45 74
134: 47 49 76
135: 46 48 75
136: 45 51 69
137: 44 50 68
138: 47 53 71
139: 46 52 70
140: 49 55 73
141: 48 54 72
142: 15 26 33
143: 14 25 32
144: 19 24 37
145: 18 23 36
146: 17 28 35
147: 16 27 34
148: 14 15 29
149: 17 19 31
150: 16 18 30
