1: 2 24 64
2: 1 3 55
3: 2 4 38
4: 3 5 29
5: 4 6 44
6: 5 7 35
7: 6 8 18
8: 7 9 49
9: 8 10 32
10: 9 11 63
11: 10 12 46
12: 11 13 37
13: 12 14 52
14: 13 15 43
15: 14 16 26
16: 15 17 57
17: 16 18 40
18: 7 17 19
19: 18 20 54
20: 19 21 45
21: 20 22 60
22: 21 23 51
23: 22 24 34
24: 1 23 25
25: 24 26 48
26: 15 25 27
27: 26 28 62
28: 27 29 53
29: 4 28 30
30: 29 31 59
31: 30 32 42
32: 9 31 33
33: 32 34 56
34: 23 33 35
35: 6 34 36
36: 35 37 61
37: 12 36 38
38: 3 37 39
39: 38 40 50
40: 17 39 41
41: 40 42 64
42: 31 41 43
43: 14 42 44
44: 5 43 45
45: 20 44 46
46: 11 45 47
47: 46 48 58
48: 25 47 49
49: 8 48 50
50: 39 49 51
51: 22 50 52
52: 13 51 53
53: 28 52 54
54: 19 53 55
55: 2 54 56
56: 33 55 57
57: 16 56 58
58: 47 57 59
59: 30 58 60
60: 21 59 61
61: 36 60 62
62: 27 61 63
63: 10 62 64
64: 1 41 63
