1: 2 42 48
2: 1 3 11
3: 2 4 22
4: 3 5 33
5: 4 6 44
6: 5 7 13
7: 6 8 48
8: 7 9 17
9: 8 10 28
10: 9 11 39
11: 2 10 12
12: 11 13 19
13: 6 12 14
14: 13 15 23
15: 14 16 34
16: 15 17 45
17: 8 16 18
18: 17 19 25
19: 12 18 20
20: 19 21 29
21: 20 22 40
22: 3 21 23
23: 14 22 24
24: 23 25 31
25: 18 24 26
26: 25 27 35
27: 26 28 46
28: 9 27 29
29: 20 28 30
30: 29 31 37
31: 24 30 32
32: 31 33 41
33: 4 32 34
34: 15 33 35
35: 26 34 36
36: 35 37 43
37: 30 36 38
38: 37 39 47
39: 10 38 40
40: 21 39 41
41: 32 40 42
42: 1 41 43
43: 36 42 44
44: 5 43 45
45: 16 44 46
46: 27 45 47
47: 38 46 48
48: 1 7 47
