1: 2 3 4
2: 1 5 6
3: 1 7 9
4: 1 8 10
5: 2 12 18
6: 2 11 17
7: 3 14 20
8: 4 13 19
9: 3 16 22
10: 4 15 21
11: 6 24 38
12: 5 23 39
13: 8 25 41
14: 7 25 40
15: 10 24 43
16: 9 23 42
17: 6 27 32
18: 5 26 33
19: 8 29 37
20: 7 28 36
21: 10 31 35
22: 9 30 34
23: 12 16 70
24: 11 15 69
25: 13 14 68
26: 18 112 116
27: 17 112 115
28: 20 114 120
29: 19 113 119
30: 22 114 118
31: 21 113 117
32: 17 104 110
33: 18 103 109
34: 22 106 111
35: 21 105 111
36: 20 108 110
37: 19 107 109
38: 11 98 118
39: 12 97 117
40: 14 100 116
41: 13 99 115
42: 16 102 119
43: 15 101 120
44: 97 98 111
45: 100 102 109
46: 99 101 110
47: 92 104 118
48: 91 103 117
49: 96 108 116
50: 95 107 115
51: 94 106 119
52: 93 105 120
53: 80 86 97
54: 79 85 98
55: 82 90 102
56: 81 89 101
57: 84 88 100
58: 83 87 99
59: 79 80 112
60: 82 84 114
61: 81 83 113
62: 68 88 106
63: 68 87 105
64: 70 86 104
65: 69 85 103
66: 70 90 108
67: 69 89 107
68: 25 62 63
69: 24 65 67
70: 23 64 66
71: 92 94 95
72: 91 93 96
73: 79 88 95
74: 80 87 96
75: 84 85 93
76: 83 86 94
77: 82 89 92
78: 81 90 91
79: 54 59 73
80: 53 59 74
81: 56 61 78
82: 55 60 77
83: 58 61 76
84: 57 60 75
85: 54 65 75
86: 53 64 76
87: 58 63 74
88: 57 62 73
89: 56 67 77
90: 55 66 78
91: 48 72 78
92: 47 71 77
93: 52 72 75
94: 51 71 76
95: 50 71 73
96: 49 72 74
97: 39 44 53
98: 38 44 54
99: 41 46 58
100: 40 45 57
101: 43 46 56
102: 42 45 55
103: 33 48 65
104: 32 47 64
105: 35 52 63
106: 34 51 62
107: 37 50 67
108: 36 49 66
109: 33 37 45
110: 32 36 46
111: 34 35 44
112: 26 27 59
113: 29 31 61
114: 28 30 60
115: 27 41 50
116: 26 40 49
117: 31 39 48
118: 30 38 47
119: 29 42 51
120: 28 43 52
