1: 2 3 4
2: 1 5 8
3: 1 7 10
4: 1 6 9
5: 2 14 17
6: 4 16 19
7: 3 15 18
8: 2 11 20
9: 4 13 22
10: 3 12 21
11: 8 23 32
12: 10 24 34
13: 9 25 33
14: 5 24 35
15: 7 25 37
16: 6 23 36
17: 5 38 41
18: 7 40 43
19: 6 39 42
20: 8 26 29
21: 10 27 31
22: 9 28 30
23: 11 16 84
24: 12 14 82
25: 13 15 83
26: 20 127 142
27: 21 129 144
28: 22 128 143
29: 20 136 139
30: 22 138 140
31: 21 137 141
32: 11 124 130
33: 13 126 132
34: 12 125 131
35: 14 121 133
36: 16 123 135
37: 15 122 134
38: 17 115 118
39: 19 117 120
40: 18 116 119
41: 17 112 142
42: 19 114 143
43: 18 113 144
44: 115 116 117
45: 112 113 114
46: 111 127 141
47: 111 128 139
48: 111 129 140
49: 110 118 140
50: 108 119 139
51: 109 120 141
52: 109 115 133
53: 110 116 134
54: 108 117 135
55: 107 130 134
56: 105 132 133
57: 106 131 135
58: 102 124 136
59: 103 126 138
60: 104 125 137
61: 100 121 128
62: 101 122 127
63: 99 123 129
64: 97 131 138
65: 98 132 136
66: 96 130 137
67: 95 107 121
68: 95 106 122
69: 95 105 123
70: 103 106 142
71: 104 107 143
72: 102 105 144
73: 97 110 124
74: 98 108 125
75: 96 109 126
76: 93 102 114
77: 94 104 112
78: 92 103 113
79: 93 101 120
80: 94 99 118
81: 92 100 119
82: 24 88 91
83: 25 86 89
84: 23 87 90
85: 86 87 88
86: 83 85 101
87: 84 85 99
88: 82 85 100
89: 83 94 98
90: 84 92 96
91: 82 93 97
92: 78 81 90
93: 76 79 91
94: 77 80 89
95: 67 68 69
96: 66 75 90
97: 64 73 91
98: 65 74 89
99: 63 80 87
100: 61 81 88
101: 62 79 86
102: 58 72 76
103: 59 70 78
104: 60 71 77
105: 56 69 72
106: 57 68 70
107: 55 67 71
108: 50 54 74
109: 51 52 75
110: 49 53 73
111: 46 47 48
112: 41 45 77
113: 43 45 78
114: 42 45 76
115: 38 44 52
116: 40 44 53
117: 39 44 54
118: 38 49 80
119: 40 50 81
120: 39 51 79
121: 35 61 67
122: 37 62 68
123: 36 63 69
124: 32 58 73
125: 34 60 74
126: 33 59 75
127: 26 46 62
128: 28 47 61
129: 27 48 63
130: 32 55 66
131: 34 57 64
132: 33 56 65
133: 35 52 56
134: 37 53 55
135: 36 54 57
136: 29 58 65
137: 31 60 66
138: 30 59 64
139: 29 47 50
140: 30 48 49
141: 31 46 51
142: 26 41 70
143: 28 42 71
144: 27 43 72
