1: 2 3 4
2: 1 5 6
3: 1 7 9
4: 1 8 10
5: 2 12 15
6: 2 11 14
7: 3 13 19
8: 4 13 18
9: 3 12 17
10: 4 11 16
11: 6 10 22
12: 5 9 21
13: 7 8 20
14: 6 155 160
15: 5 154 160
16: 10 159 162
17: 9 158 161
18: 8 157 162
19: 7 156 161
20: 13 23 24
21: 12 26 28
22: 11 25 27
23: 20 45 157
24: 20 44 156
25: 22 47 155
26: 21 46 154
27: 22 49 159
28: 21 48 158
29: 38 39 160
30: 41 43 162
31: 40 42 161
32: 39 53 155
33: 38 52 154
34: 43 55 159
35: 42 54 158
36: 41 51 157
37: 40 50 156
38: 29 33 57
39: 29 32 56
40: 31 37 61
41: 30 36 60
42: 31 35 59
43: 30 34 58
44: 24 145 149
45: 23 145 148
46: 26 147 151
47: 25 146 150
48: 28 147 153
49: 27 146 152
50: 37 140 149
51: 36 139 148
52: 33 144 151
53: 32 143 150
54: 35 142 153
55: 34 141 152
56: 39 63 86
57: 38 62 86
58: 43 67 88
59: 42 66 87
60: 41 65 88
61: 40 64 87
62: 57 102 144
63: 56 101 143
64: 61 106 140
65: 60 105 139
66: 59 104 142
67: 58 103 141
68: 90 95 149
69: 89 96 148
70: 92 100 151
71: 91 99 150
72: 94 98 153
73: 93 97 152
74: 89 90 145
75: 92 94 147
76: 91 93 146
77: 84 95 140
78: 85 96 139
79: 85 100 144
80: 84 99 143
81: 83 98 142
82: 83 97 141
83: 81 82 138
84: 77 80 137
85: 78 79 136
86: 56 57 107
87: 59 61 109
88: 58 60 108
89: 69 74 116
90: 68 74 117
91: 71 76 121
92: 70 75 120
93: 73 76 119
94: 72 75 118
95: 68 77 114
96: 69 78 113
97: 73 82 115
98: 72 81 115
99: 71 80 114
100: 70 79 113
101: 63 131 137
102: 62 130 136
103: 67 135 138
104: 66 134 138
105: 65 133 136
106: 64 132 137
107: 86 130 131
108: 88 133 135
109: 87 132 134
110: 129 134 135
111: 129 131 132
112: 129 130 133
113: 96 100 128
114: 95 99 127
115: 97 98 126
116: 89 123 128
117: 90 123 127
118: 94 125 126
119: 93 124 126
120: 92 125 128
121: 91 124 127
122: 123 124 125
123: 116 117 122
124: 119 121 122
125: 118 120 122
126: 115 118 119
127: 114 117 121
128: 113 116 120
129: 110 111 112
130: 102 107 112
131: 101 107 111
132: 106 109 111
133: 105 108 112
134: 104 109 110
135: 103 108 110
136: 85 102 105
137: 84 101 106
138: 83 103 104
139: 51 65 78
140: 50 64 77
141: 55 67 82
142: 54 66 81
143: 53 63 80
144: 52 62 79
145: 44 45 74
146: 47 49 76
147: 46 48 75
148: 45 51 69
149: 44 50 68
150: 47 53 71
151: 46 52 70
152: 49 55 73
153: 48 54 72
154: 15 26 33
155: 14 25 32
156: 19 24 37
157: 18 23 36
158: 17 28 35
159: 16 27 34
160: 14 15 29
161: 17 19 31
162: 16 18 30
