1: 2 13 60
2: 1 3 45
3: 2 4 51
4: 3 5 29
5: 4 6 22
6: 5 7 40
7: 6 8 58
8: 7 9 17
9: 8 10 44
10: 9 11 36
11: 10 12 23
12: 11 13 55
13: 1 12 14
14: 13 15 39
15: 14 16 32
16: 15 17 50
17: 8 16 18
18: 17 19 27
19: 18 20 54
20: 19 21 46
21: 20 22 33
22: 5 21 23
23: 11 22 24
24: 23 25 49
25: 24 26 42
26: 25 27 60
27: 18 26 28
28: 27 29 37
29: 4 28 30
30: 29 31 56
31: 30 32 43
32: 15 31 33
33: 21 32 34
34: 33 35 59
35: 34 36 52
36: 10 35 37
37: 28 36 38
38: 37 39 47
39: 14 38 40
40: 6 39 41
41: 40 42 53
42: 25 41 43
43: 31 42 44
44: 9 43 45
45: 2 44 46
46: 20 45 47
47: 38 46 48
48: 47 49 57
49: 24 48 50
50: 16 49 51
51: 3 50 52
52: 35 51 53
53: 41 52 54
54: 19 53 55
55: 12 54 56
56: 30 55 57
57: 48 56 58
58: 7 57 59
59: 34 58 60
60: 1 26 59
