1: 2 34 78
2: 1 3 47
3: 2 4 36
4: 3 5 49
5: 4 6 38
6: 5 7 51
7: 6 8 40
8: 7 9 53
9: 8 10 42
10: 9 11 55
11: 10 12 44
12: 11 13 57
13: 12 14 46
14: 13 15 59
15: 14 16 48
16: 15 17 61
17: 16 18 50
18: 17 19 63
19: 18 20 52
20: 19 21 65
21: 20 22 54
22: 21 23 67
23: 22 24 56
24: 23 25 69
25: 24 26 58
26: 25 27 71
27: 26 28 60
28: 27 29 73
29: 28 30 62
30: 29 31 75
31: 30 32 64
32: 31 33 77
33: 32 34 66
34: 1 33 35
35: 34 36 68
36: 3 35 37
37: 36 38 70
38: 5 37 39
39: 38 40 72
40: 7 39 41
41: 40 42 74
42: 9 41 43
43: 42 44 76
44: 11 43 45
45: 44 46 78
46: 13 45 47
47: 2 46 48
48: 15 47 49
49: 4 48 50
50: 17 49 51
51: 6 50 52
52: 19 51 53
53: 8 52 54
54: 21 53 55
55: 10 54 56
56: 23 55 57
57: 12 56 58
58: 25 57 59
59: 14 58 60
60: 27 59 61
61: 16 60 62
62: 29 61 63
63: 18 62 64
64: 31 63 65
65: 20 64 66
66: 33 65 67
67: 22 66 68
68: 35 67 69
69: 24 68 70
70: 37 69 71
71: 26 70 72
72: 39 71 73
73: 28 72 74
74: 41 73 75
75: 30 74 76
76: 43 75 77
77: 32 76 78
78: 1 45 77
