1: 2 3 4
2: 1 5 6
3: 1 7 9
4: 1 8 10
5: 2 12 18
6: 2 11 17
7: 3 14 22
8: 4 13 21
9: 3 16 20
10: 4 15 19
11: 6 24 35
12: 5 23 36
13: 8 26 38
14: 7 25 37
15: 10 28 40
16: 9 27 39
17: 6 30 42
18: 5 29 41
19: 10 32 44
20: 9 31 43
21: 8 34 46
22: 7 33 45
23: 12 48 65
24: 11 47 66
25: 14 50 70
26: 13 49 69
27: 16 52 68
28: 15 51 67
29: 18 72 84
30: 17 71 83
31: 20 74 88
32: 19 73 87
33: 22 76 86
34: 21 75 85
35: 11 54 78
36: 12 53 77
37: 14 56 80
38: 13 55 79
39: 16 58 82
40: 15 57 81
41: 18 60 90
42: 17 59 89
43: 20 62 92
44: 19 61 91
45: 22 64 94
46: 21 63 93
47: 24 96 138
48: 23 95 137
49: 26 100 142
50: 25 99 141
51: 28 98 140
52: 27 97 139
53: 36 98 132
54: 35 97 131
55: 38 96 134
56: 37 95 133
57: 40 99 136
58: 39 100 135
59: 42 100 116
60: 41 99 117
61: 44 95 118
62: 43 96 118
63: 46 97 117
64: 45 98 116
65: 23 105 110
66: 24 104 111
67: 28 109 113
68: 27 108 112
69: 26 107 115
70: 25 106 114
71: 30 113 133
72: 29 112 134
73: 32 111 135
74: 31 110 136
75: 34 114 132
76: 33 115 131
77: 36 107 125
78: 35 106 126
79: 38 105 130
80: 37 104 129
81: 40 108 128
82: 39 109 127
83: 30 102 119
84: 29 101 120
85: 34 103 122
86: 33 103 121
87: 32 102 124
88: 31 101 123
89: 42 122 128
90: 41 121 127
91: 44 120 126
92: 43 119 125
93: 46 123 129
94: 45 124 130
95: 48 56 61
96: 47 55 62
97: 52 54 63
98: 51 53 64
99: 50 57 60
100: 49 58 59
101: 84 88 165
102: 83 87 164
103: 85 86 163
104: 66 80 167
105: 65 79 166
106: 70 78 166
107: 69 77 167
108: 68 81 167
109: 67 82 166
110: 65 74 163
111: 66 73 163
112: 68 72 164
113: 67 71 165
114: 70 75 164
115: 69 76 165
116: 59 64 168
117: 60 63 168
118: 61 62 168
119: 83 92 162
120: 84 91 161
121: 86 90 162
122: 85 89 161
123: 88 93 160
124: 87 94 160
125: 77 92 155
126: 78 91 154
127: 82 90 159
128: 81 89 158
129: 80 93 157
130: 79 94 156
131: 54 76 149
132: 53 75 148
133: 56 71 153
134: 55 72 152
135: 58 73 151
136: 57 74 150
137: 48 149 158
138: 47 148 159
139: 52 153 156
140: 51 152 157
141: 50 151 155
142: 49 150 154
143: 158 159 160
144: 155 156 161
145: 154 157 162
146: 149 151 152
147: 148 150 153
148: 132 138 147
149: 131 137 146
150: 136 142 147
151: 135 141 146
152: 134 140 146
153: 133 139 147
154: 126 142 145
155: 125 141 144
156: 130 139 144
157: 129 140 145
158: 128 137 143
159: 127 138 143
160: 123 124 143
161: 120 122 144
162: 119 121 145
163: 103 110 111
164: 102 112 114
165: 101 113 115
166: 105 106 109
167: 104 107 108
168: 116 117 118
