1: 2 22 50
2: 1 3 31
3: 2 4 34
4: 3 5 23
5: 4 6 36
6: 5 7 25
7: 6 8 38
8: 7 9 27
9: 8 10 30
10: 9 11 39
11: 10 12 32
12: 11 13 41
13: 12 14 44
14: 13 15 33
15: 14 16 46
16: 15 17 35
17: 16 18 48
18: 17 19 37
19: 18 20 40
20: 19 21 49
21: 20 22 42
22: 1 21 23
23: 4 22 24
24: 23 25 43
25: 6 24 26
26: 25 27 45
27: 8 26 28
28: 27 29 47
29: 28 30 50
30: 9 29 31
31: 2 30 32
32: 11 31 33
33: 14 32 34
34: 3 33 35
35: 16 34 36
36: 5 35 37
37: 18 36 38
38: 7 37 39
39: 10 38 40
40: 19 39 41
41: 12 40 42
42: 21 41 43
43: 24 42 44
44: 13 43 45
45: 26 44 46
46: 15 45 47
47: 28 46 48
48: 17 47 49
49: 20 48 50
50: 1 29 49
