1: 2 14 86
2: 1 3 75
3: 2 4 16
4: 3 5 77
5: 4 6 18
6: 5 7 79
7: 6 8 20
8: 7 9 81
9: 8 10 22
10: 9 11 83
11: 10 12 24
12: 11 13 85
13: 12 14 26
14: 1 13 15
15: 14 16 28
16: 3 15 17
17: 16 18 30
18: 5 17 19
19: 18 20 32
20: 7 19 21
21: 20 22 34
22: 9 21 23
23: 22 24 36
24: 11 23 25
25: 24 26 38
26: 13 25 27
27: 26 28 40
28: 15 27 29
29: 28 30 42
30: 17 29 31
31: 30 32 44
32: 19 31 33
33: 32 34 46
34: 21 33 35
35: 34 36 48
36: 23 35 37
37: 36 38 50
38: 25 37 39
39: 38 40 52
40: 27 39 41
41: 40 42 54
42: 29 41 43
43: 42 44 56
44: 31 43 45
45: 44 46 58
46: 33 45 47
47: 46 48 60
48: 35 47 49
49: 48 50 62
50: 37 49 51
51: 50 52 64
52: 39 51 53
53: 52 54 66
54: 41 53 55
55: 54 56 68
56: 43 55 57
57: 56 58 70
58: 45 57 59
59: 58 60 72
60: 47 59 61
61: 60 62 74
62: 49 61 63
63: 62 64 76
64: 51 63 65
65: 64 66 78
66: 53 65 67
67: 66 68 80
68: 55 67 69
69: 68 70 82
70: 57 69 71
71: 70 72 84
72: 59 71 73
73: 72 74 86
74: 61 73 75
75: 2 74 76
76: 63 75 77
77: 4 76 78
78: 65 77 79
79: 6 78 80
80: 67 79 81
81: 8 80 82
82: 69 81 83
83: 10 82 84
84: 71 83 85
85: 12 84 86
86: 1 73 85
