1: 2 3 4
2: 1 5 8
3: 1 7 10
4: 1 6 9
5: 2 11 14
6: 4 12 15
7: 3 13 16
8: 2 12 17
9: 4 13 19
10: 3 11 18
11: 5 10 22
12: 6 8 20
13: 7 9 21
14: 5 226 232
15: 6 227 234
16: 7 228 233
17: 8 229 232
18: 10 230 233
19: 9 231 234
20: 12 25 28
21: 13 23 26
22: 11 24 27
23: 21 46 228
24: 22 44 226
25: 20 45 227
26: 21 49 231
27: 22 47 230
28: 20 48 229
29: 38 41 232
30: 39 43 234
31: 40 42 233
32: 40 51 230
33: 39 50 231
34: 38 52 229
35: 43 55 227
36: 42 53 228
37: 41 54 226
38: 29 34 58
39: 30 33 56
40: 31 32 57
41: 29 37 61
42: 31 36 59
43: 30 35 60
44: 24 219 222
45: 25 217 220
46: 23 218 221
47: 27 219 225
48: 28 217 223
49: 26 218 224
50: 33 213 224
51: 32 211 225
52: 34 212 223
53: 36 216 221
54: 37 214 222
55: 35 215 220
56: 39 64 85
57: 40 62 83
58: 38 63 84
59: 42 67 83
60: 43 65 85
61: 41 66 84
62: 57 106 211
63: 58 104 212
64: 56 105 213
65: 60 109 215
66: 61 107 214
67: 59 108 216
68: 88 94 221
69: 86 92 222
70: 87 93 220
71: 91 97 224
72: 89 95 225
73: 90 96 223
74: 88 91 218
75: 86 89 219
76: 87 90 217
77: 93 101 215
78: 94 103 216
79: 92 102 214
80: 96 98 212
81: 97 99 213
82: 95 100 211
83: 57 59 112
84: 58 61 110
85: 56 60 111
86: 69 75 130
87: 70 76 128
88: 68 74 129
89: 72 75 127
90: 73 76 125
91: 71 74 126
92: 69 79 145
93: 70 77 143
94: 68 78 144
95: 72 82 142
96: 73 80 140
97: 71 81 141
98: 80 200 207
99: 81 201 205
100: 82 199 206
101: 77 204 209
102: 79 202 210
103: 78 203 208
104: 63 195 207
105: 64 193 205
106: 62 194 206
107: 66 198 210
108: 67 196 208
109: 65 197 209
110: 84 195 198
111: 85 193 197
112: 83 194 196
113: 189 192 194
114: 187 190 195
115: 188 191 193
116: 179 187 203
117: 180 189 204
118: 178 188 202
119: 177 188 197
120: 175 187 198
121: 176 189 196
122: 177 180 209
123: 175 178 210
124: 176 179 208
125: 90 174 186
126: 91 172 184
127: 89 173 185
128: 87 174 183
129: 88 172 181
130: 86 173 182
131: 170 192 206
132: 171 190 207
133: 169 191 205
134: 165 171 200
135: 163 169 201
136: 164 170 199
137: 144 190 203
138: 145 191 202
139: 143 192 204
140: 96 148 186
141: 97 146 184
142: 95 147 185
143: 93 139 183
144: 94 137 181
145: 92 138 182
146: 141 168 201
147: 142 166 199
148: 140 167 200
149: 161 176 180
150: 161 177 178
151: 161 175 179
152: 160 165 167
153: 158 163 168
154: 159 164 166
155: 159 162 167
156: 160 162 168
157: 158 162 166
158: 153 157 185
159: 154 155 186
160: 152 156 184
161: 149 150 151
162: 155 156 157
163: 135 153 173
164: 136 154 174
165: 134 152 172
166: 147 154 157
167: 148 152 155
168: 146 153 156
169: 133 135 182
170: 131 136 183
171: 132 134 181
172: 126 129 165
173: 127 130 163
174: 125 128 164
175: 120 123 151
176: 121 124 149
177: 119 122 150
178: 118 123 150
179: 116 124 151
180: 117 122 149
181: 129 144 171
182: 130 145 169
183: 128 143 170
184: 126 141 160
185: 127 142 158
186: 125 140 159
187: 114 116 120
188: 115 118 119
189: 113 117 121
190: 114 132 137
191: 115 133 138
192: 113 131 139
193: 105 111 115
194: 106 112 113
195: 104 110 114
196: 108 112 121
197: 109 111 119
198: 107 110 120
199: 100 136 147
200: 98 134 148
201: 99 135 146
202: 102 118 138
203: 103 116 137
204: 101 117 139
205: 99 105 133
206: 100 106 131
207: 98 104 132
208: 103 108 124
209: 101 109 122
210: 102 107 123
211: 51 62 82
212: 52 63 80
213: 50 64 81
214: 54 66 79
215: 55 65 77
216: 53 67 78
217: 45 48 76
218: 46 49 74
219: 44 47 75
220: 45 55 70
221: 46 53 68
222: 44 54 69
223: 48 52 73
224: 49 50 71
225: 47 51 72
226: 14 24 37
227: 15 25 35
228: 16 23 36
229: 17 28 34
230: 18 27 32
231: 19 26 33
232: 14 17 29
233: 16 18 31
234: 15 19 30
