1: 2 3 4
2: 1 5 6
3: 1 7 9
4: 1 8 10
5: 2 12 17
6: 2 11 18
7: 3 14 22
8: 4 13 21
9: 3 16 20
10: 4 15 19
11: 6 24 36
12: 5 23 35
13: 8 26 38
14: 7 25 37
15: 10 28 40
16: 9 27 39
17: 5 30 42
18: 6 29 41
19: 10 32 46
20: 9 31 45
21: 8 34 44
22: 7 33 43
23: 12 48 77
24: 11 47 78
25: 14 50 80
26: 13 49 79
27: 16 52 82
28: 15 51 81
29: 18 54 71
30: 17 53 72
31: 20 56 74
32: 19 55 73
33: 22 58 76
34: 21 57 75
35: 12 59 84
36: 11 60 83
37: 14 64 86
38: 13 63 85
39: 16 62 88
40: 15 61 87
41: 18 65 90
42: 17 66 89
43: 22 70 92
44: 21 69 91
45: 20 68 94
46: 19 67 93
47: 24 96 151
48: 23 95 152
49: 26 96 154
50: 25 95 153
51: 28 95 156
52: 27 96 155
53: 30 98 140
54: 29 97 139
55: 32 102 142
56: 31 101 141
57: 34 100 144
58: 33 99 143
59: 35 122 134
60: 36 121 133
61: 40 126 136
62: 39 125 135
63: 38 124 138
64: 37 123 137
65: 41 128 146
66: 42 127 145
67: 46 130 150
68: 45 129 149
69: 44 132 148
70: 43 131 147
71: 29 100 115
72: 30 99 116
73: 32 98 120
74: 31 97 119
75: 34 101 118
76: 33 102 117
77: 23 102 106
78: 24 101 107
79: 26 97 108
80: 25 98 108
81: 28 99 107
82: 27 100 106
83: 36 104 110
84: 35 103 109
85: 38 105 114
86: 37 105 113
87: 40 104 112
88: 39 103 111
89: 42 112 118
90: 41 111 117
91: 44 110 116
92: 43 109 115
93: 46 113 119
94: 45 114 120
95: 48 50 51
96: 47 49 52
97: 54 74 79
98: 53 73 80
99: 58 72 81
100: 57 71 82
101: 56 75 78
102: 55 76 77
103: 84 88 224
104: 83 87 224
105: 85 86 224
106: 77 82 223
107: 78 81 222
108: 79 80 221
109: 84 92 216
110: 83 91 215
111: 88 90 220
112: 87 89 219
113: 86 93 218
114: 85 94 217
115: 71 92 210
116: 72 91 209
117: 76 90 214
118: 75 89 213
119: 74 93 212
120: 73 94 211
121: 60 202 221
122: 59 201 221
123: 64 204 222
124: 63 203 223
125: 62 206 222
126: 61 205 223
127: 66 202 220
128: 65 201 219
129: 68 204 216
130: 67 203 215
131: 70 206 217
132: 69 205 218
133: 60 196 208
134: 59 195 207
135: 62 200 208
136: 61 199 207
137: 64 198 207
138: 63 197 208
139: 54 193 198
140: 53 192 197
141: 56 194 199
142: 55 194 200
143: 58 193 196
144: 57 192 195
145: 66 184 189
146: 65 183 190
147: 70 188 190
148: 69 187 189
149: 68 186 191
150: 67 185 191
151: 47 178 186
152: 48 177 185
153: 50 180 184
154: 49 179 183
155: 52 182 187
156: 51 181 188
157: 184 195 212
158: 183 196 211
159: 188 198 213
160: 187 197 214
161: 186 200 209
162: 185 199 210
163: 189 190 191
164: 178 201 218
165: 177 202 217
166: 180 206 215
167: 179 205 216
168: 182 204 219
169: 181 203 220
170: 178 180 193
171: 177 179 192
172: 181 182 194
173: 176 213 214
174: 176 210 211
175: 176 209 212
176: 173 174 175
177: 152 165 171
178: 151 164 170
179: 154 167 171
180: 153 166 170
181: 156 169 172
182: 155 168 172
183: 146 154 158
184: 145 153 157
185: 150 152 162
186: 149 151 161
187: 148 155 160
188: 147 156 159
189: 145 148 163
190: 146 147 163
191: 149 150 163
192: 140 144 171
193: 139 143 170
194: 141 142 172
195: 134 144 157
196: 133 143 158
197: 138 140 160
198: 137 139 159
199: 136 141 162
200: 135 142 161
201: 122 128 164
202: 121 127 165
203: 124 130 169
204: 123 129 168
205: 126 132 167
206: 125 131 166
207: 134 136 137
208: 133 135 138
209: 116 161 175
210: 115 162 174
211: 120 158 174
212: 119 157 175
213: 118 159 173
214: 117 160 173
215: 110 130 166
216: 109 129 167
217: 114 131 165
218: 113 132 164
219: 112 128 168
220: 111 127 169
221: 108 121 122
222: 107 123 125
223: 106 124 126
224: 103 104 105
