1: 2 3 4
2: 1 5 6
3: 1 7 9
4: 1 8 10
5: 2 12 15
6: 2 11 14
7: 3 13 19
8: 4 13 18
9: 3 12 17
10: 4 11 16
11: 6 10 22
12: 5 9 21
13: 7 8 20
14: 6 121 126
15: 5 120 126
16: 10 125 128
17: 9 124 127
18: 8 123 128
19: 7 122 127
20: 13 23 24
21: 12 26 28
22: 11 25 27
23: 20 45 123
24: 20 44 122
25: 22 47 121
26: 21 46 120
27: 22 49 125
28: 21 48 124
29: 38 39 126
30: 41 43 128
31: 40 42 127
32: 39 53 121
33: 38 52 120
34: 43 55 125
35: 42 54 124
36: 41 51 123
37: 40 50 122
38: 29 33 69
39: 29 32 68
40: 31 37 73
41: 30 36 72
42: 31 35 71
43: 30 34 70
44: 24 111 115
45: 23 111 114
46: 26 113 117
47: 25 112 116
48: 28 113 119
49: 27 112 118
50: 37 106 115
51: 36 105 114
52: 33 110 117
53: 32 109 116
54: 35 108 119
55: 34 107 118
56: 92 107 108
57: 91 105 110
58: 90 106 109
59: 93 94 111
60: 96 98 113
61: 95 97 112
62: 91 94 114
63: 90 93 115
64: 92 96 119
65: 92 95 118
66: 91 98 117
67: 90 97 116
68: 39 75 99
69: 38 74 99
70: 43 79 101
71: 42 78 100
72: 41 77 101
73: 40 76 100
74: 69 104 110
75: 68 103 109
76: 73 103 106
77: 72 104 105
78: 71 102 108
79: 70 102 107
80: 89 94 98
81: 89 93 97
82: 89 95 96
83: 87 88 99
84: 86 87 101
85: 86 88 100
86: 84 85 102
87: 83 84 104
88: 83 85 103
89: 80 81 82
90: 58 63 67
91: 57 62 66
92: 56 64 65
93: 59 63 81
94: 59 62 80
95: 61 65 82
96: 60 64 82
97: 61 67 81
98: 60 66 80
99: 68 69 83
100: 71 73 85
101: 70 72 84
102: 78 79 86
103: 75 76 88
104: 74 77 87
105: 51 57 77
106: 50 58 76
107: 55 56 79
108: 54 56 78
109: 53 58 75
110: 52 57 74
111: 44 45 59
112: 47 49 61
113: 46 48 60
114: 45 51 62
115: 44 50 63
116: 47 53 67
117: 46 52 66
118: 49 55 65
119: 48 54 64
120: 15 26 33
121: 14 25 32
122: 19 24 37
123: 18 23 36
124: 17 28 35
125: 16 27 34
126: 14 15 29
127: 17 19 31
128: 16 18 30
