1: 2 3 4
2: 1 5 8
3: 1 7 10
4: 1 6 9
5: 2 11 17
6: 4 13 18
7: 3 12 19
8: 2 14 20
9: 4 16 21
10: 3 15 22
11: 5 23 38
12: 7 25 39
13: 6 24 40
14: 8 26 35
15: 10 28 37
16: 9 27 36
17: 5 29 44
18: 6 31 46
19: 7 30 45
20: 8 32 41
21: 9 34 43
22: 10 33 42
23: 11 71 92
24: 13 73 94
25: 12 72 93
26: 14 74 86
27: 16 76 88
28: 15 75 87
29: 17 50 68
30: 19 52 70
31: 18 51 69
32: 20 47 62
33: 22 49 63
34: 21 48 64
35: 14 59 89
36: 16 61 91
37: 15 60 90
38: 11 56 83
39: 12 58 84
40: 13 57 85
41: 20 53 77
42: 22 55 78
43: 21 54 79
44: 17 65 80
45: 19 67 81
46: 18 66 82
47: 32 95 142
48: 34 96 144
49: 33 97 143
50: 29 98 145
51: 31 99 146
52: 30 100 147
53: 41 96 127
54: 43 97 128
55: 42 95 129
56: 38 99 124
57: 40 100 125
58: 39 98 126
59: 35 97 115
60: 37 96 116
61: 36 95 117
62: 32 100 109
63: 33 99 110
64: 34 98 111
65: 44 102 128
66: 46 102 129
67: 45 102 127
68: 29 101 121
69: 31 101 122
70: 30 101 123
71: 23 118 133
72: 25 119 135
73: 24 120 134
74: 26 119 130
75: 28 120 132
76: 27 118 131
77: 41 110 136
78: 42 111 138
79: 43 109 137
80: 44 106 139
81: 45 107 140
82: 46 108 141
83: 38 116 125
84: 39 117 124
85: 40 115 126
86: 26 103 112
87: 28 104 113
88: 27 105 114
89: 35 113 122
90: 37 114 121
91: 36 112 123
92: 23 104 107
93: 25 105 108
94: 24 103 106
95: 47 55 61
96: 48 53 60
97: 49 54 59
98: 50 58 64
99: 51 56 63
100: 52 57 62
101: 68 69 70
102: 65 66 67
103: 86 94 168
104: 87 92 166
105: 88 93 167
106: 80 94 167
107: 81 92 168
108: 82 93 166
109: 62 79 166
110: 63 77 167
111: 64 78 168
112: 86 91 165
113: 87 89 163
114: 88 90 164
115: 59 85 164
116: 60 83 165
117: 61 84 163
118: 71 76 162
119: 72 74 160
120: 73 75 161
121: 68 90 156
122: 69 89 154
123: 70 91 155
124: 56 84 159
125: 57 83 157
126: 58 85 158
127: 53 67 153
128: 54 65 151
129: 55 66 152
130: 74 152 156
131: 76 153 154
132: 75 151 155
133: 71 152 158
134: 73 153 159
135: 72 151 157
136: 77 155 158
137: 79 156 159
138: 78 154 157
139: 80 148 163
140: 81 149 164
141: 82 150 165
142: 47 149 161
143: 49 150 162
144: 48 148 160
145: 50 150 161
146: 51 149 160
147: 52 148 162
148: 139 144 147
149: 140 142 146
150: 141 143 145
151: 128 132 135
152: 129 130 133
153: 127 131 134
154: 122 131 138
155: 123 132 136
156: 121 130 137
157: 125 135 138
158: 126 133 136
159: 124 134 137
160: 119 144 146
161: 120 142 145
162: 118 143 147
163: 113 117 139
164: 114 115 140
165: 112 116 141
166: 104 108 109
167: 105 106 110
168: 103 107 111
