1: 2 3 4
2: 1 5 8
3: 1 7 10
4: 1 6 9
5: 2 11 14
6: 4 12 15
7: 3 13 16
8: 2 12 17
9: 4 13 19
10: 3 11 18
11: 5 10 22
12: 6 8 20
13: 7 9 21
14: 5 126 132
15: 6 127 134
16: 7 128 133
17: 8 129 132
18: 10 130 133
19: 9 131 134
20: 12 25 28
21: 13 23 26
22: 11 24 27
23: 21 46 128
24: 22 44 126
25: 20 45 127
26: 21 49 131
27: 22 47 130
28: 20 48 129
29: 38 41 132
30: 39 43 133
31: 40 42 134
32: 40 55 127
33: 39 53 128
34: 38 54 126
35: 43 51 130
36: 42 50 131
37: 41 52 129
38: 29 34 67
39: 30 33 65
40: 31 32 66
41: 29 37 64
42: 31 36 62
43: 30 35 63
44: 24 119 125
45: 25 117 123
46: 23 118 124
47: 27 119 122
48: 28 117 120
49: 26 118 121
50: 36 113 121
51: 35 111 122
52: 37 112 120
53: 33 116 124
54: 34 114 125
55: 32 115 123
56: 63 87 111
57: 64 88 112
58: 62 86 113
59: 66 99 115
60: 67 100 114
61: 65 98 116
62: 42 58 97
63: 43 56 95
64: 41 57 96
65: 39 61 95
66: 40 59 97
67: 38 60 96
68: 85 88 124
69: 83 86 125
70: 84 87 123
71: 87 103 115
72: 88 101 116
73: 86 102 114
74: 85 94 118
75: 83 92 119
76: 84 93 117
77: 84 89 111
78: 85 90 112
79: 83 91 113
80: 91 94 121
81: 89 92 122
82: 90 93 120
83: 69 75 79
84: 70 76 77
85: 68 74 78
86: 58 69 73
87: 56 70 71
88: 57 68 72
89: 77 81 110
90: 78 82 108
91: 79 80 109
92: 75 81 109
93: 76 82 110
94: 74 80 108
95: 63 65 103
96: 64 67 101
97: 62 66 102
98: 61 106 107
99: 59 105 106
100: 60 105 107
101: 72 96 107
102: 73 97 105
103: 71 95 106
104: 108 109 110
105: 99 100 102
106: 98 99 103
107: 98 100 101
108: 90 94 104
109: 91 92 104
110: 89 93 104
111: 51 56 77
112: 52 57 78
113: 50 58 79
114: 54 60 73
115: 55 59 71
116: 53 61 72
117: 45 48 76
118: 46 49 74
119: 44 47 75
120: 48 52 82
121: 49 50 80
122: 47 51 81
123: 45 55 70
124: 46 53 68
125: 44 54 69
126: 14 24 34
127: 15 25 32
128: 16 23 33
129: 17 28 37
130: 18 27 35
131: 19 26 36
132: 14 17 29
133: 16 18 30
134: 15 19 31
