1: 2 3 4
2: 1 5 8
3: 1 7 10
4: 1 6 9
5: 2 11 14
6: 4 12 15
7: 3 13 16
8: 2 12 17
9: 4 13 19
10: 3 11 18
11: 5 10 22
12: 6 8 20
13: 7 9 21
14: 5 246 252
15: 6 247 254
16: 7 248 253
17: 8 249 252
18: 10 250 253
19: 9 251 254
20: 12 25 28
21: 13 23 26
22: 11 24 27
23: 21 46 248
24: 22 44 246
25: 20 45 247
26: 21 49 251
27: 22 47 250
28: 20 48 249
29: 38 41 252
30: 39 43 253
31: 40 42 254
32: 40 52 247
33: 39 50 248
34: 38 51 246
35: 43 54 250
36: 42 53 251
37: 41 55 249
38: 29 34 58
39: 30 33 56
40: 31 32 57
41: 29 37 61
42: 31 36 59
43: 30 35 60
44: 24 239 242
45: 25 237 240
46: 23 238 241
47: 27 239 245
48: 28 237 243
49: 26 238 244
50: 33 233 241
51: 34 231 242
52: 32 232 240
53: 36 236 244
54: 35 234 245
55: 37 235 243
56: 39 64 85
57: 40 62 83
58: 38 63 84
59: 42 67 83
60: 43 65 85
61: 41 66 84
62: 57 106 232
63: 58 104 231
64: 56 105 233
65: 60 109 234
66: 61 107 235
67: 59 108 236
68: 88 94 244
69: 86 92 245
70: 87 93 243
71: 91 97 241
72: 89 95 242
73: 90 96 240
74: 88 91 238
75: 86 89 239
76: 87 90 237
77: 93 98 235
78: 94 99 236
79: 92 100 234
80: 96 101 232
81: 97 102 233
82: 95 103 231
83: 57 59 112
84: 58 61 110
85: 56 60 111
86: 69 75 115
87: 70 76 113
88: 68 74 114
89: 72 75 118
90: 73 76 116
91: 71 74 117
92: 69 79 139
93: 70 77 137
94: 68 78 138
95: 72 82 142
96: 73 80 140
97: 71 81 141
98: 77 220 227
99: 78 221 225
100: 79 219 226
101: 80 223 229
102: 81 224 228
103: 82 222 230
104: 63 215 230
105: 64 213 228
106: 62 214 229
107: 66 218 227
108: 67 216 225
109: 65 217 226
110: 84 215 218
111: 85 213 217
112: 83 214 216
113: 87 200 209
114: 88 198 207
115: 86 199 208
116: 90 200 212
117: 91 198 210
118: 89 199 211
119: 197 206 229
120: 195 204 230
121: 196 205 228
122: 194 203 217
123: 192 201 218
124: 193 202 216
125: 193 197 214
126: 192 195 215
127: 194 196 213
128: 191 203 226
129: 189 201 227
130: 190 202 225
131: 182 206 223
132: 180 205 224
133: 181 204 222
134: 179 189 220
135: 177 190 221
136: 178 191 219
137: 93 145 209
138: 94 143 207
139: 92 144 208
140: 96 148 212
141: 97 146 210
142: 95 147 211
143: 138 185 221
144: 139 183 219
145: 137 184 220
146: 141 188 224
147: 142 186 222
148: 140 187 223
149: 179 184 191
150: 177 185 189
151: 178 183 190
152: 180 182 187
153: 180 181 188
154: 181 182 186
155: 177 178 179
156: 172 184 203
157: 173 185 201
158: 171 183 202
159: 175 187 205
160: 176 188 204
161: 174 186 206
162: 169 172 194
163: 170 173 192
164: 168 171 193
165: 169 175 196
166: 170 176 195
167: 168 174 197
168: 164 167 199
169: 162 165 200
170: 163 166 198
171: 158 164 208
172: 156 162 209
173: 157 163 207
174: 161 167 211
175: 159 165 212
176: 160 166 210
177: 135 150 155
178: 136 151 155
179: 134 149 155
180: 132 152 153
181: 133 153 154
182: 131 152 154
183: 144 151 158
184: 145 149 156
185: 143 150 157
186: 147 154 161
187: 148 152 159
188: 146 153 160
189: 129 134 150
190: 130 135 151
191: 128 136 149
192: 123 126 163
193: 124 125 164
194: 122 127 162
195: 120 126 166
196: 121 127 165
197: 119 125 167
198: 114 117 170
199: 115 118 168
200: 113 116 169
201: 123 129 157
202: 124 130 158
203: 122 128 156
204: 120 133 160
205: 121 132 159
206: 119 131 161
207: 114 138 173
208: 115 139 171
209: 113 137 172
210: 117 141 176
211: 118 142 174
212: 116 140 175
213: 105 111 127
214: 106 112 125
215: 104 110 126
216: 108 112 124
217: 109 111 122
218: 107 110 123
219: 100 136 144
220: 98 134 145
221: 99 135 143
222: 103 133 147
223: 101 131 148
224: 102 132 146
225: 99 108 130
226: 100 109 128
227: 98 107 129
228: 102 105 121
229: 101 106 119
230: 103 104 120
231: 51 63 82
232: 52 62 80
233: 50 64 81
234: 54 65 79
235: 55 66 77
236: 53 67 78
237: 45 48 76
238: 46 49 74
239: 44 47 75
240: 45 52 73
241: 46 50 71
242: 44 51 72
243: 48 55 70
244: 49 53 68
245: 47 54 69
246: 14 24 34
247: 15 25 32
248: 16 23 33
249: 17 28 37
250: 18 27 35
251: 19 26 36
252: 14 17 29
253: 16 18 30
254: 15 19 31
