1: 2 3 4
2: 1 5 8
3: 1 7 10
4: 1 6 9
5: 2 11 14
6: 4 12 15
7: 3 13 16
8: 2 12 17
9: 4 13 19
10: 3 11 18
11: 5 10 22
12: 6 8 20
13: 7 9 21
14: 5 174 180
15: 6 175 182
16: 7 176 181
17: 8 177 180
18: 10 178 181
19: 9 179 182
20: 12 25 28
21: 13 23 26
22: 11 24 27
23: 21 46 176
24: 22 44 174
25: 20 45 175
26: 21 49 179
27: 22 47 178
28: 20 48 177
29: 38 41 180
30: 39 43 181
31: 40 42 182
32: 40 52 175
33: 39 50 176
34: 38 51 174
35: 43 54 178
36: 42 53 179
37: 41 55 177
38: 29 34 58
39: 30 33 56
40: 31 32 57
41: 29 37 61
42: 31 36 59
43: 30 35 60
44: 24 167 170
45: 25 165 168
46: 23 166 169
47: 27 167 173
48: 28 165 171
49: 26 166 172
50: 33 161 169
51: 34 159 170
52: 32 160 168
53: 36 164 172
54: 35 162 173
55: 37 163 171
56: 39 64 88
57: 40 62 86
58: 38 63 87
59: 42 67 86
60: 43 65 88
61: 41 66 87
62: 57 106 160
63: 58 104 159
64: 56 105 161
65: 60 103 162
66: 61 101 163
67: 59 102 164
68: 85 97 169
69: 83 95 170
70: 84 96 168
71: 91 97 166
72: 89 95 167
73: 90 96 165
74: 91 94 172
75: 89 92 173
76: 90 93 171
77: 84 98 160
78: 85 100 161
79: 83 99 159
80: 93 107 163
81: 94 108 164
82: 92 109 162
83: 69 79 146
84: 70 77 144
85: 68 78 145
86: 57 59 112
87: 58 61 110
88: 56 60 111
89: 72 75 121
90: 73 76 119
91: 71 74 120
92: 75 82 127
93: 76 80 125
94: 74 81 126
95: 69 72 124
96: 70 73 122
97: 68 71 123
98: 77 154 157
99: 79 155 156
100: 78 153 158
101: 66 152 158
102: 67 150 156
103: 65 151 157
104: 63 149 155
105: 64 147 153
106: 62 148 154
107: 80 145 158
108: 81 146 156
109: 82 144 157
110: 87 149 152
111: 88 147 151
112: 86 148 150
113: 143 151 154
114: 141 152 153
115: 142 150 155
116: 142 143 148
117: 141 142 149
118: 141 143 147
119: 90 137 140
120: 91 135 138
121: 89 136 139
122: 96 130 137
123: 97 128 135
124: 95 129 136
125: 93 128 140
126: 94 129 138
127: 92 130 139
128: 123 125 145
129: 124 126 146
130: 122 127 144
131: 134 136 138
132: 134 137 139
133: 134 135 140
134: 131 132 133
135: 120 123 133
136: 121 124 131
137: 119 122 132
138: 120 126 131
139: 121 127 132
140: 119 125 133
141: 114 117 118
142: 115 116 117
143: 113 116 118
144: 84 109 130
145: 85 107 128
146: 83 108 129
147: 105 111 118
148: 106 112 116
149: 104 110 117
150: 102 112 115
151: 103 111 113
152: 101 110 114
153: 100 105 114
154: 98 106 113
155: 99 104 115
156: 99 102 108
157: 98 103 109
158: 100 101 107
159: 51 63 79
160: 52 62 77
161: 50 64 78
162: 54 65 82
163: 55 66 80
164: 53 67 81
165: 45 48 73
166: 46 49 71
167: 44 47 72
168: 45 52 70
169: 46 50 68
170: 44 51 69
171: 48 55 76
172: 49 53 74
173: 47 54 75
174: 14 24 34
175: 15 25 32
176: 16 23 33
177: 17 28 37
178: 18 27 35
179: 19 26 36
180: 14 17 29
181: 16 18 30
182: 15 19 31
