1: 2 3 4
2: 1 5 8
3: 1 7 10
4: 1 6 9
5: 2 11 14
6: 4 12 15
7: 3 13 16
8: 2 12 17
9: 4 13 19
10: 3 11 18
11: 5 10 22
12: 6 8 20
13: 7 9 21
14: 5 138 144
15: 6 139 146
16: 7 140 145
17: 8 141 144
18: 10 142 145
19: 9 143 146
20: 12 25 28
21: 13 23 26
22: 11 24 27
23: 21 46 140
24: 22 44 138
25: 20 45 139
26: 21 49 143
27: 22 47 142
28: 20 48 141
29: 38 41 144
30: 39 43 145
31: 40 42 146
32: 40 52 139
33: 39 50 140
34: 38 51 138
35: 43 54 142
36: 42 53 143
37: 41 55 141
38: 29 34 61
39: 30 33 59
40: 31 32 60
41: 29 37 64
42: 31 36 62
43: 30 35 63
44: 24 131 137
45: 25 129 135
46: 23 130 136
47: 27 131 134
48: 28 129 132
49: 26 130 133
50: 33 125 136
51: 34 123 137
52: 32 124 135
53: 36 128 133
54: 35 126 134
55: 37 127 132
56: 60 101 124
57: 61 103 123
58: 59 102 125
59: 39 58 100
60: 40 56 98
61: 38 57 99
62: 42 67 98
63: 43 65 100
64: 41 66 99
65: 63 94 126
66: 64 92 127
67: 62 93 128
68: 85 91 136
69: 83 89 137
70: 84 90 135
71: 84 86 126
72: 85 87 127
73: 83 88 128
74: 84 94 124
75: 85 92 125
76: 83 93 123
77: 88 97 133
78: 86 95 134
79: 87 96 132
80: 91 97 130
81: 89 95 131
82: 90 96 129
83: 69 73 76
84: 70 71 74
85: 68 72 75
86: 71 78 122
87: 72 79 120
88: 73 77 121
89: 69 81 121
90: 70 82 122
91: 68 80 120
92: 66 75 119
93: 67 76 117
94: 65 74 118
95: 78 81 116
96: 79 82 114
97: 77 80 115
98: 60 62 113
99: 61 64 111
100: 59 63 112
101: 56 109 118
102: 58 108 119
103: 57 110 117
104: 115 116 121
105: 114 115 120
106: 114 116 122
107: 108 109 110
108: 102 107 112
109: 101 107 113
110: 103 107 111
111: 99 110 119
112: 100 108 118
113: 98 109 117
114: 96 105 106
115: 97 104 105
116: 95 104 106
117: 93 103 113
118: 94 101 112
119: 92 102 111
120: 87 91 105
121: 88 89 104
122: 86 90 106
123: 51 57 76
124: 52 56 74
125: 50 58 75
126: 54 65 71
127: 55 66 72
128: 53 67 73
129: 45 48 82
130: 46 49 80
131: 44 47 81
132: 48 55 79
133: 49 53 77
134: 47 54 78
135: 45 52 70
136: 46 50 68
137: 44 51 69
138: 14 24 34
139: 15 25 32
140: 16 23 33
141: 17 28 37
142: 18 27 35
143: 19 26 36
144: 14 17 29
145: 16 18 30
146: 15 19 31
