1: 2 3 4
2: 1 5 6
3: 1 7 9
4: 1 8 10
5: 2 12 15
6: 2 11 14
7: 3 13 19
8: 4 13 18
9: 3 12 17
10: 4 11 16
11: 6 10 22
12: 5 9 21
13: 7 8 20
14: 6 209 214
15: 5 208 214
16: 10 213 216
17: 9 212 215
18: 8 211 216
19: 7 210 215
20: 13 23 24
21: 12 26 28
22: 11 25 27
23: 20 45 211
24: 20 44 210
25: 22 47 209
26: 21 46 208
27: 22 49 213
28: 21 48 212
29: 38 39 214
30: 41 43 216
31: 40 42 215
32: 39 53 209
33: 38 52 208
34: 43 55 213
35: 42 54 212
36: 41 51 211
37: 40 50 210
38: 29 33 57
39: 29 32 56
40: 31 37 61
41: 30 36 60
42: 31 35 59
43: 30 34 58
44: 24 199 203
45: 23 199 202
46: 26 201 205
47: 25 200 204
48: 28 201 207
49: 27 200 206
50: 37 194 203
51: 36 193 202
52: 33 198 205
53: 32 197 204
54: 35 196 207
55: 34 195 206
56: 39 63 83
57: 38 62 83
58: 43 67 85
59: 42 66 84
60: 41 65 85
61: 40 64 84
62: 57 105 198
63: 56 104 197
64: 61 109 194
65: 60 108 193
66: 59 107 196
67: 58 106 195
68: 87 93 203
69: 86 92 202
70: 89 95 205
71: 88 94 204
72: 91 97 207
73: 90 96 206
74: 86 87 199
75: 89 91 201
76: 88 90 200
77: 93 103 194
78: 92 102 193
79: 95 99 198
80: 94 98 197
81: 97 101 196
82: 96 100 195
83: 56 57 110
84: 59 61 112
85: 58 60 111
86: 69 74 126
87: 68 74 125
88: 71 76 128
89: 70 75 127
90: 73 76 130
91: 72 75 129
92: 69 78 144
93: 68 77 143
94: 71 80 146
95: 70 79 145
96: 73 82 148
97: 72 81 147
98: 80 182 188
99: 79 181 187
100: 82 186 192
101: 81 185 191
102: 78 184 190
103: 77 183 189
104: 63 176 188
105: 62 175 187
106: 67 180 192
107: 66 179 191
108: 65 178 190
109: 64 177 189
110: 83 175 176
111: 85 178 180
112: 84 177 179
113: 168 170 182
114: 167 169 181
115: 167 174 186
116: 168 173 185
117: 168 172 184
118: 167 171 183
119: 150 170 188
120: 149 169 187
121: 153 174 192
122: 154 173 191
123: 151 172 190
124: 152 171 189
125: 87 158 162
126: 86 158 161
127: 89 160 164
128: 88 159 163
129: 91 160 166
130: 90 159 165
131: 150 155 176
132: 149 155 175
133: 153 156 180
134: 154 157 179
135: 151 156 178
136: 152 157 177
137: 144 170 184
138: 143 169 183
139: 146 173 182
140: 145 174 181
141: 148 171 186
142: 147 172 185
143: 93 138 162
144: 92 137 161
145: 95 140 164
146: 94 139 163
147: 97 142 166
148: 96 141 165
149: 120 132 162
150: 119 131 161
151: 123 135 166
152: 124 136 165
153: 121 133 164
154: 122 134 163
155: 131 132 158
156: 133 135 160
157: 134 136 159
158: 125 126 155
159: 128 130 157
160: 127 129 156
161: 126 144 150
162: 125 143 149
163: 128 146 154
164: 127 145 153
165: 130 148 152
166: 129 147 151
167: 114 115 118
168: 113 116 117
169: 114 120 138
170: 113 119 137
171: 118 124 141
172: 117 123 142
173: 116 122 139
174: 115 121 140
175: 105 110 132
176: 104 110 131
177: 109 112 136
178: 108 111 135
179: 107 112 134
180: 106 111 133
181: 99 114 140
182: 98 113 139
183: 103 118 138
184: 102 117 137
185: 101 116 142
186: 100 115 141
187: 99 105 120
188: 98 104 119
189: 103 109 124
190: 102 108 123
191: 101 107 122
192: 100 106 121
193: 51 65 78
194: 50 64 77
195: 55 67 82
196: 54 66 81
197: 53 63 80
198: 52 62 79
199: 44 45 74
200: 47 49 76
201: 46 48 75
202: 45 51 69
203: 44 50 68
204: 47 53 71
205: 46 52 70
206: 49 55 73
207: 48 54 72
208: 15 26 33
209: 14 25 32
210: 19 24 37
211: 18 23 36
212: 17 28 35
213: 16 27 34
214: 14 15 29
215: 17 19 31
216: 16 18 30
