1: 2 3 4
2: 1 5 8
3: 1 7 10
4: 1 6 9
5: 2 11 14
6: 4 12 15
7: 3 13 16
8: 2 12 17
9: 4 13 19
10: 3 11 18
11: 5 10 22
12: 6 8 20
13: 7 9 21
14: 5 118 124
15: 6 119 126
16: 7 120 125
17: 8 121 124
18: 10 122 125
19: 9 123 126
20: 12 25 28
21: 13 23 26
22: 11 24 27
23: 21 46 120
24: 22 44 118
25: 20 45 119
26: 21 49 123
27: 22 47 122
28: 20 48 121
29: 38 41 124
30: 39 43 126
31: 40 42 125
32: 40 54 122
33: 39 53 123
34: 38 55 121
35: 43 52 119
36: 42 50 120
37: 41 51 118
38: 29 34 67
39: 30 33 65
40: 31 32 66
41: 29 37 64
42: 31 36 62
43: 30 35 63
44: 24 111 117
45: 25 109 115
46: 23 110 116
47: 27 111 114
48: 28 109 112
49: 26 110 113
50: 36 105 116
51: 37 103 117
52: 35 104 115
53: 33 108 113
54: 32 106 114
55: 34 107 112
56: 63 83 104
57: 64 85 103
58: 62 84 105
59: 66 94 106
60: 67 92 107
61: 65 93 108
62: 42 58 100
63: 43 56 98
64: 41 57 99
65: 39 61 98
66: 40 59 100
67: 38 60 99
68: 85 88 110
69: 83 86 111
70: 84 87 109
71: 88 91 116
72: 86 89 117
73: 87 90 115
74: 87 91 105
75: 88 89 103
76: 86 90 104
77: 85 97 113
78: 83 95 114
79: 84 96 112
80: 94 96 107
81: 92 97 108
82: 93 95 106
83: 56 69 78
84: 58 70 79
85: 57 68 77
86: 69 72 76
87: 70 73 74
88: 68 71 75
89: 72 75 101
90: 73 76 101
91: 71 74 101
92: 60 81 102
93: 61 82 102
94: 59 80 102
95: 78 82 98
96: 79 80 100
97: 77 81 99
98: 63 65 95
99: 64 67 97
100: 62 66 96
101: 89 90 91
102: 92 93 94
103: 51 57 75
104: 52 56 76
105: 50 58 74
106: 54 59 82
107: 55 60 80
108: 53 61 81
109: 45 48 70
110: 46 49 68
111: 44 47 69
112: 48 55 79
113: 49 53 77
114: 47 54 78
115: 45 52 73
116: 46 50 71
117: 44 51 72
118: 14 24 37
119: 15 25 35
120: 16 23 36
121: 17 28 34
122: 18 27 32
123: 19 26 33
124: 14 17 29
125: 16 18 31
126: 15 19 30
