1: 2 3 4
2: 1 5 8
3: 1 7 9
4: 1 6 10
5: 2 11 17
6: 4 13 19
7: 3 12 18
8: 2 14 20
9: 3 16 22
10: 4 15 21
11: 5 23 35
12: 7 25 36
13: 6 24 37
14: 8 26 41
15: 10 28 43
16: 9 27 42
17: 5 29 44
18: 7 31 45
19: 6 30 46
20: 8 32 38
21: 10 34 40
22: 9 33 39
23: 11 47 56
24: 13 48 58
25: 12 49 57
26: 14 53 57
27: 16 54 58
28: 15 55 56
29: 17 48 65
30: 19 49 66
31: 18 47 67
32: 20 59 62
33: 22 60 63
34: 21 61 64
35: 11 60 77
36: 12 61 78
37: 13 59 79
38: 20 54 74
39: 22 55 75
40: 21 53 76
41: 14 50 71
42: 16 51 73
43: 15 52 72
44: 17 51 68
45: 18 52 70
46: 19 50 69
47: 23 31 97
48: 24 29 95
49: 25 30 96
50: 41 46 100
51: 42 44 98
52: 43 45 99
53: 26 40 94
54: 27 38 92
55: 28 39 93
56: 23 28 80
57: 25 26 80
58: 24 27 80
59: 32 37 90
60: 33 35 88
61: 34 36 89
62: 32 101 110
63: 33 102 112
64: 34 103 111
65: 29 104 110
66: 30 105 111
67: 31 106 112
68: 44 105 107
69: 46 106 109
70: 45 104 108
71: 41 95 102
72: 43 96 101
73: 42 97 103
74: 38 99 107
75: 39 100 108
76: 40 98 109
77: 35 92 111
78: 36 93 110
79: 37 94 112
80: 56 57 58
81: 101 102 103
82: 93 106 107
83: 94 105 108
84: 92 104 109
85: 89 95 99
86: 90 97 100
87: 88 96 98
88: 60 87 91
89: 61 85 91
90: 59 86 91
91: 88 89 90
92: 54 77 84
93: 55 78 82
94: 53 79 83
95: 48 71 85
96: 49 72 87
97: 47 73 86
98: 51 76 87
99: 52 74 85
100: 50 75 86
101: 62 72 81
102: 63 71 81
103: 64 73 81
104: 65 70 84
105: 66 68 83
106: 67 69 82
107: 68 74 82
108: 70 75 83
109: 69 76 84
110: 62 65 78
111: 64 66 77
112: 63 67 79
