1: 2 3 4
2: 1 5 6
3: 1 7 8
4: 1 9 10
5: 2 11 13
6: 2 12 14
7: 3 16 19
8: 3 15 20
9: 4 18 21
10: 4 17 22
11: 5 24 38
12: 6 23 37
13: 5 26 36
14: 6 25 35
15: 8 28 43
16: 7 27 44
17: 10 30 45
18: 9 29 46
19: 7 32 40
20: 8 31 39
21: 9 34 42
22: 10 33 41
23: 12 48 72
24: 11 47 71
25: 14 50 74
26: 13 49 73
27: 16 52 75
28: 15 51 76
29: 18 54 77
30: 17 53 78
31: 20 56 79
32: 19 55 80
33: 22 58 81
34: 21 57 82
35: 14 60 86
36: 13 59 85
37: 12 62 84
38: 11 61 83
39: 20 64 92
40: 19 63 91
41: 22 66 94
42: 21 65 93
43: 15 68 87
44: 16 67 88
45: 17 70 89
46: 18 69 90
47: 24 96 104
48: 23 95 103
49: 26 98 102
50: 25 97 101
51: 28 96 109
52: 27 95 110
53: 30 98 111
54: 29 97 112
55: 32 100 106
56: 31 99 105
57: 34 100 108
58: 33 99 107
59: 36 114 134
60: 35 113 133
61: 38 116 132
62: 37 115 131
63: 40 114 136
64: 39 113 135
65: 42 116 135
66: 41 115 136
67: 44 117 132
68: 43 118 131
69: 46 118 134
70: 45 117 133
71: 24 106 122
72: 23 105 121
73: 26 108 120
74: 25 107 119
75: 27 102 128
76: 28 101 127
77: 29 104 130
78: 30 103 129
79: 31 112 124
80: 32 111 123
81: 33 110 126
82: 34 109 125
83: 38 124 138
84: 37 123 137
85: 36 126 140
86: 35 125 139
87: 43 120 141
88: 44 119 142
89: 45 122 143
90: 46 121 144
91: 40 130 145
92: 39 129 146
93: 42 128 147
94: 41 127 148
95: 48 52 172
96: 47 51 171
97: 50 54 174
98: 49 53 173
99: 56 58 176
100: 55 57 175
101: 50 76 150
102: 49 75 149
103: 48 78 152
104: 47 77 151
105: 56 72 154
106: 55 71 153
107: 58 74 153
108: 57 73 154
109: 51 82 152
110: 52 81 151
111: 53 80 150
112: 54 79 149
113: 60 64 151
114: 59 63 152
115: 62 66 149
116: 61 65 150
117: 67 70 154
118: 68 69 153
119: 74 88 156
120: 73 87 155
121: 72 90 158
122: 71 89 157
123: 80 84 160
124: 79 83 159
125: 82 86 159
126: 81 85 160
127: 76 94 158
128: 75 93 157
129: 78 92 156
130: 77 91 155
131: 62 68 161
132: 61 67 161
133: 60 70 162
134: 59 69 162
135: 64 65 163
136: 63 66 163
137: 84 171 180
138: 83 172 179
139: 86 173 178
140: 85 174 177
141: 87 172 182
142: 88 171 181
143: 89 174 182
144: 90 173 181
145: 91 176 178
146: 92 175 177
147: 93 176 180
148: 94 175 179
149: 102 112 115
150: 101 111 116
151: 104 110 113
152: 103 109 114
153: 106 107 118
154: 105 108 117
155: 120 130 168
156: 119 129 168
157: 122 128 169
158: 121 127 169
159: 124 125 170
160: 123 126 170
161: 131 132 166
162: 133 134 165
163: 135 136 164
164: 163 181 182
165: 162 179 180
166: 161 177 178
167: 168 169 170
168: 155 156 167
169: 157 158 167
170: 159 160 167
171: 96 137 142
172: 95 138 141
173: 98 139 144
174: 97 140 143
175: 100 146 148
176: 99 145 147
177: 140 146 166
178: 139 145 166
179: 138 148 165
180: 137 147 165
181: 142 144 164
182: 141 143 164
