1: 2 3 4
2: 1 5 6
3: 1 7 9
4: 1 8 10
5: 2 12 17
6: 2 11 18
7: 3 14 20
8: 4 13 19
9: 3 16 22
10: 4 15 21
11: 6 24 35
12: 5 23 36
13: 8 26 38
14: 7 25 37
15: 10 28 40
16: 9 27 39
17: 5 30 41
18: 6 29 42
19: 8 34 44
20: 7 33 43
21: 10 32 46
22: 9 31 45
23: 12 48 69
24: 11 47 68
25: 14 49 71
26: 13 49 70
27: 16 48 73
28: 15 47 72
29: 18 51 62
30: 17 50 63
31: 22 53 65
32: 21 52 64
33: 20 55 67
34: 19 54 66
35: 11 57 75
36: 12 56 74
37: 14 59 79
38: 13 58 78
39: 16 61 77
40: 15 60 76
41: 17 81 87
42: 18 80 86
43: 20 85 89
44: 19 84 88
45: 22 83 91
46: 21 82 90
47: 24 28 96
48: 23 27 95
49: 25 26 94
50: 30 198 216
51: 29 197 215
52: 32 200 220
53: 31 199 219
54: 34 202 218
55: 33 201 217
56: 36 180 192
57: 35 179 191
58: 38 184 194
59: 37 183 193
60: 40 182 196
61: 39 181 195
62: 29 174 212
63: 30 173 212
64: 32 178 214
65: 31 177 213
66: 34 176 214
67: 33 175 213
68: 24 167 186
69: 23 168 185
70: 26 172 188
71: 25 171 187
72: 28 170 190
73: 27 169 189
74: 36 162 210
75: 35 161 209
76: 40 164 211
77: 39 163 211
78: 38 166 210
79: 37 165 209
80: 42 155 218
81: 41 156 217
82: 46 158 216
83: 45 157 215
84: 44 160 219
85: 43 159 220
86: 42 89 204
87: 41 88 203
88: 44 87 206
89: 43 86 205
90: 46 91 208
91: 45 90 207
92: 191 194 195
93: 192 193 196
94: 49 185 186
95: 48 188 190
96: 47 187 189
97: 150 191 203
98: 149 192 204
99: 154 194 208
100: 153 193 207
101: 152 196 206
102: 151 195 205
103: 148 197 200
104: 147 198 199
105: 146 201 202
106: 140 168 200
107: 141 167 199
108: 137 172 197
109: 136 171 198
110: 139 170 201
111: 138 169 202
112: 114 174 184
113: 115 173 183
114: 112 178 180
115: 113 177 179
116: 117 176 181
117: 116 175 182
118: 148 151 161
119: 147 152 162
120: 146 150 166
121: 146 149 165
122: 148 153 164
123: 147 154 163
124: 131 154 186
125: 130 153 185
126: 134 151 188
127: 135 152 187
128: 132 149 190
129: 133 150 189
130: 125 145 216
131: 124 144 215
132: 128 144 220
133: 129 145 219
134: 126 143 218
135: 127 143 217
136: 109 137 204
137: 108 136 203
138: 111 140 208
139: 110 141 207
140: 106 138 206
141: 107 139 205
142: 143 144 145
143: 134 135 142
144: 131 132 142
145: 130 133 142
146: 105 120 121
147: 104 119 123
148: 103 118 122
149: 98 121 128
150: 97 120 129
151: 102 118 126
152: 101 119 127
153: 100 122 125
154: 99 123 124
155: 80 158 182
156: 81 157 181
157: 83 156 180
158: 82 155 179
159: 85 160 184
160: 84 159 183
161: 75 118 162
162: 74 119 161
163: 77 123 165
164: 76 122 166
165: 79 121 163
166: 78 120 164
167: 68 107 176
168: 69 106 175
169: 73 111 174
170: 72 110 173
171: 71 109 178
172: 70 108 177
173: 63 113 170
174: 62 112 169
175: 67 117 168
176: 66 116 167
177: 65 115 172
178: 64 114 171
179: 57 115 158
180: 56 114 157
181: 61 116 156
182: 60 117 155
183: 59 113 160
184: 58 112 159
185: 69 94 125
186: 68 94 124
187: 71 96 127
188: 70 95 126
189: 73 96 129
190: 72 95 128
191: 57 92 97
192: 56 93 98
193: 59 93 100
194: 58 92 99
195: 61 92 102
196: 60 93 101
197: 51 103 108
198: 50 104 109
199: 53 104 107
200: 52 103 106
201: 55 105 110
202: 54 105 111
203: 87 97 137
204: 86 98 136
205: 89 102 141
206: 88 101 140
207: 91 100 139
208: 90 99 138
209: 75 79 214
210: 74 78 213
211: 76 77 212
212: 62 63 211
213: 65 67 210
214: 64 66 209
215: 51 83 131
216: 50 82 130
217: 55 81 135
218: 54 80 134
219: 53 84 133
220: 52 85 132
