1: 2 3 4
2: 1 5 6
3: 1 7 8
4: 1 9 10
5: 2 11 12
6: 2 13 14
7: 3 15 17
8: 3 16 18
9: 4 20 21
10: 4 19 22
11: 5 24 27
12: 5 23 28
13: 6 26 29
14: 6 25 30
15: 7 32 42
16: 8 31 41
17: 7 34 40
18: 8 33 39
19: 10 36 45
20: 9 35 46
21: 9 38 43
22: 10 37 44
23: 12 48 71
24: 11 47 72
25: 14 50 73
26: 13 49 74
27: 11 52 75
28: 12 51 76
29: 13 54 77
30: 14 53 78
31: 16 56 90
32: 15 55 89
33: 18 58 88
34: 17 57 87
35: 20 60 93
36: 19 59 94
37: 22 62 91
38: 21 61 92
39: 18 64 82
40: 17 63 81
41: 16 66 80
42: 15 65 79
43: 21 68 85
44: 22 67 86
45: 19 70 83
46: 20 69 84
47: 24 96 124
48: 23 95 123
49: 26 98 126
50: 25 97 125
51: 28 100 120
52: 27 99 119
53: 30 102 122
54: 29 101 121
55: 32 112 120
56: 31 111 119
57: 34 114 122
58: 33 113 121
59: 36 116 124
60: 35 115 123
61: 38 118 126
62: 37 117 125
63: 40 104 128
64: 39 103 127
65: 42 106 130
66: 41 105 129
67: 44 108 128
68: 43 107 127
69: 46 110 130
70: 45 109 129
71: 23 104 136
72: 24 103 135
73: 25 106 138
74: 26 105 137
75: 27 108 132
76: 28 107 131
77: 29 110 134
78: 30 109 133
79: 42 96 148
80: 41 95 147
81: 40 98 150
82: 39 97 149
83: 45 100 152
84: 46 99 151
85: 43 102 154
86: 44 101 153
87: 34 116 140
88: 33 115 139
89: 32 118 142
90: 31 117 141
91: 37 112 144
92: 38 111 143
93: 35 114 146
94: 36 113 145
95: 48 80 174
96: 47 79 173
97: 50 82 176
98: 49 81 175
99: 52 84 178
100: 51 83 177
101: 54 86 180
102: 53 85 179
103: 64 72 190
104: 63 71 189
105: 66 74 192
106: 65 73 191
107: 68 76 194
108: 67 75 193
109: 70 78 196
110: 69 77 195
111: 56 92 182
112: 55 91 181
113: 58 94 184
114: 57 93 183
115: 60 88 186
116: 59 87 185
117: 62 90 188
118: 61 89 187
119: 52 56 164
120: 51 55 163
121: 54 58 163
122: 53 57 164
123: 48 60 166
124: 47 59 165
125: 50 62 166
126: 49 61 165
127: 64 68 167
128: 63 67 167
129: 66 70 168
130: 65 69 168
131: 76 192 201
132: 75 191 202
133: 78 190 203
134: 77 189 204
135: 72 195 198
136: 71 196 197
137: 74 193 200
138: 73 194 199
139: 88 173 200
140: 87 174 199
141: 90 175 198
142: 89 176 197
143: 92 177 204
144: 91 178 203
145: 94 179 202
146: 93 180 201
147: 80 187 202
148: 79 188 201
149: 82 185 204
150: 81 186 203
151: 84 184 197
152: 83 183 198
153: 86 182 199
154: 85 181 200
155: 174 181 195
156: 173 182 196
157: 176 183 193
158: 175 184 194
159: 177 186 191
160: 178 185 192
161: 179 188 189
162: 180 187 190
163: 120 121 170
164: 119 122 170
165: 124 126 171
166: 123 125 171
167: 127 128 172
168: 129 130 172
169: 170 171 172
170: 163 164 169
171: 165 166 169
172: 167 168 169
173: 96 139 156
174: 95 140 155
175: 98 141 158
176: 97 142 157
177: 100 143 159
178: 99 144 160
179: 102 145 161
180: 101 146 162
181: 112 154 155
182: 111 153 156
183: 114 152 157
184: 113 151 158
185: 116 149 160
186: 115 150 159
187: 118 147 162
188: 117 148 161
189: 104 134 161
190: 103 133 162
191: 106 132 159
192: 105 131 160
193: 108 137 157
194: 107 138 158
195: 110 135 155
196: 109 136 156
197: 136 142 151
198: 135 141 152
199: 138 140 153
200: 137 139 154
201: 131 146 148
202: 132 145 147
203: 133 144 150
204: 134 143 149
