1: 2 3 4
2: 1 5 6
3: 1 7 9
4: 1 8 10
5: 2 12 15
6: 2 11 14
7: 3 13 19
8: 4 13 18
9: 3 12 17
10: 4 11 16
11: 6 10 22
12: 5 9 21
13: 7 8 20
14: 6 235 240
15: 5 234 240
16: 10 239 242
17: 9 238 241
18: 8 237 242
19: 7 236 241
20: 13 23 24
21: 12 26 28
22: 11 25 27
23: 20 45 237
24: 20 44 236
25: 22 47 235
26: 21 46 234
27: 22 49 239
28: 21 48 238
29: 38 39 240
30: 41 43 242
31: 40 42 241
32: 39 53 235
33: 38 52 234
34: 43 55 239
35: 42 54 238
36: 41 51 237
37: 40 50 236
38: 29 33 57
39: 29 32 56
40: 31 37 61
41: 30 36 60
42: 31 35 59
43: 30 34 58
44: 24 225 229
45: 23 225 228
46: 26 227 231
47: 25 226 230
48: 28 227 233
49: 27 226 232
50: 37 220 229
51: 36 219 228
52: 33 224 231
53: 32 223 230
54: 35 222 233
55: 34 221 232
56: 39 63 83
57: 38 62 83
58: 43 67 85
59: 42 66 84
60: 41 65 85
61: 40 64 84
62: 57 105 224
63: 56 104 223
64: 61 109 220
65: 60 108 219
66: 59 107 222
67: 58 106 221
68: 87 93 229
69: 86 92 228
70: 89 95 231
71: 88 94 230
72: 91 97 233
73: 90 96 232
74: 86 87 225
75: 89 91 227
76: 88 90 226
77: 93 103 220
78: 92 102 219
79: 95 99 224
80: 94 98 223
81: 97 101 222
82: 96 100 221
83: 56 57 110
84: 59 61 112
85: 58 60 111
86: 69 74 117
87: 68 74 116
88: 71 76 119
89: 70 75 118
90: 73 76 121
91: 72 75 120
92: 69 78 141
93: 68 77 140
94: 71 80 143
95: 70 79 142
96: 73 82 145
97: 72 81 144
98: 80 208 214
99: 79 207 213
100: 82 212 218
101: 81 211 217
102: 78 210 216
103: 77 209 215
104: 63 202 214
105: 62 201 213
106: 67 206 218
107: 66 205 217
108: 65 204 216
109: 64 203 215
110: 83 201 202
111: 85 204 206
112: 84 203 205
113: 200 211 212
114: 199 208 209
115: 198 207 210
116: 87 183 190
117: 86 183 189
118: 89 185 192
119: 88 184 191
120: 91 185 194
121: 90 184 193
122: 178 199 214
123: 177 198 213
124: 182 200 218
125: 181 200 217
126: 180 198 216
127: 179 199 215
128: 178 186 202
129: 177 186 201
130: 182 188 206
131: 181 187 205
132: 180 188 204
133: 179 187 203
134: 141 195 210
135: 140 196 209
136: 143 196 208
137: 142 195 207
138: 145 197 212
139: 144 197 211
140: 93 135 190
141: 92 134 189
142: 95 137 192
143: 94 136 191
144: 97 139 194
145: 96 138 193
146: 168 181 182
147: 170 178 179
148: 169 177 180
149: 171 172 183
150: 174 176 185
151: 173 175 184
152: 169 170 186
153: 168 169 188
154: 168 170 187
155: 162 172 189
156: 161 171 190
157: 163 174 194
158: 163 173 193
159: 162 176 192
160: 161 175 191
161: 156 160 196
162: 155 159 195
163: 157 158 197
164: 167 172 176
165: 167 171 175
166: 167 173 174
167: 164 165 166
168: 146 153 154
169: 148 152 153
170: 147 152 154
171: 149 156 165
172: 149 155 164
173: 151 158 166
174: 150 157 166
175: 151 160 165
176: 150 159 164
177: 123 129 148
178: 122 128 147
179: 127 133 147
180: 126 132 148
181: 125 131 146
182: 124 130 146
183: 116 117 149
184: 119 121 151
185: 118 120 150
186: 128 129 152
187: 131 133 154
188: 130 132 153
189: 117 141 155
190: 116 140 156
191: 119 143 160
192: 118 142 159
193: 121 145 158
194: 120 144 157
195: 134 137 162
196: 135 136 161
197: 138 139 163
198: 115 123 126
199: 114 122 127
200: 113 124 125
201: 105 110 129
202: 104 110 128
203: 109 112 133
204: 108 111 132
205: 107 112 131
206: 106 111 130
207: 99 115 137
208: 98 114 136
209: 103 114 135
210: 102 115 134
211: 101 113 139
212: 100 113 138
213: 99 105 123
214: 98 104 122
215: 103 109 127
216: 102 108 126
217: 101 107 125
218: 100 106 124
219: 51 65 78
220: 50 64 77
221: 55 67 82
222: 54 66 81
223: 53 63 80
224: 52 62 79
225: 44 45 74
226: 47 49 76
227: 46 48 75
228: 45 51 69
229: 44 50 68
230: 47 53 71
231: 46 52 70
232: 49 55 73
233: 48 54 72
234: 15 26 33
235: 14 25 32
236: 19 24 37
237: 18 23 36
238: 17 28 35
239: 16 27 34
240: 14 15 29
241: 17 19 31
242: 16 18 30
