1: 2 3 4
2: 1 5 8
3: 1 7 10
4: 1 6 9
5: 2 11 14
6: 4 12 15
7: 3 13 16
8: 2 12 17
9: 4 13 19
10: 3 11 18
11: 5 10 22
12: 6 8 20
13: 7 9 21
14: 5 106 112
15: 6 107 114
16: 7 108 113
17: 8 109 112
18: 10 110 113
19: 9 111 114
20: 12 25 28
21: 13 23 26
22: 11 24 27
23: 21 46 108
24: 22 44 106
25: 20 45 107
26: 21 49 111
27: 22 47 110
28: 20 48 109
29: 38 41 112
30: 39 43 113
31: 40 42 114
32: 40 55 107
33: 39 53 108
34: 38 54 106
35: 43 51 110
36: 42 50 111
37: 41 52 109
38: 29 34 64
39: 30 33 62
40: 31 32 63
41: 29 37 73
42: 31 36 71
43: 30 35 72
44: 24 102 105
45: 25 100 103
46: 23 101 104
47: 27 99 105
48: 28 97 103
49: 26 98 104
50: 36 96 98
51: 35 94 99
52: 37 95 97
53: 33 93 101
54: 34 91 102
55: 32 92 100
56: 84 91 98
57: 82 92 99
58: 83 93 97
59: 63 92 94
60: 64 91 96
61: 62 93 95
62: 39 61 90
63: 40 59 88
64: 38 60 89
65: 83 87 101
66: 84 85 102
67: 82 86 100
68: 84 87 104
69: 82 85 105
70: 83 86 103
71: 42 76 88
72: 43 74 90
73: 41 75 89
74: 72 81 94
75: 73 79 95
76: 71 80 96
77: 85 86 87
78: 79 80 81
79: 75 78 90
80: 76 78 89
81: 74 78 88
82: 57 67 69
83: 58 65 70
84: 56 66 68
85: 66 69 77
86: 67 70 77
87: 65 68 77
88: 63 71 81
89: 64 73 80
90: 62 72 79
91: 54 56 60
92: 55 57 59
93: 53 58 61
94: 51 59 74
95: 52 61 75
96: 50 60 76
97: 48 52 58
98: 49 50 56
99: 47 51 57
100: 45 55 67
101: 46 53 65
102: 44 54 66
103: 45 48 70
104: 46 49 68
105: 44 47 69
106: 14 24 34
107: 15 25 32
108: 16 23 33
109: 17 28 37
110: 18 27 35
111: 19 26 36
112: 14 17 29
113: 16 18 30
114: 15 19 31
