1: 2 3 4
2: 1 5 6
3: 1 7 9
4: 1 8 10
5: 2 12 17
6: 2 11 18
7: 3 14 20
8: 4 13 19
9: 3 16 22
10: 4 15 21
11: 6 24 42
12: 5 23 41
13: 8 26 46
14: 7 25 45
15: 10 28 44
16: 9 27 43
17: 5 30 35
18: 6 29 36
19: 8 32 38
20: 7 31 37
21: 10 34 40
22: 9 33 39
23: 12 48 53
24: 11 47 54
25: 14 52 54
26: 13 51 53
27: 16 50 55
28: 15 49 55
29: 18 50 63
30: 17 49 62
31: 20 48 65
32: 19 47 64
33: 22 51 67
34: 21 52 66
35: 17 57 69
36: 18 56 68
37: 20 61 71
38: 19 60 70
39: 22 59 73
40: 21 58 72
41: 12 59 75
42: 11 58 74
43: 16 57 77
44: 15 56 76
45: 14 60 79
46: 13 61 78
47: 24 32 164
48: 23 31 163
49: 28 30 168
50: 27 29 167
51: 26 33 166
52: 25 34 165
53: 23 26 80
54: 24 25 80
55: 27 28 80
56: 36 44 115
57: 35 43 114
58: 40 42 119
59: 39 41 118
60: 38 45 117
61: 37 46 116
62: 30 170 188
63: 29 169 187
64: 32 172 190
65: 31 171 189
66: 34 174 192
67: 33 173 191
68: 36 176 188
69: 35 175 187
70: 38 178 192
71: 37 177 191
72: 40 180 190
73: 39 179 189
74: 42 168 182
75: 41 167 181
76: 44 164 184
77: 43 163 183
78: 46 165 186
79: 45 166 185
80: 53 54 55
81: 162 182 184
82: 161 181 183
83: 160 185 186
84: 155 176 182
85: 154 175 181
86: 159 180 184
87: 158 179 183
88: 157 178 186
89: 156 177 185
90: 149 168 169
91: 148 167 170
92: 153 164 174
93: 152 163 173
94: 151 165 172
95: 150 166 171
96: 141 162 173
97: 140 161 174
98: 145 162 171
99: 144 161 172
100: 143 160 169
101: 142 160 170
102: 141 147 179
103: 140 146 180
104: 145 146 177
105: 144 147 178
106: 143 147 176
107: 142 146 175
108: 137 157 188
109: 137 156 187
110: 139 155 189
111: 138 154 190
112: 139 159 191
113: 138 158 192
114: 57 129 135
115: 56 128 134
116: 61 133 136
117: 60 132 136
118: 59 131 135
119: 58 130 134
120: 127 149 157
121: 126 148 156
122: 126 153 154
123: 127 152 155
124: 127 151 158
125: 126 150 159
126: 121 122 125
127: 120 123 124
128: 115 141 149
129: 114 140 148
130: 119 145 153
131: 118 144 152
132: 117 143 151
133: 116 142 150
134: 115 119 139
135: 114 118 138
136: 116 117 137
137: 108 109 136
138: 111 113 135
139: 110 112 134
140: 97 103 129
141: 96 102 128
142: 101 107 133
143: 100 106 132
144: 99 105 131
145: 98 104 130
146: 103 104 107
147: 102 105 106
148: 91 121 129
149: 90 120 128
150: 95 125 133
151: 94 124 132
152: 93 123 131
153: 92 122 130
154: 85 111 122
155: 84 110 123
156: 89 109 121
157: 88 108 120
158: 87 113 124
159: 86 112 125
160: 83 100 101
161: 82 97 99
162: 81 96 98
163: 48 77 93
164: 47 76 92
165: 52 78 94
166: 51 79 95
167: 50 75 91
168: 49 74 90
169: 63 90 100
170: 62 91 101
171: 65 95 98
172: 64 94 99
173: 67 93 96
174: 66 92 97
175: 69 85 107
176: 68 84 106
177: 71 89 104
178: 70 88 105
179: 73 87 102
180: 72 86 103
181: 75 82 85
182: 74 81 84
183: 77 82 87
184: 76 81 86
185: 79 83 89
186: 78 83 88
187: 63 69 109
188: 62 68 108
189: 65 73 110
190: 64 72 111
191: 67 71 112
192: 66 70 113
