1: 2 3 4
2: 1 5 8
3: 1 7 10
4: 1 6 9
5: 2 11 14
6: 4 12 15
7: 3 13 16
8: 2 12 17
9: 4 13 19
10: 3 11 18
11: 5 10 22
12: 6 8 20
13: 7 9 21
14: 5 210 216
15: 6 211 218
16: 7 212 217
17: 8 213 216
18: 10 214 217
19: 9 215 218
20: 12 25 28
21: 13 23 26
22: 11 24 27
23: 21 46 212
24: 22 44 210
25: 20 45 211
26: 21 49 215
27: 22 47 214
28: 20 48 213
29: 38 41 216
30: 39 43 217
31: 40 42 218
32: 40 52 211
33: 39 50 212
34: 38 51 210
35: 43 54 214
36: 42 53 215
37: 41 55 213
38: 29 34 58
39: 30 33 56
40: 31 32 57
41: 29 37 61
42: 31 36 59
43: 30 35 60
44: 24 203 206
45: 25 201 204
46: 23 202 205
47: 27 203 209
48: 28 201 207
49: 26 202 208
50: 33 197 205
51: 34 195 206
52: 32 196 204
53: 36 200 208
54: 35 198 209
55: 37 199 207
56: 39 64 85
57: 40 62 83
58: 38 63 84
59: 42 67 83
60: 43 65 85
61: 41 66 84
62: 57 106 196
63: 58 104 195
64: 56 105 197
65: 60 109 198
66: 61 107 199
67: 59 108 200
68: 88 97 205
69: 86 95 206
70: 87 96 204
71: 91 94 208
72: 89 92 209
73: 90 93 207
74: 88 91 202
75: 86 89 203
76: 87 90 201
77: 96 98 196
78: 97 99 197
79: 95 100 195
80: 93 102 199
81: 94 103 200
82: 92 101 198
83: 57 59 112
84: 58 61 110
85: 56 60 111
86: 69 75 127
87: 70 76 125
88: 68 74 126
89: 72 75 130
90: 73 76 128
91: 71 74 129
92: 72 82 142
93: 73 80 140
94: 71 81 141
95: 69 79 145
96: 70 77 143
97: 68 78 144
98: 77 184 193
99: 78 185 192
100: 79 183 194
101: 82 188 190
102: 80 186 191
103: 81 187 189
104: 63 179 194
105: 64 177 192
106: 62 178 193
107: 66 182 191
108: 67 180 189
109: 65 181 190
110: 84 179 182
111: 85 177 181
112: 83 178 180
113: 173 176 190
114: 171 174 191
115: 172 175 189
116: 172 173 188
117: 171 172 187
118: 171 173 186
119: 154 176 181
120: 155 174 182
121: 153 175 180
122: 151 163 185
123: 152 164 183
124: 150 162 184
125: 87 161 167
126: 88 159 165
127: 86 160 166
128: 90 161 170
129: 91 159 168
130: 89 160 169
131: 150 156 193
132: 152 158 194
133: 151 157 192
134: 153 156 178
135: 155 158 179
136: 154 157 177
137: 141 174 187
138: 142 175 188
139: 140 176 186
140: 93 139 170
141: 94 137 168
142: 92 138 169
143: 96 148 167
144: 97 146 165
145: 95 147 166
146: 144 164 185
147: 145 162 183
148: 143 163 184
149: 162 163 164
150: 124 131 166
151: 122 133 167
152: 123 132 165
153: 121 134 169
154: 119 136 170
155: 120 135 168
156: 131 134 160
157: 133 136 161
158: 132 135 159
159: 126 129 158
160: 127 130 156
161: 125 128 157
162: 124 147 149
163: 122 148 149
164: 123 146 149
165: 126 144 152
166: 127 145 150
167: 125 143 151
168: 129 141 155
169: 130 142 153
170: 128 140 154
171: 114 117 118
172: 115 116 117
173: 113 116 118
174: 114 120 137
175: 115 121 138
176: 113 119 139
177: 105 111 136
178: 106 112 134
179: 104 110 135
180: 108 112 121
181: 109 111 119
182: 107 110 120
183: 100 123 147
184: 98 124 148
185: 99 122 146
186: 102 118 139
187: 103 117 137
188: 101 116 138
189: 103 108 115
190: 101 109 113
191: 102 107 114
192: 99 105 133
193: 98 106 131
194: 100 104 132
195: 51 63 79
196: 52 62 77
197: 50 64 78
198: 54 65 82
199: 55 66 80
200: 53 67 81
201: 45 48 76
202: 46 49 74
203: 44 47 75
204: 45 52 70
205: 46 50 68
206: 44 51 69
207: 48 55 73
208: 49 53 71
209: 47 54 72
210: 14 24 34
211: 15 25 32
212: 16 23 33
213: 17 28 37
214: 18 27 35
215: 19 26 36
216: 14 17 29
217: 16 18 30
218: 15 19 31
