1: 2 3 4
2: 1 5 6
3: 1 7 9
4: 1 8 10
5: 2 12 18
6: 2 11 17
7: 3 14 22
8: 4 13 21
9: 3 16 20
10: 4 15 19
11: 6 24 30
12: 5 23 29
13: 8 26 34
14: 7 25 33
15: 10 28 32
16: 9 27 31
17: 6 36 42
18: 5 35 41
19: 10 38 44
20: 9 37 43
21: 8 40 46
22: 7 39 45
23: 12 47 90
24: 11 48 89
25: 14 50 92
26: 13 49 91
27: 16 52 94
28: 15 51 93
29: 12 60 77
30: 11 59 78
31: 16 62 82
32: 15 61 81
33: 14 64 80
34: 13 63 79
35: 18 66 72
36: 17 65 71
37: 20 68 74
38: 19 67 73
39: 22 70 76
40: 21 69 75
41: 18 54 83
42: 17 53 84
43: 20 56 88
44: 19 55 87
45: 22 58 86
46: 21 57 85
47: 23 137 142
48: 24 136 143
49: 26 139 145
50: 25 138 144
51: 28 141 147
52: 27 140 146
53: 42 96 101
54: 41 95 100
55: 44 96 105
56: 43 95 104
57: 46 95 103
58: 45 96 102
59: 30 98 148
60: 29 97 149
61: 32 99 153
62: 31 99 152
63: 34 98 151
64: 33 97 150
65: 36 119 125
66: 35 118 124
67: 38 123 127
68: 37 122 126
69: 40 121 129
70: 39 120 128
71: 36 113 154
72: 35 112 155
73: 38 117 157
74: 37 116 156
75: 40 115 159
76: 39 114 158
77: 29 110 131
78: 30 109 130
79: 34 111 133
80: 33 111 132
81: 32 110 135
82: 31 109 134
83: 41 107 114
84: 42 106 115
85: 46 108 113
86: 45 108 112
87: 44 107 116
88: 43 106 117
89: 24 103 120
90: 23 102 121
91: 26 101 122
92: 25 100 123
93: 28 104 119
94: 27 105 118
95: 54 56 57
96: 53 55 58
97: 60 64 216
98: 59 63 215
99: 61 62 214
100: 54 92 214
101: 53 91 214
102: 58 90 215
103: 57 89 216
104: 56 93 215
105: 55 94 216
106: 84 88 213
107: 83 87 212
108: 85 86 211
109: 78 82 210
110: 77 81 209
111: 79 80 208
112: 72 86 197
113: 71 85 196
114: 76 83 201
115: 75 84 200
116: 74 87 199
117: 73 88 198
118: 66 94 203
119: 65 93 202
120: 70 89 207
121: 69 90 206
122: 68 91 205
123: 67 92 204
124: 66 173 208
125: 65 172 208
126: 68 174 209
127: 67 174 210
128: 70 173 209
129: 69 172 210
130: 78 188 211
131: 77 187 211
132: 80 192 212
133: 79 191 213
134: 82 190 212
135: 81 189 213
136: 48 194 206
137: 47 193 207
138: 50 195 203
139: 49 195 202
140: 52 194 204
141: 51 193 205
142: 47 190 196
143: 48 189 197
144: 50 188 199
145: 49 187 198
146: 52 191 201
147: 51 192 200
148: 59 176 181
149: 60 175 182
150: 64 180 184
151: 63 179 183
152: 62 178 186
153: 61 177 185
154: 71 178 183
155: 72 177 184
156: 74 176 185
157: 73 175 186
158: 76 179 182
159: 75 180 181
160: 176 196 204
161: 175 197 205
162: 180 201 202
163: 179 200 203
164: 178 199 206
165: 177 198 207
166: 188 191 193
167: 187 192 194
168: 189 190 195
169: 174 183 184
170: 173 181 186
171: 172 182 185
172: 125 129 171
173: 124 128 170
174: 126 127 169
175: 149 157 161
176: 148 156 160
177: 153 155 165
178: 152 154 164
179: 151 158 163
180: 150 159 162
181: 148 159 170
182: 149 158 171
183: 151 154 169
184: 150 155 169
185: 153 156 171
186: 152 157 170
187: 131 145 167
188: 130 144 166
189: 135 143 168
190: 134 142 168
191: 133 146 166
192: 132 147 167
193: 137 141 166
194: 136 140 167
195: 138 139 168
196: 113 142 160
197: 112 143 161
198: 117 145 165
199: 116 144 164
200: 115 147 163
201: 114 146 162
202: 119 139 162
203: 118 138 163
204: 123 140 160
205: 122 141 161
206: 121 136 164
207: 120 137 165
208: 111 124 125
209: 110 126 128
210: 109 127 129
211: 108 130 131
212: 107 132 134
213: 106 133 135
214: 99 100 101
215: 98 102 104
216: 97 103 105
