1: 2 3 4
2: 1 5 8
3: 1 7 10
4: 1 6 9
5: 2 11 14
6: 4 12 15
7: 3 13 16
8: 2 12 17
9: 4 13 19
10: 3 11 18
11: 5 10 22
12: 6 8 20
13: 7 9 21
14: 5 174 180
15: 6 175 182
16: 7 176 181
17: 8 177 180
18: 10 178 181
19: 9 179 182
20: 12 25 28
21: 13 23 26
22: 11 24 27
23: 21 46 176
24: 22 44 174
25: 20 45 175
26: 21 49 179
27: 22 47 178
28: 20 48 177
29: 38 41 180
30: 39 43 181
31: 40 42 182
32: 40 52 175
33: 39 50 176
34: 38 51 174
35: 43 54 178
36: 42 53 179
37: 41 55 177
38: 29 34 58
39: 30 33 56
40: 31 32 57
41: 29 37 61
42: 31 36 59
43: 30 35 60
44: 24 167 170
45: 25 165 168
46: 23 166 169
47: 27 167 173
48: 28 165 171
49: 26 166 172
50: 33 161 169
51: 34 159 170
52: 32 160 168
53: 36 164 172
54: 35 162 173
55: 37 163 171
56: 39 64 85
57: 40 62 83
58: 38 63 84
59: 42 67 83
60: 43 65 85
61: 41 66 84
62: 57 109 160
63: 58 107 159
64: 56 108 161
65: 60 106 162
66: 61 104 163
67: 59 105 164
68: 94 97 166
69: 92 95 167
70: 93 96 165
71: 88 94 172
72: 86 92 173
73: 87 93 171
74: 91 97 169
75: 89 95 170
76: 90 96 168
77: 87 99 163
78: 88 100 164
79: 86 98 162
80: 90 101 160
81: 91 103 161
82: 89 102 159
83: 57 59 113
84: 58 61 111
85: 56 60 112
86: 72 79 137
87: 73 77 135
88: 71 78 136
89: 75 82 140
90: 76 80 138
91: 74 81 139
92: 69 72 128
93: 70 73 126
94: 68 71 127
95: 69 75 131
96: 70 76 129
97: 68 74 130
98: 79 152 154
99: 77 150 155
100: 78 151 153
101: 80 149 157
102: 82 147 158
103: 81 148 156
104: 66 146 155
105: 67 144 153
106: 65 145 154
107: 63 143 158
108: 64 141 156
109: 62 142 157
110: 147 148 149
111: 84 143 146
112: 85 141 145
113: 83 142 144
114: 136 150 151
115: 137 151 152
116: 135 150 152
117: 139 148 158
118: 140 147 157
119: 138 149 156
120: 127 136 155
121: 128 137 153
122: 126 135 154
123: 130 139 143
124: 131 140 142
125: 129 138 141
126: 93 122 134
127: 94 120 132
128: 92 121 133
129: 96 125 134
130: 97 123 132
131: 95 124 133
132: 127 130 146
133: 128 131 144
134: 126 129 145
135: 87 116 122
136: 88 114 120
137: 86 115 121
138: 90 119 125
139: 91 117 123
140: 89 118 124
141: 108 112 125
142: 109 113 124
143: 107 111 123
144: 105 113 133
145: 106 112 134
146: 104 111 132
147: 102 110 118
148: 103 110 117
149: 101 110 119
150: 99 114 116
151: 100 114 115
152: 98 115 116
153: 100 105 121
154: 98 106 122
155: 99 104 120
156: 103 108 119
157: 101 109 118
158: 102 107 117
159: 51 63 82
160: 52 62 80
161: 50 64 81
162: 54 65 79
163: 55 66 77
164: 53 67 78
165: 45 48 70
166: 46 49 68
167: 44 47 69
168: 45 52 76
169: 46 50 74
170: 44 51 75
171: 48 55 73
172: 49 53 71
173: 47 54 72
174: 14 24 34
175: 15 25 32
176: 16 23 33
177: 17 28 37
178: 18 27 35
179: 19 26 36
180: 14 17 29
181: 16 18 30
182: 15 19 31
