1: 2 10 42
2: 1 3 35
3: 2 4 12
4: 3 5 37
5: 4 6 14
6: 5 7 39
7: 6 8 16
8: 7 9 41
9: 8 10 18
10: 1 9 11
11: 10 12 20
12: 3 11 13
13: 12 14 22
14: 5 13 15
15: 14 16 24
16: 7 15 17
17: 16 18 26
18: 9 17 19
19: 18 20 28
20: 11 19 21
21: 20 22 30
22: 13 21 23
23: 22 24 32
24: 15 23 25
25: 24 26 34
26: 17 25 27
27: 26 28 36
28: 19 27 29
29: 28 30 38
30: 21 29 31
31: 30 32 40
32: 23 31 33
33: 32 34 42
34: 25 33 35
35: 2 34 36
36: 27 35 37
37: 4 36 38
38: 29 37 39
39: 6 38 40
40: 31 39 41
41: 8 40 42
42: 1 33 41
