1: 2 22 74
2: 1 3 55
3: 2 4 24
4: 3 5 57
5: 4 6 26
6: 5 7 59
7: 6 8 28
8: 7 9 61
9: 8 10 30
10: 9 11 63
11: 10 12 32
12: 11 13 65
13: 12 14 34
14: 13 15 67
15: 14 16 36
16: 15 17 69
17: 16 18 38
18: 17 19 71
19: 18 20 40
20: 19 21 73
21: 20 22 42
22: 1 21 23
23: 22 24 44
24: 3 23 25
25: 24 26 46
26: 5 25 27
27: 26 28 48
28: 7 27 29
29: 28 30 50
30: 9 29 31
31: 30 32 52
32: 11 31 33
33: 32 34 54
34: 13 33 35
35: 34 36 56
36: 15 35 37
37: 36 38 58
38: 17 37 39
39: 38 40 60
40: 19 39 41
41: 40 42 62
42: 21 41 43
43: 42 44 64
44: 23 43 45
45: 44 46 66
46: 25 45 47
47: 46 48 68
48: 27 47 49
49: 48 50 70
50: 29 49 51
51: 50 52 72
52: 31 51 53
53: 52 54 74
54: 33 53 55
55: 2 54 56
56: 35 55 57
57: 4 56 58
58: 37 57 59
59: 6 58 60
60: 39 59 61
61: 8 60 62
62: 41 61 63
63: 10 62 64
64: 43 63 65
65: 12 64 66
66: 45 65 67
67: 14 66 68
68: 47 67 69
69: 16 68 70
70: 49 69 71
71: 18 70 72
72: 51 71 73
73: 20 72 74
74: 1 53 73
