1: 2 3 4
2: 1 5 8
3: 1 7 9
4: 1 6 10
5: 2 11 17
6: 4 13 19
7: 3 12 18
8: 2 14 20
9: 3 16 22
10: 4 15 21
11: 5 23 44
12: 7 25 45
13: 6 24 46
14: 8 26 41
15: 10 28 42
16: 9 27 43
17: 5 29 35
18: 7 31 37
19: 6 30 36
20: 8 32 38
21: 10 34 40
22: 9 33 39
23: 11 47 53
24: 13 48 55
25: 12 49 54
26: 14 50 54
27: 16 51 55
28: 15 52 53
29: 17 48 68
30: 19 49 70
31: 18 47 69
32: 20 51 71
33: 22 52 73
34: 21 50 72
35: 17 56 62
36: 19 57 64
37: 18 58 63
38: 20 59 65
39: 22 60 67
40: 21 61 66
41: 14 57 74
42: 15 58 75
43: 16 56 76
44: 11 60 77
45: 12 61 78
46: 13 59 79
47: 23 31 181
48: 24 29 179
49: 25 30 180
50: 26 34 184
51: 27 32 182
52: 28 33 183
53: 23 28 80
54: 25 26 80
55: 24 27 80
56: 35 43 119
57: 36 41 117
58: 37 42 118
59: 38 46 113
60: 39 44 111
61: 40 45 112
62: 35 185 206
63: 37 187 208
64: 36 186 207
65: 38 194 203
66: 40 196 205
67: 39 195 204
68: 29 191 203
69: 31 193 204
70: 30 192 205
71: 32 188 206
72: 34 190 207
73: 33 189 208
74: 41 179 200
75: 42 180 202
76: 43 181 201
77: 44 182 197
78: 45 183 199
79: 46 184 198
80: 53 54 55
81: 176 185 197
82: 177 187 199
83: 178 186 198
84: 173 194 200
85: 175 196 202
86: 174 195 201
87: 172 197 201
88: 170 198 200
89: 171 199 202
90: 168 184 192
91: 169 183 193
92: 167 182 191
93: 165 181 189
94: 166 180 190
95: 164 179 188
96: 155 177 188
97: 156 176 190
98: 157 178 189
99: 158 161 185
100: 160 162 187
101: 159 163 186
102: 155 158 191
103: 156 159 192
104: 157 160 193
105: 149 162 206
106: 150 163 208
107: 151 161 207
108: 148 177 194
109: 147 176 196
110: 146 178 195
111: 60 145 154
112: 61 143 152
113: 59 144 153
114: 141 163 204
115: 142 162 203
116: 140 161 205
117: 57 139 153
118: 58 137 152
119: 56 138 154
120: 158 159 160
121: 151 157 168
122: 150 155 169
123: 149 156 167
124: 149 150 151
125: 141 165 170
126: 142 164 171
127: 140 166 172
128: 135 172 175
129: 136 171 173
130: 134 170 174
131: 135 146 173
132: 136 147 174
133: 134 148 175
134: 130 133 144
135: 128 131 145
136: 129 132 143
137: 118 142 169
138: 119 140 167
139: 117 141 168
140: 116 127 138
141: 114 125 139
142: 115 126 137
143: 112 136 166
144: 113 134 164
145: 111 135 165
146: 110 131 153
147: 109 132 154
148: 108 133 152
149: 105 123 124
150: 106 122 124
151: 107 121 124
152: 112 118 148
153: 113 117 146
154: 111 119 147
155: 96 102 122
156: 97 103 123
157: 98 104 121
158: 99 102 120
159: 101 103 120
160: 100 104 120
161: 99 107 116
162: 100 105 115
163: 101 106 114
164: 95 126 144
165: 93 125 145
166: 94 127 143
167: 92 123 138
168: 90 121 139
169: 91 122 137
170: 88 125 130
171: 89 126 129
172: 87 127 128
173: 84 129 131
174: 86 130 132
175: 85 128 133
176: 81 97 109
177: 82 96 108
178: 83 98 110
179: 48 74 95
180: 49 75 94
181: 47 76 93
182: 51 77 92
183: 52 78 91
184: 50 79 90
185: 62 81 99
186: 64 83 101
187: 63 82 100
188: 71 95 96
189: 73 93 98
190: 72 94 97
191: 68 92 102
192: 70 90 103
193: 69 91 104
194: 65 84 108
195: 67 86 110
196: 66 85 109
197: 77 81 87
198: 79 83 88
199: 78 82 89
200: 74 84 88
201: 76 86 87
202: 75 85 89
203: 65 68 115
204: 67 69 114
205: 66 70 116
206: 62 71 105
207: 64 72 107
208: 63 73 106
