1: 2 3 4
2: 1 5 8
3: 1 7 10
4: 1 6 9
5: 2 11 14
6: 4 12 15
7: 3 13 16
8: 2 12 17
9: 4 13 19
10: 3 11 18
11: 5 10 22
12: 6 8 20
13: 7 9 21
14: 5 186 192
15: 6 187 194
16: 7 188 193
17: 8 189 192
18: 10 190 193
19: 9 191 194
20: 12 25 28
21: 13 23 26
22: 11 24 27
23: 21 46 188
24: 22 44 186
25: 20 45 187
26: 21 49 191
27: 22 47 190
28: 20 48 189
29: 38 41 192
30: 39 43 194
31: 40 42 193
32: 40 51 190
33: 39 50 191
34: 38 52 189
35: 43 55 187
36: 42 53 188
37: 41 54 186
38: 29 34 58
39: 30 33 56
40: 31 32 57
41: 29 37 61
42: 31 36 59
43: 30 35 60
44: 24 179 182
45: 25 177 180
46: 23 178 181
47: 27 179 185
48: 28 177 183
49: 26 178 184
50: 33 173 184
51: 32 171 185
52: 34 172 183
53: 36 176 181
54: 37 174 182
55: 35 175 180
56: 39 64 85
57: 40 62 83
58: 38 63 84
59: 42 67 83
60: 43 65 85
61: 41 66 84
62: 57 106 171
63: 58 104 172
64: 56 105 173
65: 60 103 175
66: 61 101 174
67: 59 102 176
68: 94 97 181
69: 92 95 182
70: 93 96 180
71: 91 94 178
72: 89 92 179
73: 90 93 177
74: 88 91 184
75: 86 89 185
76: 87 90 183
77: 96 107 175
78: 97 108 176
79: 95 109 174
80: 87 99 172
81: 88 100 173
82: 86 98 171
83: 57 59 112
84: 58 61 110
85: 56 60 111
86: 75 82 142
87: 76 80 140
88: 74 81 141
89: 72 75 136
90: 73 76 134
91: 71 74 135
92: 69 72 124
93: 70 73 122
94: 68 71 123
95: 69 79 130
96: 70 77 128
97: 68 78 129
98: 82 164 166
99: 80 162 167
100: 81 163 165
101: 66 161 170
102: 67 159 168
103: 65 160 169
104: 63 158 167
105: 64 156 165
106: 62 157 166
107: 77 154 169
108: 78 155 168
109: 79 153 170
110: 84 158 161
111: 85 156 160
112: 83 157 159
113: 152 157 162
114: 150 158 163
115: 151 156 164
116: 141 161 163
117: 142 160 164
118: 140 159 162
119: 151 152 166
120: 150 152 167
121: 150 151 165
122: 93 139 149
123: 94 137 147
124: 92 138 148
125: 135 141 170
126: 136 142 169
127: 134 140 168
128: 96 133 149
129: 97 131 147
130: 95 132 148
131: 129 146 155
132: 130 144 153
133: 128 145 154
134: 90 127 139
135: 91 125 137
136: 89 126 138
137: 123 135 153
138: 124 136 154
139: 122 134 155
140: 87 118 127
141: 88 116 125
142: 86 117 126
143: 144 145 146
144: 132 143 147
145: 133 143 148
146: 131 143 149
147: 123 129 144
148: 124 130 145
149: 122 128 146
150: 114 120 121
151: 115 119 121
152: 113 119 120
153: 109 132 137
154: 107 133 138
155: 108 131 139
156: 105 111 115
157: 106 112 113
158: 104 110 114
159: 102 112 118
160: 103 111 117
161: 101 110 116
162: 99 113 118
163: 100 114 116
164: 98 115 117
165: 100 105 121
166: 98 106 119
167: 99 104 120
168: 102 108 127
169: 103 107 126
170: 101 109 125
171: 51 62 82
172: 52 63 80
173: 50 64 81
174: 54 66 79
175: 55 65 77
176: 53 67 78
177: 45 48 73
178: 46 49 71
179: 44 47 72
180: 45 55 70
181: 46 53 68
182: 44 54 69
183: 48 52 76
184: 49 50 74
185: 47 51 75
186: 14 24 37
187: 15 25 35
188: 16 23 36
189: 17 28 34
190: 18 27 32
191: 19 26 33
192: 14 17 29
193: 16 18 31
194: 15 19 30
