1: 2 3 4
2: 1 5 8
3: 1 7 10
4: 1 6 9
5: 2 11 14
6: 4 12 15
7: 3 13 16
8: 2 12 17
9: 4 13 19
10: 3 11 18
11: 5 10 22
12: 6 8 20
13: 7 9 21
14: 5 144 150
15: 6 145 152
16: 7 146 151
17: 8 147 150
18: 10 148 151
19: 9 149 152
20: 12 25 28
21: 13 23 26
22: 11 24 27
23: 21 46 146
24: 22 44 144
25: 20 45 145
26: 21 49 149
27: 22 47 148
28: 20 48 147
29: 38 41 150
30: 39 43 152
31: 40 42 151
32: 40 51 148
33: 39 50 149
34: 38 52 147
35: 43 55 145
36: 42 53 146
37: 41 54 144
38: 29 34 58
39: 30 33 56
40: 31 32 57
41: 29 37 61
42: 31 36 59
43: 30 35 60
44: 24 137 140
45: 25 135 138
46: 23 136 139
47: 27 137 143
48: 28 135 141
49: 26 136 142
50: 33 131 142
51: 32 129 143
52: 34 130 141
53: 36 134 139
54: 37 132 140
55: 35 133 138
56: 39 64 97
57: 40 62 95
58: 38 63 96
59: 42 67 95
60: 43 65 97
61: 41 66 96
62: 57 109 129
63: 58 107 130
64: 56 108 131
65: 60 103 133
66: 61 101 132
67: 59 102 134
68: 85 94 136
69: 83 92 137
70: 84 93 135
71: 85 91 142
72: 83 89 143
73: 84 90 141
74: 88 94 139
75: 86 92 140
76: 87 93 138
77: 87 99 133
78: 88 100 134
79: 86 98 132
80: 90 104 130
81: 91 105 131
82: 89 106 129
83: 69 72 125
84: 70 73 123
85: 68 71 124
86: 75 79 122
87: 76 77 120
88: 74 78 121
89: 72 82 119
90: 73 80 117
91: 71 81 118
92: 69 75 116
93: 70 76 114
94: 68 74 115
95: 57 59 112
96: 58 61 110
97: 56 60 111
98: 79 127 128
99: 77 126 127
100: 78 126 128
101: 66 121 128
102: 67 120 126
103: 65 122 127
104: 80 118 124
105: 81 119 125
106: 82 117 123
107: 63 115 124
108: 64 116 125
109: 62 114 123
110: 96 115 121
111: 97 116 122
112: 95 114 120
113: 117 118 119
114: 93 109 112
115: 94 107 110
116: 92 108 111
117: 90 106 113
118: 91 104 113
119: 89 105 113
120: 87 102 112
121: 88 101 110
122: 86 103 111
123: 84 106 109
124: 85 104 107
125: 83 105 108
126: 99 100 102
127: 98 99 103
128: 98 100 101
129: 51 62 82
130: 52 63 80
131: 50 64 81
132: 54 66 79
133: 55 65 77
134: 53 67 78
135: 45 48 70
136: 46 49 68
137: 44 47 69
138: 45 55 76
139: 46 53 74
140: 44 54 75
141: 48 52 73
142: 49 50 71
143: 47 51 72
144: 14 24 37
145: 15 25 35
146: 16 23 36
147: 17 28 34
148: 18 27 32
149: 19 26 33
150: 14 17 29
151: 16 18 31
152: 15 19 30
