1: 2 3 4
2: 1 5 8
3: 1 7 10
4: 1 6 9
5: 2 11 14
6: 4 12 15
7: 3 13 16
8: 2 12 17
9: 4 13 19
10: 3 11 18
11: 5 10 22
12: 6 8 20
13: 7 9 21
14: 5 150 156
15: 6 151 158
16: 7 152 157
17: 8 153 156
18: 10 154 157
19: 9 155 158
20: 12 25 28
21: 13 23 26
22: 11 24 27
23: 21 46 152
24: 22 44 150
25: 20 45 151
26: 21 49 155
27: 22 47 154
28: 20 48 153
29: 38 41 156
30: 39 43 158
31: 40 42 157
32: 40 51 154
33: 39 50 155
34: 38 52 153
35: 43 55 151
36: 42 53 152
37: 41 54 150
38: 29 34 58
39: 30 33 56
40: 31 32 57
41: 29 37 61
42: 31 36 59
43: 30 35 60
44: 24 143 146
45: 25 141 144
46: 23 142 145
47: 27 143 149
48: 28 141 147
49: 26 142 148
50: 33 137 148
51: 32 135 149
52: 34 136 147
53: 36 140 145
54: 37 138 146
55: 35 139 144
56: 39 64 94
57: 40 62 92
58: 38 63 93
59: 42 67 92
60: 43 65 94
61: 41 66 93
62: 57 109 135
63: 58 107 136
64: 56 108 137
65: 60 103 139
66: 61 101 138
67: 59 102 140
68: 85 91 145
69: 83 89 146
70: 84 90 144
71: 85 88 142
72: 83 86 143
73: 84 87 141
74: 88 97 148
75: 86 95 149
76: 87 96 147
77: 96 104 136
78: 97 105 137
79: 95 106 135
80: 90 98 139
81: 91 100 140
82: 89 99 138
83: 69 72 128
84: 70 73 126
85: 68 71 127
86: 72 75 125
87: 73 76 123
88: 71 74 124
89: 69 82 122
90: 70 80 120
91: 68 81 121
92: 57 59 113
93: 58 61 111
94: 56 60 112
95: 75 79 116
96: 76 77 114
97: 74 78 115
98: 80 130 132
99: 82 131 133
100: 81 129 134
101: 66 131 134
102: 67 129 132
103: 65 130 133
104: 77 124 127
105: 78 125 128
106: 79 123 126
107: 63 121 127
108: 64 122 128
109: 62 120 126
110: 129 130 131
111: 93 121 134
112: 94 122 133
113: 92 120 132
114: 96 118 119
115: 97 117 118
116: 95 117 119
117: 115 116 125
118: 114 115 124
119: 114 116 123
120: 90 109 113
121: 91 107 111
122: 89 108 112
123: 87 106 119
124: 88 104 118
125: 86 105 117
126: 84 106 109
127: 85 104 107
128: 83 105 108
129: 100 102 110
130: 98 103 110
131: 99 101 110
132: 98 102 113
133: 99 103 112
134: 100 101 111
135: 51 62 79
136: 52 63 77
137: 50 64 78
138: 54 66 82
139: 55 65 80
140: 53 67 81
141: 45 48 73
142: 46 49 71
143: 44 47 72
144: 45 55 70
145: 46 53 68
146: 44 54 69
147: 48 52 76
148: 49 50 74
149: 47 51 75
150: 14 24 37
151: 15 25 35
152: 16 23 36
153: 17 28 34
154: 18 27 32
155: 19 26 33
156: 14 17 29
157: 16 18 31
158: 15 19 30
