1: 2 3 4
2: 1 5 6
3: 1 7 9
4: 1 8 10
5: 2 12 18
6: 2 11 17
7: 3 14 20
8: 4 13 19
9: 3 16 22
10: 4 15 21
11: 6 14 30
12: 5 13 29
13: 8 12 32
14: 7 11 31
15: 10 16 34
16: 9 15 33
17: 6 24 36
18: 5 23 35
19: 8 26 38
20: 7 25 37
21: 10 28 40
22: 9 27 39
23: 18 24 60
24: 17 23 59
25: 20 27 62
26: 19 28 61
27: 22 25 64
28: 21 26 63
29: 12 48 53
30: 11 47 54
31: 14 52 58
32: 13 51 57
33: 16 50 56
34: 15 49 55
35: 18 41 65
36: 17 42 66
37: 20 44 68
38: 19 43 67
39: 22 46 70
40: 21 45 69
41: 35 48 75
42: 36 47 74
43: 38 51 79
44: 37 52 78
45: 40 49 77
46: 39 50 76
47: 30 42 87
48: 29 41 86
49: 34 45 91
50: 33 46 90
51: 32 43 89
52: 31 44 88
53: 29 72 92
54: 30 71 93
55: 34 73 97
56: 33 73 96
57: 32 72 95
58: 31 71 94
59: 24 81 105
60: 23 80 104
61: 26 83 107
62: 25 82 106
63: 28 85 109
64: 27 84 108
65: 35 98 111
66: 36 99 110
67: 38 101 113
68: 37 100 112
69: 40 103 115
70: 39 102 114
71: 54 58 146
72: 53 57 145
73: 55 56 144
74: 42 154 166
75: 41 153 165
76: 46 158 166
77: 45 157 165
78: 44 156 165
79: 43 155 166
80: 60 144 160
81: 59 144 159
82: 62 145 164
83: 61 146 163
84: 64 145 162
85: 63 146 161
86: 48 151 156
87: 47 150 155
88: 52 152 157
89: 51 152 158
90: 50 151 154
91: 49 150 153
92: 53 132 148
93: 54 133 147
94: 58 137 149
95: 57 136 149
96: 56 135 148
97: 55 134 147
98: 65 127 138
99: 66 126 139
100: 68 129 141
101: 67 128 140
102: 70 131 143
103: 69 130 142
104: 60 111 168
105: 59 110 167
106: 62 112 168
107: 61 113 167
108: 64 114 167
109: 63 115 168
110: 66 105 162
111: 65 104 161
112: 68 106 160
113: 67 107 159
114: 70 108 163
115: 69 109 164
116: 125 139 141
117: 125 138 140
118: 125 142 143
119: 124 133 143
120: 123 132 142
121: 122 137 138
122: 121 136 139
123: 120 135 140
124: 119 134 141
125: 116 117 118
126: 99 129 154
127: 98 128 153
128: 101 127 155
129: 100 126 156
130: 103 131 157
131: 102 130 158
132: 92 120 164
133: 93 119 163
134: 97 124 160
135: 96 123 159
136: 95 122 162
137: 94 121 161
138: 98 117 121
139: 99 116 122
140: 101 117 123
141: 100 116 124
142: 103 118 120
143: 102 118 119
144: 73 80 81
145: 72 82 84
146: 71 83 85
147: 93 97 150
148: 92 96 151
149: 94 95 152
150: 87 91 147
151: 86 90 148
152: 88 89 149
153: 75 91 127
154: 74 90 126
155: 79 87 128
156: 78 86 129
157: 77 88 130
158: 76 89 131
159: 81 113 135
160: 80 112 134
161: 85 111 137
162: 84 110 136
163: 83 114 133
164: 82 115 132
165: 75 77 78
166: 74 76 79
167: 105 107 108
168: 104 106 109
