1: 2 3 4
2: 1 5 6
3: 1 7 9
4: 1 8 10
5: 2 12 18
6: 2 11 17
7: 3 14 20
8: 4 13 19
9: 3 16 22
10: 4 15 21
11: 6 14 30
12: 5 13 29
13: 8 12 32
14: 7 11 31
15: 10 16 34
16: 9 15 33
17: 6 24 36
18: 5 23 35
19: 8 26 38
20: 7 25 37
21: 10 28 40
22: 9 27 39
23: 18 24 59
24: 17 23 60
25: 20 27 62
26: 19 28 61
27: 22 25 64
28: 21 26 63
29: 12 48 53
30: 11 47 54
31: 14 52 58
32: 13 51 57
33: 16 50 56
34: 15 49 55
35: 18 41 65
36: 17 42 66
37: 20 44 70
38: 19 43 69
39: 22 46 68
40: 21 45 67
41: 35 48 87
42: 36 47 86
43: 38 51 89
44: 37 52 88
45: 40 49 91
46: 39 50 90
47: 30 42 74
48: 29 41 75
49: 34 45 79
50: 33 46 78
51: 32 43 77
52: 31 44 76
53: 29 72 93
54: 30 71 92
55: 34 73 97
56: 33 73 96
57: 32 72 95
58: 31 71 94
59: 23 81 99
60: 24 80 98
61: 26 85 101
62: 25 84 100
63: 28 83 103
64: 27 82 102
65: 35 105 110
66: 36 104 111
67: 40 107 115
68: 39 106 114
69: 38 109 113
70: 37 108 112
71: 54 58 125
72: 53 57 124
73: 55 56 123
74: 47 151 177
75: 48 150 178
76: 52 155 182
77: 51 154 181
78: 50 153 180
79: 49 152 179
80: 60 145 174
81: 59 144 174
82: 64 147 176
83: 63 146 175
84: 62 149 176
85: 61 148 175
86: 42 133 157
87: 41 132 156
88: 44 137 161
89: 43 136 160
90: 46 135 159
91: 45 134 158
92: 54 126 139
93: 53 127 138
94: 58 131 143
95: 57 130 142
96: 56 129 141
97: 55 128 140
98: 60 111 180
99: 59 110 179
100: 62 112 178
101: 61 113 177
102: 64 114 181
103: 63 115 182
104: 66 107 168
105: 65 106 169
106: 68 105 171
107: 67 104 170
108: 70 109 173
109: 69 108 172
110: 65 99 163
111: 66 98 162
112: 70 100 165
113: 69 101 164
114: 68 102 167
115: 67 103 166
116: 174 175 176
117: 123 151 157
118: 123 150 156
119: 125 154 160
120: 124 155 161
121: 125 152 158
122: 124 153 159
123: 73 117 118
124: 72 120 122
125: 71 119 121
126: 92 135 177
127: 93 134 178
128: 97 137 179
129: 96 136 180
130: 95 133 181
131: 94 132 182
132: 87 131 169
133: 86 130 168
134: 91 127 170
135: 90 126 171
136: 89 129 172
137: 88 128 173
138: 93 139 159
139: 92 138 158
140: 97 142 157
141: 96 143 156
142: 95 140 161
143: 94 141 160
144: 81 147 152
145: 80 146 153
146: 83 145 155
147: 82 144 154
148: 85 149 151
149: 84 148 150
150: 75 118 149
151: 74 117 148
152: 79 121 144
153: 78 122 145
154: 77 119 147
155: 76 120 146
156: 87 118 141
157: 86 117 140
158: 91 121 139
159: 90 122 138
160: 89 119 143
161: 88 120 142
162: 111 165 172
163: 110 164 173
164: 113 163 171
165: 112 162 170
166: 115 167 169
167: 114 166 168
168: 104 133 167
169: 105 132 166
170: 107 134 165
171: 106 135 164
172: 109 136 162
173: 108 137 163
174: 80 81 116
175: 83 85 116
176: 82 84 116
177: 74 101 126
178: 75 100 127
179: 79 99 128
180: 78 98 129
181: 77 102 130
182: 76 103 131
