1: 3 31 49
2: 4 8 55
3: 1 7 13
4: 2 5 24
5: 4 11 14
6: 10 11 12
7: 3 15 20
8: 2 10 56
9: 12 15 30
10: 6 8 39
11: 5 6 16
12: 6 9 21
13: 3 19 26
14: 5 18 23
15: 7 9 17
16: 11 17 22
17: 15 16 28
18: 14 19 47
19: 13 18 22
20: 7 25 33
21: 12 34 36
22: 16 19 35
23: 14 32 36
24: 4 29 38
25: 20 27 34
26: 13 27 44
27: 25 26 32
28: 17 29 40
29: 24 28 33
30: 9 31 48
31: 1 30 56
32: 23 27 38
33: 20 29 53
34: 21 25 42
35: 22 37 41
36: 21 23 46
37: 35 39 44
38: 24 32 50
39: 10 37 42
40: 28 41 43
41: 35 40 45
42: 34 39 52
43: 40 48 50
44: 26 37 54
45: 41 51 52
46: 36 48 51
47: 18 49 51
48: 30 43 46
49: 1 47 55
50: 38 43 54
51: 45 46 47
52: 42 45 53
53: 33 52 55
54: 44 50 56
55: 2 49 53
56: 8 31 54
