1: 2 3 4
2: 1 5 8
3: 1 7 10
4: 1 6 9
5: 2 11 14
6: 4 12 15
7: 3 13 16
8: 2 12 17
9: 4 13 19
10: 3 11 18
11: 5 10 22
12: 6 8 20
13: 7 9 21
14: 5 214 220
15: 6 215 222
16: 7 216 221
17: 8 217 220
18: 10 218 221
19: 9 219 222
20: 12 25 28
21: 13 23 26
22: 11 24 27
23: 21 46 216
24: 22 44 214
25: 20 45 215
26: 21 49 219
27: 22 47 218
28: 20 48 217
29: 38 41 220
30: 39 43 222
31: 40 42 221
32: 40 51 218
33: 39 50 219
34: 38 52 217
35: 43 55 215
36: 42 53 216
37: 41 54 214
38: 29 34 58
39: 30 33 56
40: 31 32 57
41: 29 37 61
42: 31 36 59
43: 30 35 60
44: 24 207 210
45: 25 205 208
46: 23 206 209
47: 27 207 213
48: 28 205 211
49: 26 206 212
50: 33 201 212
51: 32 199 213
52: 34 200 211
53: 36 204 209
54: 37 202 210
55: 35 203 208
56: 39 64 85
57: 40 62 83
58: 38 63 84
59: 42 67 83
60: 43 65 85
61: 41 66 84
62: 57 109 199
63: 58 107 200
64: 56 108 201
65: 60 106 203
66: 61 104 202
67: 59 105 204
68: 91 97 209
69: 89 95 210
70: 90 96 208
71: 91 94 206
72: 89 92 207
73: 90 93 205
74: 88 94 212
75: 86 92 213
76: 87 93 211
77: 96 101 203
78: 97 102 204
79: 95 103 202
80: 87 99 200
81: 88 100 201
82: 86 98 199
83: 57 59 112
84: 58 61 110
85: 56 60 111
86: 75 82 142
87: 76 80 140
88: 74 81 141
89: 69 72 121
90: 70 73 119
91: 68 71 120
92: 72 75 133
93: 73 76 131
94: 71 74 132
95: 69 79 136
96: 70 77 134
97: 68 78 135
98: 82 192 194
99: 80 190 195
100: 81 191 193
101: 77 188 197
102: 78 189 196
103: 79 187 198
104: 66 186 198
105: 67 184 196
106: 65 185 197
107: 63 183 195
108: 64 181 193
109: 62 182 194
110: 84 183 186
111: 85 181 185
112: 83 182 184
113: 180 192 197
114: 178 191 198
115: 179 190 196
116: 141 187 191
117: 142 188 192
118: 140 189 190
119: 90 174 177
120: 91 172 175
121: 89 173 176
122: 171 180 194
123: 169 179 195
124: 170 178 193
125: 168 180 185
126: 166 178 186
127: 167 179 184
128: 167 171 182
129: 166 169 183
130: 168 170 181
131: 93 162 174
132: 94 160 172
133: 92 161 173
134: 96 139 177
135: 97 137 175
136: 95 138 176
137: 135 165 189
138: 136 163 187
139: 134 164 188
140: 87 118 162
141: 88 116 160
142: 86 117 161
143: 155 167 169
144: 155 168 171
145: 155 166 170
146: 154 159 176
147: 152 157 177
148: 153 158 175
149: 152 159 173
150: 153 157 174
151: 154 158 172
152: 147 149 164
153: 148 150 165
154: 146 151 163
155: 143 144 145
156: 157 158 159
157: 147 150 156
158: 148 151 156
159: 146 149 156
160: 132 141 163
161: 133 142 164
162: 131 140 165
163: 138 154 160
164: 139 152 161
165: 137 153 162
166: 126 129 145
167: 127 128 143
168: 125 130 144
169: 123 129 143
170: 124 130 145
171: 122 128 144
172: 120 132 151
173: 121 133 149
174: 119 131 150
175: 120 135 148
176: 121 136 146
177: 119 134 147
178: 114 124 126
179: 115 123 127
180: 113 122 125
181: 108 111 130
182: 109 112 128
183: 107 110 129
184: 105 112 127
185: 106 111 125
186: 104 110 126
187: 103 116 138
188: 101 117 139
189: 102 118 137
190: 99 115 118
191: 100 114 116
192: 98 113 117
193: 100 108 124
194: 98 109 122
195: 99 107 123
196: 102 105 115
197: 101 106 113
198: 103 104 114
199: 51 62 82
200: 52 63 80
201: 50 64 81
202: 54 66 79
203: 55 65 77
204: 53 67 78
205: 45 48 73
206: 46 49 71
207: 44 47 72
208: 45 55 70
209: 46 53 68
210: 44 54 69
211: 48 52 76
212: 49 50 74
213: 47 51 75
214: 14 24 37
215: 15 25 35
216: 16 23 36
217: 17 28 34
218: 18 27 32
219: 19 26 33
220: 14 17 29
221: 16 18 31
222: 15 19 30
