1: 2 3 4
2: 1 5 6
3: 1 7 8
4: 1 9 10
5: 2 11 13
6: 2 12 14
7: 3 16 20
8: 3 15 19
9: 4 18 22
10: 4 17 21
11: 5 24 30
12: 6 23 29
13: 5 26 32
14: 6 25 31
15: 8 24 34
16: 7 23 33
17: 10 26 36
18: 9 25 35
19: 8 28 38
20: 7 27 37
21: 10 28 40
22: 9 27 39
23: 12 16 63
24: 11 15 62
25: 14 18 65
26: 13 17 64
27: 20 22 67
28: 19 21 66
29: 12 176 187
30: 11 175 187
31: 14 178 188
32: 13 177 188
33: 16 180 189
34: 15 179 189
35: 18 182 190
36: 17 181 190
37: 20 184 191
38: 19 183 191
39: 22 186 192
40: 21 185 192
41: 68 176 178
42: 68 175 177
43: 69 180 184
44: 69 179 183
45: 70 182 186
46: 70 181 185
47: 85 188 190
48: 84 187 189
49: 83 191 192
50: 150 162 176
51: 149 161 175
52: 152 164 178
53: 151 163 177
54: 154 170 180
55: 153 169 179
56: 156 172 182
57: 155 171 181
58: 158 166 184
59: 157 165 183
60: 160 168 186
61: 159 167 185
62: 24 144 174
63: 23 143 173
64: 26 146 174
65: 25 145 173
66: 28 148 174
67: 27 147 173
68: 41 42 98
69: 43 44 100
70: 45 46 99
71: 114 150 152
72: 113 149 151
73: 116 154 158
74: 115 153 157
75: 118 156 160
76: 117 155 159
77: 83 166 168
78: 83 165 167
79: 85 164 172
80: 85 163 171
81: 84 162 170
82: 84 161 169
83: 49 77 78
84: 48 81 82
85: 47 79 80
86: 126 137 162
87: 125 137 161
88: 128 138 164
89: 127 138 163
90: 134 142 172
91: 133 142 171
92: 136 141 170
93: 135 141 169
94: 130 140 168
95: 129 140 167
96: 132 139 166
97: 131 139 165
98: 68 137 138
99: 70 140 142
100: 69 139 141
101: 122 126 136
102: 122 125 135
103: 123 128 134
104: 123 127 133
105: 124 130 132
106: 124 129 131
107: 114 126 128
108: 113 125 127
109: 116 132 136
110: 115 131 135
111: 118 130 134
112: 117 129 133
113: 72 108 121
114: 71 107 120
115: 74 110 121
116: 73 109 120
117: 76 112 121
118: 75 111 120
119: 122 123 124
120: 114 116 118
121: 113 115 117
122: 101 102 119
123: 103 104 119
124: 105 106 119
125: 87 102 108
126: 86 101 107
127: 89 104 108
128: 88 103 107
129: 95 106 112
130: 94 105 111
131: 97 106 110
132: 96 105 109
133: 91 104 112
134: 90 103 111
135: 93 102 110
136: 92 101 109
137: 86 87 98
138: 88 89 98
139: 96 97 100
140: 94 95 99
141: 92 93 100
142: 90 91 99
143: 63 150 154
144: 62 149 153
145: 65 152 156
146: 64 151 155
147: 67 158 160
148: 66 157 159
149: 51 72 144
150: 50 71 143
151: 53 72 146
152: 52 71 145
153: 55 74 144
154: 54 73 143
155: 57 76 146
156: 56 75 145
157: 59 74 148
158: 58 73 147
159: 61 76 148
160: 60 75 147
161: 51 82 87
162: 50 81 86
163: 53 80 89
164: 52 79 88
165: 59 78 97
166: 58 77 96
167: 61 78 95
168: 60 77 94
169: 55 82 93
170: 54 81 92
171: 57 80 91
172: 56 79 90
173: 63 65 67
174: 62 64 66
175: 30 42 51
176: 29 41 50
177: 32 42 53
178: 31 41 52
179: 34 44 55
180: 33 43 54
181: 36 46 57
182: 35 45 56
183: 38 44 59
184: 37 43 58
185: 40 46 61
186: 39 45 60
187: 29 30 48
188: 31 32 47
189: 33 34 48
190: 35 36 47
191: 37 38 49
192: 39 40 49
