1: 2 3 4
2: 1 5 8
3: 1 7 10
4: 1 6 9
5: 2 11 14
6: 4 12 15
7: 3 13 16
8: 2 12 17
9: 4 13 19
10: 3 11 18
11: 5 10 22
12: 6 8 20
13: 7 9 21
14: 5 114 120
15: 6 115 122
16: 7 116 121
17: 8 117 120
18: 10 118 121
19: 9 119 122
20: 12 25 28
21: 13 23 26
22: 11 24 27
23: 21 46 116
24: 22 44 114
25: 20 45 115
26: 21 49 119
27: 22 47 118
28: 20 48 117
29: 38 41 120
30: 39 43 122
31: 40 42 121
32: 43 52 115
33: 42 50 116
34: 41 51 114
35: 40 54 118
36: 39 53 119
37: 38 55 117
38: 29 37 64
39: 30 36 62
40: 31 35 63
41: 29 34 67
42: 31 33 65
43: 30 32 66
44: 24 107 113
45: 25 105 111
46: 23 106 112
47: 27 107 110
48: 28 105 108
49: 26 106 109
50: 33 101 112
51: 34 99 113
52: 32 100 111
53: 36 104 109
54: 35 102 110
55: 37 103 108
56: 63 84 102
57: 64 85 103
58: 62 83 104
59: 66 87 100
60: 67 89 99
61: 65 88 101
62: 39 58 98
63: 40 56 96
64: 38 57 97
65: 42 61 96
66: 43 59 98
67: 41 60 97
68: 89 92 112
69: 87 90 113
70: 88 91 111
71: 84 86 103
72: 85 86 104
73: 83 86 102
74: 91 92 101
75: 90 91 100
76: 90 92 99
77: 85 95 109
78: 83 93 110
79: 84 94 108
80: 89 95 106
81: 87 93 107
82: 88 94 105
83: 58 73 78
84: 56 71 79
85: 57 72 77
86: 71 72 73
87: 59 69 81
88: 61 70 82
89: 60 68 80
90: 69 75 76
91: 70 74 75
92: 68 74 76
93: 78 81 98
94: 79 82 96
95: 77 80 97
96: 63 65 94
97: 64 67 95
98: 62 66 93
99: 51 60 76
100: 52 59 75
101: 50 61 74
102: 54 56 73
103: 55 57 71
104: 53 58 72
105: 45 48 82
106: 46 49 80
107: 44 47 81
108: 48 55 79
109: 49 53 77
110: 47 54 78
111: 45 52 70
112: 46 50 68
113: 44 51 69
114: 14 24 34
115: 15 25 32
116: 16 23 33
117: 17 28 37
118: 18 27 35
119: 19 26 36
120: 14 17 29
121: 16 18 31
122: 15 19 30
