1: 2 3 11
2: 1 4 12
3: 1 7 17
4: 2 6 18
5: 6 9 13
6: 4 5 21
7: 3 8 36
8: 7 10 14
9: 5 15 22
10: 8 16 35
11: 1 15 45
12: 2 16 46
13: 5 14 23
14: 8 13 24
15: 9 11 31
16: 10 12 32
17: 3 19 27
18: 4 20 30
19: 17 23 25
20: 18 24 26
21: 6 28 51
22: 9 35 48
23: 13 19 33
24: 14 20 34
25: 19 28 41
26: 20 29 42
27: 17 30 40
28: 21 25 32
29: 26 31 36
30: 18 27 39
31: 15 29 37
32: 16 28 38
33: 23 37 43
34: 24 38 44
35: 10 22 47
36: 7 29 50
37: 31 33 39
38: 32 34 40
39: 30 37 53
40: 27 38 54
41: 25 45 47
42: 26 46 48
43: 33 44 49
44: 34 43 52
45: 11 41 55
46: 12 42 56
47: 35 41 49
48: 22 42 52
49: 43 47 50
50: 36 49 54
51: 21 52 53
52: 44 48 51
53: 39 51 55
54: 40 50 56
55: 45 53 56
56: 46 54 55
