1: 2 6 72
2: 1 3 65
3: 2 4 34
4: 3 5 45
5: 4 6 14
6: 1 5 7
7: 6 8 12
8: 7 9 71
9: 8 10 40
10: 9 11 51
11: 10 12 20
12: 7 11 13
13: 12 14 18
14: 5 13 15
15: 14 16 46
16: 15 17 57
17: 16 18 26
18: 13 17 19
19: 18 20 24
20: 11 19 21
21: 20 22 52
22: 21 23 63
23: 22 24 32
24: 19 23 25
25: 24 26 30
26: 17 25 27
27: 26 28 58
28: 27 29 69
29: 28 30 38
30: 25 29 31
31: 30 32 36
32: 23 31 33
33: 32 34 64
34: 3 33 35
35: 34 36 44
36: 31 35 37
37: 36 38 42
38: 29 37 39
39: 38 40 70
40: 9 39 41
41: 40 42 50
42: 37 41 43
43: 42 44 48
44: 35 43 45
45: 4 44 46
46: 15 45 47
47: 46 48 56
48: 43 47 49
49: 48 50 54
50: 41 49 51
51: 10 50 52
52: 21 51 53
53: 52 54 62
54: 49 53 55
55: 54 56 60
56: 47 55 57
57: 16 56 58
58: 27 57 59
59: 58 60 68
60: 55 59 61
61: 60 62 66
62: 53 61 63
63: 22 62 64
64: 33 63 65
65: 2 64 66
66: 61 65 67
67: 66 68 72
68: 59 67 69
69: 28 68 70
70: 39 69 71
71: 8 70 72
72: 1 67 71
