1: 55
2: 54
3: 52
4: 53
5: 49
6: 48
7: 12 28
8: 11 27
9: 14 26
10: 13 25
11: 8 22
12: 7 21
13: 10 24
14: 9 23
15: 17 18
16: 19 20
17: 15 57
18: 15 57
19: 16 56
20: 16 56
21: 12 57
22: 11 56
23: 14 57
24: 13 56
25: 10 55
26: 9 54
27: 8 52
28: 7 53
29: 30 31
30: 29 32
31: 29 33
32: 30 36
33: 31 37
34: 50 52
35: 50 53
36: 32 51
37: 33 51
38: 41 55
39: 40 54
40: 39 43
41: 38 42
42: 41 45
43: 40 44
44: 43 47
45: 42 46
46: 45 49
47: 44 48
48: 6 47
49: 5 46
50: 34 35 51
51: 36 37 50
52: 3 27 34
53: 4 28 35
54: 2 26 39
55: 1 25 38
56: 19 20 22 24
57: 17 18 21 23

