1: 2 3 4
2: 1 51 54
3: 1 49 53
4: 1 50 52
5: 7 8 47
6: 7 44 46
7: 5 6 38
8: 5 9 10
9: 8 41 44
10: 8 39 40
11: 30 42 43
12: 14 42 45
13: 14 15 43
14: 12 13 34
15: 13 32 33
16: 17 18 27
17: 16 22 24
18: 16 21 23
19: 20 29 31
20: 19 23 24
21: 18 25 26
22: 17 28 29
23: 18 20 28
24: 17 20 25
25: 21 24 36
26: 21 35 37
27: 16 35 36
28: 22 23 32
29: 19 22 33
30: 11 33 34
31: 19 32 34
32: 15 28 31
33: 15 29 30
34: 14 30 31
35: 26 27 39
36: 25 27 40
37: 26 40 41
38: 7 39 41
39: 10 35 38
40: 10 36 37
41: 9 37 38
42: 11 12 51
43: 11 13 54
44: 6 9 53
45: 12 50 54
46: 6 49 52
47: 5 52 53
48: 49 50 51
49: 3 46 48
50: 4 45 48
51: 2 42 48
52: 4 46 47
53: 3 44 47
54: 2 43 45

