1: 2 3 4
2: 1 51 52
3: 1 49 53
4: 1 50 54
5: 26 28 33
6: 27 28 34
7: 8 9 25
8: 7 22 34
9: 7 21 33
10: 11 12 20
11: 10 18 32
12: 10 19 31
13: 17 23 24
14: 29 30 41
15: 18 29 31
16: 19 30 32
17: 13 18 19
18: 11 15 17
19: 12 16 17
20: 10 21 22
21: 9 20 24
22: 8 20 23
23: 13 22 26
24: 13 21 27
25: 7 26 27
26: 5 23 25
27: 6 24 25
28: 5 6 35
29: 14 15 36
30: 14 16 37
31: 12 15 37
32: 11 16 36
33: 5 9 38
34: 6 8 38
35: 28 39 42
36: 29 32 40
37: 30 31 40
38: 33 34 39
39: 35 38 48
40: 36 37 47
41: 14 45 46
42: 35 43 44
43: 42 49 52
44: 42 50 51
45: 41 52 54
46: 41 51 53
47: 40 53 54
48: 39 49 50
49: 3 43 48
50: 4 44 48
51: 2 44 46
52: 2 43 45
53: 3 46 47
54: 4 45 47

