1: 49
2: 52
3: 77
4: 80
5: 80
6: 38
7: 70
8: 39
9: 48
10: 48
11: 57
12: 66
13: 74
14: 74
15: 38 83
16: 53 85
17: 52 80
18: 69 77
19: 46 56
20: 65 80
21: 69 86
22: 70 81
23: 54 79
24: 50 54
25: 61 64
26: 47 67
27: 65 66
28: 51 73
29: 49 69 83
30: 57 77 83
31: 71 76 83
32: 62 75 82
33: 68 77 81
34: 35 55 63
35: 34 56 67
36: 76 86 87
37: 58 81 87
38: 6 15 50
39: 8 61 66
40: 58 68 71
41: 68 81 86
42: 50 72 75
43: 72 78 79
44: 52 65 74
45: 73 78 79
46: 19 50 55 72
47: 26 61 63 73
48: 9 10 66 74
49: 1 29 72 73 74
50: 24 38 42 46 53 83
51: 28 53 57 76 83 84
52: 2 17 44 70 76 83
53: 16 50 51 54 55 75
54: 23 24 53 56 57 77
55: 34 46 53 56 84 85
56: 19 35 54 55 78 79
57: 11 30 51 54 78 80
58: 37 40 60 64 78 80
59: 60 61 62 63 64 82
60: 58 59 71 76 84 87
61: 25 39 47 59 86 87
62: 32 59 68 71 85 86
63: 34 47 59 67 84 85
64: 25 58 59 67 68 81
65: 20 27 44 69 76 87
66: 12 27 39 48 86 87
67: 26 35 63 64 78 79
68: 33 40 41 62 64 79
69: 18 21 29 65 73 75
70: 7 22 52 72 74 82
71: 31 40 60 62 72 74
72: 42 43 46 49 70 71 83 84 85
73: 28 45 47 49 69 84 85 86 87
74: 13 14 44 48 49 70 71 86 87
75: 32 42 53 69 76 77 83 84 85
76: 31 36 51 52 60 65 75 80 82
77: 3 18 30 33 54 75 78 79 80
78: 43 45 56 57 58 67 77 81 84
79: 23 43 45 56 67 68 77 81 85
80: 4 5 17 20 57 58 76 77 81
81: 22 33 37 41 64 78 79 80 82
82: 32 59 70 76 81 84 85 86 87
83: 15 29 30 31 50 51 52 72 75
84: 51 55 60 63 72 73 75 78 82
85: 16 55 62 63 72 73 75 79 82
86: 21 36 41 61 62 66 73 74 82
87: 36 37 60 61 65 66 73 74 82

