1: 2 3 4
2: 1 59 60
3: 1 61 64
4: 1 62 63
5: 10 11 25
6: 10 12 20
7: 13 16 17
8: 14 19 23
9: 15 18 24
10: 5 6 30
11: 5 34 44
12: 6 40 43
13: 7 35 36
14: 8 36 37
15: 9 37 41
16: 7 38 39
17: 7 31 34
18: 9 32 42
19: 8 33 40
20: 6 38 41
21: 30 42 46
22: 31 32 45
23: 8 27 39
24: 9 29 33
25: 5 28 35
26: 27 28 29
27: 23 26 53
28: 25 26 52
29: 24 26 51
30: 10 21 55
31: 17 22 57
32: 18 22 56
33: 19 24 58
34: 11 17 58
35: 13 25 56
36: 13 14 54
37: 14 15 49
38: 16 20 50
39: 16 23 55
40: 12 19 57
41: 15 20 48
42: 18 21 54
43: 12 47 53
44: 11 47 49
45: 22 50 51
46: 21 48 52
47: 43 44 59
48: 41 46 64
49: 37 44 63
50: 38 45 63
51: 29 45 60
52: 28 46 62
53: 27 43 61
54: 36 42 59
55: 30 39 60
56: 32 35 61
57: 31 40 64
58: 33 34 62
59: 2 47 54
60: 2 51 55
61: 3 53 56
62: 4 52 58
63: 4 49 50
64: 3 48 57

