1: 2 3 4
2: 1 63 64
3: 1 61 65
4: 1 62 66
5: 46 59 60
6: 9 10 22
7: 11 12 27
8: 13 14 16
9: 6 12 14
10: 6 11 13
11: 7 10 18
12: 7 9 17
13: 8 10 20
14: 8 9 19
15: 19 20 34
16: 8 17 18
17: 12 16 24
18: 11 16 23
19: 14 15 26
20: 13 15 25
21: 23 24 39
22: 6 25 26
23: 18 21 30
24: 17 21 29
25: 20 22 32
26: 19 22 31
27: 7 29 30
28: 31 32 45
29: 24 27 38
30: 23 27 37
31: 26 28 36
32: 25 28 35
33: 37 38 52
34: 15 35 36
35: 32 34 42
36: 31 34 41
37: 30 33 44
38: 29 33 43
39: 21 43 44
40: 41 42 57
41: 36 40 50
42: 35 40 49
43: 38 39 48
44: 37 39 47
45: 28 49 50
46: 5 47 48
47: 44 46 54
48: 43 46 53
49: 42 45 56
50: 41 45 55
51: 55 56 58
52: 33 53 54
53: 48 52 64
54: 47 52 63
55: 50 51 66
56: 49 51 65
57: 40 65 66
58: 51 61 62
59: 5 61 64
60: 5 62 63
61: 3 58 59
62: 4 58 60
63: 2 54 60
64: 2 53 59
65: 3 56 57
66: 4 55 57

