1: 2 3 4
2: 1 63 64
3: 1 62 66
4: 1 61 65
5: 7 9 22
6: 45 57 58
7: 5 13 15
8: 11 14 27
9: 5 12 14
10: 11 12 13
11: 8 10 18
12: 9 10 20
13: 7 10 19
14: 8 9 17
15: 7 17 18
16: 19 20 34
17: 14 15 23
18: 11 15 24
19: 13 16 26
20: 12 16 25
21: 23 24 39
22: 5 25 26
23: 17 21 29
24: 18 21 30
25: 20 22 32
26: 19 22 31
27: 8 29 30
28: 31 32 46
29: 23 27 35
30: 24 27 36
31: 26 28 38
32: 25 28 37
33: 35 36 51
34: 16 37 38
35: 29 33 41
36: 30 33 42
37: 32 34 44
38: 31 34 43
39: 21 41 42
40: 43 44 59
41: 35 39 47
42: 36 39 48
43: 38 40 50
44: 37 40 49
45: 6 47 48
46: 28 49 50
47: 41 45 53
48: 42 45 54
49: 44 46 56
50: 43 46 55
51: 33 53 54
52: 55 56 60
53: 47 51 63
54: 48 51 64
55: 50 52 66
56: 49 52 65
57: 6 61 63
58: 6 62 64
59: 40 65 66
60: 52 61 62
61: 4 57 60
62: 3 58 60
63: 2 53 57
64: 2 54 58
65: 4 56 59
66: 3 55 59

