1: 2 3 4
2: 1 119 120
3: 1 118 120
4: 1 116 117
5: 6 7 120
6: 5 114 115
7: 5 113 115
8: 9 10 115
9: 8 111 112
10: 8 110 112
11: 12 13 112
12: 11 108 109
13: 11 107 109
14: 15 16 109
15: 14 105 106
16: 14 104 106
17: 18 19 106
18: 17 102 103
19: 17 101 103
20: 21 22 103
21: 20 99 100
22: 20 98 100
23: 24 25 100
24: 23 96 97
25: 23 95 97
26: 27 28 97
27: 26 93 94
28: 26 92 94
29: 94 116 117
30: 63 91 96
31: 32 33 91
32: 31 87 88
33: 31 86 88
34: 35 36 88
35: 34 84 85
36: 34 83 85
37: 38 85 113
38: 37 41 110
39: 58 73 114
40: 86 117 119
41: 38 64 84
42: 64 69 84
43: 53 55 111
44: 64 67 108
45: 52 77 105
46: 65 70 102
47: 48 49 99
48: 47 82 95
49: 47 80 81
50: 51 52 79
51: 50 74 75
52: 45 50 75
53: 43 75 107
54: 72 73 74
55: 43 73 74
56: 61 76 78
57: 60 89 90
58: 39 59 118
59: 58 60 72
60: 57 59 61
61: 56 60 72
62: 66 71 87
63: 30 66 87
64: 41 42 44
65: 46 66 98
66: 62 63 65
67: 44 68 104
68: 67 69 70
69: 42 68 71
70: 46 68 71
71: 62 69 70
72: 54 59 61
73: 39 54 55
74: 51 54 55
75: 51 52 53
76: 56 82 89
77: 45 80 101
78: 56 81 82
79: 50 80 81
80: 49 77 79
81: 49 78 79
82: 48 76 78
83: 36 86 119
84: 35 41 42
85: 35 36 37
86: 33 40 83
87: 32 62 63
88: 32 33 34
89: 57 76 93
90: 57 93 116
91: 30 31 92
92: 28 91 96
93: 27 89 90
94: 27 28 29
95: 25 48 99
96: 24 30 92
97: 24 25 26
98: 22 65 102
99: 21 47 95
100: 21 22 23
101: 19 77 105
102: 18 46 98
103: 18 19 20
104: 16 67 108
105: 15 45 101
106: 15 16 17
107: 13 53 111
108: 12 44 104
109: 12 13 14
110: 10 38 113
111: 9 43 107
112: 9 10 11
113: 7 37 110
114: 6 39 118
115: 6 7 8
116: 4 29 90
117: 4 29 40
118: 3 58 114
119: 2 40 83
120: 2 3 5

