1: 2 3 4
2: 1 62 64
3: 1 61 64
4: 1 60 63
5: 6 7 64
6: 5 58 59
7: 5 57 59
8: 9 10 59
9: 8 55 56
10: 8 54 56
11: 12 13 56
12: 11 52 53
13: 11 51 53
14: 15 16 53
15: 14 48 50
16: 14 49 50
17: 18 19 50
18: 17 46 47
19: 17 45 47
20: 21 22 47
21: 20 44 63
22: 20 43 44
23: 24 60 63
24: 23 25 45
25: 24 28 29
26: 42 46 52
27: 41 46 52
28: 25 40 45
29: 25 38 39
30: 31 48 55
31: 30 51 57
32: 33 34 58
33: 32 37 60
34: 32 54 61
35: 36 51 57
36: 35 54 61
37: 33 38 58
38: 29 37 62
39: 29 44 62
40: 28 43 49
41: 27 48 55
42: 26 43 49
43: 22 40 42
44: 21 22 39
45: 19 24 28
46: 18 26 27
47: 18 19 20
48: 15 30 41
49: 16 40 42
50: 15 16 17
51: 13 31 35
52: 12 26 27
53: 12 13 14
54: 10 34 36
55: 9 30 41
56: 9 10 11
57: 7 31 35
58: 6 32 37
59: 6 7 8
60: 4 23 33
61: 3 34 36
62: 2 38 39
63: 4 21 23
64: 2 3 5

