1: 2 3 4
2: 1 73 78
3: 1 74 77
4: 1 75 76
5: 6 7 56
6: 5 50 53
7: 5 51 52
8: 44 68 69
9: 41 54 55
10: 11 12 29
11: 10 15 19
12: 10 16 20
13: 17 18 22
14: 15 16 21
15: 11 14 28
16: 12 14 27
17: 13 25 30
18: 13 26 31
19: 11 23 27
20: 12 24 28
21: 14 25 26
22: 13 23 24
23: 19 22 36
24: 20 22 37
25: 17 21 35
26: 18 21 34
27: 16 19 37
28: 15 20 36
29: 10 32 33
30: 17 32 34
31: 18 33 35
32: 29 30 39
33: 29 31 40
34: 26 30 40
35: 25 31 39
36: 23 28 38
37: 24 27 38
38: 36 37 70
39: 32 35 72
40: 33 34 71
41: 9 42 43
42: 41 45 48
43: 41 46 49
44: 8 45 46
45: 42 44 53
46: 43 44 52
47: 50 51 59
48: 42 50 52
49: 43 51 53
50: 6 47 48
51: 7 47 49
52: 7 46 48
53: 6 45 49
54: 9 57 61
55: 9 58 60
56: 5 57 58
57: 54 56 65
58: 55 56 64
59: 47 62 63
60: 55 62 65
61: 54 63 64
62: 59 60 67
63: 59 61 66
64: 58 61 67
65: 57 60 66
66: 63 65 78
67: 62 64 77
68: 8 76 78
69: 8 75 77
70: 38 73 74
71: 40 74 76
72: 39 73 75
73: 2 70 72
74: 3 70 71
75: 4 69 72
76: 4 68 71
77: 3 67 69
78: 2 66 68

