1: 2 3 4
2: 1 47 48
3: 1 46 48
4: 1 44 45
5: 6 7 48
6: 5 42 43
7: 5 41 43
8: 9 10 43
9: 8 39 40
10: 8 38 40
11: 12 13 40
12: 11 36 37
13: 11 35 37
14: 15 16 37
15: 14 33 34
16: 14 32 34
17: 34 44 45
18: 22 31 36
19: 20 21 31
20: 19 28 47
21: 19 45 47
22: 18 28 38
23: 24 25 39
24: 23 30 35
25: 23 26 41
26: 25 27 46
27: 26 29 30
28: 20 22 42
29: 27 33 44
30: 24 27 33
31: 18 19 32
32: 16 31 36
33: 15 29 30
34: 15 16 17
35: 13 24 39
36: 12 18 32
37: 12 13 14
38: 10 22 42
39: 9 23 35
40: 9 10 11
41: 7 25 46
42: 6 28 38
43: 6 7 8
44: 4 17 29
45: 4 17 21
46: 3 26 41
47: 2 20 21
48: 2 3 5

