1: 2 3 4 5 6 7
2: 1 51 55 56 57 58
3: 1 50 52 53 54 58
4: 1 50 51 62 63 64
5: 1 52 55 59 60 62
6: 1 53 56 59 61 63
7: 1 54 57 60 61 64
8: 14 15 22 27 28 29
9: 14 15 23 24 25 26
10: 14 19 20 21 22 23
11: 14 17 18 19 24 29
12: 14 16 18 21 26 28
13: 14 16 17 20 25 27
14: 8 9 10 11 12 13
15: 8 9 30 31 32 33
16: 12 13 40 43 46 49
17: 11 13 42 45 46 48
18: 11 12 41 44 46 47
19: 10 11 34 37 47 48
20: 10 13 36 39 48 49
21: 10 12 35 38 47 49
22: 8 10 30 34 35 36
23: 9 10 30 37 38 39
24: 9 11 33 37 41 42
25: 9 13 32 39 40 42
26: 9 12 31 38 40 41
27: 8 13 32 36 43 45
28: 8 12 31 35 43 44
29: 8 11 33 34 44 45
30: 15 22 23 59 60 61
31: 15 26 28 60 62 64
32: 15 25 27 59 62 63
33: 15 24 29 61 63 64
34: 19 22 29 56 57 61
35: 21 22 28 55 57 60
36: 20 22 27 55 56 59
37: 19 23 24 53 54 61
38: 21 23 26 52 54 60
39: 20 23 25 52 53 59
40: 16 25 26 50 52 62
41: 18 24 26 50 54 64
42: 17 24 25 50 53 63
43: 16 27 28 51 55 62
44: 18 28 29 51 57 64
45: 17 27 29 51 56 63
46: 16 17 18 50 51 58
47: 18 19 21 54 57 58
48: 17 19 20 53 56 58
49: 16 20 21 52 55 58
50: 3 4 40 41 42 46
51: 2 4 43 44 45 46
52: 3 5 38 39 40 49
53: 3 6 37 39 42 48
54: 3 7 37 38 41 47
55: 2 5 35 36 43 49
56: 2 6 34 36 45 48
57: 2 7 34 35 44 47
58: 2 3 46 47 48 49
59: 5 6 30 32 36 39
60: 5 7 30 31 35 38
61: 6 7 30 33 34 37
62: 4 5 31 32 40 43
63: 4 6 32 33 42 45
64: 4 7 31 33 41 44

