1: 2 3 4
2: 1 61 62
3: 1 64 66
4: 1 63 65
5: 9 12 15
6: 11 15 41
7: 12 13 18
8: 9 17 19
9: 5 8 10
10: 9 13 14
11: 6 25 49
12: 5 7 25
13: 7 10 26
14: 10 28 32
15: 5 6 27
16: 26 29 50
17: 8 22 27
18: 7 23 29
19: 8 24 28
20: 22 23 24
21: 33 42 58
22: 17 20 38
23: 18 20 40
24: 19 20 39
25: 11 12 40
26: 13 16 37
27: 15 17 36
28: 14 19 35
29: 16 18 39
30: 34 35 60
31: 36 38 59
32: 14 34 37
33: 21 43 51
34: 30 32 45
35: 28 30 48
36: 27 31 46
37: 26 32 44
38: 22 31 47
39: 24 29 48
40: 23 25 47
41: 6 43 46
42: 21 44 45
43: 33 41 54
44: 37 42 57
45: 34 42 52
46: 36 41 53
47: 38 40 55
48: 35 39 56
49: 11 54 55
50: 16 56 57
51: 33 52 53
52: 45 51 64
53: 46 51 66
54: 43 49 61
55: 47 49 62
56: 48 50 63
57: 44 50 65
58: 21 61 65
59: 31 62 66
60: 30 63 64
61: 2 54 58
62: 2 55 59
63: 4 56 60
64: 3 52 60
65: 4 57 58
66: 3 53 59

