1: 11 12
2: 13 14
3: 15 16
4: 17 18
5: 19 20
6: 21 22
7: 10 42
8: 9 41
9: 8 34
10: 7 33
11: 1 38
12: 1 38
13: 2 37
14: 2 37
15: 3 34
16: 3 34
17: 4 33
18: 4 33
19: 5 32
20: 5 32
21: 6 31
22: 6 31
23: 39 46
24: 40 45
25: 39 42
26: 40 41
27: 35 44
28: 36 43
29: 32 36
30: 31 35
31: 21 22 30 46
32: 19 20 29 45
33: 10 17 18 42
34: 9 15 16 41
35: 27 30 46 47
36: 28 29 45 47
37: 13 14 39 42
38: 11 12 40 41
39: 23 25 37 43
40: 24 26 38 44
41: 8 26 34 38
42: 7 25 33 37
43: 28 39 46 47
44: 27 40 45 47
45: 24 32 36 44
46: 23 31 35 43
47: 35 36 43 44

