1: 21 49 50
2: 21 47 48
3: 23 25 26
4: 22 24 26
5: 25 27 33
6: 24 30 36
7: 23 28 34
8: 22 29 35
9: 27 30 31
10: 28 29 32
11: 33 38 43
12: 34 38 46
13: 36 37 45
14: 35 37 44
15: 32 40 42
16: 31 39 41
17: 39 43 49
18: 40 46 50
19: 41 45 47
20: 42 44 48
21: 1 2 51 52
22: 4 8 54 56
23: 3 7 53 56
24: 4 6 54 55
25: 3 5 53 55
26: 3 4 55 56
27: 5 9 55 57
28: 7 10 56 58
29: 8 10 56 60
30: 6 9 55 59
31: 9 16 57 59
32: 10 15 58 60
33: 5 11 53 57
34: 7 12 53 58
35: 8 14 54 60
36: 6 13 54 59
37: 13 14 54 62
38: 11 12 53 61
39: 16 17 52 57
40: 15 18 51 58
41: 16 19 52 59
42: 15 20 51 60
43: 11 17 57 61
44: 14 20 60 62
45: 13 19 59 62
46: 12 18 58 61
47: 2 19 52 62
48: 2 20 51 62
49: 1 17 52 61
50: 1 18 51 61
51: 21 40 42 48 50
52: 21 39 41 47 49
53: 23 25 33 34 38
54: 22 24 35 36 37
55: 24 25 26 27 30
56: 22 23 26 28 29
57: 27 31 33 39 43
58: 28 32 34 40 46
59: 30 31 36 41 45
60: 29 32 35 42 44
61: 38 43 46 49 50
62: 37 44 45 47 48

