1: 73
2: 72
3: 41 42
4: 43 44
5: 39 40
6: 38 101
7: 37 100
8: 49 50
9: 51 52
10: 47 48
11: 45 46
12: 35 36
13: 17 101
14: 17 101
15: 18 100
16: 18 100
17: 13 14
18: 15 16
19: 20 97
20: 19 93
21: 23 79
22: 34 88
23: 21 93
24: 33 92
25: 30 87
26: 29 91
27: 32 90
28: 31 89
29: 26 80
30: 25 81
31: 28 81
32: 27 80
33: 24 78
34: 22 77
35: 12 74
36: 12 74
37: 7 90
38: 6 89
39: 5 82
40: 5 82
41: 3 84
42: 3 84
43: 4 83
44: 4 83
45: 11 78
46: 11 78
47: 10 77
48: 10 77
49: 8 76
50: 8 76
51: 9 75
52: 9 75
53: 79 96
54: 79 86
55: 91 95
56: 74 86
57: 87 88
58: 85 92
59: 85 94
60: 76 81
61: 75 80
62: 65 101
63: 64 100
64: 63 67
65: 62 66
66: 65 69
67: 64 68
68: 67 71
69: 66 70
70: 69 73
71: 68 72
72: 2 71
73: 1 70
74: 35 36 56 95
75: 51 52 61 90
76: 49 50 60 89
77: 34 47 48 88
78: 33 45 46 92
79: 21 53 54 98
80: 29 32 61 90
81: 30 31 60 89
82: 39 40 85 92
83: 43 44 87 93
84: 41 42 91 94
85: 58 59 82 96
86: 54 56 95 98
87: 25 57 83 97
88: 22 57 77 97
89: 28 38 76 81
90: 27 37 75 80
91: 26 55 84 99
92: 24 58 78 82
93: 20 23 83 97
94: 59 84 96 99
95: 55 74 86 99
96: 53 85 94 98
97: 19 87 88 93
98: 79 86 96 99
99: 91 94 95 98
100: 7 15 16 63
101: 6 13 14 62

