1: 43
2: 42
3: 23 24
4: 20 21
5: 12 13
6: 10 11
7: 28 29
8: 18 54
9: 16 53
10: 6 54
11: 6 54
12: 5 53
13: 5 53
14: 15 52
15: 14 47
16: 9 47
17: 26 51
18: 8 51
19: 25 46
20: 4 46
21: 4 46
22: 27 49
23: 3 50
24: 3 50
25: 19 48
26: 17 44
27: 22 44
28: 7 45
29: 7 45
30: 48 49
31: 44 45
32: 35 54
33: 34 53
34: 33 37
35: 32 36
36: 35 39
37: 34 38
38: 37 41
39: 36 40
40: 39 43
41: 38 42
42: 2 41
43: 1 40
44: 26 27 31 51
45: 28 29 31 51
46: 19 20 21 48
47: 15 16 50 52
48: 25 30 46 52
49: 22 30 50 52
50: 23 24 47 49
51: 17 18 44 45
52: 14 47 48 49
53: 9 12 13 33
54: 8 10 11 32

