1: 2 7 8 43
2: 1 3 9 44
3: 2 4 10 45
4: 3 5 11 46
5: 4 6 12 47
6: 5 7 13 48
7: 1 6 14 49
8: 1 9 14 15
9: 2 8 10 16
10: 3 9 11 17
11: 4 10 12 18
12: 5 11 13 19
13: 6 12 14 20
14: 7 8 13 21
15: 8 16 21 22
16: 9 15 17 23
17: 10 16 18 24
18: 11 17 19 25
19: 12 18 20 26
20: 13 19 21 27
21: 14 15 20 28
22: 15 23 28 29
23: 16 22 24 30
24: 17 23 25 31
25: 18 24 26 32
26: 19 25 27 33
27: 20 26 28 34
28: 21 22 27 35
29: 22 30 35 36
30: 23 29 31 37
31: 24 30 32 38
32: 25 31 33 39
33: 26 32 34 40
34: 27 33 35 41
35: 28 29 34 42
36: 29 37 42 43
37: 30 36 38 44
38: 31 37 39 45
39: 32 38 40 46
40: 33 39 41 47
41: 34 40 42 48
42: 35 36 41 49
43: 1 36 44 49
44: 2 37 43 45
45: 3 38 44 46
46: 4 39 45 47
47: 5 40 46 48
48: 6 41 47 49
49: 7 42 43 48
