1: 2 9 18 35
2: 1 10 19 36
3: 4 17 20 37
4: 3 5 21 38
5: 4 6 22 39
6: 5 7 23 40
7: 6 8 24 41
8: 7 9 25 42
9: 1 8 26 43
10: 2 11 27 44
11: 10 12 28 45
12: 11 13 29 46
13: 12 14 30 47
14: 13 15 31 48
15: 14 16 32 49
16: 15 17 33 50
17: 3 16 34 51
18: 1 19 26 35
19: 2 18 27 36
20: 3 21 34 37
21: 4 20 22 38
22: 5 21 23 39
23: 6 22 24 40
24: 7 23 25 41
25: 8 24 26 42
26: 9 18 25 43
27: 10 19 28 44
28: 11 27 29 45
29: 12 28 30 46
30: 13 29 31 47
31: 14 30 32 48
32: 15 31 33 49
33: 16 32 34 50
34: 17 20 33 51
35: 1 18 36 43
36: 2 19 35 44
37: 3 20 38 51
38: 4 21 37 39
39: 5 22 38 40
40: 6 23 39 41
41: 7 24 40 42
42: 8 25 41 43
43: 9 26 35 42
44: 10 27 36 45
45: 11 28 44 46
46: 12 29 45 47
47: 13 30 46 48
48: 14 31 47 49
49: 15 32 48 50
50: 16 33 49 51
51: 17 34 37 50
