1: 2 10 19 73
2: 1 11 20 74
3: 4 18 21 75
4: 3 5 22 76
5: 4 6 23 77
6: 5 7 24 78
7: 6 8 25 79
8: 7 9 26 80
9: 8 10 27 81
10: 1 9 28 82
11: 2 12 29 83
12: 11 13 30 84
13: 12 14 31 85
14: 13 15 32 86
15: 14 16 33 87
16: 15 17 34 88
17: 16 18 35 89
18: 3 17 36 90
19: 1 20 28 37
20: 2 19 29 38
21: 3 22 36 39
22: 4 21 23 40
23: 5 22 24 41
24: 6 23 25 42
25: 7 24 26 43
26: 8 25 27 44
27: 9 26 28 45
28: 10 19 27 46
29: 11 20 30 47
30: 12 29 31 48
31: 13 30 32 49
32: 14 31 33 50
33: 15 32 34 51
34: 16 33 35 52
35: 17 34 36 53
36: 18 21 35 54
37: 19 38 46 55
38: 20 37 47 56
39: 21 40 54 57
40: 22 39 41 58
41: 23 40 42 59
42: 24 41 43 60
43: 25 42 44 61
44: 26 43 45 62
45: 27 44 46 63
46: 28 37 45 64
47: 29 38 48 65
48: 30 47 49 66
49: 31 48 50 67
50: 32 49 51 68
51: 33 50 52 69
52: 34 51 53 70
53: 35 52 54 71
54: 36 39 53 72
55: 37 56 64 73
56: 38 55 65 74
57: 39 58 72 75
58: 40 57 59 76
59: 41 58 60 77
60: 42 59 61 78
61: 43 60 62 79
62: 44 61 63 80
63: 45 62 64 81
64: 46 55 63 82
65: 47 56 66 83
66: 48 65 67 84
67: 49 66 68 85
68: 50 67 69 86
69: 51 68 70 87
70: 52 69 71 88
71: 53 70 72 89
72: 54 57 71 90
73: 1 55 74 82
74: 2 56 73 83
75: 3 57 76 90
76: 4 58 75 77
77: 5 59 76 78
78: 6 60 77 79
79: 7 61 78 80
80: 8 62 79 81
81: 9 63 80 82
82: 10 64 73 81
83: 11 65 74 84
84: 12 66 83 85
85: 13 67 84 86
86: 14 68 85 87
87: 15 69 86 88
88: 16 70 87 89
89: 17 71 88 90
90: 18 72 75 89
