1: 2 10 11 31
2: 1 3 12 32
3: 2 4 13 33
4: 3 5 14 34
5: 4 6 15 35
6: 5 7 16 36
7: 6 8 17 37
8: 7 9 18 38
9: 8 10 19 39
10: 1 9 20 40
11: 1 12 20 21
12: 2 11 13 22
13: 3 12 14 23
14: 4 13 15 24
15: 5 14 16 25
16: 6 15 17 26
17: 7 16 18 27
18: 8 17 19 28
19: 9 18 20 29
20: 10 11 19 30
21: 11 22 30 31
22: 12 21 23 32
23: 13 22 24 33
24: 14 23 25 34
25: 15 24 26 35
26: 16 25 27 36
27: 17 26 28 37
28: 18 27 29 38
29: 19 28 30 39
30: 20 21 29 40
31: 1 21 32 40
32: 2 22 31 33
33: 3 23 32 34
34: 4 24 33 35
35: 5 25 34 36
36: 6 26 35 37
37: 7 27 36 38
38: 8 28 37 39
39: 9 29 38 40
40: 10 30 31 39
