1: 2 8 17 65
2: 1 9 18 66
3: 4 16 19 67
4: 3 5 20 68
5: 4 6 21 69
6: 5 7 22 70
7: 6 8 23 71
8: 1 7 24 72
9: 2 10 25 73
10: 9 11 26 74
11: 10 12 27 75
12: 11 13 28 76
13: 12 14 29 77
14: 13 15 30 78
15: 14 16 31 79
16: 3 15 32 80
17: 1 18 24 33
18: 2 17 25 34
19: 3 20 32 35
20: 4 19 21 36
21: 5 20 22 37
22: 6 21 23 38
23: 7 22 24 39
24: 8 17 23 40
25: 9 18 26 41
26: 10 25 27 42
27: 11 26 28 43
28: 12 27 29 44
29: 13 28 30 45
30: 14 29 31 46
31: 15 30 32 47
32: 16 19 31 48
33: 17 34 40 49
34: 18 33 41 50
35: 19 36 48 51
36: 20 35 37 52
37: 21 36 38 53
38: 22 37 39 54
39: 23 38 40 55
40: 24 33 39 56
41: 25 34 42 57
42: 26 41 43 58
43: 27 42 44 59
44: 28 43 45 60
45: 29 44 46 61
46: 30 45 47 62
47: 31 46 48 63
48: 32 35 47 64
49: 33 50 56 65
50: 34 49 57 66
51: 35 52 64 67
52: 36 51 53 68
53: 37 52 54 69
54: 38 53 55 70
55: 39 54 56 71
56: 40 49 55 72
57: 41 50 58 73
58: 42 57 59 74
59: 43 58 60 75
60: 44 59 61 76
61: 45 60 62 77
62: 46 61 63 78
63: 47 62 64 79
64: 48 51 63 80
65: 1 49 66 72
66: 2 50 65 73
67: 3 51 68 80
68: 4 52 67 69
69: 5 53 68 70
70: 6 54 69 71
71: 7 55 70 72
72: 8 56 65 71
73: 9 57 66 74
74: 10 58 73 75
75: 11 59 74 76
76: 12 60 75 77
77: 13 61 76 78
78: 14 62 77 79
79: 15 63 78 80
80: 16 64 67 79
