1: 2 18 26 51
2: 1 13 27 52
3: 4 25 28 53
4: 3 5 29 54
5: 4 6 30 55
6: 5 7 31 56
7: 6 8 32 57
8: 7 9 33 58
9: 8 10 34 59
10: 9 11 35 60
11: 10 12 36 61
12: 11 14 37 62
13: 2 19 38 63
14: 12 15 39 64
15: 14 16 40 65
16: 15 17 41 66
17: 16 18 42 67
18: 1 17 43 68
19: 13 20 44 69
20: 19 21 45 70
21: 20 22 46 71
22: 21 23 47 72
23: 22 24 48 73
24: 23 25 49 74
25: 3 24 50 75
26: 1 27 43 51
27: 2 26 38 52
28: 3 29 50 53
29: 4 28 30 54
30: 5 29 31 55
31: 6 30 32 56
32: 7 31 33 57
33: 8 32 34 58
34: 9 33 35 59
35: 10 34 36 60
36: 11 35 37 61
37: 12 36 39 62
38: 13 27 44 63
39: 14 37 40 64
40: 15 39 41 65
41: 16 40 42 66
42: 17 41 43 67
43: 18 26 42 68
44: 19 38 45 69
45: 20 44 46 70
46: 21 45 47 71
47: 22 46 48 72
48: 23 47 49 73
49: 24 48 50 74
50: 25 28 49 75
51: 1 26 52 68
52: 2 27 51 63
53: 3 28 54 75
54: 4 29 53 55
55: 5 30 54 56
56: 6 31 55 57
57: 7 32 56 58
58: 8 33 57 59
59: 9 34 58 60
60: 10 35 59 61
61: 11 36 60 62
62: 12 37 61 64
63: 13 38 52 69
64: 14 39 62 65
65: 15 40 64 66
66: 16 41 65 67
67: 17 42 66 68
68: 18 43 51 67
69: 19 44 63 70
70: 20 45 69 71
71: 21 46 70 72
72: 22 47 71 73
73: 23 48 72 74
74: 24 49 73 75
75: 25 50 53 74
