1: 2 7 16 31
2: 1 8 17 32
3: 4 15 18 33
4: 3 5 19 34
5: 4 6 20 35
6: 5 7 21 36
7: 1 6 22 37
8: 2 9 23 38
9: 8 10 24 39
10: 9 11 25 40
11: 10 12 26 41
12: 11 13 27 42
13: 12 14 28 43
14: 13 15 29 44
15: 3 14 30 45
16: 1 17 22 31
17: 2 16 23 32
18: 3 19 30 33
19: 4 18 20 34
20: 5 19 21 35
21: 6 20 22 36
22: 7 16 21 37
23: 8 17 24 38
24: 9 23 25 39
25: 10 24 26 40
26: 11 25 27 41
27: 12 26 28 42
28: 13 27 29 43
29: 14 28 30 44
30: 15 18 29 45
31: 1 16 32 37
32: 2 17 31 38
33: 3 18 34 45
34: 4 19 33 35
35: 5 20 34 36
36: 6 21 35 37
37: 7 22 31 36
38: 8 23 32 39
39: 9 24 38 40
40: 10 25 39 41
41: 11 26 40 42
42: 12 27 41 43
43: 13 28 42 44
44: 14 29 43 45
45: 15 30 33 44
