1: 2 19 27 53
2: 1 13 28 54
3: 4 26 29 55
4: 3 5 30 56
5: 4 6 31 57
6: 5 7 32 58
7: 6 8 33 59
8: 7 9 34 60
9: 8 10 35 61
10: 9 11 36 62
11: 10 12 37 63
12: 11 14 38 64
13: 2 20 39 65
14: 12 15 40 66
15: 14 16 41 67
16: 15 17 42 68
17: 16 18 43 69
18: 17 19 44 70
19: 1 18 45 71
20: 13 21 46 72
21: 20 22 47 73
22: 21 23 48 74
23: 22 24 49 75
24: 23 25 50 76
25: 24 26 51 77
26: 3 25 52 78
27: 1 28 45 53
28: 2 27 39 54
29: 3 30 52 55
30: 4 29 31 56
31: 5 30 32 57
32: 6 31 33 58
33: 7 32 34 59
34: 8 33 35 60
35: 9 34 36 61
36: 10 35 37 62
37: 11 36 38 63
38: 12 37 40 64
39: 13 28 46 65
40: 14 38 41 66
41: 15 40 42 67
42: 16 41 43 68
43: 17 42 44 69
44: 18 43 45 70
45: 19 27 44 71
46: 20 39 47 72
47: 21 46 48 73
48: 22 47 49 74
49: 23 48 50 75
50: 24 49 51 76
51: 25 50 52 77
52: 26 29 51 78
53: 1 27 54 71
54: 2 28 53 65
55: 3 29 56 78
56: 4 30 55 57
57: 5 31 56 58
58: 6 32 57 59
59: 7 33 58 60
60: 8 34 59 61
61: 9 35 60 62
62: 10 36 61 63
63: 11 37 62 64
64: 12 38 63 66
65: 13 39 54 72
66: 14 40 64 67
67: 15 41 66 68
68: 16 42 67 69
69: 17 43 68 70
70: 18 44 69 71
71: 19 45 53 70
72: 20 46 65 73
73: 21 47 72 74
74: 22 48 73 75
75: 23 49 74 76
76: 24 50 75 77
77: 25 51 76 78
78: 26 52 55 77
