1: 2 12 21 61
2: 1 13 22 62
3: 4 20 23 63
4: 3 5 24 64
5: 4 6 25 65
6: 5 7 26 66
7: 6 8 27 67
8: 7 9 28 68
9: 8 10 29 69
10: 9 11 30 70
11: 10 12 31 71
12: 1 11 32 72
13: 2 14 33 73
14: 13 15 34 74
15: 14 16 35 75
16: 15 17 36 76
17: 16 18 37 77
18: 17 19 38 78
19: 18 20 39 79
20: 3 19 40 80
21: 1 22 32 41
22: 2 21 33 42
23: 3 24 40 43
24: 4 23 25 44
25: 5 24 26 45
26: 6 25 27 46
27: 7 26 28 47
28: 8 27 29 48
29: 9 28 30 49
30: 10 29 31 50
31: 11 30 32 51
32: 12 21 31 52
33: 13 22 34 53
34: 14 33 35 54
35: 15 34 36 55
36: 16 35 37 56
37: 17 36 38 57
38: 18 37 39 58
39: 19 38 40 59
40: 20 23 39 60
41: 21 42 52 61
42: 22 41 53 62
43: 23 44 60 63
44: 24 43 45 64
45: 25 44 46 65
46: 26 45 47 66
47: 27 46 48 67
48: 28 47 49 68
49: 29 48 50 69
50: 30 49 51 70
51: 31 50 52 71
52: 32 41 51 72
53: 33 42 54 73
54: 34 53 55 74
55: 35 54 56 75
56: 36 55 57 76
57: 37 56 58 77
58: 38 57 59 78
59: 39 58 60 79
60: 40 43 59 80
61: 1 41 62 72
62: 2 42 61 73
63: 3 43 64 80
64: 4 44 63 65
65: 5 45 64 66
66: 6 46 65 67
67: 7 47 66 68
68: 8 48 67 69
69: 9 49 68 70
70: 10 50 69 71
71: 11 51 70 72
72: 12 52 61 71
73: 13 53 62 74
74: 14 54 73 75
75: 15 55 74 76
76: 16 56 75 77
77: 17 57 76 78
78: 18 58 77 79
79: 19 59 78 80
80: 20 60 63 79
