1: 2 3 12 34
2: 1 4 13 35
3: 1 11 14 36
4: 2 5 15 37
5: 4 6 16 38
6: 5 7 17 39
7: 6 8 18 40
8: 7 9 19 41
9: 8 10 20 42
10: 9 11 21 43
11: 3 10 22 44
12: 1 13 14 23
13: 2 12 15 24
14: 3 12 22 25
15: 4 13 16 26
16: 5 15 17 27
17: 6 16 18 28
18: 7 17 19 29
19: 8 18 20 30
20: 9 19 21 31
21: 10 20 22 32
22: 11 14 21 33
23: 12 24 25 34
24: 13 23 26 35
25: 14 23 33 36
26: 15 24 27 37
27: 16 26 28 38
28: 17 27 29 39
29: 18 28 30 40
30: 19 29 31 41
31: 20 30 32 42
32: 21 31 33 43
33: 22 25 32 44
34: 1 23 35 36
35: 2 24 34 37
36: 3 25 34 44
37: 4 26 35 38
38: 5 27 37 39
39: 6 28 38 40
40: 7 29 39 41
41: 8 30 40 42
42: 9 31 41 43
43: 10 32 42 44
44: 11 33 36 43
