1: 2 10 11 41
2: 1 3 12 42
3: 2 4 13 43
4: 3 5 14 44
5: 4 6 15 45
6: 5 7 16 46
7: 6 8 17 47
8: 7 9 18 48
9: 8 10 19 49
10: 1 9 20 50
11: 1 12 20 21
12: 2 11 13 22
13: 3 12 14 23
14: 4 13 15 24
15: 5 14 16 25
16: 6 15 17 26
17: 7 16 18 27
18: 8 17 19 28
19: 9 18 20 29
20: 10 11 19 30
21: 11 22 30 31
22: 12 21 23 32
23: 13 22 24 33
24: 14 23 25 34
25: 15 24 26 35
26: 16 25 27 36
27: 17 26 28 37
28: 18 27 29 38
29: 19 28 30 39
30: 20 21 29 40
31: 21 32 40 41
32: 22 31 33 42
33: 23 32 34 43
34: 24 33 35 44
35: 25 34 36 45
36: 26 35 37 46
37: 27 36 38 47
38: 28 37 39 48
39: 29 38 40 49
40: 30 31 39 50
41: 1 31 42 50
42: 2 32 41 43
43: 3 33 42 44
44: 4 34 43 45
45: 5 35 44 46
46: 6 36 45 47
47: 7 37 46 48
48: 8 38 47 49
49: 9 39 48 50
50: 10 40 41 49
