1: 2 8 9 57
2: 1 3 10 58
3: 2 4 11 59
4: 3 5 12 60
5: 4 6 13 61
6: 5 7 14 62
7: 6 8 15 63
8: 1 7 16 64
9: 1 10 16 17
10: 2 9 11 18
11: 3 10 12 19
12: 4 11 13 20
13: 5 12 14 21
14: 6 13 15 22
15: 7 14 16 23
16: 8 9 15 24
17: 9 18 24 25
18: 10 17 19 26
19: 11 18 20 27
20: 12 19 21 28
21: 13 20 22 29
22: 14 21 23 30
23: 15 22 24 31
24: 16 17 23 32
25: 17 26 32 33
26: 18 25 27 34
27: 19 26 28 35
28: 20 27 29 36
29: 21 28 30 37
30: 22 29 31 38
31: 23 30 32 39
32: 24 25 31 40
33: 25 34 40 41
34: 26 33 35 42
35: 27 34 36 43
36: 28 35 37 44
37: 29 36 38 45
38: 30 37 39 46
39: 31 38 40 47
40: 32 33 39 48
41: 33 42 48 49
42: 34 41 43 50
43: 35 42 44 51
44: 36 43 45 52
45: 37 44 46 53
46: 38 45 47 54
47: 39 46 48 55
48: 40 41 47 56
49: 41 50 56 57
50: 42 49 51 58
51: 43 50 52 59
52: 44 51 53 60
53: 45 52 54 61
54: 46 53 55 62
55: 47 54 56 63
56: 48 49 55 64
57: 1 49 58 64
58: 2 50 57 59
59: 3 51 58 60
60: 4 52 59 61
61: 5 53 60 62
62: 6 54 61 63
63: 7 55 62 64
64: 8 56 57 63
