1: 2 12 21 81
2: 1 13 22 82
3: 4 20 23 83
4: 3 5 24 84
5: 4 6 25 85
6: 5 7 26 86
7: 6 8 27 87
8: 7 9 28 88
9: 8 10 29 89
10: 9 11 30 90
11: 10 12 31 91
12: 1 11 32 92
13: 2 14 33 93
14: 13 15 34 94
15: 14 16 35 95
16: 15 17 36 96
17: 16 18 37 97
18: 17 19 38 98
19: 18 20 39 99
20: 3 19 40 100
21: 1 22 32 41
22: 2 21 33 42
23: 3 24 40 43
24: 4 23 25 44
25: 5 24 26 45
26: 6 25 27 46
27: 7 26 28 47
28: 8 27 29 48
29: 9 28 30 49
30: 10 29 31 50
31: 11 30 32 51
32: 12 21 31 52
33: 13 22 34 53
34: 14 33 35 54
35: 15 34 36 55
36: 16 35 37 56
37: 17 36 38 57
38: 18 37 39 58
39: 19 38 40 59
40: 20 23 39 60
41: 21 42 52 61
42: 22 41 53 62
43: 23 44 60 63
44: 24 43 45 64
45: 25 44 46 65
46: 26 45 47 66
47: 27 46 48 67
48: 28 47 49 68
49: 29 48 50 69
50: 30 49 51 70
51: 31 50 52 71
52: 32 41 51 72
53: 33 42 54 73
54: 34 53 55 74
55: 35 54 56 75
56: 36 55 57 76
57: 37 56 58 77
58: 38 57 59 78
59: 39 58 60 79
60: 40 43 59 80
61: 41 62 72 81
62: 42 61 73 82
63: 43 64 80 83
64: 44 63 65 84
65: 45 64 66 85
66: 46 65 67 86
67: 47 66 68 87
68: 48 67 69 88
69: 49 68 70 89
70: 50 69 71 90
71: 51 70 72 91
72: 52 61 71 92
73: 53 62 74 93
74: 54 73 75 94
75: 55 74 76 95
76: 56 75 77 96
77: 57 76 78 97
78: 58 77 79 98
79: 59 78 80 99
80: 60 63 79 100
81: 1 61 82 92
82: 2 62 81 93
83: 3 63 84 100
84: 4 64 83 85
85: 5 65 84 86
86: 6 66 85 87
87: 7 67 86 88
88: 8 68 87 89
89: 9 69 88 90
90: 10 70 89 91
91: 11 71 90 92
92: 12 72 81 91
93: 13 73 82 94
94: 14 74 93 95
95: 15 75 94 96
96: 16 76 95 97
97: 17 77 96 98
98: 18 78 97 99
99: 19 79 98 100
100: 20 80 83 99
