1: 2 4 13 85
2: 1 5 14 86
3: 4 12 15 87
4: 1 3 16 88
5: 2 6 17 89
6: 5 7 18 90
7: 6 8 19 91
8: 7 9 20 92
9: 8 10 21 93
10: 9 11 22 94
11: 10 12 23 95
12: 3 11 24 96
13: 1 14 16 25
14: 2 13 17 26
15: 3 16 24 27
16: 4 13 15 28
17: 5 14 18 29
18: 6 17 19 30
19: 7 18 20 31
20: 8 19 21 32
21: 9 20 22 33
22: 10 21 23 34
23: 11 22 24 35
24: 12 15 23 36
25: 13 26 28 37
26: 14 25 29 38
27: 15 28 36 39
28: 16 25 27 40
29: 17 26 30 41
30: 18 29 31 42
31: 19 30 32 43
32: 20 31 33 44
33: 21 32 34 45
34: 22 33 35 46
35: 23 34 36 47
36: 24 27 35 48
37: 25 38 40 49
38: 26 37 41 50
39: 27 40 48 51
40: 28 37 39 52
41: 29 38 42 53
42: 30 41 43 54
43: 31 42 44 55
44: 32 43 45 56
45: 33 44 46 57
46: 34 45 47 58
47: 35 46 48 59
48: 36 39 47 60
49: 37 50 52 61
50: 38 49 53 62
51: 39 52 60 63
52: 40 49 51 64
53: 41 50 54 65
54: 42 53 55 66
55: 43 54 56 67
56: 44 55 57 68
57: 45 56 58 69
58: 46 57 59 70
59: 47 58 60 71
60: 48 51 59 72
61: 49 62 64 73
62: 50 61 65 74
63: 51 64 72 75
64: 52 61 63 76
65: 53 62 66 77
66: 54 65 67 78
67: 55 66 68 79
68: 56 67 69 80
69: 57 68 70 81
70: 58 69 71 82
71: 59 70 72 83
72: 60 63 71 84
73: 61 74 76 85
74: 62 73 77 86
75: 63 76 84 87
76: 64 73 75 88
77: 65 74 78 89
78: 66 77 79 90
79: 67 78 80 91
80: 68 79 81 92
81: 69 80 82 93
82: 70 81 83 94
83: 71 82 84 95
84: 72 75 83 96
85: 1 73 86 88
86: 2 74 85 89
87: 3 75 88 96
88: 4 76 85 87
89: 5 77 86 90
90: 6 78 89 91
91: 7 79 90 92
92: 8 80 91 93
93: 9 81 92 94
94: 10 82 93 95
95: 11 83 94 96
96: 12 84 87 95
