1: 2 10 11 81
2: 1 3 12 82
3: 2 4 13 83
4: 3 5 14 84
5: 4 6 15 85
6: 5 7 16 86
7: 6 8 17 87
8: 7 9 18 88
9: 8 10 19 89
10: 1 9 20 90
11: 1 12 20 21
12: 2 11 13 22
13: 3 12 14 23
14: 4 13 15 24
15: 5 14 16 25
16: 6 15 17 26
17: 7 16 18 27
18: 8 17 19 28
19: 9 18 20 29
20: 10 11 19 30
21: 11 22 30 31
22: 12 21 23 32
23: 13 22 24 33
24: 14 23 25 34
25: 15 24 26 35
26: 16 25 27 36
27: 17 26 28 37
28: 18 27 29 38
29: 19 28 30 39
30: 20 21 29 40
31: 21 32 40 41
32: 22 31 33 42
33: 23 32 34 43
34: 24 33 35 44
35: 25 34 36 45
36: 26 35 37 46
37: 27 36 38 47
38: 28 37 39 48
39: 29 38 40 49
40: 30 31 39 50
41: 31 42 50 51
42: 32 41 43 52
43: 33 42 44 53
44: 34 43 45 54
45: 35 44 46 55
46: 36 45 47 56
47: 37 46 48 57
48: 38 47 49 58
49: 39 48 50 59
50: 40 41 49 60
51: 41 52 60 61
52: 42 51 53 62
53: 43 52 54 63
54: 44 53 55 64
55: 45 54 56 65
56: 46 55 57 66
57: 47 56 58 67
58: 48 57 59 68
59: 49 58 60 69
60: 50 51 59 70
61: 51 62 70 71
62: 52 61 63 72
63: 53 62 64 73
64: 54 63 65 74
65: 55 64 66 75
66: 56 65 67 76
67: 57 66 68 77
68: 58 67 69 78
69: 59 68 70 79
70: 60 61 69 80
71: 61 72 80 81
72: 62 71 73 82
73: 63 72 74 83
74: 64 73 75 84
75: 65 74 76 85
76: 66 75 77 86
77: 67 76 78 87
78: 68 77 79 88
79: 69 78 80 89
80: 70 71 79 90
81: 1 71 82 90
82: 2 72 81 83
83: 3 73 82 84
84: 4 74 83 85
85: 5 75 84 86
86: 6 76 85 87
87: 7 77 86 88
88: 8 78 87 89
89: 9 79 88 90
90: 10 80 81 89
