1: 2 6 7 31
2: 1 3 8 32
3: 2 4 9 33
4: 3 5 10 34
5: 4 6 11 35
6: 1 5 12 36
7: 1 8 12 13
8: 2 7 9 14
9: 3 8 10 15
10: 4 9 11 16
11: 5 10 12 17
12: 6 7 11 18
13: 7 14 18 19
14: 8 13 15 20
15: 9 14 16 21
16: 10 15 17 22
17: 11 16 18 23
18: 12 13 17 24
19: 13 20 24 25
20: 14 19 21 26
21: 15 20 22 27
22: 16 21 23 28
23: 17 22 24 29
24: 18 19 23 30
25: 19 26 30 31
26: 20 25 27 32
27: 21 26 28 33
28: 22 27 29 34
29: 23 28 30 35
30: 24 25 29 36
31: 1 25 32 36
32: 2 26 31 33
33: 3 27 32 34
34: 4 28 33 35
35: 5 29 34 36
36: 6 30 31 35
