1: 2 7 16 61
2: 1 8 17 62
3: 4 15 18 63
4: 3 5 19 64
5: 4 6 20 65
6: 5 7 21 66
7: 1 6 22 67
8: 2 9 23 68
9: 8 10 24 69
10: 9 11 25 70
11: 10 12 26 71
12: 11 13 27 72
13: 12 14 28 73
14: 13 15 29 74
15: 3 14 30 75
16: 1 17 22 31
17: 2 16 23 32
18: 3 19 30 33
19: 4 18 20 34
20: 5 19 21 35
21: 6 20 22 36
22: 7 16 21 37
23: 8 17 24 38
24: 9 23 25 39
25: 10 24 26 40
26: 11 25 27 41
27: 12 26 28 42
28: 13 27 29 43
29: 14 28 30 44
30: 15 18 29 45
31: 16 32 37 46
32: 17 31 38 47
33: 18 34 45 48
34: 19 33 35 49
35: 20 34 36 50
36: 21 35 37 51
37: 22 31 36 52
38: 23 32 39 53
39: 24 38 40 54
40: 25 39 41 55
41: 26 40 42 56
42: 27 41 43 57
43: 28 42 44 58
44: 29 43 45 59
45: 30 33 44 60
46: 31 47 52 61
47: 32 46 53 62
48: 33 49 60 63
49: 34 48 50 64
50: 35 49 51 65
51: 36 50 52 66
52: 37 46 51 67
53: 38 47 54 68
54: 39 53 55 69
55: 40 54 56 70
56: 41 55 57 71
57: 42 56 58 72
58: 43 57 59 73
59: 44 58 60 74
60: 45 48 59 75
61: 1 46 62 67
62: 2 47 61 68
63: 3 48 64 75
64: 4 49 63 65
65: 5 50 64 66
66: 6 51 65 67
67: 7 52 61 66
68: 8 53 62 69
69: 9 54 68 70
70: 10 55 69 71
71: 11 56 70 72
72: 12 57 71 73
73: 13 58 72 74
74: 14 59 73 75
75: 15 60 63 74
