1: 2 10 11 51
2: 1 3 12 52
3: 2 4 13 53
4: 3 5 14 54
5: 4 6 15 55
6: 5 7 16 56
7: 6 8 17 57
8: 7 9 18 58
9: 8 10 19 59
10: 1 9 20 60
11: 1 12 20 21
12: 2 11 13 22
13: 3 12 14 23
14: 4 13 15 24
15: 5 14 16 25
16: 6 15 17 26
17: 7 16 18 27
18: 8 17 19 28
19: 9 18 20 29
20: 10 11 19 30
21: 11 22 30 31
22: 12 21 23 32
23: 13 22 24 33
24: 14 23 25 34
25: 15 24 26 35
26: 16 25 27 36
27: 17 26 28 37
28: 18 27 29 38
29: 19 28 30 39
30: 20 21 29 40
31: 21 32 40 41
32: 22 31 33 42
33: 23 32 34 43
34: 24 33 35 44
35: 25 34 36 45
36: 26 35 37 46
37: 27 36 38 47
38: 28 37 39 48
39: 29 38 40 49
40: 30 31 39 50
41: 31 42 50 51
42: 32 41 43 52
43: 33 42 44 53
44: 34 43 45 54
45: 35 44 46 55
46: 36 45 47 56
47: 37 46 48 57
48: 38 47 49 58
49: 39 48 50 59
50: 40 41 49 60
51: 1 41 52 60
52: 2 42 51 53
53: 3 43 52 54
54: 4 44 53 55
55: 5 45 54 56
56: 6 46 55 57
57: 7 47 56 58
58: 8 48 57 59
59: 9 49 58 60
60: 10 50 51 59
