1: 2 14 22 43
2: 1 13 23 44
3: 4 21 24 45
4: 3 5 25 46
5: 4 6 26 47
6: 5 7 27 48
7: 6 8 28 49
8: 7 9 29 50
9: 8 10 30 51
10: 9 11 31 52
11: 10 12 32 53
12: 11 14 33 54
13: 2 15 34 55
14: 1 12 35 56
15: 13 16 36 57
16: 15 17 37 58
17: 16 18 38 59
18: 17 19 39 60
19: 18 20 40 61
20: 19 21 41 62
21: 3 20 42 63
22: 1 23 35 43
23: 2 22 34 44
24: 3 25 42 45
25: 4 24 26 46
26: 5 25 27 47
27: 6 26 28 48
28: 7 27 29 49
29: 8 28 30 50
30: 9 29 31 51
31: 10 30 32 52
32: 11 31 33 53
33: 12 32 35 54
34: 13 23 36 55
35: 14 22 33 56
36: 15 34 37 57
37: 16 36 38 58
38: 17 37 39 59
39: 18 38 40 60
40: 19 39 41 61
41: 20 40 42 62
42: 21 24 41 63
43: 1 22 44 56
44: 2 23 43 55
45: 3 24 46 63
46: 4 25 45 47
47: 5 26 46 48
48: 6 27 47 49
49: 7 28 48 50
50: 8 29 49 51
51: 9 30 50 52
52: 10 31 51 53
53: 11 32 52 54
54: 12 33 53 56
55: 13 34 44 57
56: 14 35 43 54
57: 15 36 55 58
58: 16 37 57 59
59: 17 38 58 60
60: 18 39 59 61
61: 19 40 60 62
62: 20 41 61 63
63: 21 42 45 62
