1: 2 5 14 79
2: 1 6 15 80
3: 4 13 16 81
4: 3 5 17 82
5: 1 4 18 83
6: 2 7 19 84
7: 6 8 20 85
8: 7 9 21 86
9: 8 10 22 87
10: 9 11 23 88
11: 10 12 24 89
12: 11 13 25 90
13: 3 12 26 91
14: 1 15 18 27
15: 2 14 19 28
16: 3 17 26 29
17: 4 16 18 30
18: 5 14 17 31
19: 6 15 20 32
20: 7 19 21 33
21: 8 20 22 34
22: 9 21 23 35
23: 10 22 24 36
24: 11 23 25 37
25: 12 24 26 38
26: 13 16 25 39
27: 14 28 31 40
28: 15 27 32 41
29: 16 30 39 42
30: 17 29 31 43
31: 18 27 30 44
32: 19 28 33 45
33: 20 32 34 46
34: 21 33 35 47
35: 22 34 36 48
36: 23 35 37 49
37: 24 36 38 50
38: 25 37 39 51
39: 26 29 38 52
40: 27 41 44 53
41: 28 40 45 54
42: 29 43 52 55
43: 30 42 44 56
44: 31 40 43 57
45: 32 41 46 58
46: 33 45 47 59
47: 34 46 48 60
48: 35 47 49 61
49: 36 48 50 62
50: 37 49 51 63
51: 38 50 52 64
52: 39 42 51 65
53: 40 54 57 66
54: 41 53 58 67
55: 42 56 65 68
56: 43 55 57 69
57: 44 53 56 70
58: 45 54 59 71
59: 46 58 60 72
60: 47 59 61 73
61: 48 60 62 74
62: 49 61 63 75
63: 50 62 64 76
64: 51 63 65 77
65: 52 55 64 78
66: 53 67 70 79
67: 54 66 71 80
68: 55 69 78 81
69: 56 68 70 82
70: 57 66 69 83
71: 58 67 72 84
72: 59 71 73 85
73: 60 72 74 86
74: 61 73 75 87
75: 62 74 76 88
76: 63 75 77 89
77: 64 76 78 90
78: 65 68 77 91
79: 1 66 80 83
80: 2 67 79 84
81: 3 68 82 91
82: 4 69 81 83
83: 5 70 79 82
84: 6 71 80 85
85: 7 72 84 86
86: 8 73 85 87
87: 9 74 86 88
88: 10 75 87 89
89: 11 76 88 90
90: 12 77 89 91
91: 13 78 81 90
