1: 2 8 17 33
2: 1 9 18 34
3: 4 16 19 35
4: 3 5 20 36
5: 4 6 21 37
6: 5 7 22 38
7: 6 8 23 39
8: 1 7 24 40
9: 2 10 25 41
10: 9 11 26 42
11: 10 12 27 43
12: 11 13 28 44
13: 12 14 29 45
14: 13 15 30 46
15: 14 16 31 47
16: 3 15 32 48
17: 1 18 24 33
18: 2 17 25 34
19: 3 20 32 35
20: 4 19 21 36
21: 5 20 22 37
22: 6 21 23 38
23: 7 22 24 39
24: 8 17 23 40
25: 9 18 26 41
26: 10 25 27 42
27: 11 26 28 43
28: 12 27 29 44
29: 13 28 30 45
30: 14 29 31 46
31: 15 30 32 47
32: 16 19 31 48
33: 1 17 34 40
34: 2 18 33 41
35: 3 19 36 48
36: 4 20 35 37
37: 5 21 36 38
38: 6 22 37 39
39: 7 23 38 40
40: 8 24 33 39
41: 9 25 34 42
42: 10 26 41 43
43: 11 27 42 44
44: 12 28 43 45
45: 13 29 44 46
46: 14 30 45 47
47: 15 31 46 48
48: 16 32 35 47
