1: 2 22 30 59
2: 1 13 31 60
3: 4 29 32 61
4: 3 5 33 62
5: 4 6 34 63
6: 5 7 35 64
7: 6 8 36 65
8: 7 9 37 66
9: 8 10 38 67
10: 9 11 39 68
11: 10 12 40 69
12: 11 14 41 70
13: 2 23 42 71
14: 12 15 43 72
15: 14 16 44 73
16: 15 17 45 74
17: 16 18 46 75
18: 17 19 47 76
19: 18 20 48 77
20: 19 21 49 78
21: 20 22 50 79
22: 1 21 51 80
23: 13 24 52 81
24: 23 25 53 82
25: 24 26 54 83
26: 25 27 55 84
27: 26 28 56 85
28: 27 29 57 86
29: 3 28 58 87
30: 1 31 51 59
31: 2 30 42 60
32: 3 33 58 61
33: 4 32 34 62
34: 5 33 35 63
35: 6 34 36 64
36: 7 35 37 65
37: 8 36 38 66
38: 9 37 39 67
39: 10 38 40 68
40: 11 39 41 69
41: 12 40 43 70
42: 13 31 52 71
43: 14 41 44 72
44: 15 43 45 73
45: 16 44 46 74
46: 17 45 47 75
47: 18 46 48 76
48: 19 47 49 77
49: 20 48 50 78
50: 21 49 51 79
51: 22 30 50 80
52: 23 42 53 81
53: 24 52 54 82
54: 25 53 55 83
55: 26 54 56 84
56: 27 55 57 85
57: 28 56 58 86
58: 29 32 57 87
59: 1 30 60 80
60: 2 31 59 71
61: 3 32 62 87
62: 4 33 61 63
63: 5 34 62 64
64: 6 35 63 65
65: 7 36 64 66
66: 8 37 65 67
67: 9 38 66 68
68: 10 39 67 69
69: 11 40 68 70
70: 12 41 69 72
71: 13 42 60 81
72: 14 43 70 73
73: 15 44 72 74
74: 16 45 73 75
75: 17 46 74 76
76: 18 47 75 77
77: 19 48 76 78
78: 20 49 77 79
79: 21 50 78 80
80: 22 51 59 79
81: 23 52 71 82
82: 24 53 81 83
83: 25 54 82 84
84: 26 55 83 85
85: 27 56 84 86
86: 28 57 85 87
87: 29 58 61 86
