1: 2 20 28 55
2: 1 13 29 56
3: 4 27 30 57
4: 3 5 31 58
5: 4 6 32 59
6: 5 7 33 60
7: 6 8 34 61
8: 7 9 35 62
9: 8 10 36 63
10: 9 11 37 64
11: 10 12 38 65
12: 11 14 39 66
13: 2 21 40 67
14: 12 15 41 68
15: 14 16 42 69
16: 15 17 43 70
17: 16 18 44 71
18: 17 19 45 72
19: 18 20 46 73
20: 1 19 47 74
21: 13 22 48 75
22: 21 23 49 76
23: 22 24 50 77
24: 23 25 51 78
25: 24 26 52 79
26: 25 27 53 80
27: 3 26 54 81
28: 1 29 47 55
29: 2 28 40 56
30: 3 31 54 57
31: 4 30 32 58
32: 5 31 33 59
33: 6 32 34 60
34: 7 33 35 61
35: 8 34 36 62
36: 9 35 37 63
37: 10 36 38 64
38: 11 37 39 65
39: 12 38 41 66
40: 13 29 48 67
41: 14 39 42 68
42: 15 41 43 69
43: 16 42 44 70
44: 17 43 45 71
45: 18 44 46 72
46: 19 45 47 73
47: 20 28 46 74
48: 21 40 49 75
49: 22 48 50 76
50: 23 49 51 77
51: 24 50 52 78
52: 25 51 53 79
53: 26 52 54 80
54: 27 30 53 81
55: 1 28 56 74
56: 2 29 55 67
57: 3 30 58 81
58: 4 31 57 59
59: 5 32 58 60
60: 6 33 59 61
61: 7 34 60 62
62: 8 35 61 63
63: 9 36 62 64
64: 10 37 63 65
65: 11 38 64 66
66: 12 39 65 68
67: 13 40 56 75
68: 14 41 66 69
69: 15 42 68 70
70: 16 43 69 71
71: 17 44 70 72
72: 18 45 71 73
73: 19 46 72 74
74: 20 47 55 73
75: 21 48 67 76
76: 22 49 75 77
77: 23 50 76 78
78: 24 51 77 79
79: 25 52 78 80
80: 26 53 79 81
81: 27 54 57 80
