1: 2 4 13 49
2: 1 5 14 50
3: 4 12 15 51
4: 1 3 16 52
5: 2 6 17 53
6: 5 7 18 54
7: 6 8 19 55
8: 7 9 20 56
9: 8 10 21 57
10: 9 11 22 58
11: 10 12 23 59
12: 3 11 24 60
13: 1 14 16 25
14: 2 13 17 26
15: 3 16 24 27
16: 4 13 15 28
17: 5 14 18 29
18: 6 17 19 30
19: 7 18 20 31
20: 8 19 21 32
21: 9 20 22 33
22: 10 21 23 34
23: 11 22 24 35
24: 12 15 23 36
25: 13 26 28 37
26: 14 25 29 38
27: 15 28 36 39
28: 16 25 27 40
29: 17 26 30 41
30: 18 29 31 42
31: 19 30 32 43
32: 20 31 33 44
33: 21 32 34 45
34: 22 33 35 46
35: 23 34 36 47
36: 24 27 35 48
37: 25 38 40 49
38: 26 37 41 50
39: 27 40 48 51
40: 28 37 39 52
41: 29 38 42 53
42: 30 41 43 54
43: 31 42 44 55
44: 32 43 45 56
45: 33 44 46 57
46: 34 45 47 58
47: 35 46 48 59
48: 36 39 47 60
49: 1 37 50 52
50: 2 38 49 53
51: 3 39 52 60
52: 4 40 49 51
53: 5 41 50 54
54: 6 42 53 55
55: 7 43 54 56
56: 8 44 55 57
57: 9 45 56 58
58: 10 46 57 59
59: 11 47 58 60
60: 12 48 51 59
