1: 2 23 31 61
2: 1 13 32 62
3: 4 30 33 63
4: 3 5 34 64
5: 4 6 35 65
6: 5 7 36 66
7: 6 8 37 67
8: 7 9 38 68
9: 8 10 39 69
10: 9 11 40 70
11: 10 12 41 71
12: 11 14 42 72
13: 2 24 43 73
14: 12 15 44 74
15: 14 16 45 75
16: 15 17 46 76
17: 16 18 47 77
18: 17 19 48 78
19: 18 20 49 79
20: 19 21 50 80
21: 20 22 51 81
22: 21 23 52 82
23: 1 22 53 83
24: 13 25 54 84
25: 24 26 55 85
26: 25 27 56 86
27: 26 28 57 87
28: 27 29 58 88
29: 28 30 59 89
30: 3 29 60 90
31: 1 32 53 61
32: 2 31 43 62
33: 3 34 60 63
34: 4 33 35 64
35: 5 34 36 65
36: 6 35 37 66
37: 7 36 38 67
38: 8 37 39 68
39: 9 38 40 69
40: 10 39 41 70
41: 11 40 42 71
42: 12 41 44 72
43: 13 32 54 73
44: 14 42 45 74
45: 15 44 46 75
46: 16 45 47 76
47: 17 46 48 77
48: 18 47 49 78
49: 19 48 50 79
50: 20 49 51 80
51: 21 50 52 81
52: 22 51 53 82
53: 23 31 52 83
54: 24 43 55 84
55: 25 54 56 85
56: 26 55 57 86
57: 27 56 58 87
58: 28 57 59 88
59: 29 58 60 89
60: 30 33 59 90
61: 1 31 62 83
62: 2 32 61 73
63: 3 33 64 90
64: 4 34 63 65
65: 5 35 64 66
66: 6 36 65 67
67: 7 37 66 68
68: 8 38 67 69
69: 9 39 68 70
70: 10 40 69 71
71: 11 41 70 72
72: 12 42 71 74
73: 13 43 62 84
74: 14 44 72 75
75: 15 45 74 76
76: 16 46 75 77
77: 17 47 76 78
78: 18 48 77 79
79: 19 49 78 80
80: 20 50 79 81
81: 21 51 80 82
82: 22 52 81 83
83: 23 53 61 82
84: 24 54 73 85
85: 25 55 84 86
86: 26 56 85 87
87: 27 57 86 88
88: 28 58 87 89
89: 29 59 88 90
90: 30 60 63 89
