1: 2 9 18 69
2: 1 10 19 70
3: 4 17 20 71
4: 3 5 21 72
5: 4 6 22 73
6: 5 7 23 74
7: 6 8 24 75
8: 7 9 25 76
9: 1 8 26 77
10: 2 11 27 78
11: 10 12 28 79
12: 11 13 29 80
13: 12 14 30 81
14: 13 15 31 82
15: 14 16 32 83
16: 15 17 33 84
17: 3 16 34 85
18: 1 19 26 35
19: 2 18 27 36
20: 3 21 34 37
21: 4 20 22 38
22: 5 21 23 39
23: 6 22 24 40
24: 7 23 25 41
25: 8 24 26 42
26: 9 18 25 43
27: 10 19 28 44
28: 11 27 29 45
29: 12 28 30 46
30: 13 29 31 47
31: 14 30 32 48
32: 15 31 33 49
33: 16 32 34 50
34: 17 20 33 51
35: 18 36 43 52
36: 19 35 44 53
37: 20 38 51 54
38: 21 37 39 55
39: 22 38 40 56
40: 23 39 41 57
41: 24 40 42 58
42: 25 41 43 59
43: 26 35 42 60
44: 27 36 45 61
45: 28 44 46 62
46: 29 45 47 63
47: 30 46 48 64
48: 31 47 49 65
49: 32 48 50 66
50: 33 49 51 67
51: 34 37 50 68
52: 35 53 60 69
53: 36 52 61 70
54: 37 55 68 71
55: 38 54 56 72
56: 39 55 57 73
57: 40 56 58 74
58: 41 57 59 75
59: 42 58 60 76
60: 43 52 59 77
61: 44 53 62 78
62: 45 61 63 79
63: 46 62 64 80
64: 47 63 65 81
65: 48 64 66 82
66: 49 65 67 83
67: 50 66 68 84
68: 51 54 67 85
69: 1 52 70 77
70: 2 53 69 78
71: 3 54 72 85
72: 4 55 71 73
73: 5 56 72 74
74: 6 57 73 75
75: 7 58 74 76
76: 8 59 75 77
77: 9 60 69 76
78: 10 61 70 79
79: 11 62 78 80
80: 12 63 79 81
81: 13 64 80 82
82: 14 65 81 83
83: 15 66 82 84
84: 16 67 83 85
85: 17 68 71 84
