1: 2 16 24 47
2: 1 13 25 48
3: 4 23 26 49
4: 3 5 27 50
5: 4 6 28 51
6: 5 7 29 52
7: 6 8 30 53
8: 7 9 31 54
9: 8 10 32 55
10: 9 11 33 56
11: 10 12 34 57
12: 11 14 35 58
13: 2 17 36 59
14: 12 15 37 60
15: 14 16 38 61
16: 1 15 39 62
17: 13 18 40 63
18: 17 19 41 64
19: 18 20 42 65
20: 19 21 43 66
21: 20 22 44 67
22: 21 23 45 68
23: 3 22 46 69
24: 1 25 39 47
25: 2 24 36 48
26: 3 27 46 49
27: 4 26 28 50
28: 5 27 29 51
29: 6 28 30 52
30: 7 29 31 53
31: 8 30 32 54
32: 9 31 33 55
33: 10 32 34 56
34: 11 33 35 57
35: 12 34 37 58
36: 13 25 40 59
37: 14 35 38 60
38: 15 37 39 61
39: 16 24 38 62
40: 17 36 41 63
41: 18 40 42 64
42: 19 41 43 65
43: 20 42 44 66
44: 21 43 45 67
45: 22 44 46 68
46: 23 26 45 69
47: 1 24 48 62
48: 2 25 47 59
49: 3 26 50 69
50: 4 27 49 51
51: 5 28 50 52
52: 6 29 51 53
53: 7 30 52 54
54: 8 31 53 55
55: 9 32 54 56
56: 10 33 55 57
57: 11 34 56 58
58: 12 35 57 60
59: 13 36 48 63
60: 14 37 58 61
61: 15 38 60 62
62: 16 39 47 61
63: 17 40 59 64
64: 18 41 63 65
65: 19 42 64 66
66: 20 43 65 67
67: 21 44 66 68
68: 22 45 67 69
69: 23 46 49 68
