1: 2 4 13 73
2: 1 5 14 74
3: 4 12 15 75
4: 1 3 16 76
5: 2 6 17 77
6: 5 7 18 78
7: 6 8 19 79
8: 7 9 20 80
9: 8 10 21 81
10: 9 11 22 82
11: 10 12 23 83
12: 3 11 24 84
13: 1 14 16 25
14: 2 13 17 26
15: 3 16 24 27
16: 4 13 15 28
17: 5 14 18 29
18: 6 17 19 30
19: 7 18 20 31
20: 8 19 21 32
21: 9 20 22 33
22: 10 21 23 34
23: 11 22 24 35
24: 12 15 23 36
25: 13 26 28 37
26: 14 25 29 38
27: 15 28 36 39
28: 16 25 27 40
29: 17 26 30 41
30: 18 29 31 42
31: 19 30 32 43
32: 20 31 33 44
33: 21 32 34 45
34: 22 33 35 46
35: 23 34 36 47
36: 24 27 35 48
37: 25 38 40 49
38: 26 37 41 50
39: 27 40 48 51
40: 28 37 39 52
41: 29 38 42 53
42: 30 41 43 54
43: 31 42 44 55
44: 32 43 45 56
45: 33 44 46 57
46: 34 45 47 58
47: 35 46 48 59
48: 36 39 47 60
49: 37 50 52 61
50: 38 49 53 62
51: 39 52 60 63
52: 40 49 51 64
53: 41 50 54 65
54: 42 53 55 66
55: 43 54 56 67
56: 44 55 57 68
57: 45 56 58 69
58: 46 57 59 70
59: 47 58 60 71
60: 48 51 59 72
61: 49 62 64 73
62: 50 61 65 74
63: 51 64 72 75
64: 52 61 63 76
65: 53 62 66 77
66: 54 65 67 78
67: 55 66 68 79
68: 56 67 69 80
69: 57 68 70 81
70: 58 69 71 82
71: 59 70 72 83
72: 60 63 71 84
73: 1 61 74 76
74: 2 62 73 77
75: 3 63 76 84
76: 4 64 73 75
77: 5 65 74 78
78: 6 66 77 79
79: 7 67 78 80
80: 8 68 79 81
81: 9 69 80 82
82: 10 70 81 83
83: 11 71 82 84
84: 12 72 75 83
