1: 2 4 13 25
2: 1 5 14 26
3: 4 12 15 27
4: 1 3 16 28
5: 2 6 17 29
6: 5 7 18 30
7: 6 8 19 31
8: 7 9 20 32
9: 8 10 21 33
10: 9 11 22 34
11: 10 12 23 35
12: 3 11 24 36
13: 1 14 16 25
14: 2 13 17 26
15: 3 16 24 27
16: 4 13 15 28
17: 5 14 18 29
18: 6 17 19 30
19: 7 18 20 31
20: 8 19 21 32
21: 9 20 22 33
22: 10 21 23 34
23: 11 22 24 35
24: 12 15 23 36
25: 1 13 26 28
26: 2 14 25 29
27: 3 15 28 36
28: 4 16 25 27
29: 5 17 26 30
30: 6 18 29 31
31: 7 19 30 32
32: 8 20 31 33
33: 9 21 32 34
34: 10 22 33 35
35: 11 23 34 36
36: 12 24 27 35
