1: 2 5 14 27
2: 1 6 15 28
3: 4 13 16 29
4: 3 5 17 30
5: 1 4 18 31
6: 2 7 19 32
7: 6 8 20 33
8: 7 9 21 34
9: 8 10 22 35
10: 9 11 23 36
11: 10 12 24 37
12: 11 13 25 38
13: 3 12 26 39
14: 1 15 18 27
15: 2 14 19 28
16: 3 17 26 29
17: 4 16 18 30
18: 5 14 17 31
19: 6 15 20 32
20: 7 19 21 33
21: 8 20 22 34
22: 9 21 23 35
23: 10 22 24 36
24: 11 23 25 37
25: 12 24 26 38
26: 13 16 25 39
27: 1 14 28 31
28: 2 15 27 32
29: 3 16 30 39
30: 4 17 29 31
31: 5 18 27 30
32: 6 19 28 33
33: 7 20 32 34
34: 8 21 33 35
35: 9 22 34 36
36: 10 23 35 37
37: 11 24 36 38
38: 12 25 37 39
39: 13 26 29 38
