1: 2 26 33 65
2: 1 13 34 66
3: 4 32 35 67
4: 3 5 36 68
5: 4 6 37 69
6: 5 7 38 70
7: 6 8 39 71
8: 7 9 40 72
9: 8 10 41 73
10: 9 11 42 74
11: 10 12 43 75
12: 11 14 44 76
13: 2 24 45 77
14: 12 15 46 78
15: 14 16 47 79
16: 15 17 48 80
17: 16 18 49 81
18: 17 19 50 82
19: 18 20 51 83
20: 19 21 52 84
21: 20 22 53 85
22: 21 23 54 86
23: 22 25 55 87
24: 13 27 56 88
25: 23 26 57 89
26: 1 25 58 90
27: 24 28 59 91
28: 27 29 60 92
29: 28 30 61 93
30: 29 31 62 94
31: 30 32 63 95
32: 3 31 64 96
33: 1 34 58 65
34: 2 33 45 66
35: 3 36 64 67
36: 4 35 37 68
37: 5 36 38 69
38: 6 37 39 70
39: 7 38 40 71
40: 8 39 41 72
41: 9 40 42 73
42: 10 41 43 74
43: 11 42 44 75
44: 12 43 46 76
45: 13 34 56 77
46: 14 44 47 78
47: 15 46 48 79
48: 16 47 49 80
49: 17 48 50 81
50: 18 49 51 82
51: 19 50 52 83
52: 20 51 53 84
53: 21 52 54 85
54: 22 53 55 86
55: 23 54 57 87
56: 24 45 59 88
57: 25 55 58 89
58: 26 33 57 90
59: 27 56 60 91
60: 28 59 61 92
61: 29 60 62 93
62: 30 61 63 94
63: 31 62 64 95
64: 32 35 63 96
65: 1 33 66 90
66: 2 34 65 77
67: 3 35 68 96
68: 4 36 67 69
69: 5 37 68 70
70: 6 38 69 71
71: 7 39 70 72
72: 8 40 71 73
73: 9 41 72 74
74: 10 42 73 75
75: 11 43 74 76
76: 12 44 75 78
77: 13 45 66 88
78: 14 46 76 79
79: 15 47 78 80
80: 16 48 79 81
81: 17 49 80 82
82: 18 50 81 83
83: 19 51 82 84
84: 20 52 83 85
85: 21 53 84 86
86: 22 54 85 87
87: 23 55 86 89
88: 24 56 77 91
89: 25 57 87 90
90: 26 58 65 89
91: 27 59 88 92
92: 28 60 91 93
93: 29 61 92 94
94: 30 62 93 95
95: 31 63 94 96
96: 32 64 67 95
