1: 2 11 20 77
2: 1 12 21 78
3: 4 19 22 79
4: 3 5 23 80
5: 4 6 24 81
6: 5 7 25 82
7: 6 8 26 83
8: 7 9 27 84
9: 8 10 28 85
10: 9 11 29 86
11: 1 10 30 87
12: 2 13 31 88
13: 12 14 32 89
14: 13 15 33 90
15: 14 16 34 91
16: 15 17 35 92
17: 16 18 36 93
18: 17 19 37 94
19: 3 18 38 95
20: 1 21 30 39
21: 2 20 31 40
22: 3 23 38 41
23: 4 22 24 42
24: 5 23 25 43
25: 6 24 26 44
26: 7 25 27 45
27: 8 26 28 46
28: 9 27 29 47
29: 10 28 30 48
30: 11 20 29 49
31: 12 21 32 50
32: 13 31 33 51
33: 14 32 34 52
34: 15 33 35 53
35: 16 34 36 54
36: 17 35 37 55
37: 18 36 38 56
38: 19 22 37 57
39: 20 40 49 58
40: 21 39 50 59
41: 22 42 57 60
42: 23 41 43 61
43: 24 42 44 62
44: 25 43 45 63
45: 26 44 46 64
46: 27 45 47 65
47: 28 46 48 66
48: 29 47 49 67
49: 30 39 48 68
50: 31 40 51 69
51: 32 50 52 70
52: 33 51 53 71
53: 34 52 54 72
54: 35 53 55 73
55: 36 54 56 74
56: 37 55 57 75
57: 38 41 56 76
58: 39 59 68 77
59: 40 58 69 78
60: 41 61 76 79
61: 42 60 62 80
62: 43 61 63 81
63: 44 62 64 82
64: 45 63 65 83
65: 46 64 66 84
66: 47 65 67 85
67: 48 66 68 86
68: 49 58 67 87
69: 50 59 70 88
70: 51 69 71 89
71: 52 70 72 90
72: 53 71 73 91
73: 54 72 74 92
74: 55 73 75 93
75: 56 74 76 94
76: 57 60 75 95
77: 1 58 78 87
78: 2 59 77 88
79: 3 60 80 95
80: 4 61 79 81
81: 5 62 80 82
82: 6 63 81 83
83: 7 64 82 84
84: 8 65 83 85
85: 9 66 84 86
86: 10 67 85 87
87: 11 68 77 86
88: 12 69 78 89
89: 13 70 88 90
90: 14 71 89 91
91: 15 72 90 92
92: 16 73 91 93
93: 17 74 92 94
94: 18 75 93 95
95: 19 76 79 94
