1: 2 8 9 41
2: 1 3 10 42
3: 2 4 11 43
4: 3 5 12 44
5: 4 6 13 45
6: 5 7 14 46
7: 6 8 15 47
8: 1 7 16 48
9: 1 10 16 17
10: 2 9 11 18
11: 3 10 12 19
12: 4 11 13 20
13: 5 12 14 21
14: 6 13 15 22
15: 7 14 16 23
16: 8 9 15 24
17: 9 18 24 25
18: 10 17 19 26
19: 11 18 20 27
20: 12 19 21 28
21: 13 20 22 29
22: 14 21 23 30
23: 15 22 24 31
24: 16 17 23 32
25: 17 26 32 33
26: 18 25 27 34
27: 19 26 28 35
28: 20 27 29 36
29: 21 28 30 37
30: 22 29 31 38
31: 23 30 32 39
32: 24 25 31 40
33: 25 34 40 41
34: 26 33 35 42
35: 27 34 36 43
36: 28 35 37 44
37: 29 36 38 45
38: 30 37 39 46
39: 31 38 40 47
40: 32 33 39 48
41: 1 33 42 48
42: 2 34 41 43
43: 3 35 42 44
44: 4 36 43 45
45: 5 37 44 46
46: 6 38 45 47
47: 7 39 46 48
48: 8 40 41 47
