1: 2 3 12 67
2: 1 4 13 68
3: 1 11 14 69
4: 2 5 15 70
5: 4 6 16 71
6: 5 7 17 72
7: 6 8 18 73
8: 7 9 19 74
9: 8 10 20 75
10: 9 11 21 76
11: 3 10 22 77
12: 1 13 14 23
13: 2 12 15 24
14: 3 12 22 25
15: 4 13 16 26
16: 5 15 17 27
17: 6 16 18 28
18: 7 17 19 29
19: 8 18 20 30
20: 9 19 21 31
21: 10 20 22 32
22: 11 14 21 33
23: 12 24 25 34
24: 13 23 26 35
25: 14 23 33 36
26: 15 24 27 37
27: 16 26 28 38
28: 17 27 29 39
29: 18 28 30 40
30: 19 29 31 41
31: 20 30 32 42
32: 21 31 33 43
33: 22 25 32 44
34: 23 35 36 45
35: 24 34 37 46
36: 25 34 44 47
37: 26 35 38 48
38: 27 37 39 49
39: 28 38 40 50
40: 29 39 41 51
41: 30 40 42 52
42: 31 41 43 53
43: 32 42 44 54
44: 33 36 43 55
45: 34 46 47 56
46: 35 45 48 57
47: 36 45 55 58
48: 37 46 49 59
49: 38 48 50 60
50: 39 49 51 61
51: 40 50 52 62
52: 41 51 53 63
53: 42 52 54 64
54: 43 53 55 65
55: 44 47 54 66
56: 45 57 58 67
57: 46 56 59 68
58: 47 56 66 69
59: 48 57 60 70
60: 49 59 61 71
61: 50 60 62 72
62: 51 61 63 73
63: 52 62 64 74
64: 53 63 65 75
65: 54 64 66 76
66: 55 58 65 77
67: 1 56 68 69
68: 2 57 67 70
69: 3 58 67 77
70: 4 59 68 71
71: 5 60 70 72
72: 6 61 71 73
73: 7 62 72 74
74: 8 63 73 75
75: 9 64 74 76
76: 10 65 75 77
77: 11 66 69 76
