1: 2 9 18 52
2: 1 10 19 53
3: 4 17 20 54
4: 3 5 21 55
5: 4 6 22 56
6: 5 7 23 57
7: 6 8 24 58
8: 7 9 25 59
9: 1 8 26 60
10: 2 11 27 61
11: 10 12 28 62
12: 11 13 29 63
13: 12 14 30 64
14: 13 15 31 65
15: 14 16 32 66
16: 15 17 33 67
17: 3 16 34 68
18: 1 19 26 35
19: 2 18 27 36
20: 3 21 34 37
21: 4 20 22 38
22: 5 21 23 39
23: 6 22 24 40
24: 7 23 25 41
25: 8 24 26 42
26: 9 18 25 43
27: 10 19 28 44
28: 11 27 29 45
29: 12 28 30 46
30: 13 29 31 47
31: 14 30 32 48
32: 15 31 33 49
33: 16 32 34 50
34: 17 20 33 51
35: 18 36 43 52
36: 19 35 44 53
37: 20 38 51 54
38: 21 37 39 55
39: 22 38 40 56
40: 23 39 41 57
41: 24 40 42 58
42: 25 41 43 59
43: 26 35 42 60
44: 27 36 45 61
45: 28 44 46 62
46: 29 45 47 63
47: 30 46 48 64
48: 31 47 49 65
49: 32 48 50 66
50: 33 49 51 67
51: 34 37 50 68
52: 1 35 53 60
53: 2 36 52 61
54: 3 37 55 68
55: 4 38 54 56
56: 5 39 55 57
57: 6 40 56 58
58: 7 41 57 59
59: 8 42 58 60
60: 9 43 52 59
61: 10 44 53 62
62: 11 45 61 63
63: 12 46 62 64
64: 13 47 63 65
65: 14 48 64 66
66: 15 49 65 67
67: 16 50 66 68
68: 17 51 54 67
