1: 2 6 15 85
2: 1 7 16 86
3: 4 14 17 87
4: 3 5 18 88
5: 4 6 19 89
6: 1 5 20 90
7: 2 8 21 91
8: 7 9 22 92
9: 8 10 23 93
10: 9 11 24 94
11: 10 12 25 95
12: 11 13 26 96
13: 12 14 27 97
14: 3 13 28 98
15: 1 16 20 29
16: 2 15 21 30
17: 3 18 28 31
18: 4 17 19 32
19: 5 18 20 33
20: 6 15 19 34
21: 7 16 22 35
22: 8 21 23 36
23: 9 22 24 37
24: 10 23 25 38
25: 11 24 26 39
26: 12 25 27 40
27: 13 26 28 41
28: 14 17 27 42
29: 15 30 34 43
30: 16 29 35 44
31: 17 32 42 45
32: 18 31 33 46
33: 19 32 34 47
34: 20 29 33 48
35: 21 30 36 49
36: 22 35 37 50
37: 23 36 38 51
38: 24 37 39 52
39: 25 38 40 53
40: 26 39 41 54
41: 27 40 42 55
42: 28 31 41 56
43: 29 44 48 57
44: 30 43 49 58
45: 31 46 56 59
46: 32 45 47 60
47: 33 46 48 61
48: 34 43 47 62
49: 35 44 50 63
50: 36 49 51 64
51: 37 50 52 65
52: 38 51 53 66
53: 39 52 54 67
54: 40 53 55 68
55: 41 54 56 69
56: 42 45 55 70
57: 43 58 62 71
58: 44 57 63 72
59: 45 60 70 73
60: 46 59 61 74
61: 47 60 62 75
62: 48 57 61 76
63: 49 58 64 77
64: 50 63 65 78
65: 51 64 66 79
66: 52 65 67 80
67: 53 66 68 81
68: 54 67 69 82
69: 55 68 70 83
70: 56 59 69 84
71: 57 72 76 85
72: 58 71 77 86
73: 59 74 84 87
74: 60 73 75 88
75: 61 74 76 89
76: 62 71 75 90
77: 63 72 78 91
78: 64 77 79 92
79: 65 78 80 93
80: 66 79 81 94
81: 67 80 82 95
82: 68 81 83 96
83: 69 82 84 97
84: 70 73 83 98
85: 1 71 86 90
86: 2 72 85 91
87: 3 73 88 98
88: 4 74 87 89
89: 5 75 88 90
90: 6 76 85 89
91: 7 77 86 92
92: 8 78 91 93
93: 9 79 92 94
94: 10 80 93 95
95: 11 81 94 96
96: 12 82 95 97
97: 13 83 96 98
98: 14 84 87 97
