1: 2 9 10 55
2: 1 3 11 56
3: 2 4 12 57
4: 3 5 13 58
5: 4 6 14 59
6: 5 7 15 60
7: 6 8 16 61
8: 7 9 17 62
9: 1 8 18 63
10: 1 11 18 19
11: 2 10 12 20
12: 3 11 13 21
13: 4 12 14 22
14: 5 13 15 23
15: 6 14 16 24
16: 7 15 17 25
17: 8 16 18 26
18: 9 10 17 27
19: 10 20 27 28
20: 11 19 21 29
21: 12 20 22 30
22: 13 21 23 31
23: 14 22 24 32
24: 15 23 25 33
25: 16 24 26 34
26: 17 25 27 35
27: 18 19 26 36
28: 19 29 36 37
29: 20 28 30 38
30: 21 29 31 39
31: 22 30 32 40
32: 23 31 33 41
33: 24 32 34 42
34: 25 33 35 43
35: 26 34 36 44
36: 27 28 35 45
37: 28 38 45 46
38: 29 37 39 47
39: 30 38 40 48
40: 31 39 41 49
41: 32 40 42 50
42: 33 41 43 51
43: 34 42 44 52
44: 35 43 45 53
45: 36 37 44 54
46: 37 47 54 55
47: 38 46 48 56
48: 39 47 49 57
49: 40 48 50 58
50: 41 49 51 59
51: 42 50 52 60
52: 43 51 53 61
53: 44 52 54 62
54: 45 46 53 63
55: 1 46 56 63
56: 2 47 55 57
57: 3 48 56 58
58: 4 49 57 59
59: 5 50 58 60
60: 6 51 59 61
61: 7 52 60 62
62: 8 53 61 63
63: 9 54 55 62
