1: 2 21 29 57
2: 1 13 30 58
3: 4 28 31 59
4: 3 5 32 60
5: 4 6 33 61
6: 5 7 34 62
7: 6 8 35 63
8: 7 9 36 64
9: 8 10 37 65
10: 9 11 38 66
11: 10 12 39 67
12: 11 14 40 68
13: 2 22 41 69
14: 12 15 42 70
15: 14 16 43 71
16: 15 17 44 72
17: 16 18 45 73
18: 17 19 46 74
19: 18 20 47 75
20: 19 21 48 76
21: 1 20 49 77
22: 13 23 50 78
23: 22 24 51 79
24: 23 25 52 80
25: 24 26 53 81
26: 25 27 54 82
27: 26 28 55 83
28: 3 27 56 84
29: 1 30 49 57
30: 2 29 41 58
31: 3 32 56 59
32: 4 31 33 60
33: 5 32 34 61
34: 6 33 35 62
35: 7 34 36 63
36: 8 35 37 64
37: 9 36 38 65
38: 10 37 39 66
39: 11 38 40 67
40: 12 39 42 68
41: 13 30 50 69
42: 14 40 43 70
43: 15 42 44 71
44: 16 43 45 72
45: 17 44 46 73
46: 18 45 47 74
47: 19 46 48 75
48: 20 47 49 76
49: 21 29 48 77
50: 22 41 51 78
51: 23 50 52 79
52: 24 51 53 80
53: 25 52 54 81
54: 26 53 55 82
55: 27 54 56 83
56: 28 31 55 84
57: 1 29 58 77
58: 2 30 57 69
59: 3 31 60 84
60: 4 32 59 61
61: 5 33 60 62
62: 6 34 61 63
63: 7 35 62 64
64: 8 36 63 65
65: 9 37 64 66
66: 10 38 65 67
67: 11 39 66 68
68: 12 40 67 70
69: 13 41 58 78
70: 14 42 68 71
71: 15 43 70 72
72: 16 44 71 73
73: 17 45 72 74
74: 18 46 73 75
75: 19 47 74 76
76: 20 48 75 77
77: 21 49 57 76
78: 22 50 69 79
79: 23 51 78 80
80: 24 52 79 81
81: 25 53 80 82
82: 26 54 81 83
83: 27 55 82 84
84: 28 56 59 83
