1: 2 6 15 71
2: 1 7 16 72
3: 4 14 17 73
4: 3 5 18 74
5: 4 6 19 75
6: 1 5 20 76
7: 2 8 21 77
8: 7 9 22 78
9: 8 10 23 79
10: 9 11 24 80
11: 10 12 25 81
12: 11 13 26 82
13: 12 14 27 83
14: 3 13 28 84
15: 1 16 20 29
16: 2 15 21 30
17: 3 18 28 31
18: 4 17 19 32
19: 5 18 20 33
20: 6 15 19 34
21: 7 16 22 35
22: 8 21 23 36
23: 9 22 24 37
24: 10 23 25 38
25: 11 24 26 39
26: 12 25 27 40
27: 13 26 28 41
28: 14 17 27 42
29: 15 30 34 43
30: 16 29 35 44
31: 17 32 42 45
32: 18 31 33 46
33: 19 32 34 47
34: 20 29 33 48
35: 21 30 36 49
36: 22 35 37 50
37: 23 36 38 51
38: 24 37 39 52
39: 25 38 40 53
40: 26 39 41 54
41: 27 40 42 55
42: 28 31 41 56
43: 29 44 48 57
44: 30 43 49 58
45: 31 46 56 59
46: 32 45 47 60
47: 33 46 48 61
48: 34 43 47 62
49: 35 44 50 63
50: 36 49 51 64
51: 37 50 52 65
52: 38 51 53 66
53: 39 52 54 67
54: 40 53 55 68
55: 41 54 56 69
56: 42 45 55 70
57: 43 58 62 71
58: 44 57 63 72
59: 45 60 70 73
60: 46 59 61 74
61: 47 60 62 75
62: 48 57 61 76
63: 49 58 64 77
64: 50 63 65 78
65: 51 64 66 79
66: 52 65 67 80
67: 53 66 68 81
68: 54 67 69 82
69: 55 68 70 83
70: 56 59 69 84
71: 1 57 72 76
72: 2 58 71 77
73: 3 59 74 84
74: 4 60 73 75
75: 5 61 74 76
76: 6 62 71 75
77: 7 63 72 78
78: 8 64 77 79
79: 9 65 78 80
80: 10 66 79 81
81: 11 67 80 82
82: 12 68 81 83
83: 13 69 82 84
84: 14 70 73 83
