1: 2 3 12 45
2: 1 4 13 46
3: 1 11 14 47
4: 2 5 15 48
5: 4 6 16 49
6: 5 7 17 50
7: 6 8 18 51
8: 7 9 19 52
9: 8 10 20 53
10: 9 11 21 54
11: 3 10 22 55
12: 1 13 14 23
13: 2 12 15 24
14: 3 12 22 25
15: 4 13 16 26
16: 5 15 17 27
17: 6 16 18 28
18: 7 17 19 29
19: 8 18 20 30
20: 9 19 21 31
21: 10 20 22 32
22: 11 14 21 33
23: 12 24 25 34
24: 13 23 26 35
25: 14 23 33 36
26: 15 24 27 37
27: 16 26 28 38
28: 17 27 29 39
29: 18 28 30 40
30: 19 29 31 41
31: 20 30 32 42
32: 21 31 33 43
33: 22 25 32 44
34: 23 35 36 45
35: 24 34 37 46
36: 25 34 44 47
37: 26 35 38 48
38: 27 37 39 49
39: 28 38 40 50
40: 29 39 41 51
41: 30 40 42 52
42: 31 41 43 53
43: 32 42 44 54
44: 33 36 43 55
45: 1 34 46 47
46: 2 35 45 48
47: 3 36 45 55
48: 4 37 46 49
49: 5 38 48 50
50: 6 39 49 51
51: 7 40 50 52
52: 8 41 51 53
53: 9 42 52 54
54: 10 43 53 55
55: 11 44 47 54
