1: 2 8 9 33
2: 1 3 10 34
3: 2 4 11 35
4: 3 5 12 36
5: 4 6 13 37
6: 5 7 14 38
7: 6 8 15 39
8: 1 7 16 40
9: 1 10 16 17
10: 2 9 11 18
11: 3 10 12 19
12: 4 11 13 20
13: 5 12 14 21
14: 6 13 15 22
15: 7 14 16 23
16: 8 9 15 24
17: 9 18 24 25
18: 10 17 19 26
19: 11 18 20 27
20: 12 19 21 28
21: 13 20 22 29
22: 14 21 23 30
23: 15 22 24 31
24: 16 17 23 32
25: 17 26 32 33
26: 18 25 27 34
27: 19 26 28 35
28: 20 27 29 36
29: 21 28 30 37
30: 22 29 31 38
31: 23 30 32 39
32: 24 25 31 40
33: 1 25 34 40
34: 2 26 33 35
35: 3 27 34 36
36: 4 28 35 37
37: 5 29 36 38
38: 6 30 37 39
39: 7 31 38 40
40: 8 32 33 39
