1: 2 18 26 76
2: 1 13 27 77
3: 4 25 28 78
4: 3 5 29 79
5: 4 6 30 80
6: 5 7 31 81
7: 6 8 32 82
8: 7 9 33 83
9: 8 10 34 84
10: 9 11 35 85
11: 10 12 36 86
12: 11 14 37 87
13: 2 19 38 88
14: 12 15 39 89
15: 14 16 40 90
16: 15 17 41 91
17: 16 18 42 92
18: 1 17 43 93
19: 13 20 44 94
20: 19 21 45 95
21: 20 22 46 96
22: 21 23 47 97
23: 22 24 48 98
24: 23 25 49 99
25: 3 24 50 100
26: 1 27 43 51
27: 2 26 38 52
28: 3 29 50 53
29: 4 28 30 54
30: 5 29 31 55
31: 6 30 32 56
32: 7 31 33 57
33: 8 32 34 58
34: 9 33 35 59
35: 10 34 36 60
36: 11 35 37 61
37: 12 36 39 62
38: 13 27 44 63
39: 14 37 40 64
40: 15 39 41 65
41: 16 40 42 66
42: 17 41 43 67
43: 18 26 42 68
44: 19 38 45 69
45: 20 44 46 70
46: 21 45 47 71
47: 22 46 48 72
48: 23 47 49 73
49: 24 48 50 74
50: 25 28 49 75
51: 26 52 68 76
52: 27 51 63 77
53: 28 54 75 78
54: 29 53 55 79
55: 30 54 56 80
56: 31 55 57 81
57: 32 56 58 82
58: 33 57 59 83
59: 34 58 60 84
60: 35 59 61 85
61: 36 60 62 86
62: 37 61 64 87
63: 38 52 69 88
64: 39 62 65 89
65: 40 64 66 90
66: 41 65 67 91
67: 42 66 68 92
68: 43 51 67 93
69: 44 63 70 94
70: 45 69 71 95
71: 46 70 72 96
72: 47 71 73 97
73: 48 72 74 98
74: 49 73 75 99
75: 50 53 74 100
76: 1 51 77 93
77: 2 52 76 88
78: 3 53 79 100
79: 4 54 78 80
80: 5 55 79 81
81: 6 56 80 82
82: 7 57 81 83
83: 8 58 82 84
84: 9 59 83 85
85: 10 60 84 86
86: 11 61 85 87
87: 12 62 86 89
88: 13 63 77 94
89: 14 64 87 90
90: 15 65 89 91
91: 16 66 90 92
92: 17 67 91 93
93: 18 68 76 92
94: 19 69 88 95
95: 20 70 94 96
96: 21 71 95 97
97: 22 72 96 98
98: 23 73 97 99
99: 24 74 98 100
100: 25 75 78 99
