1: 2 8 17 81
2: 1 9 18 82
3: 4 16 19 83
4: 3 5 20 84
5: 4 6 21 85
6: 5 7 22 86
7: 6 8 23 87
8: 1 7 24 88
9: 2 10 25 89
10: 9 11 26 90
11: 10 12 27 91
12: 11 13 28 92
13: 12 14 29 93
14: 13 15 30 94
15: 14 16 31 95
16: 3 15 32 96
17: 1 18 24 33
18: 2 17 25 34
19: 3 20 32 35
20: 4 19 21 36
21: 5 20 22 37
22: 6 21 23 38
23: 7 22 24 39
24: 8 17 23 40
25: 9 18 26 41
26: 10 25 27 42
27: 11 26 28 43
28: 12 27 29 44
29: 13 28 30 45
30: 14 29 31 46
31: 15 30 32 47
32: 16 19 31 48
33: 17 34 40 49
34: 18 33 41 50
35: 19 36 48 51
36: 20 35 37 52
37: 21 36 38 53
38: 22 37 39 54
39: 23 38 40 55
40: 24 33 39 56
41: 25 34 42 57
42: 26 41 43 58
43: 27 42 44 59
44: 28 43 45 60
45: 29 44 46 61
46: 30 45 47 62
47: 31 46 48 63
48: 32 35 47 64
49: 33 50 56 65
50: 34 49 57 66
51: 35 52 64 67
52: 36 51 53 68
53: 37 52 54 69
54: 38 53 55 70
55: 39 54 56 71
56: 40 49 55 72
57: 41 50 58 73
58: 42 57 59 74
59: 43 58 60 75
60: 44 59 61 76
61: 45 60 62 77
62: 46 61 63 78
63: 47 62 64 79
64: 48 51 63 80
65: 49 66 72 81
66: 50 65 73 82
67: 51 68 80 83
68: 52 67 69 84
69: 53 68 70 85
70: 54 69 71 86
71: 55 70 72 87
72: 56 65 71 88
73: 57 66 74 89
74: 58 73 75 90
75: 59 74 76 91
76: 60 75 77 92
77: 61 76 78 93
78: 62 77 79 94
79: 63 78 80 95
80: 64 67 79 96
81: 1 65 82 88
82: 2 66 81 89
83: 3 67 84 96
84: 4 68 83 85
85: 5 69 84 86
86: 6 70 85 87
87: 7 71 86 88
88: 8 72 81 87
89: 9 73 82 90
90: 10 74 89 91
91: 11 75 90 92
92: 12 76 91 93
93: 13 77 92 94
94: 14 78 93 95
95: 15 79 94 96
96: 16 80 83 95
