1: 2 9 10 37
2: 1 3 11 38
3: 2 4 12 39
4: 3 5 13 40
5: 4 6 14 41
6: 5 7 15 42
7: 6 8 16 43
8: 7 9 17 44
9: 1 8 18 45
10: 1 11 18 19
11: 2 10 12 20
12: 3 11 13 21
13: 4 12 14 22
14: 5 13 15 23
15: 6 14 16 24
16: 7 15 17 25
17: 8 16 18 26
18: 9 10 17 27
19: 10 20 27 28
20: 11 19 21 29
21: 12 20 22 30
22: 13 21 23 31
23: 14 22 24 32
24: 15 23 25 33
25: 16 24 26 34
26: 17 25 27 35
27: 18 19 26 36
28: 19 29 36 37
29: 20 28 30 38
30: 21 29 31 39
31: 22 30 32 40
32: 23 31 33 41
33: 24 32 34 42
34: 25 33 35 43
35: 26 34 36 44
36: 27 28 35 45
37: 1 28 38 45
38: 2 29 37 39
39: 3 30 38 40
40: 4 31 39 41
41: 5 32 40 42
42: 6 33 41 43
43: 7 34 42 44
44: 8 35 43 45
45: 9 36 37 44
