1: 2 11 20 58
2: 1 12 21 59
3: 4 19 22 60
4: 3 5 23 61
5: 4 6 24 62
6: 5 7 25 63
7: 6 8 26 64
8: 7 9 27 65
9: 8 10 28 66
10: 9 11 29 67
11: 1 10 30 68
12: 2 13 31 69
13: 12 14 32 70
14: 13 15 33 71
15: 14 16 34 72
16: 15 17 35 73
17: 16 18 36 74
18: 17 19 37 75
19: 3 18 38 76
20: 1 21 30 39
21: 2 20 31 40
22: 3 23 38 41
23: 4 22 24 42
24: 5 23 25 43
25: 6 24 26 44
26: 7 25 27 45
27: 8 26 28 46
28: 9 27 29 47
29: 10 28 30 48
30: 11 20 29 49
31: 12 21 32 50
32: 13 31 33 51
33: 14 32 34 52
34: 15 33 35 53
35: 16 34 36 54
36: 17 35 37 55
37: 18 36 38 56
38: 19 22 37 57
39: 20 40 49 58
40: 21 39 50 59
41: 22 42 57 60
42: 23 41 43 61
43: 24 42 44 62
44: 25 43 45 63
45: 26 44 46 64
46: 27 45 47 65
47: 28 46 48 66
48: 29 47 49 67
49: 30 39 48 68
50: 31 40 51 69
51: 32 50 52 70
52: 33 51 53 71
53: 34 52 54 72
54: 35 53 55 73
55: 36 54 56 74
56: 37 55 57 75
57: 38 41 56 76
58: 1 39 59 68
59: 2 40 58 69
60: 3 41 61 76
61: 4 42 60 62
62: 5 43 61 63
63: 6 44 62 64
64: 7 45 63 65
65: 8 46 64 66
66: 9 47 65 67
67: 10 48 66 68
68: 11 49 58 67
69: 12 50 59 70
70: 13 51 69 71
71: 14 52 70 72
72: 15 53 71 73
73: 16 54 72 74
74: 17 55 73 75
75: 18 56 74 76
76: 19 57 60 75
