1: 2 5 14 66
2: 1 6 15 67
3: 4 13 16 68
4: 3 5 17 69
5: 1 4 18 70
6: 2 7 19 71
7: 6 8 20 72
8: 7 9 21 73
9: 8 10 22 74
10: 9 11 23 75
11: 10 12 24 76
12: 11 13 25 77
13: 3 12 26 78
14: 1 15 18 27
15: 2 14 19 28
16: 3 17 26 29
17: 4 16 18 30
18: 5 14 17 31
19: 6 15 20 32
20: 7 19 21 33
21: 8 20 22 34
22: 9 21 23 35
23: 10 22 24 36
24: 11 23 25 37
25: 12 24 26 38
26: 13 16 25 39
27: 14 28 31 40
28: 15 27 32 41
29: 16 30 39 42
30: 17 29 31 43
31: 18 27 30 44
32: 19 28 33 45
33: 20 32 34 46
34: 21 33 35 47
35: 22 34 36 48
36: 23 35 37 49
37: 24 36 38 50
38: 25 37 39 51
39: 26 29 38 52
40: 27 41 44 53
41: 28 40 45 54
42: 29 43 52 55
43: 30 42 44 56
44: 31 40 43 57
45: 32 41 46 58
46: 33 45 47 59
47: 34 46 48 60
48: 35 47 49 61
49: 36 48 50 62
50: 37 49 51 63
51: 38 50 52 64
52: 39 42 51 65
53: 40 54 57 66
54: 41 53 58 67
55: 42 56 65 68
56: 43 55 57 69
57: 44 53 56 70
58: 45 54 59 71
59: 46 58 60 72
60: 47 59 61 73
61: 48 60 62 74
62: 49 61 63 75
63: 50 62 64 76
64: 51 63 65 77
65: 52 55 64 78
66: 1 53 67 70
67: 2 54 66 71
68: 3 55 69 78
69: 4 56 68 70
70: 5 57 66 69
71: 6 58 67 72
72: 7 59 71 73
73: 8 60 72 74
74: 9 61 73 75
75: 10 62 74 76
76: 11 63 75 77
77: 12 64 76 78
78: 13 65 68 77
