1: 2 12 21 41
2: 1 13 22 42
3: 4 20 23 43
4: 3 5 24 44
5: 4 6 25 45
6: 5 7 26 46
7: 6 8 27 47
8: 7 9 28 48
9: 8 10 29 49
10: 9 11 30 50
11: 10 12 31 51
12: 1 11 32 52
13: 2 14 33 53
14: 13 15 34 54
15: 14 16 35 55
16: 15 17 36 56
17: 16 18 37 57
18: 17 19 38 58
19: 18 20 39 59
20: 3 19 40 60
21: 1 22 32 41
22: 2 21 33 42
23: 3 24 40 43
24: 4 23 25 44
25: 5 24 26 45
26: 6 25 27 46
27: 7 26 28 47
28: 8 27 29 48
29: 9 28 30 49
30: 10 29 31 50
31: 11 30 32 51
32: 12 21 31 52
33: 13 22 34 53
34: 14 33 35 54
35: 15 34 36 55
36: 16 35 37 56
37: 17 36 38 57
38: 18 37 39 58
39: 19 38 40 59
40: 20 23 39 60
41: 1 21 42 52
42: 2 22 41 53
43: 3 23 44 60
44: 4 24 43 45
45: 5 25 44 46
46: 6 26 45 47
47: 7 27 46 48
48: 8 28 47 49
49: 9 29 48 50
50: 10 30 49 51
51: 11 31 50 52
52: 12 32 41 51
53: 13 33 42 54
54: 14 34 53 55
55: 15 35 54 56
56: 16 36 55 57
57: 17 37 56 58
58: 18 38 57 59
59: 19 39 58 60
60: 20 40 43 59
