1: 2 6 15 57
2: 1 7 16 58
3: 4 14 17 59
4: 3 5 18 60
5: 4 6 19 61
6: 1 5 20 62
7: 2 8 21 63
8: 7 9 22 64
9: 8 10 23 65
10: 9 11 24 66
11: 10 12 25 67
12: 11 13 26 68
13: 12 14 27 69
14: 3 13 28 70
15: 1 16 20 29
16: 2 15 21 30
17: 3 18 28 31
18: 4 17 19 32
19: 5 18 20 33
20: 6 15 19 34
21: 7 16 22 35
22: 8 21 23 36
23: 9 22 24 37
24: 10 23 25 38
25: 11 24 26 39
26: 12 25 27 40
27: 13 26 28 41
28: 14 17 27 42
29: 15 30 34 43
30: 16 29 35 44
31: 17 32 42 45
32: 18 31 33 46
33: 19 32 34 47
34: 20 29 33 48
35: 21 30 36 49
36: 22 35 37 50
37: 23 36 38 51
38: 24 37 39 52
39: 25 38 40 53
40: 26 39 41 54
41: 27 40 42 55
42: 28 31 41 56
43: 29 44 48 57
44: 30 43 49 58
45: 31 46 56 59
46: 32 45 47 60
47: 33 46 48 61
48: 34 43 47 62
49: 35 44 50 63
50: 36 49 51 64
51: 37 50 52 65
52: 38 51 53 66
53: 39 52 54 67
54: 40 53 55 68
55: 41 54 56 69
56: 42 45 55 70
57: 1 43 58 62
58: 2 44 57 63
59: 3 45 60 70
60: 4 46 59 61
61: 5 47 60 62
62: 6 48 57 61
63: 7 49 58 64
64: 8 50 63 65
65: 9 51 64 66
66: 10 52 65 67
67: 11 53 66 68
68: 12 54 67 69
69: 13 55 68 70
70: 14 56 59 69
