1: 2 15 23 45
2: 1 13 24 46
3: 4 22 25 47
4: 3 5 26 48
5: 4 6 27 49
6: 5 7 28 50
7: 6 8 29 51
8: 7 9 30 52
9: 8 10 31 53
10: 9 11 32 54
11: 10 12 33 55
12: 11 14 34 56
13: 2 16 35 57
14: 12 15 36 58
15: 1 14 37 59
16: 13 17 38 60
17: 16 18 39 61
18: 17 19 40 62
19: 18 20 41 63
20: 19 21 42 64
21: 20 22 43 65
22: 3 21 44 66
23: 1 24 37 45
24: 2 23 35 46
25: 3 26 44 47
26: 4 25 27 48
27: 5 26 28 49
28: 6 27 29 50
29: 7 28 30 51
30: 8 29 31 52
31: 9 30 32 53
32: 10 31 33 54
33: 11 32 34 55
34: 12 33 36 56
35: 13 24 38 57
36: 14 34 37 58
37: 15 23 36 59
38: 16 35 39 60
39: 17 38 40 61
40: 18 39 41 62
41: 19 40 42 63
42: 20 41 43 64
43: 21 42 44 65
44: 22 25 43 66
45: 1 23 46 59
46: 2 24 45 57
47: 3 25 48 66
48: 4 26 47 49
49: 5 27 48 50
50: 6 28 49 51
51: 7 29 50 52
52: 8 30 51 53
53: 9 31 52 54
54: 10 32 53 55
55: 11 33 54 56
56: 12 34 55 58
57: 13 35 46 60
58: 14 36 56 59
59: 15 37 45 58
60: 16 38 57 61
61: 17 39 60 62
62: 18 40 61 63
63: 19 41 62 64
64: 20 42 63 65
65: 21 43 64 66
66: 22 44 47 65
