1: 2 11 20 39
2: 1 12 21 40
3: 4 19 22 41
4: 3 5 23 42
5: 4 6 24 43
6: 5 7 25 44
7: 6 8 26 45
8: 7 9 27 46
9: 8 10 28 47
10: 9 11 29 48
11: 1 10 30 49
12: 2 13 31 50
13: 12 14 32 51
14: 13 15 33 52
15: 14 16 34 53
16: 15 17 35 54
17: 16 18 36 55
18: 17 19 37 56
19: 3 18 38 57
20: 1 21 30 39
21: 2 20 31 40
22: 3 23 38 41
23: 4 22 24 42
24: 5 23 25 43
25: 6 24 26 44
26: 7 25 27 45
27: 8 26 28 46
28: 9 27 29 47
29: 10 28 30 48
30: 11 20 29 49
31: 12 21 32 50
32: 13 31 33 51
33: 14 32 34 52
34: 15 33 35 53
35: 16 34 36 54
36: 17 35 37 55
37: 18 36 38 56
38: 19 22 37 57
39: 1 20 40 49
40: 2 21 39 50
41: 3 22 42 57
42: 4 23 41 43
43: 5 24 42 44
44: 6 25 43 45
45: 7 26 44 46
46: 8 27 45 47
47: 9 28 46 48
48: 10 29 47 49
49: 11 30 39 48
50: 12 31 40 51
51: 13 32 50 52
52: 14 33 51 53
53: 15 34 52 54
54: 16 35 53 55
55: 17 36 54 56
56: 18 37 55 57
57: 19 38 41 56
