1: 2 9 10 28
2: 1 3 11 29
3: 2 4 12 30
4: 3 5 13 31
5: 4 6 14 32
6: 5 7 15 33
7: 6 8 16 34
8: 7 9 17 35
9: 1 8 18 36
10: 1 11 18 19
11: 2 10 12 20
12: 3 11 13 21
13: 4 12 14 22
14: 5 13 15 23
15: 6 14 16 24
16: 7 15 17 25
17: 8 16 18 26
18: 9 10 17 27
19: 10 20 27 28
20: 11 19 21 29
21: 12 20 22 30
22: 13 21 23 31
23: 14 22 24 32
24: 15 23 25 33
25: 16 24 26 34
26: 17 25 27 35
27: 18 19 26 36
28: 1 19 29 36
29: 2 20 28 30
30: 3 21 29 31
31: 4 22 30 32
32: 5 23 31 33
33: 6 24 32 34
34: 7 25 33 35
35: 8 26 34 36
36: 9 27 28 35
