1: 2 15 23 67
2: 1 13 24 68
3: 4 22 25 69
4: 3 5 26 70
5: 4 6 27 71
6: 5 7 28 72
7: 6 8 29 73
8: 7 9 30 74
9: 8 10 31 75
10: 9 11 32 76
11: 10 12 33 77
12: 11 14 34 78
13: 2 16 35 79
14: 12 15 36 80
15: 1 14 37 81
16: 13 17 38 82
17: 16 18 39 83
18: 17 19 40 84
19: 18 20 41 85
20: 19 21 42 86
21: 20 22 43 87
22: 3 21 44 88
23: 1 24 37 45
24: 2 23 35 46
25: 3 26 44 47
26: 4 25 27 48
27: 5 26 28 49
28: 6 27 29 50
29: 7 28 30 51
30: 8 29 31 52
31: 9 30 32 53
32: 10 31 33 54
33: 11 32 34 55
34: 12 33 36 56
35: 13 24 38 57
36: 14 34 37 58
37: 15 23 36 59
38: 16 35 39 60
39: 17 38 40 61
40: 18 39 41 62
41: 19 40 42 63
42: 20 41 43 64
43: 21 42 44 65
44: 22 25 43 66
45: 23 46 59 67
46: 24 45 57 68
47: 25 48 66 69
48: 26 47 49 70
49: 27 48 50 71
50: 28 49 51 72
51: 29 50 52 73
52: 30 51 53 74
53: 31 52 54 75
54: 32 53 55 76
55: 33 54 56 77
56: 34 55 58 78
57: 35 46 60 79
58: 36 56 59 80
59: 37 45 58 81
60: 38 57 61 82
61: 39 60 62 83
62: 40 61 63 84
63: 41 62 64 85
64: 42 63 65 86
65: 43 64 66 87
66: 44 47 65 88
67: 1 45 68 81
68: 2 46 67 79
69: 3 47 70 88
70: 4 48 69 71
71: 5 49 70 72
72: 6 50 71 73
73: 7 51 72 74
74: 8 52 73 75
75: 9 53 74 76
76: 10 54 75 77
77: 11 55 76 78
78: 12 56 77 80
79: 13 57 68 82
80: 14 58 78 81
81: 15 59 67 80
82: 16 60 79 83
83: 17 61 82 84
84: 18 62 83 85
85: 19 63 84 86
86: 20 64 85 87
87: 21 65 86 88
88: 22 66 69 87
