1: 2 17 25 73
2: 1 13 26 74
3: 4 24 27 75
4: 3 5 28 76
5: 4 6 29 77
6: 5 7 30 78
7: 6 8 31 79
8: 7 9 32 80
9: 8 10 33 81
10: 9 11 34 82
11: 10 12 35 83
12: 11 14 36 84
13: 2 18 37 85
14: 12 15 38 86
15: 14 16 39 87
16: 15 17 40 88
17: 1 16 41 89
18: 13 19 42 90
19: 18 20 43 91
20: 19 21 44 92
21: 20 22 45 93
22: 21 23 46 94
23: 22 24 47 95
24: 3 23 48 96
25: 1 26 41 49
26: 2 25 37 50
27: 3 28 48 51
28: 4 27 29 52
29: 5 28 30 53
30: 6 29 31 54
31: 7 30 32 55
32: 8 31 33 56
33: 9 32 34 57
34: 10 33 35 58
35: 11 34 36 59
36: 12 35 38 60
37: 13 26 42 61
38: 14 36 39 62
39: 15 38 40 63
40: 16 39 41 64
41: 17 25 40 65
42: 18 37 43 66
43: 19 42 44 67
44: 20 43 45 68
45: 21 44 46 69
46: 22 45 47 70
47: 23 46 48 71
48: 24 27 47 72
49: 25 50 65 73
50: 26 49 61 74
51: 27 52 72 75
52: 28 51 53 76
53: 29 52 54 77
54: 30 53 55 78
55: 31 54 56 79
56: 32 55 57 80
57: 33 56 58 81
58: 34 57 59 82
59: 35 58 60 83
60: 36 59 62 84
61: 37 50 66 85
62: 38 60 63 86
63: 39 62 64 87
64: 40 63 65 88
65: 41 49 64 89
66: 42 61 67 90
67: 43 66 68 91
68: 44 67 69 92
69: 45 68 70 93
70: 46 69 71 94
71: 47 70 72 95
72: 48 51 71 96
73: 1 49 74 89
74: 2 50 73 85
75: 3 51 76 96
76: 4 52 75 77
77: 5 53 76 78
78: 6 54 77 79
79: 7 55 78 80
80: 8 56 79 81
81: 9 57 80 82
82: 10 58 81 83
83: 11 59 82 84
84: 12 60 83 86
85: 13 61 74 90
86: 14 62 84 87
87: 15 63 86 88
88: 16 64 87 89
89: 17 65 73 88
90: 18 66 85 91
91: 19 67 90 92
92: 20 68 91 93
93: 21 69 92 94
94: 22 70 93 95
95: 23 71 94 96
96: 24 72 75 95
