1: 2 6 15 29
2: 1 7 16 30
3: 4 14 17 31
4: 3 5 18 32
5: 4 6 19 33
6: 1 5 20 34
7: 2 8 21 35
8: 7 9 22 36
9: 8 10 23 37
10: 9 11 24 38
11: 10 12 25 39
12: 11 13 26 40
13: 12 14 27 41
14: 3 13 28 42
15: 1 16 20 29
16: 2 15 21 30
17: 3 18 28 31
18: 4 17 19 32
19: 5 18 20 33
20: 6 15 19 34
21: 7 16 22 35
22: 8 21 23 36
23: 9 22 24 37
24: 10 23 25 38
25: 11 24 26 39
26: 12 25 27 40
27: 13 26 28 41
28: 14 17 27 42
29: 1 15 30 34
30: 2 16 29 35
31: 3 17 32 42
32: 4 18 31 33
33: 5 19 32 34
34: 6 20 29 33
35: 7 21 30 36
36: 8 22 35 37
37: 9 23 36 38
38: 10 24 37 39
39: 11 25 38 40
40: 12 26 39 41
41: 13 27 40 42
42: 14 28 31 41
