1: 2 25 32 63
2: 1 13 33 64
3: 4 31 34 65
4: 3 5 35 66
5: 4 6 36 67
6: 5 7 37 68
7: 6 8 38 69
8: 7 9 39 70
9: 8 10 40 71
10: 9 11 41 72
11: 10 12 42 73
12: 11 14 43 74
13: 2 24 44 75
14: 12 15 45 76
15: 14 16 46 77
16: 15 17 47 78
17: 16 18 48 79
18: 17 19 49 80
19: 18 20 50 81
20: 19 21 51 82
21: 20 22 52 83
22: 21 23 53 84
23: 22 25 54 85
24: 13 26 55 86
25: 1 23 56 87
26: 24 27 57 88
27: 26 28 58 89
28: 27 29 59 90
29: 28 30 60 91
30: 29 31 61 92
31: 3 30 62 93
32: 1 33 56 63
33: 2 32 44 64
34: 3 35 62 65
35: 4 34 36 66
36: 5 35 37 67
37: 6 36 38 68
38: 7 37 39 69
39: 8 38 40 70
40: 9 39 41 71
41: 10 40 42 72
42: 11 41 43 73
43: 12 42 45 74
44: 13 33 55 75
45: 14 43 46 76
46: 15 45 47 77
47: 16 46 48 78
48: 17 47 49 79
49: 18 48 50 80
50: 19 49 51 81
51: 20 50 52 82
52: 21 51 53 83
53: 22 52 54 84
54: 23 53 56 85
55: 24 44 57 86
56: 25 32 54 87
57: 26 55 58 88
58: 27 57 59 89
59: 28 58 60 90
60: 29 59 61 91
61: 30 60 62 92
62: 31 34 61 93
63: 1 32 64 87
64: 2 33 63 75
65: 3 34 66 93
66: 4 35 65 67
67: 5 36 66 68
68: 6 37 67 69
69: 7 38 68 70
70: 8 39 69 71
71: 9 40 70 72
72: 10 41 71 73
73: 11 42 72 74
74: 12 43 73 76
75: 13 44 64 86
76: 14 45 74 77
77: 15 46 76 78
78: 16 47 77 79
79: 17 48 78 80
80: 18 49 79 81
81: 19 50 80 82
82: 20 51 81 83
83: 21 52 82 84
84: 22 53 83 85
85: 23 54 84 87
86: 24 55 75 88
87: 25 56 63 85
88: 26 57 86 89
89: 27 58 88 90
90: 28 59 89 91
91: 29 60 90 92
92: 30 61 91 93
93: 31 62 65 92
