1: 2 7 8 29
2: 1 3 9 30
3: 2 4 10 31
4: 3 5 11 32
5: 4 6 12 33
6: 5 7 13 34
7: 1 6 14 35
8: 1 9 14 15
9: 2 8 10 16
10: 3 9 11 17
11: 4 10 12 18
12: 5 11 13 19
13: 6 12 14 20
14: 7 8 13 21
15: 8 16 21 22
16: 9 15 17 23
17: 10 16 18 24
18: 11 17 19 25
19: 12 18 20 26
20: 13 19 21 27
21: 14 15 20 28
22: 15 23 28 29
23: 16 22 24 30
24: 17 23 25 31
25: 18 24 26 32
26: 19 25 27 33
27: 20 26 28 34
28: 21 22 27 35
29: 1 22 30 35
30: 2 23 29 31
31: 3 24 30 32
32: 4 25 31 33
33: 5 26 32 34
34: 6 27 33 35
35: 7 28 29 34
