1: 2 10 19 37
2: 1 11 20 38
3: 4 18 21 39
4: 3 5 22 40
5: 4 6 23 41
6: 5 7 24 42
7: 6 8 25 43
8: 7 9 26 44
9: 8 10 27 45
10: 1 9 28 46
11: 2 12 29 47
12: 11 13 30 48
13: 12 14 31 49
14: 13 15 32 50
15: 14 16 33 51
16: 15 17 34 52
17: 16 18 35 53
18: 3 17 36 54
19: 1 20 28 37
20: 2 19 29 38
21: 3 22 36 39
22: 4 21 23 40
23: 5 22 24 41
24: 6 23 25 42
25: 7 24 26 43
26: 8 25 27 44
27: 9 26 28 45
28: 10 19 27 46
29: 11 20 30 47
30: 12 29 31 48
31: 13 30 32 49
32: 14 31 33 50
33: 15 32 34 51
34: 16 33 35 52
35: 17 34 36 53
36: 18 21 35 54
37: 1 19 38 46
38: 2 20 37 47
39: 3 21 40 54
40: 4 22 39 41
41: 5 23 40 42
42: 6 24 41 43
43: 7 25 42 44
44: 8 26 43 45
45: 9 27 44 46
46: 10 28 37 45
47: 11 29 38 48
48: 12 30 47 49
49: 13 31 48 50
50: 14 32 49 51
51: 15 33 50 52
52: 16 34 51 53
53: 17 35 52 54
54: 18 36 39 53
