1: 2 7 8 36
2: 1 3 9 37
3: 2 4 10 38
4: 3 5 11 39
5: 4 6 12 40
6: 5 7 13 41
7: 1 6 14 42
8: 1 9 14 15
9: 2 8 10 16
10: 3 9 11 17
11: 4 10 12 18
12: 5 11 13 19
13: 6 12 14 20
14: 7 8 13 21
15: 8 16 21 22
16: 9 15 17 23
17: 10 16 18 24
18: 11 17 19 25
19: 12 18 20 26
20: 13 19 21 27
21: 14 15 20 28
22: 15 23 28 29
23: 16 22 24 30
24: 17 23 25 31
25: 18 24 26 32
26: 19 25 27 33
27: 20 26 28 34
28: 21 22 27 35
29: 22 30 35 36
30: 23 29 31 37
31: 24 30 32 38
32: 25 31 33 39
33: 26 32 34 40
34: 27 33 35 41
35: 28 29 34 42
36: 1 29 37 42
37: 2 30 36 38
38: 3 31 37 39
39: 4 32 38 40
40: 5 33 39 41
41: 6 34 40 42
42: 7 35 36 41
