1: 2 14 22 64
2: 1 13 23 65
3: 4 21 24 66
4: 3 5 25 67
5: 4 6 26 68
6: 5 7 27 69
7: 6 8 28 70
8: 7 9 29 71
9: 8 10 30 72
10: 9 11 31 73
11: 10 12 32 74
12: 11 14 33 75
13: 2 15 34 76
14: 1 12 35 77
15: 13 16 36 78
16: 15 17 37 79
17: 16 18 38 80
18: 17 19 39 81
19: 18 20 40 82
20: 19 21 41 83
21: 3 20 42 84
22: 1 23 35 43
23: 2 22 34 44
24: 3 25 42 45
25: 4 24 26 46
26: 5 25 27 47
27: 6 26 28 48
28: 7 27 29 49
29: 8 28 30 50
30: 9 29 31 51
31: 10 30 32 52
32: 11 31 33 53
33: 12 32 35 54
34: 13 23 36 55
35: 14 22 33 56
36: 15 34 37 57
37: 16 36 38 58
38: 17 37 39 59
39: 18 38 40 60
40: 19 39 41 61
41: 20 40 42 62
42: 21 24 41 63
43: 22 44 56 64
44: 23 43 55 65
45: 24 46 63 66
46: 25 45 47 67
47: 26 46 48 68
48: 27 47 49 69
49: 28 48 50 70
50: 29 49 51 71
51: 30 50 52 72
52: 31 51 53 73
53: 32 52 54 74
54: 33 53 56 75
55: 34 44 57 76
56: 35 43 54 77
57: 36 55 58 78
58: 37 57 59 79
59: 38 58 60 80
60: 39 59 61 81
61: 40 60 62 82
62: 41 61 63 83
63: 42 45 62 84
64: 1 43 65 77
65: 2 44 64 76
66: 3 45 67 84
67: 4 46 66 68
68: 5 47 67 69
69: 6 48 68 70
70: 7 49 69 71
71: 8 50 70 72
72: 9 51 71 73
73: 10 52 72 74
74: 11 53 73 75
75: 12 54 74 77
76: 13 55 65 78
77: 14 56 64 75
78: 15 57 76 79
79: 16 58 78 80
80: 17 59 79 81
81: 18 60 80 82
82: 19 61 81 83
83: 20 62 82 84
84: 21 63 66 83
