1: 2 27 34 67
2: 1 13 35 68
3: 4 33 36 69
4: 3 5 37 70
5: 4 6 38 71
6: 5 7 39 72
7: 6 8 40 73
8: 7 9 41 74
9: 8 10 42 75
10: 9 11 43 76
11: 10 12 44 77
12: 11 14 45 78
13: 2 24 46 79
14: 12 15 47 80
15: 14 16 48 81
16: 15 17 49 82
17: 16 18 50 83
18: 17 19 51 84
19: 18 20 52 85
20: 19 21 53 86
21: 20 22 54 87
22: 21 23 55 88
23: 22 25 56 89
24: 13 28 57 90
25: 23 26 58 91
26: 25 27 59 92
27: 1 26 60 93
28: 24 29 61 94
29: 28 30 62 95
30: 29 31 63 96
31: 30 32 64 97
32: 31 33 65 98
33: 3 32 66 99
34: 1 35 60 67
35: 2 34 46 68
36: 3 37 66 69
37: 4 36 38 70
38: 5 37 39 71
39: 6 38 40 72
40: 7 39 41 73
41: 8 40 42 74
42: 9 41 43 75
43: 10 42 44 76
44: 11 43 45 77
45: 12 44 47 78
46: 13 35 57 79
47: 14 45 48 80
48: 15 47 49 81
49: 16 48 50 82
50: 17 49 51 83
51: 18 50 52 84
52: 19 51 53 85
53: 20 52 54 86
54: 21 53 55 87
55: 22 54 56 88
56: 23 55 58 89
57: 24 46 61 90
58: 25 56 59 91
59: 26 58 60 92
60: 27 34 59 93
61: 28 57 62 94
62: 29 61 63 95
63: 30 62 64 96
64: 31 63 65 97
65: 32 64 66 98
66: 33 36 65 99
67: 1 34 68 93
68: 2 35 67 79
69: 3 36 70 99
70: 4 37 69 71
71: 5 38 70 72
72: 6 39 71 73
73: 7 40 72 74
74: 8 41 73 75
75: 9 42 74 76
76: 10 43 75 77
77: 11 44 76 78
78: 12 45 77 80
79: 13 46 68 90
80: 14 47 78 81
81: 15 48 80 82
82: 16 49 81 83
83: 17 50 82 84
84: 18 51 83 85
85: 19 52 84 86
86: 20 53 85 87
87: 21 54 86 88
88: 22 55 87 89
89: 23 56 88 91
90: 24 57 79 94
91: 25 58 89 92
92: 26 59 91 93
93: 27 60 67 92
94: 28 61 90 95
95: 29 62 94 96
96: 30 63 95 97
97: 31 64 96 98
98: 32 65 97 99
99: 33 66 69 98
