1: 2 7 16 46
2: 1 8 17 47
3: 4 15 18 48
4: 3 5 19 49
5: 4 6 20 50
6: 5 7 21 51
7: 1 6 22 52
8: 2 9 23 53
9: 8 10 24 54
10: 9 11 25 55
11: 10 12 26 56
12: 11 13 27 57
13: 12 14 28 58
14: 13 15 29 59
15: 3 14 30 60
16: 1 17 22 31
17: 2 16 23 32
18: 3 19 30 33
19: 4 18 20 34
20: 5 19 21 35
21: 6 20 22 36
22: 7 16 21 37
23: 8 17 24 38
24: 9 23 25 39
25: 10 24 26 40
26: 11 25 27 41
27: 12 26 28 42
28: 13 27 29 43
29: 14 28 30 44
30: 15 18 29 45
31: 16 32 37 46
32: 17 31 38 47
33: 18 34 45 48
34: 19 33 35 49
35: 20 34 36 50
36: 21 35 37 51
37: 22 31 36 52
38: 23 32 39 53
39: 24 38 40 54
40: 25 39 41 55
41: 26 40 42 56
42: 27 41 43 57
43: 28 42 44 58
44: 29 43 45 59
45: 30 33 44 60
46: 1 31 47 52
47: 2 32 46 53
48: 3 33 49 60
49: 4 34 48 50
50: 5 35 49 51
51: 6 36 50 52
52: 7 37 46 51
53: 8 38 47 54
54: 9 39 53 55
55: 10 40 54 56
56: 11 41 55 57
57: 12 42 56 58
58: 13 43 57 59
59: 14 44 58 60
60: 15 45 48 59
