1: 2 10 19 55
2: 1 11 20 56
3: 4 18 21 57
4: 3 5 22 58
5: 4 6 23 59
6: 5 7 24 60
7: 6 8 25 61
8: 7 9 26 62
9: 8 10 27 63
10: 1 9 28 64
11: 2 12 29 65
12: 11 13 30 66
13: 12 14 31 67
14: 13 15 32 68
15: 14 16 33 69
16: 15 17 34 70
17: 16 18 35 71
18: 3 17 36 72
19: 1 20 28 37
20: 2 19 29 38
21: 3 22 36 39
22: 4 21 23 40
23: 5 22 24 41
24: 6 23 25 42
25: 7 24 26 43
26: 8 25 27 44
27: 9 26 28 45
28: 10 19 27 46
29: 11 20 30 47
30: 12 29 31 48
31: 13 30 32 49
32: 14 31 33 50
33: 15 32 34 51
34: 16 33 35 52
35: 17 34 36 53
36: 18 21 35 54
37: 19 38 46 55
38: 20 37 47 56
39: 21 40 54 57
40: 22 39 41 58
41: 23 40 42 59
42: 24 41 43 60
43: 25 42 44 61
44: 26 43 45 62
45: 27 44 46 63
46: 28 37 45 64
47: 29 38 48 65
48: 30 47 49 66
49: 31 48 50 67
50: 32 49 51 68
51: 33 50 52 69
52: 34 51 53 70
53: 35 52 54 71
54: 36 39 53 72
55: 1 37 56 64
56: 2 38 55 65
57: 3 39 58 72
58: 4 40 57 59
59: 5 41 58 60
60: 6 42 59 61
61: 7 43 60 62
62: 8 44 61 63
63: 9 45 62 64
64: 10 46 55 63
65: 11 47 56 66
66: 12 48 65 67
67: 13 49 66 68
68: 14 50 67 69
69: 15 51 68 70
70: 16 52 69 71
71: 17 53 70 72
72: 18 54 57 71
