1: 2 7 16 76
2: 1 8 17 77
3: 4 15 18 78
4: 3 5 19 79
5: 4 6 20 80
6: 5 7 21 81
7: 1 6 22 82
8: 2 9 23 83
9: 8 10 24 84
10: 9 11 25 85
11: 10 12 26 86
12: 11 13 27 87
13: 12 14 28 88
14: 13 15 29 89
15: 3 14 30 90
16: 1 17 22 31
17: 2 16 23 32
18: 3 19 30 33
19: 4 18 20 34
20: 5 19 21 35
21: 6 20 22 36
22: 7 16 21 37
23: 8 17 24 38
24: 9 23 25 39
25: 10 24 26 40
26: 11 25 27 41
27: 12 26 28 42
28: 13 27 29 43
29: 14 28 30 44
30: 15 18 29 45
31: 16 32 37 46
32: 17 31 38 47
33: 18 34 45 48
34: 19 33 35 49
35: 20 34 36 50
36: 21 35 37 51
37: 22 31 36 52
38: 23 32 39 53
39: 24 38 40 54
40: 25 39 41 55
41: 26 40 42 56
42: 27 41 43 57
43: 28 42 44 58
44: 29 43 45 59
45: 30 33 44 60
46: 31 47 52 61
47: 32 46 53 62
48: 33 49 60 63
49: 34 48 50 64
50: 35 49 51 65
51: 36 50 52 66
52: 37 46 51 67
53: 38 47 54 68
54: 39 53 55 69
55: 40 54 56 70
56: 41 55 57 71
57: 42 56 58 72
58: 43 57 59 73
59: 44 58 60 74
60: 45 48 59 75
61: 46 62 67 76
62: 47 61 68 77
63: 48 64 75 78
64: 49 63 65 79
65: 50 64 66 80
66: 51 65 67 81
67: 52 61 66 82
68: 53 62 69 83
69: 54 68 70 84
70: 55 69 71 85
71: 56 70 72 86
72: 57 71 73 87
73: 58 72 74 88
74: 59 73 75 89
75: 60 63 74 90
76: 1 61 77 82
77: 2 62 76 83
78: 3 63 79 90
79: 4 64 78 80
80: 5 65 79 81
81: 6 66 80 82
82: 7 67 76 81
83: 8 68 77 84
84: 9 69 83 85
85: 10 70 84 86
86: 11 71 85 87
87: 12 72 86 88
88: 13 73 87 89
89: 14 74 88 90
90: 15 75 78 89
