1: 2 16 24 70
2: 1 13 25 71
3: 4 23 26 72
4: 3 5 27 73
5: 4 6 28 74
6: 5 7 29 75
7: 6 8 30 76
8: 7 9 31 77
9: 8 10 32 78
10: 9 11 33 79
11: 10 12 34 80
12: 11 14 35 81
13: 2 17 36 82
14: 12 15 37 83
15: 14 16 38 84
16: 1 15 39 85
17: 13 18 40 86
18: 17 19 41 87
19: 18 20 42 88
20: 19 21 43 89
21: 20 22 44 90
22: 21 23 45 91
23: 3 22 46 92
24: 1 25 39 47
25: 2 24 36 48
26: 3 27 46 49
27: 4 26 28 50
28: 5 27 29 51
29: 6 28 30 52
30: 7 29 31 53
31: 8 30 32 54
32: 9 31 33 55
33: 10 32 34 56
34: 11 33 35 57
35: 12 34 37 58
36: 13 25 40 59
37: 14 35 38 60
38: 15 37 39 61
39: 16 24 38 62
40: 17 36 41 63
41: 18 40 42 64
42: 19 41 43 65
43: 20 42 44 66
44: 21 43 45 67
45: 22 44 46 68
46: 23 26 45 69
47: 24 48 62 70
48: 25 47 59 71
49: 26 50 69 72
50: 27 49 51 73
51: 28 50 52 74
52: 29 51 53 75
53: 30 52 54 76
54: 31 53 55 77
55: 32 54 56 78
56: 33 55 57 79
57: 34 56 58 80
58: 35 57 60 81
59: 36 48 63 82
60: 37 58 61 83
61: 38 60 62 84
62: 39 47 61 85
63: 40 59 64 86
64: 41 63 65 87
65: 42 64 66 88
66: 43 65 67 89
67: 44 66 68 90
68: 45 67 69 91
69: 46 49 68 92
70: 1 47 71 85
71: 2 48 70 82
72: 3 49 73 92
73: 4 50 72 74
74: 5 51 73 75
75: 6 52 74 76
76: 7 53 75 77
77: 8 54 76 78
78: 9 55 77 79
79: 10 56 78 80
80: 11 57 79 81
81: 12 58 80 83
82: 13 59 71 86
83: 14 60 81 84
84: 15 61 83 85
85: 16 62 70 84
86: 17 63 82 87
87: 18 64 86 88
88: 19 65 87 89
89: 20 66 88 90
90: 21 67 89 91
91: 22 68 90 92
92: 23 69 72 91
