1: 2 5 14 53
2: 1 6 15 54
3: 4 13 16 55
4: 3 5 17 56
5: 1 4 18 57
6: 2 7 19 58
7: 6 8 20 59
8: 7 9 21 60
9: 8 10 22 61
10: 9 11 23 62
11: 10 12 24 63
12: 11 13 25 64
13: 3 12 26 65
14: 1 15 18 27
15: 2 14 19 28
16: 3 17 26 29
17: 4 16 18 30
18: 5 14 17 31
19: 6 15 20 32
20: 7 19 21 33
21: 8 20 22 34
22: 9 21 23 35
23: 10 22 24 36
24: 11 23 25 37
25: 12 24 26 38
26: 13 16 25 39
27: 14 28 31 40
28: 15 27 32 41
29: 16 30 39 42
30: 17 29 31 43
31: 18 27 30 44
32: 19 28 33 45
33: 20 32 34 46
34: 21 33 35 47
35: 22 34 36 48
36: 23 35 37 49
37: 24 36 38 50
38: 25 37 39 51
39: 26 29 38 52
40: 27 41 44 53
41: 28 40 45 54
42: 29 43 52 55
43: 30 42 44 56
44: 31 40 43 57
45: 32 41 46 58
46: 33 45 47 59
47: 34 46 48 60
48: 35 47 49 61
49: 36 48 50 62
50: 37 49 51 63
51: 38 50 52 64
52: 39 42 51 65
53: 1 40 54 57
54: 2 41 53 58
55: 3 42 56 65
56: 4 43 55 57
57: 5 44 53 56
58: 6 45 54 59
59: 7 46 58 60
60: 8 47 59 61
61: 9 48 60 62
62: 10 49 61 63
63: 11 50 62 64
64: 12 51 63 65
65: 13 52 55 64
