1: 2 6 15 43
2: 1 7 16 44
3: 4 14 17 45
4: 3 5 18 46
5: 4 6 19 47
6: 1 5 20 48
7: 2 8 21 49
8: 7 9 22 50
9: 8 10 23 51
10: 9 11 24 52
11: 10 12 25 53
12: 11 13 26 54
13: 12 14 27 55
14: 3 13 28 56
15: 1 16 20 29
16: 2 15 21 30
17: 3 18 28 31
18: 4 17 19 32
19: 5 18 20 33
20: 6 15 19 34
21: 7 16 22 35
22: 8 21 23 36
23: 9 22 24 37
24: 10 23 25 38
25: 11 24 26 39
26: 12 25 27 40
27: 13 26 28 41
28: 14 17 27 42
29: 15 30 34 43
30: 16 29 35 44
31: 17 32 42 45
32: 18 31 33 46
33: 19 32 34 47
34: 20 29 33 48
35: 21 30 36 49
36: 22 35 37 50
37: 23 36 38 51
38: 24 37 39 52
39: 25 38 40 53
40: 26 39 41 54
41: 27 40 42 55
42: 28 31 41 56
43: 1 29 44 48
44: 2 30 43 49
45: 3 31 46 56
46: 4 32 45 47
47: 5 33 46 48
48: 6 34 43 47
49: 7 35 44 50
50: 8 36 49 51
51: 9 37 50 52
52: 10 38 51 53
53: 11 39 52 54
54: 12 40 53 55
55: 13 41 54 56
56: 14 42 45 55
