1: 2 8 17 49
2: 1 9 18 50
3: 4 16 19 51
4: 3 5 20 52
5: 4 6 21 53
6: 5 7 22 54
7: 6 8 23 55
8: 1 7 24 56
9: 2 10 25 57
10: 9 11 26 58
11: 10 12 27 59
12: 11 13 28 60
13: 12 14 29 61
14: 13 15 30 62
15: 14 16 31 63
16: 3 15 32 64
17: 1 18 24 33
18: 2 17 25 34
19: 3 20 32 35
20: 4 19 21 36
21: 5 20 22 37
22: 6 21 23 38
23: 7 22 24 39
24: 8 17 23 40
25: 9 18 26 41
26: 10 25 27 42
27: 11 26 28 43
28: 12 27 29 44
29: 13 28 30 45
30: 14 29 31 46
31: 15 30 32 47
32: 16 19 31 48
33: 17 34 40 49
34: 18 33 41 50
35: 19 36 48 51
36: 20 35 37 52
37: 21 36 38 53
38: 22 37 39 54
39: 23 38 40 55
40: 24 33 39 56
41: 25 34 42 57
42: 26 41 43 58
43: 27 42 44 59
44: 28 43 45 60
45: 29 44 46 61
46: 30 45 47 62
47: 31 46 48 63
48: 32 35 47 64
49: 1 33 50 56
50: 2 34 49 57
51: 3 35 52 64
52: 4 36 51 53
53: 5 37 52 54
54: 6 38 53 55
55: 7 39 54 56
56: 8 40 49 55
57: 9 41 50 58
58: 10 42 57 59
59: 11 43 58 60
60: 12 44 59 61
61: 13 45 60 62
62: 14 46 61 63
63: 15 47 62 64
64: 16 48 51 63
