1: 2 17 25 49
2: 1 13 26 50
3: 4 24 27 51
4: 3 5 28 52
5: 4 6 29 53
6: 5 7 30 54
7: 6 8 31 55
8: 7 9 32 56
9: 8 10 33 57
10: 9 11 34 58
11: 10 12 35 59
12: 11 14 36 60
13: 2 18 37 61
14: 12 15 38 62
15: 14 16 39 63
16: 15 17 40 64
17: 1 16 41 65
18: 13 19 42 66
19: 18 20 43 67
20: 19 21 44 68
21: 20 22 45 69
22: 21 23 46 70
23: 22 24 47 71
24: 3 23 48 72
25: 1 26 41 49
26: 2 25 37 50
27: 3 28 48 51
28: 4 27 29 52
29: 5 28 30 53
30: 6 29 31 54
31: 7 30 32 55
32: 8 31 33 56
33: 9 32 34 57
34: 10 33 35 58
35: 11 34 36 59
36: 12 35 38 60
37: 13 26 42 61
38: 14 36 39 62
39: 15 38 40 63
40: 16 39 41 64
41: 17 25 40 65
42: 18 37 43 66
43: 19 42 44 67
44: 20 43 45 68
45: 21 44 46 69
46: 22 45 47 70
47: 23 46 48 71
48: 24 27 47 72
49: 1 25 50 65
50: 2 26 49 61
51: 3 27 52 72
52: 4 28 51 53
53: 5 29 52 54
54: 6 30 53 55
55: 7 31 54 56
56: 8 32 55 57
57: 9 33 56 58
58: 10 34 57 59
59: 11 35 58 60
60: 12 36 59 62
61: 13 37 50 66
62: 14 38 60 63
63: 15 39 62 64
64: 16 40 63 65
65: 17 41 49 64
66: 18 42 61 67
67: 19 43 66 68
68: 20 44 67 69
69: 21 45 68 70
70: 22 46 69 71
71: 23 47 70 72
72: 24 48 51 71
