1: 2 5 14 40
2: 1 6 15 41
3: 4 13 16 42
4: 3 5 17 43
5: 1 4 18 44
6: 2 7 19 45
7: 6 8 20 46
8: 7 9 21 47
9: 8 10 22 48
10: 9 11 23 49
11: 10 12 24 50
12: 11 13 25 51
13: 3 12 26 52
14: 1 15 18 27
15: 2 14 19 28
16: 3 17 26 29
17: 4 16 18 30
18: 5 14 17 31
19: 6 15 20 32
20: 7 19 21 33
21: 8 20 22 34
22: 9 21 23 35
23: 10 22 24 36
24: 11 23 25 37
25: 12 24 26 38
26: 13 16 25 39
27: 14 28 31 40
28: 15 27 32 41
29: 16 30 39 42
30: 17 29 31 43
31: 18 27 30 44
32: 19 28 33 45
33: 20 32 34 46
34: 21 33 35 47
35: 22 34 36 48
36: 23 35 37 49
37: 24 36 38 50
38: 25 37 39 51
39: 26 29 38 52
40: 1 27 41 44
41: 2 28 40 45
42: 3 29 43 52
43: 4 30 42 44
44: 5 31 40 43
45: 6 32 41 46
46: 7 33 45 47
47: 8 34 46 48
48: 9 35 47 49
49: 10 36 48 50
50: 11 37 49 51
51: 12 38 50 52
52: 13 39 42 51
