1: 2 4 13 37
2: 1 5 14 38
3: 4 12 15 39
4: 1 3 16 40
5: 2 6 17 41
6: 5 7 18 42
7: 6 8 19 43
8: 7 9 20 44
9: 8 10 21 45
10: 9 11 22 46
11: 10 12 23 47
12: 3 11 24 48
13: 1 14 16 25
14: 2 13 17 26
15: 3 16 24 27
16: 4 13 15 28
17: 5 14 18 29
18: 6 17 19 30
19: 7 18 20 31
20: 8 19 21 32
21: 9 20 22 33
22: 10 21 23 34
23: 11 22 24 35
24: 12 15 23 36
25: 13 26 28 37
26: 14 25 29 38
27: 15 28 36 39
28: 16 25 27 40
29: 17 26 30 41
30: 18 29 31 42
31: 19 30 32 43
32: 20 31 33 44
33: 21 32 34 45
34: 22 33 35 46
35: 23 34 36 47
36: 24 27 35 48
37: 1 25 38 40
38: 2 26 37 41
39: 3 27 40 48
40: 4 28 37 39
41: 5 29 38 42
42: 6 30 41 43
43: 7 31 42 44
44: 8 32 43 45
45: 9 33 44 46
46: 10 34 45 47
47: 11 35 46 48
48: 12 36 39 47
