1: 2 3 4 5 6 7 8 9 19
2: 1 3 4 5 6 7 8 9 19
3: 1 2 4 5 6 7 8 9 11 19
4: 1 2 3 5 6 7 8 9 13 19
5: 1 2 3 4 6 7 8 9 19
6: 1 2 3 4 5 7 8 9 17 19
7: 1 2 3 4 5 6 8 9 19
8: 1 2 3 4 5 6 7 9 19
9: 1 2 3 4 5 6 7 8 13 19
10: 11 12 13 14 15 16 17 18 20
11: 3 10 12 13 14 15 16 17 18 20
12: 10 11 13 14 15 16 17 18 20
13: 4 9 10 11 12 14 15 16 17 18 20
14: 10 11 12 13 15 16 17 18 20
15: 10 11 12 13 14 16 17 18 20
16: 10 11 12 13 14 15 17 18 20
17: 6 10 11 12 13 14 15 16 18 20
18: 10 11 12 13 14 15 16 17 20
19: 1 2 3 4 5 6 7 8 9 20
20: 10 11 12 13 14 15 16 17 18 19
