1: 3 4 5 6 7 8 9 10 11 12
2: 3 4 5 6 7 8 9 10 11 12
3: 1 2 13 14 15 16 17 18 19 20
4: 1 2 13 14 15 16 17 18 19 20
5: 1 2 13 14 15 16 17 18 19 20
6: 1 2 13 14 15 16 17 18 19 20
7: 1 2 13 14 15 16 17 18 19 20
8: 1 2 13 14 15 16 17 18 19 20
9: 1 2 13 14 15 16 17 18 19 20
10: 1 2 13 14 15 16 17 18 19 20
11: 1 2 13 14 15 16 17 18 19 20
12: 1 2 13 14 15 16 17 18 19 20
13: 3 4 5 6 7 8 9 10 11 12
14: 3 4 5 6 7 8 9 10 11 12
15: 3 4 5 6 7 8 9 10 11 12
16: 3 4 5 6 7 8 9 10 11 12
17: 3 4 5 6 7 8 9 10 11 12
18: 3 4 5 6 7 8 9 10 11 12
19: 3 4 5 6 7 8 9 10 11 12
20: 3 4 5 6 7 8 9 10 11 12
