1: 3 4 5 6 7 8 9 10 11 12 14 15 16 17 18 19 20 21 22 23
2: 3 4 5 6 7 8 9 10 11 12 14 15 16 17 18 19 20 21 22 23
3: 1 2 13 14 15 16 17 18 19 20 21 22 23 24 25 26 27 28 29 30
4: 1 2 13 14 15 16 17 18 19 20 21 22 23 24 25 26 27 28 29 30
5: 1 2 13 14 15 16 17 18 19 20 21 22 23 24 25 26 27 28 29 30
6: 1 2 13 14 15 16 17 18 19 20 21 22 23 24 25 26 27 28 29 30
7: 1 2 13 14 15 16 17 18 19 20 21 22 23 24 25 26 27 28 29 30
8: 1 2 13 14 15 16 17 18 19 20 21 22 23 24 25 26 27 28 29 30
9: 1 2 13 14 15 16 17 18 19 20 21 22 23 24 25 26 27 28 29 30
10: 1 2 13 14 15 16 17 18 19 20 21 22 23 24 25 26 27 28 29 30
11: 1 2 13 14 15 16 17 18 19 20 21 22 23 24 25 26 27 28 29 30
12: 1 2 13 14 15 16 17 18 19 20 21 22 23 24 25 26 27 28 29 30
13: 3 4 5 6 7 8 9 10 11 12 14 15 16 17 18 19 20 21 22 23
14: 1 2 3 4 5 6 7 8 9 10 11 12 13 24 25 26 27 28 29 30
15: 1 2 3 4 5 6 7 8 9 10 11 12 13 24 25 26 27 28 29 30
16: 1 2 3 4 5 6 7 8 9 10 11 12 13 24 25 26 27 28 29 30
17: 1 2 3 4 5 6 7 8 9 10 11 12 13 24 25 26 27 28 29 30
18: 1 2 3 4 5 6 7 8 9 10 11 12 13 24 25 26 27 28 29 30
19: 1 2 3 4 5 6 7 8 9 10 11 12 13 24 25 26 27 28 29 30
20: 1 2 3 4 5 6 7 8 9 10 11 12 13 24 25 26 27 28 29 30
21: 1 2 3 4 5 6 7 8 9 10 11 12 13 24 25 26 27 28 29 30
22: 1 2 3 4 5 6 7 8 9 10 11 12 13 24 25 26 27 28 29 30
23: 1 2 3 4 5 6 7 8 9 10 11 12 13 24 25 26 27 28 29 30
24: 3 4 5 6 7 8 9 10 11 12 14 15 16 17 18 19 20 21 22 23
25: 3 4 5 6 7 8 9 10 11 12 14 15 16 17 18 19 20 21 22 23
26: 3 4 5 6 7 8 9 10 11 12 14 15 16 17 18 19 20 21 22 23
27: 3 4 5 6 7 8 9 10 11 12 14 15 16 17 18 19 20 21 22 23
28: 3 4 5 6 7 8 9 10 11 12 14 15 16 17 18 19 20 21 22 23
29: 3 4 5 6 7 8 9 10 11 12 14 15 16 17 18 19 20 21 22 23
30: 3 4 5 6 7 8 9 10 11 12 14 15 16 17 18 19 20 21 22 23
