1: 4 5 6 7 8 9 10 11 12 14 15 16 17 18 19 20 21 22 23 25 26 27
2: 4 5 6 7 8 9 10 11 12 14 15 16 17 18 19 20 21 22 23 25 26 27
3: 4 5 6 7 8 9 10 11 12 14 15 16 17 18 19 20 21 22 23 25 26 27
4: 1 2 3 13 16 17 18 19 20 21 22 23 24 25 26 27 28 29 30 31 32 33
5: 1 2 3 13 16 17 18 19 20 21 22 23 24 25 26 27 28 29 30 31 32 33
6: 1 2 3 13 16 17 18 19 20 21 22 23 24 25 26 27 28 29 30 31 32 33
7: 1 2 3 13 16 17 18 19 20 21 22 23 24 25 26 27 28 29 30 31 32 33
8: 1 2 3 13 16 17 18 19 20 21 22 23 24 25 26 27 28 29 30 31 32 33
9: 1 2 3 13 16 17 18 19 20 21 22 23 24 25 26 27 28 29 30 31 32 33
10: 1 2 3 13 16 17 18 19 20 21 22 23 24 25 26 27 28 29 30 31 32 33
11: 1 2 3 13 16 17 18 19 20 21 22 23 24 25 26 27 28 29 30 31 32 33
12: 1 2 3 13 16 17 18 19 20 21 22 23 24 25 26 27 28 29 30 31 32 33
13: 4 5 6 7 8 9 10 11 12 14 15 16 17 18 19 20 21 22 23 25 26 27
14: 1 2 3 13 16 17 18 19 20 21 22 23 24 25 26 27 28 29 30 31 32 33
15: 1 2 3 13 16 17 18 19 20 21 22 23 24 25 26 27 28 29 30 31 32 33
16: 1 2 3 4 5 6 7 8 9 10 11 12 13 14 15 24 28 29 30 31 32 33
17: 1 2 3 4 5 6 7 8 9 10 11 12 13 14 15 24 28 29 30 31 32 33
18: 1 2 3 4 5 6 7 8 9 10 11 12 13 14 15 24 28 29 30 31 32 33
19: 1 2 3 4 5 6 7 8 9 10 11 12 13 14 15 24 28 29 30 31 32 33
20: 1 2 3 4 5 6 7 8 9 10 11 12 13 14 15 24 28 29 30 31 32 33
21: 1 2 3 4 5 6 7 8 9 10 11 12 13 14 15 24 28 29 30 31 32 33
22: 1 2 3 4 5 6 7 8 9 10 11 12 13 14 15 24 28 29 30 31 32 33
23: 1 2 3 4 5 6 7 8 9 10 11 12 13 14 15 24 28 29 30 31 32 33
24: 4 5 6 7 8 9 10 11 12 14 15 16 17 18 19 20 21 22 23 25 26 27
25: 1 2 3 4 5 6 7 8 9 10 11 12 13 14 15 24 28 29 30 31 32 33
26: 1 2 3 4 5 6 7 8 9 10 11 12 13 14 15 24 28 29 30 31 32 33
27: 1 2 3 4 5 6 7 8 9 10 11 12 13 14 15 24 28 29 30 31 32 33
28: 4 5 6 7 8 9 10 11 12 14 15 16 17 18 19 20 21 22 23 25 26 27
29: 4 5 6 7 8 9 10 11 12 14 15 16 17 18 19 20 21 22 23 25 26 27
30: 4 5 6 7 8 9 10 11 12 14 15 16 17 18 19 20 21 22 23 25 26 27
31: 4 5 6 7 8 9 10 11 12 14 15 16 17 18 19 20 21 22 23 25 26 27
32: 4 5 6 7 8 9 10 11 12 14 15 16 17 18 19 20 21 22 23 25 26 27
33: 4 5 6 7 8 9 10 11 12 14 15 16 17 18 19 20 21 22 23 25 26 27
