1: 4 5 6 7 8 9 10 11 12 14 15
2: 4 5 6 7 8 9 10 11 12 14 15
3: 4 5 6 7 8 9 10 11 12 14 15
4: 1 2 3 13 16 17 18 19 20 21 22
5: 1 2 3 13 16 17 18 19 20 21 22
6: 1 2 3 13 16 17 18 19 20 21 22
7: 1 2 3 13 16 17 18 19 20 21 22
8: 1 2 3 13 16 17 18 19 20 21 22
9: 1 2 3 13 16 17 18 19 20 21 22
10: 1 2 3 13 16 17 18 19 20 21 22
11: 1 2 3 13 16 17 18 19 20 21 22
12: 1 2 3 13 16 17 18 19 20 21 22
13: 4 5 6 7 8 9 10 11 12 14 15
14: 1 2 3 13 16 17 18 19 20 21 22
15: 1 2 3 13 16 17 18 19 20 21 22
16: 4 5 6 7 8 9 10 11 12 14 15
17: 4 5 6 7 8 9 10 11 12 14 15
18: 4 5 6 7 8 9 10 11 12 14 15
19: 4 5 6 7 8 9 10 11 12 14 15
20: 4 5 6 7 8 9 10 11 12 14 15
21: 4 5 6 7 8 9 10 11 12 14 15
22: 4 5 6 7 8 9 10 11 12 14 15
