1: 4 5 6 7 8 9 10 11 12 14 15 16 17 18 19 20 21 22 23 25 26 27 28 29 30 31 32 33 34 36 37 38 39
2: 4 5 6 7 8 9 10 11 12 14 15 16 17 18 19 20 21 22 23 25 26 27 28 29 30 31 32 33 34 36 37 38 39
3: 4 5 6 7 8 9 10 11 12 14 15 16 17 18 19 20 21 22 23 25 26 27 28 29 30 31 32 33 34 36 37 38 39
4: 1 2 3 13 16 17 18 19 20 21 22 23 24 25 26 27 28 29 30 31 32 33 34 35 36 37 38 39 40 41 42 43 44
5: 1 2 3 13 16 17 18 19 20 21 22 23 24 25 26 27 28 29 30 31 32 33 34 35 36 37 38 39 40 41 42 43 44
6: 1 2 3 13 16 17 18 19 20 21 22 23 24 25 26 27 28 29 30 31 32 33 34 35 36 37 38 39 40 41 42 43 44
7: 1 2 3 13 16 17 18 19 20 21 22 23 24 25 26 27 28 29 30 31 32 33 34 35 36 37 38 39 40 41 42 43 44
8: 1 2 3 13 16 17 18 19 20 21 22 23 24 25 26 27 28 29 30 31 32 33 34 35 36 37 38 39 40 41 42 43 44
9: 1 2 3 13 16 17 18 19 20 21 22 23 24 25 26 27 28 29 30 31 32 33 34 35 36 37 38 39 40 41 42 43 44
10: 1 2 3 13 16 17 18 19 20 21 22 23 24 25 26 27 28 29 30 31 32 33 34 35 36 37 38 39 40 41 42 43 44
11: 1 2 3 13 16 17 18 19 20 21 22 23 24 25 26 27 28 29 30 31 32 33 34 35 36 37 38 39 40 41 42 43 44
12: 1 2 3 13 16 17 18 19 20 21 22 23 24 25 26 27 28 29 30 31 32 33 34 35 36 37 38 39 40 41 42 43 44
13: 4 5 6 7 8 9 10 11 12 14 15 16 17 18 19 20 21 22 23 25 26 27 28 29 30 31 32 33 34 36 37 38 39
14: 1 2 3 13 16 17 18 19 20 21 22 23 24 25 26 27 28 29 30 31 32 33 34 35 36 37 38 39 40 41 42 43 44
15: 1 2 3 13 16 17 18 19 20 21 22 23 24 25 26 27 28 29 30 31 32 33 34 35 36 37 38 39 40 41 42 43 44
16: 1 2 3 4 5 6 7 8 9 10 11 12 13 14 15 24 28 29 30 31 32 33 34 35 36 37 38 39 40 41 42 43 44
17: 1 2 3 4 5 6 7 8 9 10 11 12 13 14 15 24 28 29 30 31 32 33 34 35 36 37 38 39 40 41 42 43 44
18: 1 2 3 4 5 6 7 8 9 10 11 12 13 14 15 24 28 29 30 31 32 33 34 35 36 37 38 39 40 41 42 43 44
19: 1 2 3 4 5 6 7 8 9 10 11 12 13 14 15 24 28 29 30 31 32 33 34 35 36 37 38 39 40 41 42 43 44
20: 1 2 3 4 5 6 7 8 9 10 11 12 13 14 15 24 28 29 30 31 32 33 34 35 36 37 38 39 40 41 42 43 44
21: 1 2 3 4 5 6 7 8 9 10 11 12 13 14 15 24 28 29 30 31 32 33 34 35 36 37 38 39 40 41 42 43 44
22: 1 2 3 4 5 6 7 8 9 10 11 12 13 14 15 24 28 29 30 31 32 33 34 35 36 37 38 39 40 41 42 43 44
23: 1 2 3 4 5 6 7 8 9 10 11 12 13 14 15 24 28 29 30 31 32 33 34 35 36 37 38 39 40 41 42 43 44
24: 4 5 6 7 8 9 10 11 12 14 15 16 17 18 19 20 21 22 23 25 26 27 28 29 30 31 32 33 34 36 37 38 39
25: 1 2 3 4 5 6 7 8 9 10 11 12 13 14 15 24 28 29 30 31 32 33 34 35 36 37 38 39 40 41 42 43 44
26: 1 2 3 4 5 6 7 8 9 10 11 12 13 14 15 24 28 29 30 31 32 33 34 35 36 37 38 39 40 41 42 43 44
27: 1 2 3 4 5 6 7 8 9 10 11 12 13 14 15 24 28 29 30 31 32 33 34 35 36 37 38 39 40 41 42 43 44
28: 1 2 3 4 5 6 7 8 9 10 11 12 13 14 15 16 17 18 19 20 21 22 23 24 25 26 27 35 40 41 42 43 44
29: 1 2 3 4 5 6 7 8 9 10 11 12 13 14 15 16 17 18 19 20 21 22 23 24 25 26 27 35 40 41 42 43 44
30: 1 2 3 4 5 6 7 8 9 10 11 12 13 14 15 16 17 18 19 20 21 22 23 24 25 26 27 35 40 41 42 43 44
31: 1 2 3 4 5 6 7 8 9 10 11 12 13 14 15 16 17 18 19 20 21 22 23 24 25 26 27 35 40 41 42 43 44
32: 1 2 3 4 5 6 7 8 9 10 11 12 13 14 15 16 17 18 19 20 21 22 23 24 25 26 27 35 40 41 42 43 44
33: 1 2 3 4 5 6 7 8 9 10 11 12 13 14 15 16 17 18 19 20 21 22 23 24 25 26 27 35 40 41 42 43 44
34: 1 2 3 4 5 6 7 8 9 10 11 12 13 14 15 16 17 18 19 20 21 22 23 24 25 26 27 35 40 41 42 43 44
35: 4 5 6 7 8 9 10 11 12 14 15 16 17 18 19 20 21 22 23 25 26 27 28 29 30 31 32 33 34 36 37 38 39
36: 1 2 3 4 5 6 7 8 9 10 11 12 13 14 15 16 17 18 19 20 21 22 23 24 25 26 27 35 40 41 42 43 44
37: 1 2 3 4 5 6 7 8 9 10 11 12 13 14 15 16 17 18 19 20 21 22 23 24 25 26 27 35 40 41 42 43 44
38: 1 2 3 4 5 6 7 8 9 10 11 12 13 14 15 16 17 18 19 20 21 22 23 24 25 26 27 35 40 41 42 43 44
39: 1 2 3 4 5 6 7 8 9 10 11 12 13 14 15 16 17 18 19 20 21 22 23 24 25 26 27 35 40 41 42 43 44
40: 4 5 6 7 8 9 10 11 12 14 15 16 17 18 19 20 21 22 23 25 26 27 28 29 30 31 32 33 34 36 37 38 39
41: 4 5 6 7 8 9 10 11 12 14 15 16 17 18 19 20 21 22 23 25 26 27 28 29 30 31 32 33 34 36 37 38 39
42: 4 5 6 7 8 9 10 11 12 14 15 16 17 18 19 20 21 22 23 25 26 27 28 29 30 31 32 33 34 36 37 38 39
43: 4 5 6 7 8 9 10 11 12 14 15 16 17 18 19 20 21 22 23 25 26 27 28 29 30 31 32 33 34 36 37 38 39
44: 4 5 6 7 8 9 10 11 12 14 15 16 17 18 19 20 21 22 23 25 26 27 28 29 30 31 32 33 34 36 37 38 39
