1: 5 6 7 8 9 10 11 12 14 15 16 17 18 19 20 21 22 23 25 26 27 28 29 30
2: 5 6 7 8 9 10 11 12 14 15 16 17 18 19 20 21 22 23 25 26 27 28 29 30
3: 5 6 7 8 9 10 11 12 14 15 16 17 18 19 20 21 22 23 25 26 27 28 29 30
4: 5 6 7 8 9 10 11 12 14 15 16 17 18 19 20 21 22 23 25 26 27 28 29 30
5: 1 2 3 4 13 18 19 20 21 22 23 24 25 26 27 28 29 30 31 32 33 34 35 36
6: 1 2 3 4 13 18 19 20 21 22 23 24 25 26 27 28 29 30 31 32 33 34 35 36
7: 1 2 3 4 13 18 19 20 21 22 23 24 25 26 27 28 29 30 31 32 33 34 35 36
8: 1 2 3 4 13 18 19 20 21 22 23 24 25 26 27 28 29 30 31 32 33 34 35 36
9: 1 2 3 4 13 18 19 20 21 22 23 24 25 26 27 28 29 30 31 32 33 34 35 36
10: 1 2 3 4 13 18 19 20 21 22 23 24 25 26 27 28 29 30 31 32 33 34 35 36
11: 1 2 3 4 13 18 19 20 21 22 23 24 25 26 27 28 29 30 31 32 33 34 35 36
12: 1 2 3 4 13 18 19 20 21 22 23 24 25 26 27 28 29 30 31 32 33 34 35 36
13: 5 6 7 8 9 10 11 12 14 15 16 17 18 19 20 21 22 23 25 26 27 28 29 30
14: 1 2 3 4 13 18 19 20 21 22 23 24 25 26 27 28 29 30 31 32 33 34 35 36
15: 1 2 3 4 13 18 19 20 21 22 23 24 25 26 27 28 29 30 31 32 33 34 35 36
16: 1 2 3 4 13 18 19 20 21 22 23 24 25 26 27 28 29 30 31 32 33 34 35 36
17: 1 2 3 4 13 18 19 20 21 22 23 24 25 26 27 28 29 30 31 32 33 34 35 36
18: 1 2 3 4 5 6 7 8 9 10 11 12 13 14 15 16 17 24 31 32 33 34 35 36
19: 1 2 3 4 5 6 7 8 9 10 11 12 13 14 15 16 17 24 31 32 33 34 35 36
20: 1 2 3 4 5 6 7 8 9 10 11 12 13 14 15 16 17 24 31 32 33 34 35 36
21: 1 2 3 4 5 6 7 8 9 10 11 12 13 14 15 16 17 24 31 32 33 34 35 36
22: 1 2 3 4 5 6 7 8 9 10 11 12 13 14 15 16 17 24 31 32 33 34 35 36
23: 1 2 3 4 5 6 7 8 9 10 11 12 13 14 15 16 17 24 31 32 33 34 35 36
24: 5 6 7 8 9 10 11 12 14 15 16 17 18 19 20 21 22 23 25 26 27 28 29 30
25: 1 2 3 4 5 6 7 8 9 10 11 12 13 14 15 16 17 24 31 32 33 34 35 36
26: 1 2 3 4 5 6 7 8 9 10 11 12 13 14 15 16 17 24 31 32 33 34 35 36
27: 1 2 3 4 5 6 7 8 9 10 11 12 13 14 15 16 17 24 31 32 33 34 35 36
28: 1 2 3 4 5 6 7 8 9 10 11 12 13 14 15 16 17 24 31 32 33 34 35 36
29: 1 2 3 4 5 6 7 8 9 10 11 12 13 14 15 16 17 24 31 32 33 34 35 36
30: 1 2 3 4 5 6 7 8 9 10 11 12 13 14 15 16 17 24 31 32 33 34 35 36
31: 5 6 7 8 9 10 11 12 14 15 16 17 18 19 20 21 22 23 25 26 27 28 29 30
32: 5 6 7 8 9 10 11 12 14 15 16 17 18 19 20 21 22 23 25 26 27 28 29 30
33: 5 6 7 8 9 10 11 12 14 15 16 17 18 19 20 21 22 23 25 26 27 28 29 30
34: 5 6 7 8 9 10 11 12 14 15 16 17 18 19 20 21 22 23 25 26 27 28 29 30
35: 5 6 7 8 9 10 11 12 14 15 16 17 18 19 20 21 22 23 25 26 27 28 29 30
36: 5 6 7 8 9 10 11 12 14 15 16 17 18 19 20 21 22 23 25 26 27 28 29 30
