1: 5 6 7 8 9 10 11 12 14 15 16 17
2: 5 6 7 8 9 10 11 12 14 15 16 17
3: 5 6 7 8 9 10 11 12 14 15 16 17
4: 5 6 7 8 9 10 11 12 14 15 16 17
5: 1 2 3 4 13 18 19 20 21 22 23 24
6: 1 2 3 4 13 18 19 20 21 22 23 24
7: 1 2 3 4 13 18 19 20 21 22 23 24
8: 1 2 3 4 13 18 19 20 21 22 23 24
9: 1 2 3 4 13 18 19 20 21 22 23 24
10: 1 2 3 4 13 18 19 20 21 22 23 24
11: 1 2 3 4 13 18 19 20 21 22 23 24
12: 1 2 3 4 13 18 19 20 21 22 23 24
13: 5 6 7 8 9 10 11 12 14 15 16 17
14: 1 2 3 4 13 18 19 20 21 22 23 24
15: 1 2 3 4 13 18 19 20 21 22 23 24
16: 1 2 3 4 13 18 19 20 21 22 23 24
17: 1 2 3 4 13 18 19 20 21 22 23 24
18: 5 6 7 8 9 10 11 12 14 15 16 17
19: 5 6 7 8 9 10 11 12 14 15 16 17
20: 5 6 7 8 9 10 11 12 14 15 16 17
21: 5 6 7 8 9 10 11 12 14 15 16 17
22: 5 6 7 8 9 10 11 12 14 15 16 17
23: 5 6 7 8 9 10 11 12 14 15 16 17
24: 5 6 7 8 9 10 11 12 14 15 16 17
