1: 5 6 7 8 9 10 11 12 14 15 16 17 18 19 20 21 22 23 25 26 27 28 29 30 31 32 33 34 36 37 38 39 40 41 42 43
2: 5 6 7 8 9 10 11 12 14 15 16 17 18 19 20 21 22 23 25 26 27 28 29 30 31 32 33 34 36 37 38 39 40 41 42 43
3: 5 6 7 8 9 10 11 12 14 15 16 17 18 19 20 21 22 23 25 26 27 28 29 30 31 32 33 34 36 37 38 39 40 41 42 43
4: 5 6 7 8 9 10 11 12 14 15 16 17 18 19 20 21 22 23 25 26 27 28 29 30 31 32 33 34 36 37 38 39 40 41 42 43
5: 1 2 3 4 13 18 19 20 21 22 23 24 25 26 27 28 29 30 31 32 33 34 35 36 37 38 39 40 41 42 43 44 45 46 47 48
6: 1 2 3 4 13 18 19 20 21 22 23 24 25 26 27 28 29 30 31 32 33 34 35 36 37 38 39 40 41 42 43 44 45 46 47 48
7: 1 2 3 4 13 18 19 20 21 22 23 24 25 26 27 28 29 30 31 32 33 34 35 36 37 38 39 40 41 42 43 44 45 46 47 48
8: 1 2 3 4 13 18 19 20 21 22 23 24 25 26 27 28 29 30 31 32 33 34 35 36 37 38 39 40 41 42 43 44 45 46 47 48
9: 1 2 3 4 13 18 19 20 21 22 23 24 25 26 27 28 29 30 31 32 33 34 35 36 37 38 39 40 41 42 43 44 45 46 47 48
10: 1 2 3 4 13 18 19 20 21 22 23 24 25 26 27 28 29 30 31 32 33 34 35 36 37 38 39 40 41 42 43 44 45 46 47 48
11: 1 2 3 4 13 18 19 20 21 22 23 24 25 26 27 28 29 30 31 32 33 34 35 36 37 38 39 40 41 42 43 44 45 46 47 48
12: 1 2 3 4 13 18 19 20 21 22 23 24 25 26 27 28 29 30 31 32 33 34 35 36 37 38 39 40 41 42 43 44 45 46 47 48
13: 5 6 7 8 9 10 11 12 14 15 16 17 18 19 20 21 22 23 25 26 27 28 29 30 31 32 33 34 36 37 38 39 40 41 42 43
14: 1 2 3 4 13 18 19 20 21 22 23 24 25 26 27 28 29 30 31 32 33 34 35 36 37 38 39 40 41 42 43 44 45 46 47 48
15: 1 2 3 4 13 18 19 20 21 22 23 24 25 26 27 28 29 30 31 32 33 34 35 36 37 38 39 40 41 42 43 44 45 46 47 48
16: 1 2 3 4 13 18 19 20 21 22 23 24 25 26 27 28 29 30 31 32 33 34 35 36 37 38 39 40 41 42 43 44 45 46 47 48
17: 1 2 3 4 13 18 19 20 21 22 23 24 25 26 27 28 29 30 31 32 33 34 35 36 37 38 39 40 41 42 43 44 45 46 47 48
18: 1 2 3 4 5 6 7 8 9 10 11 12 13 14 15 16 17 24 31 32 33 34 35 36 37 38 39 40 41 42 43 44 45 46 47 48
19: 1 2 3 4 5 6 7 8 9 10 11 12 13 14 15 16 17 24 31 32 33 34 35 36 37 38 39 40 41 42 43 44 45 46 47 48
20: 1 2 3 4 5 6 7 8 9 10 11 12 13 14 15 16 17 24 31 32 33 34 35 36 37 38 39 40 41 42 43 44 45 46 47 48
21: 1 2 3 4 5 6 7 8 9 10 11 12 13 14 15 16 17 24 31 32 33 34 35 36 37 38 39 40 41 42 43 44 45 46 47 48
22: 1 2 3 4 5 6 7 8 9 10 11 12 13 14 15 16 17 24 31 32 33 34 35 36 37 38 39 40 41 42 43 44 45 46 47 48
23: 1 2 3 4 5 6 7 8 9 10 11 12 13 14 15 16 17 24 31 32 33 34 35 36 37 38 39 40 41 42 43 44 45 46 47 48
24: 5 6 7 8 9 10 11 12 14 15 16 17 18 19 20 21 22 23 25 26 27 28 29 30 31 32 33 34 36 37 38 39 40 41 42 43
25: 1 2 3 4 5 6 7 8 9 10 11 12 13 14 15 16 17 24 31 32 33 34 35 36 37 38 39 40 41 42 43 44 45 46 47 48
26: 1 2 3 4 5 6 7 8 9 10 11 12 13 14 15 16 17 24 31 32 33 34 35 36 37 38 39 40 41 42 43 44 45 46 47 48
27: 1 2 3 4 5 6 7 8 9 10 11 12 13 14 15 16 17 24 31 32 33 34 35 36 37 38 39 40 41 42 43 44 45 46 47 48
28: 1 2 3 4 5 6 7 8 9 10 11 12 13 14 15 16 17 24 31 32 33 34 35 36 37 38 39 40 41 42 43 44 45 46 47 48
29: 1 2 3 4 5 6 7 8 9 10 11 12 13 14 15 16 17 24 31 32 33 34 35 36 37 38 39 40 41 42 43 44 45 46 47 48
30: 1 2 3 4 5 6 7 8 9 10 11 12 13 14 15 16 17 24 31 32 33 34 35 36 37 38 39 40 41 42 43 44 45 46 47 48
31: 1 2 3 4 5 6 7 8 9 10 11 12 13 14 15 16 17 18 19 20 21 22 23 24 25 26 27 28 29 30 35 44 45 46 47 48
32: 1 2 3 4 5 6 7 8 9 10 11 12 13 14 15 16 17 18 19 20 21 22 23 24 25 26 27 28 29 30 35 44 45 46 47 48
33: 1 2 3 4 5 6 7 8 9 10 11 12 13 14 15 16 17 18 19 20 21 22 23 24 25 26 27 28 29 30 35 44 45 46 47 48
34: 1 2 3 4 5 6 7 8 9 10 11 12 13 14 15 16 17 18 19 20 21 22 23 24 25 26 27 28 29 30 35 44 45 46 47 48
35: 5 6 7 8 9 10 11 12 14 15 16 17 18 19 20 21 22 23 25 26 27 28 29 30 31 32 33 34 36 37 38 39 40 41 42 43
36: 1 2 3 4 5 6 7 8 9 10 11 12 13 14 15 16 17 18 19 20 21 22 23 24 25 26 27 28 29 30 35 44 45 46 47 48
37: 1 2 3 4 5 6 7 8 9 10 11 12 13 14 15 16 17 18 19 20 21 22 23 24 25 26 27 28 29 30 35 44 45 46 47 48
38: 1 2 3 4 5 6 7 8 9 10 11 12 13 14 15 16 17 18 19 20 21 22 23 24 25 26 27 28 29 30 35 44 45 46 47 48
39: 1 2 3 4 5 6 7 8 9 10 11 12 13 14 15 16 17 18 19 20 21 22 23 24 25 26 27 28 29 30 35 44 45 46 47 48
40: 1 2 3 4 5 6 7 8 9 10 11 12 13 14 15 16 17 18 19 20 21 22 23 24 25 26 27 28 29 30 35 44 45 46 47 48
41: 1 2 3 4 5 6 7 8 9 10 11 12 13 14 15 16 17 18 19 20 21 22 23 24 25 26 27 28 29 30 35 44 45 46 47 48
42: 1 2 3 4 5 6 7 8 9 10 11 12 13 14 15 16 17 18 19 20 21 22 23 24 25 26 27 28 29 30 35 44 45 46 47 48
43: 1 2 3 4 5 6 7 8 9 10 11 12 13 14 15 16 17 18 19 20 21 22 23 24 25 26 27 28 29 30 35 44 45 46 47 48
44: 5 6 7 8 9 10 11 12 14 15 16 17 18 19 20 21 22 23 25 26 27 28 29 30 31 32 33 34 36 37 38 39 40 41 42 43
45: 5 6 7 8 9 10 11 12 14 15 16 17 18 19 20 21 22 23 25 26 27 28 29 30 31 32 33 34 36 37 38 39 40 41 42 43
46: 5 6 7 8 9 10 11 12 14 15 16 17 18 19 20 21 22 23 25 26 27 28 29 30 31 32 33 34 36 37 38 39 40 41 42 43
47: 5 6 7 8 9 10 11 12 14 15 16 17 18 19 20 21 22 23 25 26 27 28 29 30 31 32 33 34 36 37 38 39 40 41 42 43
48: 5 6 7 8 9 10 11 12 14 15 16 17 18 19 20 21 22 23 25 26 27 28 29 30 31 32 33 34 36 37 38 39 40 41 42 43
