1: 6 7 8 9 10 11 12 14 15 16 17 18 19
2: 6 7 8 9 10 11 12 14 15 16 17 18 19
3: 6 7 8 9 10 11 12 14 15 16 17 18 19
4: 6 7 8 9 10 11 12 14 15 16 17 18 19
5: 6 7 8 9 10 11 12 14 15 16 17 18 19
6: 1 2 3 4 5 13 20 21 22 23 24 25 26
7: 1 2 3 4 5 13 20 21 22 23 24 25 26
8: 1 2 3 4 5 13 20 21 22 23 24 25 26
9: 1 2 3 4 5 13 20 21 22 23 24 25 26
10: 1 2 3 4 5 13 20 21 22 23 24 25 26
11: 1 2 3 4 5 13 20 21 22 23 24 25 26
12: 1 2 3 4 5 13 20 21 22 23 24 25 26
13: 6 7 8 9 10 11 12 14 15 16 17 18 19
14: 1 2 3 4 5 13 20 21 22 23 24 25 26
15: 1 2 3 4 5 13 20 21 22 23 24 25 26
16: 1 2 3 4 5 13 20 21 22 23 24 25 26
17: 1 2 3 4 5 13 20 21 22 23 24 25 26
18: 1 2 3 4 5 13 20 21 22 23 24 25 26
19: 1 2 3 4 5 13 20 21 22 23 24 25 26
20: 6 7 8 9 10 11 12 14 15 16 17 18 19
21: 6 7 8 9 10 11 12 14 15 16 17 18 19
22: 6 7 8 9 10 11 12 14 15 16 17 18 19
23: 6 7 8 9 10 11 12 14 15 16 17 18 19
24: 6 7 8 9 10 11 12 14 15 16 17 18 19
25: 6 7 8 9 10 11 12 14 15 16 17 18 19
26: 6 7 8 9 10 11 12 14 15 16 17 18 19
