1: 6 7 8 9 10 11 12 14 15 16 17 18 19 20 21 22 23 25 26 27 28 29 30 31 32 33 34 36 37 38 39 40 41 42 43 44 45 47 48
2: 6 7 8 9 10 11 12 14 15 16 17 18 19 20 21 22 23 25 26 27 28 29 30 31 32 33 34 36 37 38 39 40 41 42 43 44 45 47 48
3: 6 7 8 9 10 11 12 14 15 16 17 18 19 20 21 22 23 25 26 27 28 29 30 31 32 33 34 36 37 38 39 40 41 42 43 44 45 47 48
4: 6 7 8 9 10 11 12 14 15 16 17 18 19 20 21 22 23 25 26 27 28 29 30 31 32 33 34 36 37 38 39 40 41 42 43 44 45 47 48
5: 6 7 8 9 10 11 12 14 15 16 17 18 19 20 21 22 23 25 26 27 28 29 30 31 32 33 34 36 37 38 39 40 41 42 43 44 45 47 48
6: 1 2 3 4 5 13 20 21 22 23 24 25 26 27 28 29 30 31 32 33 34 35 36 37 38 39 40 41 42 43 44 45 46 47 48 49 50 51 52
7: 1 2 3 4 5 13 20 21 22 23 24 25 26 27 28 29 30 31 32 33 34 35 36 37 38 39 40 41 42 43 44 45 46 47 48 49 50 51 52
8: 1 2 3 4 5 13 20 21 22 23 24 25 26 27 28 29 30 31 32 33 34 35 36 37 38 39 40 41 42 43 44 45 46 47 48 49 50 51 52
9: 1 2 3 4 5 13 20 21 22 23 24 25 26 27 28 29 30 31 32 33 34 35 36 37 38 39 40 41 42 43 44 45 46 47 48 49 50 51 52
10: 1 2 3 4 5 13 20 21 22 23 24 25 26 27 28 29 30 31 32 33 34 35 36 37 38 39 40 41 42 43 44 45 46 47 48 49 50 51 52
11: 1 2 3 4 5 13 20 21 22 23 24 25 26 27 28 29 30 31 32 33 34 35 36 37 38 39 40 41 42 43 44 45 46 47 48 49 50 51 52
12: 1 2 3 4 5 13 20 21 22 23 24 25 26 27 28 29 30 31 32 33 34 35 36 37 38 39 40 41 42 43 44 45 46 47 48 49 50 51 52
13: 6 7 8 9 10 11 12 14 15 16 17 18 19 20 21 22 23 25 26 27 28 29 30 31 32 33 34 36 37 38 39 40 41 42 43 44 45 47 48
14: 1 2 3 4 5 13 20 21 22 23 24 25 26 27 28 29 30 31 32 33 34 35 36 37 38 39 40 41 42 43 44 45 46 47 48 49 50 51 52
15: 1 2 3 4 5 13 20 21 22 23 24 25 26 27 28 29 30 31 32 33 34 35 36 37 38 39 40 41 42 43 44 45 46 47 48 49 50 51 52
16: 1 2 3 4 5 13 20 21 22 23 24 25 26 27 28 29 30 31 32 33 34 35 36 37 38 39 40 41 42 43 44 45 46 47 48 49 50 51 52
17: 1 2 3 4 5 13 20 21 22 23 24 25 26 27 28 29 30 31 32 33 34 35 36 37 38 39 40 41 42 43 44 45 46 47 48 49 50 51 52
18: 1 2 3 4 5 13 20 21 22 23 24 25 26 27 28 29 30 31 32 33 34 35 36 37 38 39 40 41 42 43 44 45 46 47 48 49 50 51 52
19: 1 2 3 4 5 13 20 21 22 23 24 25 26 27 28 29 30 31 32 33 34 35 36 37 38 39 40 41 42 43 44 45 46 47 48 49 50 51 52
20: 1 2 3 4 5 6 7 8 9 10 11 12 13 14 15 16 17 18 19 24 34 35 36 37 38 39 40 41 42 43 44 45 46 47 48 49 50 51 52
21: 1 2 3 4 5 6 7 8 9 10 11 12 13 14 15 16 17 18 19 24 34 35 36 37 38 39 40 41 42 43 44 45 46 47 48 49 50 51 52
22: 1 2 3 4 5 6 7 8 9 10 11 12 13 14 15 16 17 18 19 24 34 35 36 37 38 39 40 41 42 43 44 45 46 47 48 49 50 51 52
23: 1 2 3 4 5 6 7 8 9 10 11 12 13 14 15 16 17 18 19 24 34 35 36 37 38 39 40 41 42 43 44 45 46 47 48 49 50 51 52
24: 6 7 8 9 10 11 12 14 15 16 17 18 19 20 21 22 23 25 26 27 28 29 30 31 32 33 34 36 37 38 39 40 41 42 43 44 45 47 48
25: 1 2 3 4 5 6 7 8 9 10 11 12 13 14 15 16 17 18 19 24 34 35 36 37 38 39 40 41 42 43 44 45 46 47 48 49 50 51 52
26: 1 2 3 4 5 6 7 8 9 10 11 12 13 14 15 16 17 18 19 24 34 35 36 37 38 39 40 41 42 43 44 45 46 47 48 49 50 51 52
27: 1 2 3 4 5 6 7 8 9 10 11 12 13 14 15 16 17 18 19 24 34 35 36 37 38 39 40 41 42 43 44 45 46 47 48 49 50 51 52
28: 1 2 3 4 5 6 7 8 9 10 11 12 13 14 15 16 17 18 19 24 34 35 36 37 38 39 40 41 42 43 44 45 46 47 48 49 50 51 52
29: 1 2 3 4 5 6 7 8 9 10 11 12 13 14 15 16 17 18 19 24 34 35 36 37 38 39 40 41 42 43 44 45 46 47 48 49 50 51 52
30: 1 2 3 4 5 6 7 8 9 10 11 12 13 14 15 16 17 18 19 24 34 35 36 37 38 39 40 41 42 43 44 45 46 47 48 49 50 51 52
31: 1 2 3 4 5 6 7 8 9 10 11 12 13 14 15 16 17 18 19 24 34 35 36 37 38 39 40 41 42 43 44 45 46 47 48 49 50 51 52
32: 1 2 3 4 5 6 7 8 9 10 11 12 13 14 15 16 17 18 19 24 34 35 36 37 38 39 40 41 42 43 44 45 46 47 48 49 50 51 52
33: 1 2 3 4 5 6 7 8 9 10 11 12 13 14 15 16 17 18 19 24 34 35 36 37 38 39 40 41 42 43 44 45 46 47 48 49 50 51 52
34: 1 2 3 4 5 6 7 8 9 10 11 12 13 14 15 16 17 18 19 20 21 22 23 24 25 26 27 28 29 30 31 32 33 35 46 49 50 51 52
35: 6 7 8 9 10 11 12 14 15 16 17 18 19 20 21 22 23 25 26 27 28 29 30 31 32 33 34 36 37 38 39 40 41 42 43 44 45 47 48
36: 1 2 3 4 5 6 7 8 9 10 11 12 13 14 15 16 17 18 19 20 21 22 23 24 25 26 27 28 29 30 31 32 33 35 46 49 50 51 52
37: 1 2 3 4 5 6 7 8 9 10 11 12 13 14 15 16 17 18 19 20 21 22 23 24 25 26 27 28 29 30 31 32 33 35 46 49 50 51 52
38: 1 2 3 4 5 6 7 8 9 10 11 12 13 14 15 16 17 18 19 20 21 22 23 24 25 26 27 28 29 30 31 32 33 35 46 49 50 51 52
39: 1 2 3 4 5 6 7 8 9 10 11 12 13 14 15 16 17 18 19 20 21 22 23 24 25 26 27 28 29 30 31 32 33 35 46 49 50 51 52
40: 1 2 3 4 5 6 7 8 9 10 11 12 13 14 15 16 17 18 19 20 21 22 23 24 25 26 27 28 29 30 31 32 33 35 46 49 50 51 52
41: 1 2 3 4 5 6 7 8 9 10 11 12 13 14 15 16 17 18 19 20 21 22 23 24 25 26 27 28 29 30 31 32 33 35 46 49 50 51 52
42: 1 2 3 4 5 6 7 8 9 10 11 12 13 14 15 16 17 18 19 20 21 22 23 24 25 26 27 28 29 30 31 32 33 35 46 49 50 51 52
43: 1 2 3 4 5 6 7 8 9 10 11 12 13 14 15 16 17 18 19 20 21 22 23 24 25 26 27 28 29 30 31 32 33 35 46 49 50 51 52
44: 1 2 3 4 5 6 7 8 9 10 11 12 13 14 15 16 17 18 19 20 21 22 23 24 25 26 27 28 29 30 31 32 33 35 46 49 50 51 52
45: 1 2 3 4 5 6 7 8 9 10 11 12 13 14 15 16 17 18 19 20 21 22 23 24 25 26 27 28 29 30 31 32 33 35 46 49 50 51 52
46: 6 7 8 9 10 11 12 14 15 16 17 18 19 20 21 22 23 25 26 27 28 29 30 31 32 33 34 36 37 38 39 40 41 42 43 44 45 47 48
47: 1 2 3 4 5 6 7 8 9 10 11 12 13 14 15 16 17 18 19 20 21 22 23 24 25 26 27 28 29 30 31 32 33 35 46 49 50 51 52
48: 1 2 3 4 5 6 7 8 9 10 11 12 13 14 15 16 17 18 19 20 21 22 23 24 25 26 27 28 29 30 31 32 33 35 46 49 50 51 52
49: 6 7 8 9 10 11 12 14 15 16 17 18 19 20 21 22 23 25 26 27 28 29 30 31 32 33 34 36 37 38 39 40 41 42 43 44 45 47 48
50: 6 7 8 9 10 11 12 14 15 16 17 18 19 20 21 22 23 25 26 27 28 29 30 31 32 33 34 36 37 38 39 40 41 42 43 44 45 47 48
51: 6 7 8 9 10 11 12 14 15 16 17 18 19 20 21 22 23 25 26 27 28 29 30 31 32 33 34 36 37 38 39 40 41 42 43 44 45 47 48
52: 6 7 8 9 10 11 12 14 15 16 17 18 19 20 21 22 23 25 26 27 28 29 30 31 32 33 34 36 37 38 39 40 41 42 43 44 45 47 48
