1: 6 7 8 9 10 11 12 14 15 16 17 18 19 20 21 22 23 25 26 27 28 29 30 31 32 33
2: 6 7 8 9 10 11 12 14 15 16 17 18 19 20 21 22 23 25 26 27 28 29 30 31 32 33
3: 6 7 8 9 10 11 12 14 15 16 17 18 19 20 21 22 23 25 26 27 28 29 30 31 32 33
4: 6 7 8 9 10 11 12 14 15 16 17 18 19 20 21 22 23 25 26 27 28 29 30 31 32 33
5: 6 7 8 9 10 11 12 14 15 16 17 18 19 20 21 22 23 25 26 27 28 29 30 31 32 33
6: 1 2 3 4 5 13 20 21 22 23 24 25 26 27 28 29 30 31 32 33 34 35 36 37 38 39
7: 1 2 3 4 5 13 20 21 22 23 24 25 26 27 28 29 30 31 32 33 34 35 36 37 38 39
8: 1 2 3 4 5 13 20 21 22 23 24 25 26 27 28 29 30 31 32 33 34 35 36 37 38 39
9: 1 2 3 4 5 13 20 21 22 23 24 25 26 27 28 29 30 31 32 33 34 35 36 37 38 39
10: 1 2 3 4 5 13 20 21 22 23 24 25 26 27 28 29 30 31 32 33 34 35 36 37 38 39
11: 1 2 3 4 5 13 20 21 22 23 24 25 26 27 28 29 30 31 32 33 34 35 36 37 38 39
12: 1 2 3 4 5 13 20 21 22 23 24 25 26 27 28 29 30 31 32 33 34 35 36 37 38 39
13: 6 7 8 9 10 11 12 14 15 16 17 18 19 20 21 22 23 25 26 27 28 29 30 31 32 33
14: 1 2 3 4 5 13 20 21 22 23 24 25 26 27 28 29 30 31 32 33 34 35 36 37 38 39
15: 1 2 3 4 5 13 20 21 22 23 24 25 26 27 28 29 30 31 32 33 34 35 36 37 38 39
16: 1 2 3 4 5 13 20 21 22 23 24 25 26 27 28 29 30 31 32 33 34 35 36 37 38 39
17: 1 2 3 4 5 13 20 21 22 23 24 25 26 27 28 29 30 31 32 33 34 35 36 37 38 39
18: 1 2 3 4 5 13 20 21 22 23 24 25 26 27 28 29 30 31 32 33 34 35 36 37 38 39
19: 1 2 3 4 5 13 20 21 22 23 24 25 26 27 28 29 30 31 32 33 34 35 36 37 38 39
20: 1 2 3 4 5 6 7 8 9 10 11 12 13 14 15 16 17 18 19 24 34 35 36 37 38 39
21: 1 2 3 4 5 6 7 8 9 10 11 12 13 14 15 16 17 18 19 24 34 35 36 37 38 39
22: 1 2 3 4 5 6 7 8 9 10 11 12 13 14 15 16 17 18 19 24 34 35 36 37 38 39
23: 1 2 3 4 5 6 7 8 9 10 11 12 13 14 15 16 17 18 19 24 34 35 36 37 38 39
24: 6 7 8 9 10 11 12 14 15 16 17 18 19 20 21 22 23 25 26 27 28 29 30 31 32 33
25: 1 2 3 4 5 6 7 8 9 10 11 12 13 14 15 16 17 18 19 24 34 35 36 37 38 39
26: 1 2 3 4 5 6 7 8 9 10 11 12 13 14 15 16 17 18 19 24 34 35 36 37 38 39
27: 1 2 3 4 5 6 7 8 9 10 11 12 13 14 15 16 17 18 19 24 34 35 36 37 38 39
28: 1 2 3 4 5 6 7 8 9 10 11 12 13 14 15 16 17 18 19 24 34 35 36 37 38 39
29: 1 2 3 4 5 6 7 8 9 10 11 12 13 14 15 16 17 18 19 24 34 35 36 37 38 39
30: 1 2 3 4 5 6 7 8 9 10 11 12 13 14 15 16 17 18 19 24 34 35 36 37 38 39
31: 1 2 3 4 5 6 7 8 9 10 11 12 13 14 15 16 17 18 19 24 34 35 36 37 38 39
32: 1 2 3 4 5 6 7 8 9 10 11 12 13 14 15 16 17 18 19 24 34 35 36 37 38 39
33: 1 2 3 4 5 6 7 8 9 10 11 12 13 14 15 16 17 18 19 24 34 35 36 37 38 39
34: 6 7 8 9 10 11 12 14 15 16 17 18 19 20 21 22 23 25 26 27 28 29 30 31 32 33
35: 6 7 8 9 10 11 12 14 15 16 17 18 19 20 21 22 23 25 26 27 28 29 30 31 32 33
36: 6 7 8 9 10 11 12 14 15 16 17 18 19 20 21 22 23 25 26 27 28 29 30 31 32 33
37: 6 7 8 9 10 11 12 14 15 16 17 18 19 20 21 22 23 25 26 27 28 29 30 31 32 33
38: 6 7 8 9 10 11 12 14 15 16 17 18 19 20 21 22 23 25 26 27 28 29 30 31 32 33
39: 6 7 8 9 10 11 12 14 15 16 17 18 19 20 21 22 23 25 26 27 28 29 30 31 32 33
