1: 7 8 9 10 11 12 14 15 16 17 18 19 20 21
2: 7 8 9 10 11 12 14 15 16 17 18 19 20 21
3: 7 8 9 10 11 12 14 15 16 17 18 19 20 21
4: 7 8 9 10 11 12 14 15 16 17 18 19 20 21
5: 7 8 9 10 11 12 14 15 16 17 18 19 20 21
6: 7 8 9 10 11 12 14 15 16 17 18 19 20 21
7: 1 2 3 4 5 6 13 22 23 24 25 26 27 28
8: 1 2 3 4 5 6 13 22 23 24 25 26 27 28
9: 1 2 3 4 5 6 13 22 23 24 25 26 27 28
10: 1 2 3 4 5 6 13 22 23 24 25 26 27 28
11: 1 2 3 4 5 6 13 22 23 24 25 26 27 28
12: 1 2 3 4 5 6 13 22 23 24 25 26 27 28
13: 7 8 9 10 11 12 14 15 16 17 18 19 20 21
14: 1 2 3 4 5 6 13 22 23 24 25 26 27 28
15: 1 2 3 4 5 6 13 22 23 24 25 26 27 28
16: 1 2 3 4 5 6 13 22 23 24 25 26 27 28
17: 1 2 3 4 5 6 13 22 23 24 25 26 27 28
18: 1 2 3 4 5 6 13 22 23 24 25 26 27 28
19: 1 2 3 4 5 6 13 22 23 24 25 26 27 28
20: 1 2 3 4 5 6 13 22 23 24 25 26 27 28
21: 1 2 3 4 5 6 13 22 23 24 25 26 27 28
22: 7 8 9 10 11 12 14 15 16 17 18 19 20 21
23: 7 8 9 10 11 12 14 15 16 17 18 19 20 21
24: 7 8 9 10 11 12 14 15 16 17 18 19 20 21
25: 7 8 9 10 11 12 14 15 16 17 18 19 20 21
26: 7 8 9 10 11 12 14 15 16 17 18 19 20 21
27: 7 8 9 10 11 12 14 15 16 17 18 19 20 21
28: 7 8 9 10 11 12 14 15 16 17 18 19 20 21
