1: 7 8 9 10 11 12 14 15 16 17 18 19 20 21 22 23 25 26 27 28 29 30 31 32 33 34 36 37
2: 7 8 9 10 11 12 14 15 16 17 18 19 20 21 22 23 25 26 27 28 29 30 31 32 33 34 36 37
3: 7 8 9 10 11 12 14 15 16 17 18 19 20 21 22 23 25 26 27 28 29 30 31 32 33 34 36 37
4: 7 8 9 10 11 12 14 15 16 17 18 19 20 21 22 23 25 26 27 28 29 30 31 32 33 34 36 37
5: 7 8 9 10 11 12 14 15 16 17 18 19 20 21 22 23 25 26 27 28 29 30 31 32 33 34 36 37
6: 7 8 9 10 11 12 14 15 16 17 18 19 20 21 22 23 25 26 27 28 29 30 31 32 33 34 36 37
7: 1 2 3 4 5 6 13 22 23 24 25 26 27 28 29 30 31 32 33 34 35 36 37 38 39 40 41 42
8: 1 2 3 4 5 6 13 22 23 24 25 26 27 28 29 30 31 32 33 34 35 36 37 38 39 40 41 42
9: 1 2 3 4 5 6 13 22 23 24 25 26 27 28 29 30 31 32 33 34 35 36 37 38 39 40 41 42
10: 1 2 3 4 5 6 13 22 23 24 25 26 27 28 29 30 31 32 33 34 35 36 37 38 39 40 41 42
11: 1 2 3 4 5 6 13 22 23 24 25 26 27 28 29 30 31 32 33 34 35 36 37 38 39 40 41 42
12: 1 2 3 4 5 6 13 22 23 24 25 26 27 28 29 30 31 32 33 34 35 36 37 38 39 40 41 42
13: 7 8 9 10 11 12 14 15 16 17 18 19 20 21 22 23 25 26 27 28 29 30 31 32 33 34 36 37
14: 1 2 3 4 5 6 13 22 23 24 25 26 27 28 29 30 31 32 33 34 35 36 37 38 39 40 41 42
15: 1 2 3 4 5 6 13 22 23 24 25 26 27 28 29 30 31 32 33 34 35 36 37 38 39 40 41 42
16: 1 2 3 4 5 6 13 22 23 24 25 26 27 28 29 30 31 32 33 34 35 36 37 38 39 40 41 42
17: 1 2 3 4 5 6 13 22 23 24 25 26 27 28 29 30 31 32 33 34 35 36 37 38 39 40 41 42
18: 1 2 3 4 5 6 13 22 23 24 25 26 27 28 29 30 31 32 33 34 35 36 37 38 39 40 41 42
19: 1 2 3 4 5 6 13 22 23 24 25 26 27 28 29 30 31 32 33 34 35 36 37 38 39 40 41 42
20: 1 2 3 4 5 6 13 22 23 24 25 26 27 28 29 30 31 32 33 34 35 36 37 38 39 40 41 42
21: 1 2 3 4 5 6 13 22 23 24 25 26 27 28 29 30 31 32 33 34 35 36 37 38 39 40 41 42
22: 1 2 3 4 5 6 7 8 9 10 11 12 13 14 15 16 17 18 19 20 21 24 35 38 39 40 41 42
23: 1 2 3 4 5 6 7 8 9 10 11 12 13 14 15 16 17 18 19 20 21 24 35 38 39 40 41 42
24: 7 8 9 10 11 12 14 15 16 17 18 19 20 21 22 23 25 26 27 28 29 30 31 32 33 34 36 37
25: 1 2 3 4 5 6 7 8 9 10 11 12 13 14 15 16 17 18 19 20 21 24 35 38 39 40 41 42
26: 1 2 3 4 5 6 7 8 9 10 11 12 13 14 15 16 17 18 19 20 21 24 35 38 39 40 41 42
27: 1 2 3 4 5 6 7 8 9 10 11 12 13 14 15 16 17 18 19 20 21 24 35 38 39 40 41 42
28: 1 2 3 4 5 6 7 8 9 10 11 12 13 14 15 16 17 18 19 20 21 24 35 38 39 40 41 42
29: 1 2 3 4 5 6 7 8 9 10 11 12 13 14 15 16 17 18 19 20 21 24 35 38 39 40 41 42
30: 1 2 3 4 5 6 7 8 9 10 11 12 13 14 15 16 17 18 19 20 21 24 35 38 39 40 41 42
31: 1 2 3 4 5 6 7 8 9 10 11 12 13 14 15 16 17 18 19 20 21 24 35 38 39 40 41 42
32: 1 2 3 4 5 6 7 8 9 10 11 12 13 14 15 16 17 18 19 20 21 24 35 38 39 40 41 42
33: 1 2 3 4 5 6 7 8 9 10 11 12 13 14 15 16 17 18 19 20 21 24 35 38 39 40 41 42
34: 1 2 3 4 5 6 7 8 9 10 11 12 13 14 15 16 17 18 19 20 21 24 35 38 39 40 41 42
35: 7 8 9 10 11 12 14 15 16 17 18 19 20 21 22 23 25 26 27 28 29 30 31 32 33 34 36 37
36: 1 2 3 4 5 6 7 8 9 10 11 12 13 14 15 16 17 18 19 20 21 24 35 38 39 40 41 42
37: 1 2 3 4 5 6 7 8 9 10 11 12 13 14 15 16 17 18 19 20 21 24 35 38 39 40 41 42
38: 7 8 9 10 11 12 14 15 16 17 18 19 20 21 22 23 25 26 27 28 29 30 31 32 33 34 36 37
39: 7 8 9 10 11 12 14 15 16 17 18 19 20 21 22 23 25 26 27 28 29 30 31 32 33 34 36 37
40: 7 8 9 10 11 12 14 15 16 17 18 19 20 21 22 23 25 26 27 28 29 30 31 32 33 34 36 37
41: 7 8 9 10 11 12 14 15 16 17 18 19 20 21 22 23 25 26 27 28 29 30 31 32 33 34 36 37
42: 7 8 9 10 11 12 14 15 16 17 18 19 20 21 22 23 25 26 27 28 29 30 31 32 33 34 36 37
