1: 9 10 11 12 14 15 16 17 18 19 20 21 22 23 25 26
2: 9 10 11 12 14 15 16 17 18 19 20 21 22 23 25 26
3: 9 10 11 12 14 15 16 17 18 19 20 21 22 23 25 26
4: 9 10 11 12 14 15 16 17 18 19 20 21 22 23 25 26
5: 9 10 11 12 14 15 16 17 18 19 20 21 22 23 25 26
6: 9 10 11 12 14 15 16 17 18 19 20 21 22 23 25 26
7: 9 10 11 12 14 15 16 17 18 19 20 21 22 23 25 26
8: 9 10 11 12 14 15 16 17 18 19 20 21 22 23 25 26
9: 1 2 3 4 5 6 7 8 13 24 27 28 29 30 31 32
10: 1 2 3 4 5 6 7 8 13 24 27 28 29 30 31 32
11: 1 2 3 4 5 6 7 8 13 24 27 28 29 30 31 32
12: 1 2 3 4 5 6 7 8 13 24 27 28 29 30 31 32
13: 9 10 11 12 14 15 16 17 18 19 20 21 22 23 25 26
14: 1 2 3 4 5 6 7 8 13 24 27 28 29 30 31 32
15: 1 2 3 4 5 6 7 8 13 24 27 28 29 30 31 32
16: 1 2 3 4 5 6 7 8 13 24 27 28 29 30 31 32
17: 1 2 3 4 5 6 7 8 13 24 27 28 29 30 31 32
18: 1 2 3 4 5 6 7 8 13 24 27 28 29 30 31 32
19: 1 2 3 4 5 6 7 8 13 24 27 28 29 30 31 32
20: 1 2 3 4 5 6 7 8 13 24 27 28 29 30 31 32
21: 1 2 3 4 5 6 7 8 13 24 27 28 29 30 31 32
22: 1 2 3 4 5 6 7 8 13 24 27 28 29 30 31 32
23: 1 2 3 4 5 6 7 8 13 24 27 28 29 30 31 32
24: 9 10 11 12 14 15 16 17 18 19 20 21 22 23 25 26
25: 1 2 3 4 5 6 7 8 13 24 27 28 29 30 31 32
26: 1 2 3 4 5 6 7 8 13 24 27 28 29 30 31 32
27: 9 10 11 12 14 15 16 17 18 19 20 21 22 23 25 26
28: 9 10 11 12 14 15 16 17 18 19 20 21 22 23 25 26
29: 9 10 11 12 14 15 16 17 18 19 20 21 22 23 25 26
30: 9 10 11 12 14 15 16 17 18 19 20 21 22 23 25 26
31: 9 10 11 12 14 15 16 17 18 19 20 21 22 23 25 26
32: 9 10 11 12 14 15 16 17 18 19 20 21 22 23 25 26
