1: 10 11 12 14 15 16 17 18 19 20 21 22 23 25 26 27 28
2: 10 11 12 14 15 16 17 18 19 20 21 22 23 25 26 27 28
3: 10 11 12 14 15 16 17 18 19 20 21 22 23 25 26 27 28
4: 10 11 12 14 15 16 17 18 19 20 21 22 23 25 26 27 28
5: 10 11 12 14 15 16 17 18 19 20 21 22 23 25 26 27 28
6: 10 11 12 14 15 16 17 18 19 20 21 22 23 25 26 27 28
7: 10 11 12 14 15 16 17 18 19 20 21 22 23 25 26 27 28
8: 10 11 12 14 15 16 17 18 19 20 21 22 23 25 26 27 28
9: 10 11 12 14 15 16 17 18 19 20 21 22 23 25 26 27 28
10: 1 2 3 4 5 6 7 8 9 13 24 29 30 31 32 33 34
11: 1 2 3 4 5 6 7 8 9 13 24 29 30 31 32 33 34
12: 1 2 3 4 5 6 7 8 9 13 24 29 30 31 32 33 34
13: 10 11 12 14 15 16 17 18 19 20 21 22 23 25 26 27 28
14: 1 2 3 4 5 6 7 8 9 13 24 29 30 31 32 33 34
15: 1 2 3 4 5 6 7 8 9 13 24 29 30 31 32 33 34
16: 1 2 3 4 5 6 7 8 9 13 24 29 30 31 32 33 34
17: 1 2 3 4 5 6 7 8 9 13 24 29 30 31 32 33 34
18: 1 2 3 4 5 6 7 8 9 13 24 29 30 31 32 33 34
19: 1 2 3 4 5 6 7 8 9 13 24 29 30 31 32 33 34
20: 1 2 3 4 5 6 7 8 9 13 24 29 30 31 32 33 34
21: 1 2 3 4 5 6 7 8 9 13 24 29 30 31 32 33 34
22: 1 2 3 4 5 6 7 8 9 13 24 29 30 31 32 33 34
23: 1 2 3 4 5 6 7 8 9 13 24 29 30 31 32 33 34
24: 10 11 12 14 15 16 17 18 19 20 21 22 23 25 26 27 28
25: 1 2 3 4 5 6 7 8 9 13 24 29 30 31 32 33 34
26: 1 2 3 4 5 6 7 8 9 13 24 29 30 31 32 33 34
27: 1 2 3 4 5 6 7 8 9 13 24 29 30 31 32 33 34
28: 1 2 3 4 5 6 7 8 9 13 24 29 30 31 32 33 34
29: 10 11 12 14 15 16 17 18 19 20 21 22 23 25 26 27 28
30: 10 11 12 14 15 16 17 18 19 20 21 22 23 25 26 27 28
31: 10 11 12 14 15 16 17 18 19 20 21 22 23 25 26 27 28
32: 10 11 12 14 15 16 17 18 19 20 21 22 23 25 26 27 28
33: 10 11 12 14 15 16 17 18 19 20 21 22 23 25 26 27 28
34: 10 11 12 14 15 16 17 18 19 20 21 22 23 25 26 27 28
