1: 11 12 14 15 16 17 18 19 20 21 22 23 25 26 27 28 29 30
2: 11 12 14 15 16 17 18 19 20 21 22 23 25 26 27 28 29 30
3: 11 12 14 15 16 17 18 19 20 21 22 23 25 26 27 28 29 30
4: 11 12 14 15 16 17 18 19 20 21 22 23 25 26 27 28 29 30
5: 11 12 14 15 16 17 18 19 20 21 22 23 25 26 27 28 29 30
6: 11 12 14 15 16 17 18 19 20 21 22 23 25 26 27 28 29 30
7: 11 12 14 15 16 17 18 19 20 21 22 23 25 26 27 28 29 30
8: 11 12 14 15 16 17 18 19 20 21 22 23 25 26 27 28 29 30
9: 11 12 14 15 16 17 18 19 20 21 22 23 25 26 27 28 29 30
10: 11 12 14 15 16 17 18 19 20 21 22 23 25 26 27 28 29 30
11: 1 2 3 4 5 6 7 8 9 10 13 24 31 32 33 34 35 36
12: 1 2 3 4 5 6 7 8 9 10 13 24 31 32 33 34 35 36
13: 11 12 14 15 16 17 18 19 20 21 22 23 25 26 27 28 29 30
14: 1 2 3 4 5 6 7 8 9 10 13 24 31 32 33 34 35 36
15: 1 2 3 4 5 6 7 8 9 10 13 24 31 32 33 34 35 36
16: 1 2 3 4 5 6 7 8 9 10 13 24 31 32 33 34 35 36
17: 1 2 3 4 5 6 7 8 9 10 13 24 31 32 33 34 35 36
18: 1 2 3 4 5 6 7 8 9 10 13 24 31 32 33 34 35 36
19: 1 2 3 4 5 6 7 8 9 10 13 24 31 32 33 34 35 36
20: 1 2 3 4 5 6 7 8 9 10 13 24 31 32 33 34 35 36
21: 1 2 3 4 5 6 7 8 9 10 13 24 31 32 33 34 35 36
22: 1 2 3 4 5 6 7 8 9 10 13 24 31 32 33 34 35 36
23: 1 2 3 4 5 6 7 8 9 10 13 24 31 32 33 34 35 36
24: 11 12 14 15 16 17 18 19 20 21 22 23 25 26 27 28 29 30
25: 1 2 3 4 5 6 7 8 9 10 13 24 31 32 33 34 35 36
26: 1 2 3 4 5 6 7 8 9 10 13 24 31 32 33 34 35 36
27: 1 2 3 4 5 6 7 8 9 10 13 24 31 32 33 34 35 36
28: 1 2 3 4 5 6 7 8 9 10 13 24 31 32 33 34 35 36
29: 1 2 3 4 5 6 7 8 9 10 13 24 31 32 33 34 35 36
30: 1 2 3 4 5 6 7 8 9 10 13 24 31 32 33 34 35 36
31: 11 12 14 15 16 17 18 19 20 21 22 23 25 26 27 28 29 30
32: 11 12 14 15 16 17 18 19 20 21 22 23 25 26 27 28 29 30
33: 11 12 14 15 16 17 18 19 20 21 22 23 25 26 27 28 29 30
34: 11 12 14 15 16 17 18 19 20 21 22 23 25 26 27 28 29 30
35: 11 12 14 15 16 17 18 19 20 21 22 23 25 26 27 28 29 30
36: 11 12 14 15 16 17 18 19 20 21 22 23 25 26 27 28 29 30
