1: 12 14 15 16 17 18 19 20 21 22 23 25 26 27 28 29 30 31 32
2: 12 14 15 16 17 18 19 20 21 22 23 25 26 27 28 29 30 31 32
3: 12 14 15 16 17 18 19 20 21 22 23 25 26 27 28 29 30 31 32
4: 12 14 15 16 17 18 19 20 21 22 23 25 26 27 28 29 30 31 32
5: 12 14 15 16 17 18 19 20 21 22 23 25 26 27 28 29 30 31 32
6: 12 14 15 16 17 18 19 20 21 22 23 25 26 27 28 29 30 31 32
7: 12 14 15 16 17 18 19 20 21 22 23 25 26 27 28 29 30 31 32
8: 12 14 15 16 17 18 19 20 21 22 23 25 26 27 28 29 30 31 32
9: 12 14 15 16 17 18 19 20 21 22 23 25 26 27 28 29 30 31 32
10: 12 14 15 16 17 18 19 20 21 22 23 25 26 27 28 29 30 31 32
11: 12 14 15 16 17 18 19 20 21 22 23 25 26 27 28 29 30 31 32
12: 1 2 3 4 5 6 7 8 9 10 11 13 24 33 34 35 36 37 38
13: 12 14 15 16 17 18 19 20 21 22 23 25 26 27 28 29 30 31 32
14: 1 2 3 4 5 6 7 8 9 10 11 13 24 33 34 35 36 37 38
15: 1 2 3 4 5 6 7 8 9 10 11 13 24 33 34 35 36 37 38
16: 1 2 3 4 5 6 7 8 9 10 11 13 24 33 34 35 36 37 38
17: 1 2 3 4 5 6 7 8 9 10 11 13 24 33 34 35 36 37 38
18: 1 2 3 4 5 6 7 8 9 10 11 13 24 33 34 35 36 37 38
19: 1 2 3 4 5 6 7 8 9 10 11 13 24 33 34 35 36 37 38
20: 1 2 3 4 5 6 7 8 9 10 11 13 24 33 34 35 36 37 38
21: 1 2 3 4 5 6 7 8 9 10 11 13 24 33 34 35 36 37 38
22: 1 2 3 4 5 6 7 8 9 10 11 13 24 33 34 35 36 37 38
23: 1 2 3 4 5 6 7 8 9 10 11 13 24 33 34 35 36 37 38
24: 12 14 15 16 17 18 19 20 21 22 23 25 26 27 28 29 30 31 32
25: 1 2 3 4 5 6 7 8 9 10 11 13 24 33 34 35 36 37 38
26: 1 2 3 4 5 6 7 8 9 10 11 13 24 33 34 35 36 37 38
27: 1 2 3 4 5 6 7 8 9 10 11 13 24 33 34 35 36 37 38
28: 1 2 3 4 5 6 7 8 9 10 11 13 24 33 34 35 36 37 38
29: 1 2 3 4 5 6 7 8 9 10 11 13 24 33 34 35 36 37 38
30: 1 2 3 4 5 6 7 8 9 10 11 13 24 33 34 35 36 37 38
31: 1 2 3 4 5 6 7 8 9 10 11 13 24 33 34 35 36 37 38
32: 1 2 3 4 5 6 7 8 9 10 11 13 24 33 34 35 36 37 38
33: 12 14 15 16 17 18 19 20 21 22 23 25 26 27 28 29 30 31 32
34: 12 14 15 16 17 18 19 20 21 22 23 25 26 27 28 29 30 31 32
35: 12 14 15 16 17 18 19 20 21 22 23 25 26 27 28 29 30 31 32
36: 12 14 15 16 17 18 19 20 21 22 23 25 26 27 28 29 30 31 32
37: 12 14 15 16 17 18 19 20 21 22 23 25 26 27 28 29 30 31 32
38: 12 14 15 16 17 18 19 20 21 22 23 25 26 27 28 29 30 31 32
