1: 14 15 16 17 18 19 20 21 22 23 25 26 27 28 29 30 31 32 33 34
2: 14 15 16 17 18 19 20 21 22 23 25 26 27 28 29 30 31 32 33 34
3: 14 15 16 17 18 19 20 21 22 23 25 26 27 28 29 30 31 32 33 34
4: 14 15 16 17 18 19 20 21 22 23 25 26 27 28 29 30 31 32 33 34
5: 14 15 16 17 18 19 20 21 22 23 25 26 27 28 29 30 31 32 33 34
6: 14 15 16 17 18 19 20 21 22 23 25 26 27 28 29 30 31 32 33 34
7: 14 15 16 17 18 19 20 21 22 23 25 26 27 28 29 30 31 32 33 34
8: 14 15 16 17 18 19 20 21 22 23 25 26 27 28 29 30 31 32 33 34
9: 14 15 16 17 18 19 20 21 22 23 25 26 27 28 29 30 31 32 33 34
10: 14 15 16 17 18 19 20 21 22 23 25 26 27 28 29 30 31 32 33 34
11: 14 15 16 17 18 19 20 21 22 23 25 26 27 28 29 30 31 32 33 34
12: 14 15 16 17 18 19 20 21 22 23 25 26 27 28 29 30 31 32 33 34
13: 14 15 16 17 18 19 20 21 22 23 25 26 27 28 29 30 31 32 33 34
14: 1 2 3 4 5 6 7 8 9 10 11 12 13 24 35 36 37 38 39 40
15: 1 2 3 4 5 6 7 8 9 10 11 12 13 24 35 36 37 38 39 40
16: 1 2 3 4 5 6 7 8 9 10 11 12 13 24 35 36 37 38 39 40
17: 1 2 3 4 5 6 7 8 9 10 11 12 13 24 35 36 37 38 39 40
18: 1 2 3 4 5 6 7 8 9 10 11 12 13 24 35 36 37 38 39 40
19: 1 2 3 4 5 6 7 8 9 10 11 12 13 24 35 36 37 38 39 40
20: 1 2 3 4 5 6 7 8 9 10 11 12 13 24 35 36 37 38 39 40
21: 1 2 3 4 5 6 7 8 9 10 11 12 13 24 35 36 37 38 39 40
22: 1 2 3 4 5 6 7 8 9 10 11 12 13 24 35 36 37 38 39 40
23: 1 2 3 4 5 6 7 8 9 10 11 12 13 24 35 36 37 38 39 40
24: 14 15 16 17 18 19 20 21 22 23 25 26 27 28 29 30 31 32 33 34
25: 1 2 3 4 5 6 7 8 9 10 11 12 13 24 35 36 37 38 39 40
26: 1 2 3 4 5 6 7 8 9 10 11 12 13 24 35 36 37 38 39 40
27: 1 2 3 4 5 6 7 8 9 10 11 12 13 24 35 36 37 38 39 40
28: 1 2 3 4 5 6 7 8 9 10 11 12 13 24 35 36 37 38 39 40
29: 1 2 3 4 5 6 7 8 9 10 11 12 13 24 35 36 37 38 39 40
30: 1 2 3 4 5 6 7 8 9 10 11 12 13 24 35 36 37 38 39 40
31: 1 2 3 4 5 6 7 8 9 10 11 12 13 24 35 36 37 38 39 40
32: 1 2 3 4 5 6 7 8 9 10 11 12 13 24 35 36 37 38 39 40
33: 1 2 3 4 5 6 7 8 9 10 11 12 13 24 35 36 37 38 39 40
34: 1 2 3 4 5 6 7 8 9 10 11 12 13 24 35 36 37 38 39 40
35: 14 15 16 17 18 19 20 21 22 23 25 26 27 28 29 30 31 32 33 34
36: 14 15 16 17 18 19 20 21 22 23 25 26 27 28 29 30 31 32 33 34
37: 14 15 16 17 18 19 20 21 22 23 25 26 27 28 29 30 31 32 33 34
38: 14 15 16 17 18 19 20 21 22 23 25 26 27 28 29 30 31 32 33 34
39: 14 15 16 17 18 19 20 21 22 23 25 26 27 28 29 30 31 32 33 34
40: 14 15 16 17 18 19 20 21 22 23 25 26 27 28 29 30 31 32 33 34
