1: 15 16 17 18 19 20 21 22 23 25 26 27 28 29 30 31 32 33 34 36 37
2: 15 16 17 18 19 20 21 22 23 25 26 27 28 29 30 31 32 33 34 36 37
3: 15 16 17 18 19 20 21 22 23 25 26 27 28 29 30 31 32 33 34 36 37
4: 15 16 17 18 19 20 21 22 23 25 26 27 28 29 30 31 32 33 34 36 37
5: 15 16 17 18 19 20 21 22 23 25 26 27 28 29 30 31 32 33 34 36 37
6: 15 16 17 18 19 20 21 22 23 25 26 27 28 29 30 31 32 33 34 36 37
7: 15 16 17 18 19 20 21 22 23 25 26 27 28 29 30 31 32 33 34 36 37
8: 15 16 17 18 19 20 21 22 23 25 26 27 28 29 30 31 32 33 34 36 37
9: 15 16 17 18 19 20 21 22 23 25 26 27 28 29 30 31 32 33 34 36 37
10: 15 16 17 18 19 20 21 22 23 25 26 27 28 29 30 31 32 33 34 36 37
11: 15 16 17 18 19 20 21 22 23 25 26 27 28 29 30 31 32 33 34 36 37
12: 15 16 17 18 19 20 21 22 23 25 26 27 28 29 30 31 32 33 34 36 37
13: 15 16 17 18 19 20 21 22 23 25 26 27 28 29 30 31 32 33 34 36 37
14: 15 16 17 18 19 20 21 22 23 25 26 27 28 29 30 31 32 33 34 36 37
15: 1 2 3 4 5 6 7 8 9 10 11 12 13 14 24 35 38 39 40 41 42
16: 1 2 3 4 5 6 7 8 9 10 11 12 13 14 24 35 38 39 40 41 42
17: 1 2 3 4 5 6 7 8 9 10 11 12 13 14 24 35 38 39 40 41 42
18: 1 2 3 4 5 6 7 8 9 10 11 12 13 14 24 35 38 39 40 41 42
19: 1 2 3 4 5 6 7 8 9 10 11 12 13 14 24 35 38 39 40 41 42
20: 1 2 3 4 5 6 7 8 9 10 11 12 13 14 24 35 38 39 40 41 42
21: 1 2 3 4 5 6 7 8 9 10 11 12 13 14 24 35 38 39 40 41 42
22: 1 2 3 4 5 6 7 8 9 10 11 12 13 14 24 35 38 39 40 41 42
23: 1 2 3 4 5 6 7 8 9 10 11 12 13 14 24 35 38 39 40 41 42
24: 15 16 17 18 19 20 21 22 23 25 26 27 28 29 30 31 32 33 34 36 37
25: 1 2 3 4 5 6 7 8 9 10 11 12 13 14 24 35 38 39 40 41 42
26: 1 2 3 4 5 6 7 8 9 10 11 12 13 14 24 35 38 39 40 41 42
27: 1 2 3 4 5 6 7 8 9 10 11 12 13 14 24 35 38 39 40 41 42
28: 1 2 3 4 5 6 7 8 9 10 11 12 13 14 24 35 38 39 40 41 42
29: 1 2 3 4 5 6 7 8 9 10 11 12 13 14 24 35 38 39 40 41 42
30: 1 2 3 4 5 6 7 8 9 10 11 12 13 14 24 35 38 39 40 41 42
31: 1 2 3 4 5 6 7 8 9 10 11 12 13 14 24 35 38 39 40 41 42
32: 1 2 3 4 5 6 7 8 9 10 11 12 13 14 24 35 38 39 40 41 42
33: 1 2 3 4 5 6 7 8 9 10 11 12 13 14 24 35 38 39 40 41 42
34: 1 2 3 4 5 6 7 8 9 10 11 12 13 14 24 35 38 39 40 41 42
35: 15 16 17 18 19 20 21 22 23 25 26 27 28 29 30 31 32 33 34 36 37
36: 1 2 3 4 5 6 7 8 9 10 11 12 13 14 24 35 38 39 40 41 42
37: 1 2 3 4 5 6 7 8 9 10 11 12 13 14 24 35 38 39 40 41 42
38: 15 16 17 18 19 20 21 22 23 25 26 27 28 29 30 31 32 33 34 36 37
39: 15 16 17 18 19 20 21 22 23 25 26 27 28 29 30 31 32 33 34 36 37
40: 15 16 17 18 19 20 21 22 23 25 26 27 28 29 30 31 32 33 34 36 37
41: 15 16 17 18 19 20 21 22 23 25 26 27 28 29 30 31 32 33 34 36 37
42: 15 16 17 18 19 20 21 22 23 25 26 27 28 29 30 31 32 33 34 36 37
