1: 17 18 19 20 21 22 23 25 26 27 28 29 30 31 32 33 34 36 37 38 39 40 41
2: 17 18 19 20 21 22 23 25 26 27 28 29 30 31 32 33 34 36 37 38 39 40 41
3: 17 18 19 20 21 22 23 25 26 27 28 29 30 31 32 33 34 36 37 38 39 40 41
4: 17 18 19 20 21 22 23 25 26 27 28 29 30 31 32 33 34 36 37 38 39 40 41
5: 17 18 19 20 21 22 23 25 26 27 28 29 30 31 32 33 34 36 37 38 39 40 41
6: 17 18 19 20 21 22 23 25 26 27 28 29 30 31 32 33 34 36 37 38 39 40 41
7: 17 18 19 20 21 22 23 25 26 27 28 29 30 31 32 33 34 36 37 38 39 40 41
8: 17 18 19 20 21 22 23 25 26 27 28 29 30 31 32 33 34 36 37 38 39 40 41
9: 17 18 19 20 21 22 23 25 26 27 28 29 30 31 32 33 34 36 37 38 39 40 41
10: 17 18 19 20 21 22 23 25 26 27 28 29 30 31 32 33 34 36 37 38 39 40 41
11: 17 18 19 20 21 22 23 25 26 27 28 29 30 31 32 33 34 36 37 38 39 40 41
12: 17 18 19 20 21 22 23 25 26 27 28 29 30 31 32 33 34 36 37 38 39 40 41
13: 17 18 19 20 21 22 23 25 26 27 28 29 30 31 32 33 34 36 37 38 39 40 41
14: 17 18 19 20 21 22 23 25 26 27 28 29 30 31 32 33 34 36 37 38 39 40 41
15: 17 18 19 20 21 22 23 25 26 27 28 29 30 31 32 33 34 36 37 38 39 40 41
16: 17 18 19 20 21 22 23 25 26 27 28 29 30 31 32 33 34 36 37 38 39 40 41
17: 1 2 3 4 5 6 7 8 9 10 11 12 13 14 15 16 24 35 42 43 44 45 46
18: 1 2 3 4 5 6 7 8 9 10 11 12 13 14 15 16 24 35 42 43 44 45 46
19: 1 2 3 4 5 6 7 8 9 10 11 12 13 14 15 16 24 35 42 43 44 45 46
20: 1 2 3 4 5 6 7 8 9 10 11 12 13 14 15 16 24 35 42 43 44 45 46
21: 1 2 3 4 5 6 7 8 9 10 11 12 13 14 15 16 24 35 42 43 44 45 46
22: 1 2 3 4 5 6 7 8 9 10 11 12 13 14 15 16 24 35 42 43 44 45 46
23: 1 2 3 4 5 6 7 8 9 10 11 12 13 14 15 16 24 35 42 43 44 45 46
24: 17 18 19 20 21 22 23 25 26 27 28 29 30 31 32 33 34 36 37 38 39 40 41
25: 1 2 3 4 5 6 7 8 9 10 11 12 13 14 15 16 24 35 42 43 44 45 46
26: 1 2 3 4 5 6 7 8 9 10 11 12 13 14 15 16 24 35 42 43 44 45 46
27: 1 2 3 4 5 6 7 8 9 10 11 12 13 14 15 16 24 35 42 43 44 45 46
28: 1 2 3 4 5 6 7 8 9 10 11 12 13 14 15 16 24 35 42 43 44 45 46
29: 1 2 3 4 5 6 7 8 9 10 11 12 13 14 15 16 24 35 42 43 44 45 46
30: 1 2 3 4 5 6 7 8 9 10 11 12 13 14 15 16 24 35 42 43 44 45 46
31: 1 2 3 4 5 6 7 8 9 10 11 12 13 14 15 16 24 35 42 43 44 45 46
32: 1 2 3 4 5 6 7 8 9 10 11 12 13 14 15 16 24 35 42 43 44 45 46
33: 1 2 3 4 5 6 7 8 9 10 11 12 13 14 15 16 24 35 42 43 44 45 46
34: 1 2 3 4 5 6 7 8 9 10 11 12 13 14 15 16 24 35 42 43 44 45 46
35: 17 18 19 20 21 22 23 25 26 27 28 29 30 31 32 33 34 36 37 38 39 40 41
36: 1 2 3 4 5 6 7 8 9 10 11 12 13 14 15 16 24 35 42 43 44 45 46
37: 1 2 3 4 5 6 7 8 9 10 11 12 13 14 15 16 24 35 42 43 44 45 46
38: 1 2 3 4 5 6 7 8 9 10 11 12 13 14 15 16 24 35 42 43 44 45 46
39: 1 2 3 4 5 6 7 8 9 10 11 12 13 14 15 16 24 35 42 43 44 45 46
40: 1 2 3 4 5 6 7 8 9 10 11 12 13 14 15 16 24 35 42 43 44 45 46
41: 1 2 3 4 5 6 7 8 9 10 11 12 13 14 15 16 24 35 42 43 44 45 46
42: 17 18 19 20 21 22 23 25 26 27 28 29 30 31 32 33 34 36 37 38 39 40 41
43: 17 18 19 20 21 22 23 25 26 27 28 29 30 31 32 33 34 36 37 38 39 40 41
44: 17 18 19 20 21 22 23 25 26 27 28 29 30 31 32 33 34 36 37 38 39 40 41
45: 17 18 19 20 21 22 23 25 26 27 28 29 30 31 32 33 34 36 37 38 39 40 41
46: 17 18 19 20 21 22 23 25 26 27 28 29 30 31 32 33 34 36 37 38 39 40 41
