1: 18 19 20 21 22 23 25 26 27 28 29 30 31 32 33 34 36 37 38 39 40 41 42 43
2: 18 19 20 21 22 23 25 26 27 28 29 30 31 32 33 34 36 37 38 39 40 41 42 43
3: 18 19 20 21 22 23 25 26 27 28 29 30 31 32 33 34 36 37 38 39 40 41 42 43
4: 18 19 20 21 22 23 25 26 27 28 29 30 31 32 33 34 36 37 38 39 40 41 42 43
5: 18 19 20 21 22 23 25 26 27 28 29 30 31 32 33 34 36 37 38 39 40 41 42 43
6: 18 19 20 21 22 23 25 26 27 28 29 30 31 32 33 34 36 37 38 39 40 41 42 43
7: 18 19 20 21 22 23 25 26 27 28 29 30 31 32 33 34 36 37 38 39 40 41 42 43
8: 18 19 20 21 22 23 25 26 27 28 29 30 31 32 33 34 36 37 38 39 40 41 42 43
9: 18 19 20 21 22 23 25 26 27 28 29 30 31 32 33 34 36 37 38 39 40 41 42 43
10: 18 19 20 21 22 23 25 26 27 28 29 30 31 32 33 34 36 37 38 39 40 41 42 43
11: 18 19 20 21 22 23 25 26 27 28 29 30 31 32 33 34 36 37 38 39 40 41 42 43
12: 18 19 20 21 22 23 25 26 27 28 29 30 31 32 33 34 36 37 38 39 40 41 42 43
13: 18 19 20 21 22 23 25 26 27 28 29 30 31 32 33 34 36 37 38 39 40 41 42 43
14: 18 19 20 21 22 23 25 26 27 28 29 30 31 32 33 34 36 37 38 39 40 41 42 43
15: 18 19 20 21 22 23 25 26 27 28 29 30 31 32 33 34 36 37 38 39 40 41 42 43
16: 18 19 20 21 22 23 25 26 27 28 29 30 31 32 33 34 36 37 38 39 40 41 42 43
17: 18 19 20 21 22 23 25 26 27 28 29 30 31 32 33 34 36 37 38 39 40 41 42 43
18: 1 2 3 4 5 6 7 8 9 10 11 12 13 14 15 16 17 24 35 44 45 46 47 48
19: 1 2 3 4 5 6 7 8 9 10 11 12 13 14 15 16 17 24 35 44 45 46 47 48
20: 1 2 3 4 5 6 7 8 9 10 11 12 13 14 15 16 17 24 35 44 45 46 47 48
21: 1 2 3 4 5 6 7 8 9 10 11 12 13 14 15 16 17 24 35 44 45 46 47 48
22: 1 2 3 4 5 6 7 8 9 10 11 12 13 14 15 16 17 24 35 44 45 46 47 48
23: 1 2 3 4 5 6 7 8 9 10 11 12 13 14 15 16 17 24 35 44 45 46 47 48
24: 18 19 20 21 22 23 25 26 27 28 29 30 31 32 33 34 36 37 38 39 40 41 42 43
25: 1 2 3 4 5 6 7 8 9 10 11 12 13 14 15 16 17 24 35 44 45 46 47 48
26: 1 2 3 4 5 6 7 8 9 10 11 12 13 14 15 16 17 24 35 44 45 46 47 48
27: 1 2 3 4 5 6 7 8 9 10 11 12 13 14 15 16 17 24 35 44 45 46 47 48
28: 1 2 3 4 5 6 7 8 9 10 11 12 13 14 15 16 17 24 35 44 45 46 47 48
29: 1 2 3 4 5 6 7 8 9 10 11 12 13 14 15 16 17 24 35 44 45 46 47 48
30: 1 2 3 4 5 6 7 8 9 10 11 12 13 14 15 16 17 24 35 44 45 46 47 48
31: 1 2 3 4 5 6 7 8 9 10 11 12 13 14 15 16 17 24 35 44 45 46 47 48
32: 1 2 3 4 5 6 7 8 9 10 11 12 13 14 15 16 17 24 35 44 45 46 47 48
33: 1 2 3 4 5 6 7 8 9 10 11 12 13 14 15 16 17 24 35 44 45 46 47 48
34: 1 2 3 4 5 6 7 8 9 10 11 12 13 14 15 16 17 24 35 44 45 46 47 48
35: 18 19 20 21 22 23 25 26 27 28 29 30 31 32 33 34 36 37 38 39 40 41 42 43
36: 1 2 3 4 5 6 7 8 9 10 11 12 13 14 15 16 17 24 35 44 45 46 47 48
37: 1 2 3 4 5 6 7 8 9 10 11 12 13 14 15 16 17 24 35 44 45 46 47 48
38: 1 2 3 4 5 6 7 8 9 10 11 12 13 14 15 16 17 24 35 44 45 46 47 48
39: 1 2 3 4 5 6 7 8 9 10 11 12 13 14 15 16 17 24 35 44 45 46 47 48
40: 1 2 3 4 5 6 7 8 9 10 11 12 13 14 15 16 17 24 35 44 45 46 47 48
41: 1 2 3 4 5 6 7 8 9 10 11 12 13 14 15 16 17 24 35 44 45 46 47 48
42: 1 2 3 4 5 6 7 8 9 10 11 12 13 14 15 16 17 24 35 44 45 46 47 48
43: 1 2 3 4 5 6 7 8 9 10 11 12 13 14 15 16 17 24 35 44 45 46 47 48
44: 18 19 20 21 22 23 25 26 27 28 29 30 31 32 33 34 36 37 38 39 40 41 42 43
45: 18 19 20 21 22 23 25 26 27 28 29 30 31 32 33 34 36 37 38 39 40 41 42 43
46: 18 19 20 21 22 23 25 26 27 28 29 30 31 32 33 34 36 37 38 39 40 41 42 43
47: 18 19 20 21 22 23 25 26 27 28 29 30 31 32 33 34 36 37 38 39 40 41 42 43
48: 18 19 20 21 22 23 25 26 27 28 29 30 31 32 33 34 36 37 38 39 40 41 42 43
