1: 19 20 21 22 23 25 26 27 28 29 30 31 32 33 34 36 37 38 39 40 41 42 43 44 45
2: 19 20 21 22 23 25 26 27 28 29 30 31 32 33 34 36 37 38 39 40 41 42 43 44 45
3: 19 20 21 22 23 25 26 27 28 29 30 31 32 33 34 36 37 38 39 40 41 42 43 44 45
4: 19 20 21 22 23 25 26 27 28 29 30 31 32 33 34 36 37 38 39 40 41 42 43 44 45
5: 19 20 21 22 23 25 26 27 28 29 30 31 32 33 34 36 37 38 39 40 41 42 43 44 45
6: 19 20 21 22 23 25 26 27 28 29 30 31 32 33 34 36 37 38 39 40 41 42 43 44 45
7: 19 20 21 22 23 25 26 27 28 29 30 31 32 33 34 36 37 38 39 40 41 42 43 44 45
8: 19 20 21 22 23 25 26 27 28 29 30 31 32 33 34 36 37 38 39 40 41 42 43 44 45
9: 19 20 21 22 23 25 26 27 28 29 30 31 32 33 34 36 37 38 39 40 41 42 43 44 45
10: 19 20 21 22 23 25 26 27 28 29 30 31 32 33 34 36 37 38 39 40 41 42 43 44 45
11: 19 20 21 22 23 25 26 27 28 29 30 31 32 33 34 36 37 38 39 40 41 42 43 44 45
12: 19 20 21 22 23 25 26 27 28 29 30 31 32 33 34 36 37 38 39 40 41 42 43 44 45
13: 19 20 21 22 23 25 26 27 28 29 30 31 32 33 34 36 37 38 39 40 41 42 43 44 45
14: 19 20 21 22 23 25 26 27 28 29 30 31 32 33 34 36 37 38 39 40 41 42 43 44 45
15: 19 20 21 22 23 25 26 27 28 29 30 31 32 33 34 36 37 38 39 40 41 42 43 44 45
16: 19 20 21 22 23 25 26 27 28 29 30 31 32 33 34 36 37 38 39 40 41 42 43 44 45
17: 19 20 21 22 23 25 26 27 28 29 30 31 32 33 34 36 37 38 39 40 41 42 43 44 45
18: 19 20 21 22 23 25 26 27 28 29 30 31 32 33 34 36 37 38 39 40 41 42 43 44 45
19: 1 2 3 4 5 6 7 8 9 10 11 12 13 14 15 16 17 18 24 35 46 47 48 49 50
20: 1 2 3 4 5 6 7 8 9 10 11 12 13 14 15 16 17 18 24 35 46 47 48 49 50
21: 1 2 3 4 5 6 7 8 9 10 11 12 13 14 15 16 17 18 24 35 46 47 48 49 50
22: 1 2 3 4 5 6 7 8 9 10 11 12 13 14 15 16 17 18 24 35 46 47 48 49 50
23: 1 2 3 4 5 6 7 8 9 10 11 12 13 14 15 16 17 18 24 35 46 47 48 49 50
24: 19 20 21 22 23 25 26 27 28 29 30 31 32 33 34 36 37 38 39 40 41 42 43 44 45
25: 1 2 3 4 5 6 7 8 9 10 11 12 13 14 15 16 17 18 24 35 46 47 48 49 50
26: 1 2 3 4 5 6 7 8 9 10 11 12 13 14 15 16 17 18 24 35 46 47 48 49 50
27: 1 2 3 4 5 6 7 8 9 10 11 12 13 14 15 16 17 18 24 35 46 47 48 49 50
28: 1 2 3 4 5 6 7 8 9 10 11 12 13 14 15 16 17 18 24 35 46 47 48 49 50
29: 1 2 3 4 5 6 7 8 9 10 11 12 13 14 15 16 17 18 24 35 46 47 48 49 50
30: 1 2 3 4 5 6 7 8 9 10 11 12 13 14 15 16 17 18 24 35 46 47 48 49 50
31: 1 2 3 4 5 6 7 8 9 10 11 12 13 14 15 16 17 18 24 35 46 47 48 49 50
32: 1 2 3 4 5 6 7 8 9 10 11 12 13 14 15 16 17 18 24 35 46 47 48 49 50
33: 1 2 3 4 5 6 7 8 9 10 11 12 13 14 15 16 17 18 24 35 46 47 48 49 50
34: 1 2 3 4 5 6 7 8 9 10 11 12 13 14 15 16 17 18 24 35 46 47 48 49 50
35: 19 20 21 22 23 25 26 27 28 29 30 31 32 33 34 36 37 38 39 40 41 42 43 44 45
36: 1 2 3 4 5 6 7 8 9 10 11 12 13 14 15 16 17 18 24 35 46 47 48 49 50
37: 1 2 3 4 5 6 7 8 9 10 11 12 13 14 15 16 17 18 24 35 46 47 48 49 50
38: 1 2 3 4 5 6 7 8 9 10 11 12 13 14 15 16 17 18 24 35 46 47 48 49 50
39: 1 2 3 4 5 6 7 8 9 10 11 12 13 14 15 16 17 18 24 35 46 47 48 49 50
40: 1 2 3 4 5 6 7 8 9 10 11 12 13 14 15 16 17 18 24 35 46 47 48 49 50
41: 1 2 3 4 5 6 7 8 9 10 11 12 13 14 15 16 17 18 24 35 46 47 48 49 50
42: 1 2 3 4 5 6 7 8 9 10 11 12 13 14 15 16 17 18 24 35 46 47 48 49 50
43: 1 2 3 4 5 6 7 8 9 10 11 12 13 14 15 16 17 18 24 35 46 47 48 49 50
44: 1 2 3 4 5 6 7 8 9 10 11 12 13 14 15 16 17 18 24 35 46 47 48 49 50
45: 1 2 3 4 5 6 7 8 9 10 11 12 13 14 15 16 17 18 24 35 46 47 48 49 50
46: 19 20 21 22 23 25 26 27 28 29 30 31 32 33 34 36 37 38 39 40 41 42 43 44 45
47: 19 20 21 22 23 25 26 27 28 29 30 31 32 33 34 36 37 38 39 40 41 42 43 44 45
48: 19 20 21 22 23 25 26 27 28 29 30 31 32 33 34 36 37 38 39 40 41 42 43 44 45
49: 19 20 21 22 23 25 26 27 28 29 30 31 32 33 34 36 37 38 39 40 41 42 43 44 45
50: 19 20 21 22 23 25 26 27 28 29 30 31 32 33 34 36 37 38 39 40 41 42 43 44 45
