1: 20 21 22 23 25 26 27 28 29 30 31 32 33 34 36 37 38 39 40 41 42 43 44 45 47 48
2: 20 21 22 23 25 26 27 28 29 30 31 32 33 34 36 37 38 39 40 41 42 43 44 45 47 48
3: 20 21 22 23 25 26 27 28 29 30 31 32 33 34 36 37 38 39 40 41 42 43 44 45 47 48
4: 20 21 22 23 25 26 27 28 29 30 31 32 33 34 36 37 38 39 40 41 42 43 44 45 47 48
5: 20 21 22 23 25 26 27 28 29 30 31 32 33 34 36 37 38 39 40 41 42 43 44 45 47 48
6: 20 21 22 23 25 26 27 28 29 30 31 32 33 34 36 37 38 39 40 41 42 43 44 45 47 48
7: 20 21 22 23 25 26 27 28 29 30 31 32 33 34 36 37 38 39 40 41 42 43 44 45 47 48
8: 20 21 22 23 25 26 27 28 29 30 31 32 33 34 36 37 38 39 40 41 42 43 44 45 47 48
9: 20 21 22 23 25 26 27 28 29 30 31 32 33 34 36 37 38 39 40 41 42 43 44 45 47 48
10: 20 21 22 23 25 26 27 28 29 30 31 32 33 34 36 37 38 39 40 41 42 43 44 45 47 48
11: 20 21 22 23 25 26 27 28 29 30 31 32 33 34 36 37 38 39 40 41 42 43 44 45 47 48
12: 20 21 22 23 25 26 27 28 29 30 31 32 33 34 36 37 38 39 40 41 42 43 44 45 47 48
13: 20 21 22 23 25 26 27 28 29 30 31 32 33 34 36 37 38 39 40 41 42 43 44 45 47 48
14: 20 21 22 23 25 26 27 28 29 30 31 32 33 34 36 37 38 39 40 41 42 43 44 45 47 48
15: 20 21 22 23 25 26 27 28 29 30 31 32 33 34 36 37 38 39 40 41 42 43 44 45 47 48
16: 20 21 22 23 25 26 27 28 29 30 31 32 33 34 36 37 38 39 40 41 42 43 44 45 47 48
17: 20 21 22 23 25 26 27 28 29 30 31 32 33 34 36 37 38 39 40 41 42 43 44 45 47 48
18: 20 21 22 23 25 26 27 28 29 30 31 32 33 34 36 37 38 39 40 41 42 43 44 45 47 48
19: 20 21 22 23 25 26 27 28 29 30 31 32 33 34 36 37 38 39 40 41 42 43 44 45 47 48
20: 1 2 3 4 5 6 7 8 9 10 11 12 13 14 15 16 17 18 19 24 35 46 49 50 51 52
21: 1 2 3 4 5 6 7 8 9 10 11 12 13 14 15 16 17 18 19 24 35 46 49 50 51 52
22: 1 2 3 4 5 6 7 8 9 10 11 12 13 14 15 16 17 18 19 24 35 46 49 50 51 52
23: 1 2 3 4 5 6 7 8 9 10 11 12 13 14 15 16 17 18 19 24 35 46 49 50 51 52
24: 20 21 22 23 25 26 27 28 29 30 31 32 33 34 36 37 38 39 40 41 42 43 44 45 47 48
25: 1 2 3 4 5 6 7 8 9 10 11 12 13 14 15 16 17 18 19 24 35 46 49 50 51 52
26: 1 2 3 4 5 6 7 8 9 10 11 12 13 14 15 16 17 18 19 24 35 46 49 50 51 52
27: 1 2 3 4 5 6 7 8 9 10 11 12 13 14 15 16 17 18 19 24 35 46 49 50 51 52
28: 1 2 3 4 5 6 7 8 9 10 11 12 13 14 15 16 17 18 19 24 35 46 49 50 51 52
29: 1 2 3 4 5 6 7 8 9 10 11 12 13 14 15 16 17 18 19 24 35 46 49 50 51 52
30: 1 2 3 4 5 6 7 8 9 10 11 12 13 14 15 16 17 18 19 24 35 46 49 50 51 52
31: 1 2 3 4 5 6 7 8 9 10 11 12 13 14 15 16 17 18 19 24 35 46 49 50 51 52
32: 1 2 3 4 5 6 7 8 9 10 11 12 13 14 15 16 17 18 19 24 35 46 49 50 51 52
33: 1 2 3 4 5 6 7 8 9 10 11 12 13 14 15 16 17 18 19 24 35 46 49 50 51 52
34: 1 2 3 4 5 6 7 8 9 10 11 12 13 14 15 16 17 18 19 24 35 46 49 50 51 52
35: 20 21 22 23 25 26 27 28 29 30 31 32 33 34 36 37 38 39 40 41 42 43 44 45 47 48
36: 1 2 3 4 5 6 7 8 9 10 11 12 13 14 15 16 17 18 19 24 35 46 49 50 51 52
37: 1 2 3 4 5 6 7 8 9 10 11 12 13 14 15 16 17 18 19 24 35 46 49 50 51 52
38: 1 2 3 4 5 6 7 8 9 10 11 12 13 14 15 16 17 18 19 24 35 46 49 50 51 52
39: 1 2 3 4 5 6 7 8 9 10 11 12 13 14 15 16 17 18 19 24 35 46 49 50 51 52
40: 1 2 3 4 5 6 7 8 9 10 11 12 13 14 15 16 17 18 19 24 35 46 49 50 51 52
41: 1 2 3 4 5 6 7 8 9 10 11 12 13 14 15 16 17 18 19 24 35 46 49 50 51 52
42: 1 2 3 4 5 6 7 8 9 10 11 12 13 14 15 16 17 18 19 24 35 46 49 50 51 52
43: 1 2 3 4 5 6 7 8 9 10 11 12 13 14 15 16 17 18 19 24 35 46 49 50 51 52
44: 1 2 3 4 5 6 7 8 9 10 11 12 13 14 15 16 17 18 19 24 35 46 49 50 51 52
45: 1 2 3 4 5 6 7 8 9 10 11 12 13 14 15 16 17 18 19 24 35 46 49 50 51 52
46: 20 21 22 23 25 26 27 28 29 30 31 32 33 34 36 37 38 39 40 41 42 43 44 45 47 48
47: 1 2 3 4 5 6 7 8 9 10 11 12 13 14 15 16 17 18 19 24 35 46 49 50 51 52
48: 1 2 3 4 5 6 7 8 9 10 11 12 13 14 15 16 17 18 19 24 35 46 49 50 51 52
49: 20 21 22 23 25 26 27 28 29 30 31 32 33 34 36 37 38 39 40 41 42 43 44 45 47 48
50: 20 21 22 23 25 26 27 28 29 30 31 32 33 34 36 37 38 39 40 41 42 43 44 45 47 48
51: 20 21 22 23 25 26 27 28 29 30 31 32 33 34 36 37 38 39 40 41 42 43 44 45 47 48
52: 20 21 22 23 25 26 27 28 29 30 31 32 33 34 36 37 38 39 40 41 42 43 44 45 47 48
