1: 21 22 23 25 26 27 28 29 30 31 32 33 34 36 37 38 39 40 41 42 43 44 45 47 48 49 50
2: 21 22 23 25 26 27 28 29 30 31 32 33 34 36 37 38 39 40 41 42 43 44 45 47 48 49 50
3: 21 22 23 25 26 27 28 29 30 31 32 33 34 36 37 38 39 40 41 42 43 44 45 47 48 49 50
4: 21 22 23 25 26 27 28 29 30 31 32 33 34 36 37 38 39 40 41 42 43 44 45 47 48 49 50
5: 21 22 23 25 26 27 28 29 30 31 32 33 34 36 37 38 39 40 41 42 43 44 45 47 48 49 50
6: 21 22 23 25 26 27 28 29 30 31 32 33 34 36 37 38 39 40 41 42 43 44 45 47 48 49 50
7: 21 22 23 25 26 27 28 29 30 31 32 33 34 36 37 38 39 40 41 42 43 44 45 47 48 49 50
8: 21 22 23 25 26 27 28 29 30 31 32 33 34 36 37 38 39 40 41 42 43 44 45 47 48 49 50
9: 21 22 23 25 26 27 28 29 30 31 32 33 34 36 37 38 39 40 41 42 43 44 45 47 48 49 50
10: 21 22 23 25 26 27 28 29 30 31 32 33 34 36 37 38 39 40 41 42 43 44 45 47 48 49 50
11: 21 22 23 25 26 27 28 29 30 31 32 33 34 36 37 38 39 40 41 42 43 44 45 47 48 49 50
12: 21 22 23 25 26 27 28 29 30 31 32 33 34 36 37 38 39 40 41 42 43 44 45 47 48 49 50
13: 21 22 23 25 26 27 28 29 30 31 32 33 34 36 37 38 39 40 41 42 43 44 45 47 48 49 50
14: 21 22 23 25 26 27 28 29 30 31 32 33 34 36 37 38 39 40 41 42 43 44 45 47 48 49 50
15: 21 22 23 25 26 27 28 29 30 31 32 33 34 36 37 38 39 40 41 42 43 44 45 47 48 49 50
16: 21 22 23 25 26 27 28 29 30 31 32 33 34 36 37 38 39 40 41 42 43 44 45 47 48 49 50
17: 21 22 23 25 26 27 28 29 30 31 32 33 34 36 37 38 39 40 41 42 43 44 45 47 48 49 50
18: 21 22 23 25 26 27 28 29 30 31 32 33 34 36 37 38 39 40 41 42 43 44 45 47 48 49 50
19: 21 22 23 25 26 27 28 29 30 31 32 33 34 36 37 38 39 40 41 42 43 44 45 47 48 49 50
20: 21 22 23 25 26 27 28 29 30 31 32 33 34 36 37 38 39 40 41 42 43 44 45 47 48 49 50
21: 1 2 3 4 5 6 7 8 9 10 11 12 13 14 15 16 17 18 19 20 24 35 46 51 52 53 54
22: 1 2 3 4 5 6 7 8 9 10 11 12 13 14 15 16 17 18 19 20 24 35 46 51 52 53 54
23: 1 2 3 4 5 6 7 8 9 10 11 12 13 14 15 16 17 18 19 20 24 35 46 51 52 53 54
24: 21 22 23 25 26 27 28 29 30 31 32 33 34 36 37 38 39 40 41 42 43 44 45 47 48 49 50
25: 1 2 3 4 5 6 7 8 9 10 11 12 13 14 15 16 17 18 19 20 24 35 46 51 52 53 54
26: 1 2 3 4 5 6 7 8 9 10 11 12 13 14 15 16 17 18 19 20 24 35 46 51 52 53 54
27: 1 2 3 4 5 6 7 8 9 10 11 12 13 14 15 16 17 18 19 20 24 35 46 51 52 53 54
28: 1 2 3 4 5 6 7 8 9 10 11 12 13 14 15 16 17 18 19 20 24 35 46 51 52 53 54
29: 1 2 3 4 5 6 7 8 9 10 11 12 13 14 15 16 17 18 19 20 24 35 46 51 52 53 54
30: 1 2 3 4 5 6 7 8 9 10 11 12 13 14 15 16 17 18 19 20 24 35 46 51 52 53 54
31: 1 2 3 4 5 6 7 8 9 10 11 12 13 14 15 16 17 18 19 20 24 35 46 51 52 53 54
32: 1 2 3 4 5 6 7 8 9 10 11 12 13 14 15 16 17 18 19 20 24 35 46 51 52 53 54
33: 1 2 3 4 5 6 7 8 9 10 11 12 13 14 15 16 17 18 19 20 24 35 46 51 52 53 54
34: 1 2 3 4 5 6 7 8 9 10 11 12 13 14 15 16 17 18 19 20 24 35 46 51 52 53 54
35: 21 22 23 25 26 27 28 29 30 31 32 33 34 36 37 38 39 40 41 42 43 44 45 47 48 49 50
36: 1 2 3 4 5 6 7 8 9 10 11 12 13 14 15 16 17 18 19 20 24 35 46 51 52 53 54
37: 1 2 3 4 5 6 7 8 9 10 11 12 13 14 15 16 17 18 19 20 24 35 46 51 52 53 54
38: 1 2 3 4 5 6 7 8 9 10 11 12 13 14 15 16 17 18 19 20 24 35 46 51 52 53 54
39: 1 2 3 4 5 6 7 8 9 10 11 12 13 14 15 16 17 18 19 20 24 35 46 51 52 53 54
40: 1 2 3 4 5 6 7 8 9 10 11 12 13 14 15 16 17 18 19 20 24 35 46 51 52 53 54
41: 1 2 3 4 5 6 7 8 9 10 11 12 13 14 15 16 17 18 19 20 24 35 46 51 52 53 54
42: 1 2 3 4 5 6 7 8 9 10 11 12 13 14 15 16 17 18 19 20 24 35 46 51 52 53 54
43: 1 2 3 4 5 6 7 8 9 10 11 12 13 14 15 16 17 18 19 20 24 35 46 51 52 53 54
44: 1 2 3 4 5 6 7 8 9 10 11 12 13 14 15 16 17 18 19 20 24 35 46 51 52 53 54
45: 1 2 3 4 5 6 7 8 9 10 11 12 13 14 15 16 17 18 19 20 24 35 46 51 52 53 54
46: 21 22 23 25 26 27 28 29 30 31 32 33 34 36 37 38 39 40 41 42 43 44 45 47 48 49 50
47: 1 2 3 4 5 6 7 8 9 10 11 12 13 14 15 16 17 18 19 20 24 35 46 51 52 53 54
48: 1 2 3 4 5 6 7 8 9 10 11 12 13 14 15 16 17 18 19 20 24 35 46 51 52 53 54
49: 1 2 3 4 5 6 7 8 9 10 11 12 13 14 15 16 17 18 19 20 24 35 46 51 52 53 54
50: 1 2 3 4 5 6 7 8 9 10 11 12 13 14 15 16 17 18 19 20 24 35 46 51 52 53 54
51: 21 22 23 25 26 27 28 29 30 31 32 33 34 36 37 38 39 40 41 42 43 44 45 47 48 49 50
52: 21 22 23 25 26 27 28 29 30 31 32 33 34 36 37 38 39 40 41 42 43 44 45 47 48 49 50
53: 21 22 23 25 26 27 28 29 30 31 32 33 34 36 37 38 39 40 41 42 43 44 45 47 48 49 50
54: 21 22 23 25 26 27 28 29 30 31 32 33 34 36 37 38 39 40 41 42 43 44 45 47 48 49 50
