1: 3 4 5 6 7 8 9 10 11 12 13 14 15 16 17 18 19 20 21 22 23 24
2: 3 4 5 6 7 8 9 10 11 12 13 14 15 16 17 18 19 20 21 22 23 24
3: 1 2 13 18
4: 1 2 13 18
5: 1 2 13 18
6: 1 2 13 18
7: 1 2 13 18
8: 1 2 13 18
9: 1 2 13 18
10: 1 2 13 18
11: 1 2 13 18
12: 1 2 13 18
13: 1 2 3 4 5 6 7 8 9 10 11 12 14 15 16 17 19 20 21 22 23 24
14: 1 2 13 18
15: 1 2 13 18
16: 1 2 13 18
17: 1 2 13 18
18: 1 2 3 4 5 6 7 8 9 10 11 12 14 15 16 17 19 20 21 22 23 24
19: 1 2 13 18
20: 1 2 13 18
21: 1 2 13 18
22: 1 2 13 18
23: 1 2 13 18
24: 1 2 13 18
