1: 3 4 5 6 7 8 9 10 11 12 13 14 15 16 17 18 19 20 21 22 23 24 25 26 27 28 29 30 31 32 33 34 35 36 37 38 39 40 41 42
2: 3 4 5 6 7 8 9 10 11 12 13 14 15 16 17 18 19 20 21 22 23 24 25 26 27 28 29 30 31 32 33 34 35 36 37 38 39 40 41 42
3: 1 2
4: 1 2
5: 1 2
6: 1 2
7: 1 2
8: 1 2
9: 1 2
10: 1 2
11: 1 2
12: 1 2
13: 1 2
14: 1 2
15: 1 2
16: 1 2
17: 1 2
18: 1 2
19: 1 2
20: 1 2
21: 1 2
22: 1 2
23: 1 2
24: 1 2
25: 1 2
26: 1 2
27: 1 2
28: 1 2
29: 1 2
30: 1 2
31: 1 2
32: 1 2
33: 1 2
34: 1 2
35: 1 2
36: 1 2
37: 1 2
38: 1 2
39: 1 2
40: 1 2
41: 1 2
42: 1 2
