1: 3 4 5 6 7 8 9 10 11 12 14 15 16 17 18 19 20 21 22 23 26 27 28 29 30
2: 3 4 5 6 7 8 9 10 11 12 14 15 16 17 18 19 20 21 22 23 26 27 28 29 30
3: 1 2 13 24 25
4: 1 2 13 24 25
5: 1 2 13 24 25
6: 1 2 13 24 25
7: 1 2 13 24 25
8: 1 2 13 24 25
9: 1 2 13 24 25
10: 1 2 13 24 25
11: 1 2 13 24 25
12: 1 2 13 24 25
13: 3 4 5 6 7 8 9 10 11 12 14 15 16 17 18 19 20 21 22 23 26 27 28 29 30
14: 1 2 13 24 25
15: 1 2 13 24 25
16: 1 2 13 24 25
17: 1 2 13 24 25
18: 1 2 13 24 25
19: 1 2 13 24 25
20: 1 2 13 24 25
21: 1 2 13 24 25
22: 1 2 13 24 25
23: 1 2 13 24 25
24: 3 4 5 6 7 8 9 10 11 12 14 15 16 17 18 19 20 21 22 23 26 27 28 29 30
25: 3 4 5 6 7 8 9 10 11 12 14 15 16 17 18 19 20 21 22 23 26 27 28 29 30
26: 1 2 13 24 25
27: 1 2 13 24 25
28: 1 2 13 24 25
29: 1 2 13 24 25
30: 1 2 13 24 25
