1: 3 4 5 6 7 8 9 10 11 12 14 15 16 17 21 22 23 24
2: 3 4 5 6 7 8 9 10 11 12 14 15 16 17 21 22 23 24
3: 1 2 5 6 7 8 9 10 11 12 13 14 15 16 17 18 19 20
4: 1 2 5 6 7 8 9 10 11 12 13 14 15 16 17 18 19 20
5: 1 2 3 4 11 12 13 14 15 16 17 18 19 20 21 22 23 24
6: 1 2 3 4 11 12 13 14 15 16 17 18 19 20 21 22 23 24
7: 1 2 3 4 11 12 13 14 15 16 17 18 19 20 21 22 23 24
8: 1 2 3 4 11 12 13 14 15 16 17 18 19 20 21 22 23 24
9: 1 2 3 4 11 12 13 14 15 16 17 18 19 20 21 22 23 24
10: 1 2 3 4 11 12 13 14 15 16 17 18 19 20 21 22 23 24
11: 1 2 3 4 5 6 7 8 9 10 13 18 19 20 21 22 23 24
12: 1 2 3 4 5 6 7 8 9 10 13 18 19 20 21 22 23 24
13: 3 4 5 6 7 8 9 10 11 12 14 15 16 17 21 22 23 24
14: 1 2 3 4 5 6 7 8 9 10 13 18 19 20 21 22 23 24
15: 1 2 3 4 5 6 7 8 9 10 13 18 19 20 21 22 23 24
16: 1 2 3 4 5 6 7 8 9 10 13 18 19 20 21 22 23 24
17: 1 2 3 4 5 6 7 8 9 10 13 18 19 20 21 22 23 24
18: 3 4 5 6 7 8 9 10 11 12 14 15 16 17 21 22 23 24
19: 3 4 5 6 7 8 9 10 11 12 14 15 16 17 21 22 23 24
20: 3 4 5 6 7 8 9 10 11 12 14 15 16 17 21 22 23 24
21: 1 2 5 6 7 8 9 10 11 12 13 14 15 16 17 18 19 20
22: 1 2 5 6 7 8 9 10 11 12 13 14 15 16 17 18 19 20
23: 1 2 5 6 7 8 9 10 11 12 13 14 15 16 17 18 19 20
24: 1 2 5 6 7 8 9 10 11 12 13 14 15 16 17 18 19 20
