1: 3 4 5 6 7 8 9 10 11 12 14 19 20 21
2: 3 4 5 6 7 8 9 10 11 12 14 19 20 21
3: 1 2 7 8 9 10 11 12 13 14 15 16 17 18
4: 1 2 7 8 9 10 11 12 13 14 15 16 17 18
5: 1 2 7 8 9 10 11 12 13 14 15 16 17 18
6: 1 2 7 8 9 10 11 12 13 14 15 16 17 18
7: 1 2 3 4 5 6 13 15 16 17 18 19 20 21
8: 1 2 3 4 5 6 13 15 16 17 18 19 20 21
9: 1 2 3 4 5 6 13 15 16 17 18 19 20 21
10: 1 2 3 4 5 6 13 15 16 17 18 19 20 21
11: 1 2 3 4 5 6 13 15 16 17 18 19 20 21
12: 1 2 3 4 5 6 13 15 16 17 18 19 20 21
13: 3 4 5 6 7 8 9 10 11 12 14 19 20 21
14: 1 2 3 4 5 6 13 15 16 17 18 19 20 21
15: 3 4 5 6 7 8 9 10 11 12 14 19 20 21
16: 3 4 5 6 7 8 9 10 11 12 14 19 20 21
17: 3 4 5 6 7 8 9 10 11 12 14 19 20 21
18: 3 4 5 6 7 8 9 10 11 12 14 19 20 21
19: 1 2 7 8 9 10 11 12 13 14 15 16 17 18
20: 1 2 7 8 9 10 11 12 13 14 15 16 17 18
21: 1 2 7 8 9 10 11 12 13 14 15 16 17 18
