1: 3 4 5 6 7 8 9 10 11 12 14 15 16 17 18 19 20 21 26 27 28
2: 3 4 5 6 7 8 9 10 11 12 14 15 16 17 18 19 20 21 26 27 28
3: 1 2 7 8 9 10 11 12 13 14 15 16 17 18 19 20 21 22 23 24 25
4: 1 2 7 8 9 10 11 12 13 14 15 16 17 18 19 20 21 22 23 24 25
5: 1 2 7 8 9 10 11 12 13 14 15 16 17 18 19 20 21 22 23 24 25
6: 1 2 7 8 9 10 11 12 13 14 15 16 17 18 19 20 21 22 23 24 25
7: 1 2 3 4 5 6 13 15 16 17 18 19 20 21 22 23 24 25 26 27 28
8: 1 2 3 4 5 6 13 15 16 17 18 19 20 21 22 23 24 25 26 27 28
9: 1 2 3 4 5 6 13 15 16 17 18 19 20 21 22 23 24 25 26 27 28
10: 1 2 3 4 5 6 13 15 16 17 18 19 20 21 22 23 24 25 26 27 28
11: 1 2 3 4 5 6 13 15 16 17 18 19 20 21 22 23 24 25 26 27 28
12: 1 2 3 4 5 6 13 15 16 17 18 19 20 21 22 23 24 25 26 27 28
13: 3 4 5 6 7 8 9 10 11 12 14 15 16 17 18 19 20 21 26 27 28
14: 1 2 3 4 5 6 13 15 16 17 18 19 20 21 22 23 24 25 26 27 28
15: 1 2 3 4 5 6 7 8 9 10 11 12 13 14 22 23 24 25 26 27 28
16: 1 2 3 4 5 6 7 8 9 10 11 12 13 14 22 23 24 25 26 27 28
17: 1 2 3 4 5 6 7 8 9 10 11 12 13 14 22 23 24 25 26 27 28
18: 1 2 3 4 5 6 7 8 9 10 11 12 13 14 22 23 24 25 26 27 28
19: 1 2 3 4 5 6 7 8 9 10 11 12 13 14 22 23 24 25 26 27 28
20: 1 2 3 4 5 6 7 8 9 10 11 12 13 14 22 23 24 25 26 27 28
21: 1 2 3 4 5 6 7 8 9 10 11 12 13 14 22 23 24 25 26 27 28
22: 3 4 5 6 7 8 9 10 11 12 14 15 16 17 18 19 20 21 26 27 28
23: 3 4 5 6 7 8 9 10 11 12 14 15 16 17 18 19 20 21 26 27 28
24: 3 4 5 6 7 8 9 10 11 12 14 15 16 17 18 19 20 21 26 27 28
25: 3 4 5 6 7 8 9 10 11 12 14 15 16 17 18 19 20 21 26 27 28
26: 1 2 7 8 9 10 11 12 13 14 15 16 17 18 19 20 21 22 23 24 25
27: 1 2 7 8 9 10 11 12 13 14 15 16 17 18 19 20 21 22 23 24 25
28: 1 2 7 8 9 10 11 12 13 14 15 16 17 18 19 20 21 22 23 24 25
