1: 3 4 5 6 7 8 9 10 11 12 14 15 16 17 18 19 20 21 22 23 25 26 31 32
2: 3 4 5 6 7 8 9 10 11 12 14 15 16 17 18 19 20 21 22 23 25 26 31 32
3: 1 2 9 10 11 12 13 14 15 16 17 18 19 20 21 22 23 24 25 26 27 28 29 30
4: 1 2 9 10 11 12 13 14 15 16 17 18 19 20 21 22 23 24 25 26 27 28 29 30
5: 1 2 9 10 11 12 13 14 15 16 17 18 19 20 21 22 23 24 25 26 27 28 29 30
6: 1 2 9 10 11 12 13 14 15 16 17 18 19 20 21 22 23 24 25 26 27 28 29 30
7: 1 2 9 10 11 12 13 14 15 16 17 18 19 20 21 22 23 24 25 26 27 28 29 30
8: 1 2 9 10 11 12 13 14 15 16 17 18 19 20 21 22 23 24 25 26 27 28 29 30
9: 1 2 3 4 5 6 7 8 13 18 19 20 21 22 23 24 25 26 27 28 29 30 31 32
10: 1 2 3 4 5 6 7 8 13 18 19 20 21 22 23 24 25 26 27 28 29 30 31 32
11: 1 2 3 4 5 6 7 8 13 18 19 20 21 22 23 24 25 26 27 28 29 30 31 32
12: 1 2 3 4 5 6 7 8 13 18 19 20 21 22 23 24 25 26 27 28 29 30 31 32
13: 3 4 5 6 7 8 9 10 11 12 14 15 16 17 18 19 20 21 22 23 25 26 31 32
14: 1 2 3 4 5 6 7 8 13 18 19 20 21 22 23 24 25 26 27 28 29 30 31 32
15: 1 2 3 4 5 6 7 8 13 18 19 20 21 22 23 24 25 26 27 28 29 30 31 32
16: 1 2 3 4 5 6 7 8 13 18 19 20 21 22 23 24 25 26 27 28 29 30 31 32
17: 1 2 3 4 5 6 7 8 13 18 19 20 21 22 23 24 25 26 27 28 29 30 31 32
18: 1 2 3 4 5 6 7 8 9 10 11 12 13 14 15 16 17 24 27 28 29 30 31 32
19: 1 2 3 4 5 6 7 8 9 10 11 12 13 14 15 16 17 24 27 28 29 30 31 32
20: 1 2 3 4 5 6 7 8 9 10 11 12 13 14 15 16 17 24 27 28 29 30 31 32
21: 1 2 3 4 5 6 7 8 9 10 11 12 13 14 15 16 17 24 27 28 29 30 31 32
22: 1 2 3 4 5 6 7 8 9 10 11 12 13 14 15 16 17 24 27 28 29 30 31 32
23: 1 2 3 4 5 6 7 8 9 10 11 12 13 14 15 16 17 24 27 28 29 30 31 32
24: 3 4 5 6 7 8 9 10 11 12 14 15 16 17 18 19 20 21 22 23 25 26 31 32
25: 1 2 3 4 5 6 7 8 9 10 11 12 13 14 15 16 17 24 27 28 29 30 31 32
26: 1 2 3 4 5 6 7 8 9 10 11 12 13 14 15 16 17 24 27 28 29 30 31 32
27: 3 4 5 6 7 8 9 10 11 12 14 15 16 17 18 19 20 21 22 23 25 26 31 32
28: 3 4 5 6 7 8 9 10 11 12 14 15 16 17 18 19 20 21 22 23 25 26 31 32
29: 3 4 5 6 7 8 9 10 11 12 14 15 16 17 18 19 20 21 22 23 25 26 31 32
30: 3 4 5 6 7 8 9 10 11 12 14 15 16 17 18 19 20 21 22 23 25 26 31 32
31: 1 2 9 10 11 12 13 14 15 16 17 18 19 20 21 22 23 24 25 26 27 28 29 30
32: 1 2 9 10 11 12 13 14 15 16 17 18 19 20 21 22 23 24 25 26 27 28 29 30
