1: 3 4 5 6 7 8 9 10 11 12 14 15 16 17 18 19 20 27
2: 3 4 5 6 7 8 9 10 11 12 14 15 16 17 18 19 20 27
3: 1 2 11 12 13 14 15 16 17 18 19 20 21 22 23 24 25 26
4: 1 2 11 12 13 14 15 16 17 18 19 20 21 22 23 24 25 26
5: 1 2 11 12 13 14 15 16 17 18 19 20 21 22 23 24 25 26
6: 1 2 11 12 13 14 15 16 17 18 19 20 21 22 23 24 25 26
7: 1 2 11 12 13 14 15 16 17 18 19 20 21 22 23 24 25 26
8: 1 2 11 12 13 14 15 16 17 18 19 20 21 22 23 24 25 26
9: 1 2 11 12 13 14 15 16 17 18 19 20 21 22 23 24 25 26
10: 1 2 11 12 13 14 15 16 17 18 19 20 21 22 23 24 25 26
11: 1 2 3 4 5 6 7 8 9 10 13 21 22 23 24 25 26 27
12: 1 2 3 4 5 6 7 8 9 10 13 21 22 23 24 25 26 27
13: 3 4 5 6 7 8 9 10 11 12 14 15 16 17 18 19 20 27
14: 1 2 3 4 5 6 7 8 9 10 13 21 22 23 24 25 26 27
15: 1 2 3 4 5 6 7 8 9 10 13 21 22 23 24 25 26 27
16: 1 2 3 4 5 6 7 8 9 10 13 21 22 23 24 25 26 27
17: 1 2 3 4 5 6 7 8 9 10 13 21 22 23 24 25 26 27
18: 1 2 3 4 5 6 7 8 9 10 13 21 22 23 24 25 26 27
19: 1 2 3 4 5 6 7 8 9 10 13 21 22 23 24 25 26 27
20: 1 2 3 4 5 6 7 8 9 10 13 21 22 23 24 25 26 27
21: 3 4 5 6 7 8 9 10 11 12 14 15 16 17 18 19 20 27
22: 3 4 5 6 7 8 9 10 11 12 14 15 16 17 18 19 20 27
23: 3 4 5 6 7 8 9 10 11 12 14 15 16 17 18 19 20 27
24: 3 4 5 6 7 8 9 10 11 12 14 15 16 17 18 19 20 27
25: 3 4 5 6 7 8 9 10 11 12 14 15 16 17 18 19 20 27
26: 3 4 5 6 7 8 9 10 11 12 14 15 16 17 18 19 20 27
27: 1 2 11 12 13 14 15 16 17 18 19 20 21 22 23 24 25 26
