1: 3 4 5 6 7 8 9 10 11 12 14 15 16 17 18 19 20 21 22 23 25 26 27 28 29 30 36
2: 3 4 5 6 7 8 9 10 11 12 14 15 16 17 18 19 20 21 22 23 25 26 27 28 29 30 36
3: 1 2 11 12 13 14 15 16 17 18 19 20 21 22 23 24 25 26 27 28 29 30 31 32 33 34 35
4: 1 2 11 12 13 14 15 16 17 18 19 20 21 22 23 24 25 26 27 28 29 30 31 32 33 34 35
5: 1 2 11 12 13 14 15 16 17 18 19 20 21 22 23 24 25 26 27 28 29 30 31 32 33 34 35
6: 1 2 11 12 13 14 15 16 17 18 19 20 21 22 23 24 25 26 27 28 29 30 31 32 33 34 35
7: 1 2 11 12 13 14 15 16 17 18 19 20 21 22 23 24 25 26 27 28 29 30 31 32 33 34 35
8: 1 2 11 12 13 14 15 16 17 18 19 20 21 22 23 24 25 26 27 28 29 30 31 32 33 34 35
9: 1 2 11 12 13 14 15 16 17 18 19 20 21 22 23 24 25 26 27 28 29 30 31 32 33 34 35
10: 1 2 11 12 13 14 15 16 17 18 19 20 21 22 23 24 25 26 27 28 29 30 31 32 33 34 35
11: 1 2 3 4 5 6 7 8 9 10 13 21 22 23 24 25 26 27 28 29 30 31 32 33 34 35 36
12: 1 2 3 4 5 6 7 8 9 10 13 21 22 23 24 25 26 27 28 29 30 31 32 33 34 35 36
13: 3 4 5 6 7 8 9 10 11 12 14 15 16 17 18 19 20 21 22 23 25 26 27 28 29 30 36
14: 1 2 3 4 5 6 7 8 9 10 13 21 22 23 24 25 26 27 28 29 30 31 32 33 34 35 36
15: 1 2 3 4 5 6 7 8 9 10 13 21 22 23 24 25 26 27 28 29 30 31 32 33 34 35 36
16: 1 2 3 4 5 6 7 8 9 10 13 21 22 23 24 25 26 27 28 29 30 31 32 33 34 35 36
17: 1 2 3 4 5 6 7 8 9 10 13 21 22 23 24 25 26 27 28 29 30 31 32 33 34 35 36
18: 1 2 3 4 5 6 7 8 9 10 13 21 22 23 24 25 26 27 28 29 30 31 32 33 34 35 36
19: 1 2 3 4 5 6 7 8 9 10 13 21 22 23 24 25 26 27 28 29 30 31 32 33 34 35 36
20: 1 2 3 4 5 6 7 8 9 10 13 21 22 23 24 25 26 27 28 29 30 31 32 33 34 35 36
21: 1 2 3 4 5 6 7 8 9 10 11 12 13 14 15 16 17 18 19 20 24 31 32 33 34 35 36
22: 1 2 3 4 5 6 7 8 9 10 11 12 13 14 15 16 17 18 19 20 24 31 32 33 34 35 36
23: 1 2 3 4 5 6 7 8 9 10 11 12 13 14 15 16 17 18 19 20 24 31 32 33 34 35 36
24: 3 4 5 6 7 8 9 10 11 12 14 15 16 17 18 19 20 21 22 23 25 26 27 28 29 30 36
25: 1 2 3 4 5 6 7 8 9 10 11 12 13 14 15 16 17 18 19 20 24 31 32 33 34 35 36
26: 1 2 3 4 5 6 7 8 9 10 11 12 13 14 15 16 17 18 19 20 24 31 32 33 34 35 36
27: 1 2 3 4 5 6 7 8 9 10 11 12 13 14 15 16 17 18 19 20 24 31 32 33 34 35 36
28: 1 2 3 4 5 6 7 8 9 10 11 12 13 14 15 16 17 18 19 20 24 31 32 33 34 35 36
29: 1 2 3 4 5 6 7 8 9 10 11 12 13 14 15 16 17 18 19 20 24 31 32 33 34 35 36
30: 1 2 3 4 5 6 7 8 9 10 11 12 13 14 15 16 17 18 19 20 24 31 32 33 34 35 36
31: 3 4 5 6 7 8 9 10 11 12 14 15 16 17 18 19 20 21 22 23 25 26 27 28 29 30 36
32: 3 4 5 6 7 8 9 10 11 12 14 15 16 17 18 19 20 21 22 23 25 26 27 28 29 30 36
33: 3 4 5 6 7 8 9 10 11 12 14 15 16 17 18 19 20 21 22 23 25 26 27 28 29 30 36
34: 3 4 5 6 7 8 9 10 11 12 14 15 16 17 18 19 20 21 22 23 25 26 27 28 29 30 36
35: 3 4 5 6 7 8 9 10 11 12 14 15 16 17 18 19 20 21 22 23 25 26 27 28 29 30 36
36: 1 2 11 12 13 14 15 16 17 18 19 20 21 22 23 24 25 26 27 28 29 30 31 32 33 34 35
